Test run for D:\proj\microbians\piranha\test\Aero.Identity.Tests\bin\Debug\net10.0\Aero.Identity.Tests.dll (.NETCoreApp,Version=v10.0)
VSTest version 18.0.1 (x64)

Starting test execution, please wait...
A total of 1 test files matched the specified pattern.
  Failed Aero.Identity.Tests.IdentityIntegrationTests.UserManager_ScaleAndSearchTest [1 s]
  Error Message:
   Assert.Equal() Failure: Values differ
Expected: 1010
Actual:   768
  Stack Trace:
     at Aero.Identity.Tests.IdentityIntegrationTests.UserManager_ScaleAndSearchTest() in D:\proj\microbians\piranha\test\Aero.Identity.Tests\IdentityIntegrationTests.cs:line 173
   at Aero.Identity.Tests.IdentityIntegrationTests.UserManager_ScaleAndSearchTest() in D:\proj\microbians\piranha\test\Aero.Identity.Tests\IdentityIntegrationTests.cs:line 201
--- End of stack trace from previous location ---

Failed!  - Failed:     1, Passed:    83, Skipped:     0, Total:    84, Duration: 12 s - Aero.Identity.Tests.dll (net10.0)
