  Determining projects to restore...
C:\Users\bbqch\proj\microbians\piranha\core\Piranha.AspNetCore\Piranha.AspNetCore.csproj : warning NU1510: PackageReference Microsoft.AspNetCore.Mvc.Razor will not be pruned. Consider removing this package from your dependencies, as it is likely unnecessary. [C:\Users\bbqch\proj\microbians\piranha\Piranha.slnx]
  Restored C:\Users\bbqch\proj\microbians\piranha\core\Piranha.Local.FileStorage\Piranha.Local.FileStorage.csproj (in 1.24 sec).
  Restored C:\Users\bbqch\proj\microbians\piranha\core\Piranha\Piranha.csproj (in 1.24 sec).
  Restored C:\Users\bbqch\proj\microbians\piranha\core\Piranha.AttributeBuilder\Piranha.AttributeBuilder.csproj (in 1.24 sec).
  Restored C:\Users\bbqch\proj\microbians\piranha\core\Piranha.AspNetCore.Hosting\Piranha.AspNetCore.Hosting.csproj (in 1.24 sec).
  Restored C:\Users\bbqch\proj\microbians\piranha\core\Piranha.Manager.Localization\Piranha.Manager.Localization.csproj (in 1.24 sec).
  Restored C:\Users\bbqch\proj\microbians\piranha\core\Piranha.Manager.TinyMCE\Piranha.Manager.TinyMCE.csproj (in 1.24 sec).
  Restored C:\Users\bbqch\proj\microbians\piranha\core\Piranha.ImageSharp\Piranha.ImageSharp.csproj (in 1.24 sec).
  Restored C:\Users\bbqch\proj\microbians\piranha\core\Piranha.Azure.BlobStorage\Piranha.Azure.BlobStorage.csproj (in 1.24 sec).
  Restored C:\Users\bbqch\proj\microbians\piranha\core\Piranha.WebApi\Piranha.WebApi.csproj (in 1.24 sec).
  Restored C:\Users\bbqch\proj\microbians\piranha\core\Piranha.Manager\Piranha.Manager.csproj (in 1.24 sec).
  Restored C:\Users\bbqch\proj\microbians\piranha\core\Piranha.Manager.LocalAuth\Piranha.Manager.LocalAuth.csproj (in 1.24 sec).
  Restored C:\Users\bbqch\proj\microbians\piranha\test\Piranha.Manager.Tests\Piranha.Manager.Tests.csproj (in 1.24 sec).
  Restored C:\Users\bbqch\proj\microbians\piranha\Aero.Identity\Aero.Identity.csproj (in 1.24 sec).
  Restored C:\Users\bbqch\proj\microbians\piranha\examples\MvcWeb\MvcWeb.csproj (in 1.25 sec).
  Restored C:\Users\bbqch\proj\microbians\piranha\examples\RazorWeb\RazorWeb.csproj (in 1.24 sec).
  Restored C:\Users\bbqch\proj\microbians\piranha\identity\Piranha.AspNetCore.Identity\Piranha.AspNetCore.Identity.csproj (in 1.31 sec).
  Restored C:\Users\bbqch\proj\microbians\piranha\core\Piranha.AspNetCore\Piranha.AspNetCore.csproj (in 1.24 sec).
  Restored C:\Users\bbqch\proj\microbians\piranha\test\Piranha.Tests\Piranha.Tests.csproj (in 1.31 sec).
  Restored C:\Users\bbqch\proj\microbians\piranha\test\Aero.Identity.Tests\Aero.Identity.Tests.csproj (in 1.31 sec).
  Restored C:\Users\bbqch\proj\microbians\piranha\data\Piranha.Data.EF\Piranha.Data.EF.csproj (in 1.32 sec).
C:\Users\bbqch\proj\microbians\piranha\core\Piranha.AspNetCore\Piranha.AspNetCore.csproj : warning NU1510: PackageReference Microsoft.AspNetCore.Mvc.Razor will not be pruned. Consider removing this package from your dependencies, as it is likely unnecessary.
C:\Users\bbqch\proj\microbians\piranha\core\Piranha\Repositories\IMediaRepository.cs(22,44): warning CS8632: The annotation for nullable reference types should only be used in code within a '#nullable' annotations context. [C:\Users\bbqch\proj\microbians\piranha\core\Piranha\Piranha.csproj]
C:\Users\bbqch\proj\microbians\piranha\core\Piranha\Repositories\IMediaRepository.cs(29,30): warning CS8632: The annotation for nullable reference types should only be used in code within a '#nullable' annotations context. [C:\Users\bbqch\proj\microbians\piranha\core\Piranha\Piranha.csproj]
C:\Users\bbqch\proj\microbians\piranha\core\Piranha\Repositories\IMediaRepository.cs(37,51): warning CS8632: The annotation for nullable reference types should only be used in code within a '#nullable' annotations context. [C:\Users\bbqch\proj\microbians\piranha\core\Piranha\Piranha.csproj]
C:\Users\bbqch\proj\microbians\piranha\core\Piranha\Services\IMediaService.cs(22,58): warning CS8632: The annotation for nullable reference types should only be used in code within a '#nullable' annotations context. [C:\Users\bbqch\proj\microbians\piranha\core\Piranha\Piranha.csproj]
C:\Users\bbqch\proj\microbians\piranha\core\Piranha\Services\IMediaService.cs(29,43): warning CS8632: The annotation for nullable reference types should only be used in code within a '#nullable' annotations context. [C:\Users\bbqch\proj\microbians\piranha\core\Piranha\Piranha.csproj]
C:\Users\bbqch\proj\microbians\piranha\core\Piranha\Services\IMediaService.cs(37,61): warning CS8632: The annotation for nullable reference types should only be used in code within a '#nullable' annotations context. [C:\Users\bbqch\proj\microbians\piranha\core\Piranha\Piranha.csproj]
C:\Users\bbqch\proj\microbians\piranha\core\Piranha\Repositories\IMediaRepository.cs(84,34): warning CS8632: The annotation for nullable reference types should only be used in code within a '#nullable' annotations context. [C:\Users\bbqch\proj\microbians\piranha\core\Piranha\Piranha.csproj]
C:\Users\bbqch\proj\microbians\piranha\core\Piranha\Services\IMediaService.cs(91,39): warning CS8632: The annotation for nullable reference types should only be used in code within a '#nullable' annotations context. [C:\Users\bbqch\proj\microbians\piranha\core\Piranha\Piranha.csproj]
C:\Users\bbqch\proj\microbians\piranha\core\Piranha\Services\Internal\MediaService.cs(75,65): warning CS8632: The annotation for nullable reference types should only be used in code within a '#nullable' annotations context. [C:\Users\bbqch\proj\microbians\piranha\core\Piranha\Piranha.csproj]
C:\Users\bbqch\proj\microbians\piranha\core\Piranha\Services\Internal\MediaService.cs(82,50): warning CS8632: The annotation for nullable reference types should only be used in code within a '#nullable' annotations context. [C:\Users\bbqch\proj\microbians\piranha\core\Piranha\Piranha.csproj]
C:\Users\bbqch\proj\microbians\piranha\core\Piranha\Services\Internal\MediaService.cs(90,74): warning CS8632: The annotation for nullable reference types should only be used in code within a '#nullable' annotations context. [C:\Users\bbqch\proj\microbians\piranha\core\Piranha\Piranha.csproj]
C:\Users\bbqch\proj\microbians\piranha\core\Piranha\Models\MediaContent.cs(23,18): warning CS8632: The annotation for nullable reference types should only be used in code within a '#nullable' annotations context. [C:\Users\bbqch\proj\microbians\piranha\core\Piranha\Piranha.csproj]
C:\Users\bbqch\proj\microbians\piranha\core\Piranha\Models\MediaContent.cs(28,18): warning CS8632: The annotation for nullable reference types should only be used in code within a '#nullable' annotations context. [C:\Users\bbqch\proj\microbians\piranha\core\Piranha\Piranha.csproj]
C:\Users\bbqch\proj\microbians\piranha\core\Piranha\Models\MediaBase.cs(21,18): warning CS8632: The annotation for nullable reference types should only be used in code within a '#nullable' annotations context. [C:\Users\bbqch\proj\microbians\piranha\core\Piranha\Piranha.csproj]
C:\Users\bbqch\proj\microbians\piranha\core\Piranha\Services\Internal\MediaService.cs(337,52): warning CS8632: The annotation for nullable reference types should only be used in code within a '#nullable' annotations context. [C:\Users\bbqch\proj\microbians\piranha\core\Piranha\Piranha.csproj]
C:\Users\bbqch\proj\microbians\piranha\core\Piranha\Models\MediaFolder.cs(21,18): warning CS8632: The annotation for nullable reference types should only be used in code within a '#nullable' annotations context. [C:\Users\bbqch\proj\microbians\piranha\core\Piranha\Piranha.csproj]
C:\Users\bbqch\proj\microbians\piranha\core\Piranha\Models\Structure.cs(26,35): warning CS8632: The annotation for nullable reference types should only be used in code within a '#nullable' annotations context. [C:\Users\bbqch\proj\microbians\piranha\core\Piranha\Piranha.csproj]
C:\Users\bbqch\proj\microbians\piranha\core\Piranha\Models\Structure.cs(40,41): warning CS8632: The annotation for nullable reference types should only be used in code within a '#nullable' annotations context. [C:\Users\bbqch\proj\microbians\piranha\core\Piranha\Piranha.csproj]
C:\Users\bbqch\proj\microbians\piranha\core\Piranha\Models\SitemapItem.cs(19,18): warning CS8632: The annotation for nullable reference types should only be used in code within a '#nullable' annotations context. [C:\Users\bbqch\proj\microbians\piranha\core\Piranha\Piranha.csproj]
C:\Users\bbqch\proj\microbians\piranha\core\Piranha\Models\SitemapItem.cs(24,18): warning CS8632: The annotation for nullable reference types should only be used in code within a '#nullable' annotations context. [C:\Users\bbqch\proj\microbians\piranha\core\Piranha\Piranha.csproj]
  Piranha.Manager.Localization -> C:\Users\bbqch\proj\microbians\piranha\core\Piranha.Manager.Localization\bin\Debug\net10.0\Piranha.Manager.Localization.dll
  Piranha -> C:\Users\bbqch\proj\microbians\piranha\core\Piranha\bin\Debug\net10.0\Piranha.dll
  Piranha.Local.FileStorage -> C:\Users\bbqch\proj\microbians\piranha\core\Piranha.Local.FileStorage\bin\Debug\net10.0\Piranha.Local.FileStorage.dll
  Piranha.ImageSharp -> C:\Users\bbqch\proj\microbians\piranha\core\Piranha.ImageSharp\bin\Debug\net10.0\Piranha.ImageSharp.dll
  Piranha.AttributeBuilder -> C:\Users\bbqch\proj\microbians\piranha\core\Piranha.AttributeBuilder\bin\Debug\net10.0\Piranha.AttributeBuilder.dll
  Piranha.AspNetCore.Hosting -> C:\Users\bbqch\proj\microbians\piranha\core\Piranha.AspNetCore.Hosting\bin\Debug\net10.0\Piranha.AspNetCore.Hosting.dll
C:\Users\bbqch\proj\microbians\piranha\data\Piranha.Data.EF\Services\IContentService.cs(34,124): warning CS8632: The annotation for nullable reference types should only be used in code within a '#nullable' annotations context. [C:\Users\bbqch\proj\microbians\piranha\data\Piranha.Data.EF\Piranha.Data.EF.csproj]
C:\Users\bbqch\proj\microbians\piranha\data\Piranha.Data.EF\Services\IContentService.cs(45,93): warning CS8632: The annotation for nullable reference types should only be used in code within a '#nullable' annotations context. [C:\Users\bbqch\proj\microbians\piranha\data\Piranha.Data.EF\Piranha.Data.EF.csproj]
C:\Users\bbqch\proj\microbians\piranha\data\Piranha.Data.EF\Services\IContentService.cs(61,86): warning CS8632: The annotation for nullable reference types should only be used in code within a '#nullable' annotations context. [C:\Users\bbqch\proj\microbians\piranha\data\Piranha.Data.EF\Piranha.Data.EF.csproj]
C:\Users\bbqch\proj\microbians\piranha\data\Piranha.Data.EF\Data\Content.cs(22,20): warning CS8632: The annotation for nullable reference types should only be used in code within a '#nullable' annotations context. [C:\Users\bbqch\proj\microbians\piranha\data\Piranha.Data.EF\Piranha.Data.EF.csproj]
C:\Users\bbqch\proj\microbians\piranha\data\Piranha.Data.EF\Repositories\MediaRepository.cs(41,57): warning CS8632: The annotation for nullable reference types should only be used in code within a '#nullable' annotations context. [C:\Users\bbqch\proj\microbians\piranha\data\Piranha.Data.EF\Piranha.Data.EF.csproj]
C:\Users\bbqch\proj\microbians\piranha\data\Piranha.Data.EF\Repositories\MediaRepository.cs(54,37): warning CS8632: The annotation for nullable reference types should only be used in code within a '#nullable' annotations context. [C:\Users\bbqch\proj\microbians\piranha\data\Piranha.Data.EF\Piranha.Data.EF.csproj]
C:\Users\bbqch\proj\microbians\piranha\data\Piranha.Data.EF\Repositories\MediaRepository.cs(64,64): warning CS8632: The annotation for nullable reference types should only be used in code within a '#nullable' annotations context. [C:\Users\bbqch\proj\microbians\piranha\data\Piranha.Data.EF\Piranha.Data.EF.csproj]
C:\Users\bbqch\proj\microbians\piranha\data\Piranha.Data.EF\Data\ICategorized.cs(21,11): warning CS8632: The annotation for nullable reference types should only be used in code within a '#nullable' annotations context. [C:\Users\bbqch\proj\microbians\piranha\data\Piranha.Data.EF\Piranha.Data.EF.csproj]
C:\Users\bbqch\proj\microbians\piranha\data\Piranha.Data.EF\Data\BlockBase.cs(28,18): warning CS8632: The annotation for nullable reference types should only be used in code within a '#nullable' annotations context. [C:\Users\bbqch\proj\microbians\piranha\data\Piranha.Data.EF\Piranha.Data.EF.csproj]
C:\Users\bbqch\proj\microbians\piranha\data\Piranha.Data.EF\Repositories\PageRepository.cs(503,73): warning CS8632: The annotation for nullable reference types should only be used in code within a '#nullable' annotations context. [C:\Users\bbqch\proj\microbians\piranha\data\Piranha.Data.EF\Piranha.Data.EF.csproj]
C:\Users\bbqch\proj\microbians\piranha\data\Piranha.Data.EF\Repositories\MediaRepository.cs(240,54): warning CS8632: The annotation for nullable reference types should only be used in code within a '#nullable' annotations context. [C:\Users\bbqch\proj\microbians\piranha\data\Piranha.Data.EF\Piranha.Data.EF.csproj]
C:\Users\bbqch\proj\microbians\piranha\data\Piranha.Data.EF\Repositories\MediaRepository.cs(300,106): warning CS8632: The annotation for nullable reference types should only be used in code within a '#nullable' annotations context. [C:\Users\bbqch\proj\microbians\piranha\data\Piranha.Data.EF\Piranha.Data.EF.csproj]
C:\Users\bbqch\proj\microbians\piranha\data\Piranha.Data.EF\Repositories\PageRepository.cs(235,67): warning CS8632: The annotation for nullable reference types should only be used in code within a '#nullable' annotations context. [C:\Users\bbqch\proj\microbians\piranha\data\Piranha.Data.EF\Piranha.Data.EF.csproj]
C:\Users\bbqch\proj\microbians\piranha\data\Piranha.Data.EF\Services\Internal\ContentService.cs(43,55): warning CS8632: The annotation for nullable reference types should only be used in code within a '#nullable' annotations context. [C:\Users\bbqch\proj\microbians\piranha\data\Piranha.Data.EF\Piranha.Data.EF.csproj]
C:\Users\bbqch\proj\microbians\piranha\data\Piranha.Data.EF\Repositories\MediaRepository.cs(21,22): warning CS8632: The annotation for nullable reference types should only be used in code within a '#nullable' annotations context. [C:\Users\bbqch\proj\microbians\piranha\data\Piranha.Data.EF\Piranha.Data.EF.csproj]
C:\Users\bbqch\proj\microbians\piranha\data\Piranha.Data.EF\Services\Internal\ContentService.cs(174,100): warning CS8632: The annotation for nullable reference types should only be used in code within a '#nullable' annotations context. [C:\Users\bbqch\proj\microbians\piranha\data\Piranha.Data.EF\Piranha.Data.EF.csproj]
C:\Users\bbqch\proj\microbians\piranha\data\Piranha.Data.EF\Repositories\PostRepository.cs(557,73): warning CS8632: The annotation for nullable reference types should only be used in code within a '#nullable' annotations context. [C:\Users\bbqch\proj\microbians\piranha\data\Piranha.Data.EF\Piranha.Data.EF.csproj]
C:\Users\bbqch\proj\microbians\piranha\data\Piranha.Data.EF\Services\Internal\ContentService.cs(330,88): warning CS8632: The annotation for nullable reference types should only be used in code within a '#nullable' annotations context. [C:\Users\bbqch\proj\microbians\piranha\data\Piranha.Data.EF\Piranha.Data.EF.csproj]
C:\Users\bbqch\proj\microbians\piranha\data\Piranha.Data.EF\Repositories\SiteRepository.cs(371,64): warning CS8632: The annotation for nullable reference types should only be used in code within a '#nullable' annotations context. [C:\Users\bbqch\proj\microbians\piranha\data\Piranha.Data.EF\Piranha.Data.EF.csproj]
C:\Users\bbqch\proj\microbians\piranha\data\Piranha.Data.EF\Services\Internal\ContentService.cs(603,51): warning CS8632: The annotation for nullable reference types should only be used in code within a '#nullable' annotations context. [C:\Users\bbqch\proj\microbians\piranha\data\Piranha.Data.EF\Piranha.Data.EF.csproj]
C:\Users\bbqch\proj\microbians\piranha\data\Piranha.Data.EF\Services\Internal\ContentService.cs(686,82): warning CS8632: The annotation for nullable reference types should only be used in code within a '#nullable' annotations context. [C:\Users\bbqch\proj\microbians\piranha\data\Piranha.Data.EF\Piranha.Data.EF.csproj]
C:\Users\bbqch\proj\microbians\piranha\data\Piranha.Data.EF\Services\Internal\ContentService.cs(713,82): warning CS8632: The annotation for nullable reference types should only be used in code within a '#nullable' annotations context. [C:\Users\bbqch\proj\microbians\piranha\data\Piranha.Data.EF\Piranha.Data.EF.csproj]
C:\Users\bbqch\proj\microbians\piranha\data\Piranha.Data.EF\Services\Internal\ContentService.cs(741,99): warning CS8632: The annotation for nullable reference types should only be used in code within a '#nullable' annotations context. [C:\Users\bbqch\proj\microbians\piranha\data\Piranha.Data.EF\Piranha.Data.EF.csproj]
C:\Users\bbqch\proj\microbians\piranha\data\Piranha.Data.EF\Services\Internal\ContentService.cs(779,37): warning CS8632: The annotation for nullable reference types should only be used in code within a '#nullable' annotations context. [C:\Users\bbqch\proj\microbians\piranha\data\Piranha.Data.EF\Piranha.Data.EF.csproj]
C:\Users\bbqch\proj\microbians\piranha\data\Piranha.Data.EF\Services\Internal\ContentService.cs(830,57): warning CS8632: The annotation for nullable reference types should only be used in code within a '#nullable' annotations context. [C:\Users\bbqch\proj\microbians\piranha\data\Piranha.Data.EF\Piranha.Data.EF.csproj]
C:\Users\bbqch\proj\microbians\piranha\data\Piranha.Data.EF\Services\Internal\ContentService.cs(854,65): warning CS8632: The annotation for nullable reference types should only be used in code within a '#nullable' annotations context. [C:\Users\bbqch\proj\microbians\piranha\data\Piranha.Data.EF\Piranha.Data.EF.csproj]
C:\Users\bbqch\proj\microbians\piranha\core\Piranha.AspNetCore\Models\ArchivePage.cs(83,36): warning CS8632: The annotation for nullable reference types should only be used in code within a '#nullable' annotations context. [C:\Users\bbqch\proj\microbians\piranha\core\Piranha.AspNetCore\Piranha.AspNetCore.csproj]
C:\Users\bbqch\proj\microbians\piranha\core\Piranha.AspNetCore\Models\ArchivePage.cs(83,61): warning CS8632: The annotation for nullable reference types should only be used in code within a '#nullable' annotations context. [C:\Users\bbqch\proj\microbians\piranha\core\Piranha.AspNetCore\Piranha.AspNetCore.csproj]
  Piranha.Data.EF -> C:\Users\bbqch\proj\microbians\piranha\data\Piranha.Data.EF\bin\Debug\net10.0\Piranha.Data.EF.dll
  Piranha.AspNetCore -> C:\Users\bbqch\proj\microbians\piranha\core\Piranha.AspNetCore\bin\Debug\net10.0\Piranha.AspNetCore.dll
C:\Users\bbqch\proj\microbians\piranha\core\Piranha.Manager\Models\CommentListModel.cs(32,18): warning CS8632: The annotation for nullable reference types should only be used in code within a '#nullable' annotations context. [C:\Users\bbqch\proj\microbians\piranha\core\Piranha.Manager\Piranha.Manager.csproj]
C:\Users\bbqch\proj\microbians\piranha\core\Piranha.Manager\Models\AliasListModel.cs(26,22): warning CS8632: The annotation for nullable reference types should only be used in code within a '#nullable' annotations context. [C:\Users\bbqch\proj\microbians\piranha\core\Piranha.Manager\Piranha.Manager.csproj]
C:\Users\bbqch\proj\microbians\piranha\core\Piranha.Manager\Models\ContentEditModel.cs(26,18): warning CS8632: The annotation for nullable reference types should only be used in code within a '#nullable' annotations context. [C:\Users\bbqch\proj\microbians\piranha\core\Piranha.Manager\Piranha.Manager.csproj]
C:\Users\bbqch\proj\microbians\piranha\core\Piranha.Manager\Controllers\CommentApiController.cs(53,46): warning CS8632: The annotation for nullable reference types should only be used in code within a '#nullable' annotations context. [C:\Users\bbqch\proj\microbians\piranha\core\Piranha.Manager\Piranha.Manager.csproj]
C:\Users\bbqch\proj\microbians\piranha\core\Piranha.Manager\Controllers\AliasApiController.cs(50,50): warning CS8632: The annotation for nullable reference types should only be used in code within a '#nullable' annotations context. [C:\Users\bbqch\proj\microbians\piranha\core\Piranha.Manager\Piranha.Manager.csproj]
C:\Users\bbqch\proj\microbians\piranha\core\Piranha.Manager\Services\AliasService.cs(35,53): warning CS8632: The annotation for nullable reference types should only be used in code within a '#nullable' annotations context. [C:\Users\bbqch\proj\microbians\piranha\core\Piranha.Manager\Piranha.Manager.csproj]
C:\Users\bbqch\proj\microbians\piranha\core\Piranha.Manager\Models\MediaFolderModel.cs(15,18): warning CS8632: The annotation for nullable reference types should only be used in code within a '#nullable' annotations context. [C:\Users\bbqch\proj\microbians\piranha\core\Piranha.Manager\Piranha.Manager.csproj]
C:\Users\bbqch\proj\microbians\piranha\core\Piranha.Manager\Models\MediaUploadModel.cs(23,18): warning CS8632: The annotation for nullable reference types should only be used in code within a '#nullable' annotations context. [C:\Users\bbqch\proj\microbians\piranha\core\Piranha.Manager\Piranha.Manager.csproj]
C:\Users\bbqch\proj\microbians\piranha\core\Piranha.Manager\Services\CommentService.cs(34,51): warning CS8632: The annotation for nullable reference types should only be used in code within a '#nullable' annotations context. [C:\Users\bbqch\proj\microbians\piranha\core\Piranha.Manager\Piranha.Manager.csproj]
C:\Users\bbqch\proj\microbians\piranha\core\Piranha.Manager\Models\MediaUploadModel.cs(28,18): warning CS8632: The annotation for nullable reference types should only be used in code within a '#nullable' annotations context. [C:\Users\bbqch\proj\microbians\piranha\core\Piranha.Manager\Piranha.Manager.csproj]
C:\Users\bbqch\proj\microbians\piranha\core\Piranha.Manager\Models\MediaListModel.cs(138,18): warning CS8632: The annotation for nullable reference types should only be used in code within a '#nullable' annotations context. [C:\Users\bbqch\proj\microbians\piranha\core\Piranha.Manager\Piranha.Manager.csproj]
C:\Users\bbqch\proj\microbians\piranha\core\Piranha.Manager\Controllers\CommentApiController.cs(31,22): warning CS8632: The annotation for nullable reference types should only be used in code within a '#nullable' annotations context. [C:\Users\bbqch\proj\microbians\piranha\core\Piranha.Manager\Piranha.Manager.csproj]
C:\Users\bbqch\proj\microbians\piranha\core\Piranha.Manager\Models\MediaListModel.cs(148,18): warning CS8632: The annotation for nullable reference types should only be used in code within a '#nullable' annotations context. [C:\Users\bbqch\proj\microbians\piranha\core\Piranha.Manager\Piranha.Manager.csproj]
C:\Users\bbqch\proj\microbians\piranha\core\Piranha.Manager\Controllers\ContentApiController.cs(158,62): warning CS8632: The annotation for nullable reference types should only be used in code within a '#nullable' annotations context. [C:\Users\bbqch\proj\microbians\piranha\core\Piranha.Manager\Piranha.Manager.csproj]
C:\Users\bbqch\proj\microbians\piranha\core\Piranha.Manager\Models\PageEditModel.cs(29,18): warning CS8632: The annotation for nullable reference types should only be used in code within a '#nullable' annotations context. [C:\Users\bbqch\proj\microbians\piranha\core\Piranha.Manager\Piranha.Manager.csproj]
C:\Users\bbqch\proj\microbians\piranha\core\Piranha.Manager\Models\PageEditModel.cs(34,18): warning CS8632: The annotation for nullable reference types should only be used in code within a '#nullable' annotations context. [C:\Users\bbqch\proj\microbians\piranha\core\Piranha.Manager\Piranha.Manager.csproj]
C:\Users\bbqch\proj\microbians\piranha\core\Piranha.Manager\Services\ContentService.cs(85,71): warning CS8632: The annotation for nullable reference types should only be used in code within a '#nullable' annotations context. [C:\Users\bbqch\proj\microbians\piranha\core\Piranha.Manager\Piranha.Manager.csproj]
C:\Users\bbqch\proj\microbians\piranha\core\Piranha.Manager\Models\MediaListModel.cs(57,22): warning CS8632: The annotation for nullable reference types should only be used in code within a '#nullable' annotations context. [C:\Users\bbqch\proj\microbians\piranha\core\Piranha.Manager\Piranha.Manager.csproj]
C:\Users\bbqch\proj\microbians\piranha\core\Piranha.Manager\Controllers\MediaApiController.cs(91,50): warning CS8632: The annotation for nullable reference types should only be used in code within a '#nullable' annotations context. [C:\Users\bbqch\proj\microbians\piranha\core\Piranha.Manager\Piranha.Manager.csproj]
C:\Users\bbqch\proj\microbians\piranha\core\Piranha.Manager\Controllers\PageApiController.cs(68,52): warning CS8632: The annotation for nullable reference types should only be used in code within a '#nullable' annotations context. [C:\Users\bbqch\proj\microbians\piranha\core\Piranha.Manager\Piranha.Manager.csproj]
C:\Users\bbqch\proj\microbians\piranha\core\Piranha.Manager\Controllers\PageApiController.cs(83,53): warning CS8632: The annotation for nullable reference types should only be used in code within a '#nullable' annotations context. [C:\Users\bbqch\proj\microbians\piranha\core\Piranha.Manager\Piranha.Manager.csproj]
C:\Users\bbqch\proj\microbians\piranha\core\Piranha.Manager\Controllers\MediaApiController.cs(243,87): warning CS8632: The annotation for nullable reference types should only be used in code within a '#nullable' annotations context. [C:\Users\bbqch\proj\microbians\piranha\core\Piranha.Manager\Piranha.Manager.csproj]
C:\Users\bbqch\proj\microbians\piranha\core\Piranha.Manager\Services\MediaService.cs(65,100): warning CS8632: The annotation for nullable reference types should only be used in code within a '#nullable' annotations context. [C:\Users\bbqch\proj\microbians\piranha\core\Piranha.Manager\Piranha.Manager.csproj]
C:\Users\bbqch\proj\microbians\piranha\core\Piranha.Manager\Services\MediaService.cs(78,109): warning CS8632: The annotation for nullable reference types should only be used in code within a '#nullable' annotations context. [C:\Users\bbqch\proj\microbians\piranha\core\Piranha.Manager\Piranha.Manager.csproj]
C:\Users\bbqch\proj\microbians\piranha\core\Piranha.Manager\Services\MediaService.cs(115,53): warning CS8632: The annotation for nullable reference types should only be used in code within a '#nullable' annotations context. [C:\Users\bbqch\proj\microbians\piranha\core\Piranha.Manager\Piranha.Manager.csproj]
C:\Users\bbqch\proj\microbians\piranha\core\Piranha.Manager\Services\MediaService.cs(219,29): warning CS8632: The annotation for nullable reference types should only be used in code within a '#nullable' annotations context. [C:\Users\bbqch\proj\microbians\piranha\core\Piranha.Manager\Piranha.Manager.csproj]
C:\Users\bbqch\proj\microbians\piranha\core\Piranha.Manager\Services\MediaService.cs(289,29): warning CS8632: The annotation for nullable reference types should only be used in code within a '#nullable' annotations context. [C:\Users\bbqch\proj\microbians\piranha\core\Piranha.Manager\Piranha.Manager.csproj]
C:\Users\bbqch\proj\microbians\piranha\core\Piranha.Manager\Services\PageService.cs(185,49): warning CS8632: The annotation for nullable reference types should only be used in code within a '#nullable' annotations context. [C:\Users\bbqch\proj\microbians\piranha\core\Piranha.Manager\Piranha.Manager.csproj]
C:\Users\bbqch\proj\microbians\piranha\core\Piranha.Manager\Services\PostService.cs(35,59): warning CS8632: The annotation for nullable reference types should only be used in code within a '#nullable' annotations context. [C:\Users\bbqch\proj\microbians\piranha\core\Piranha.Manager\Piranha.Manager.csproj]
C:\Users\bbqch\proj\microbians\piranha\core\Piranha.Manager\Services\PostService.cs(35,75): warning CS8632: The annotation for nullable reference types should only be used in code within a '#nullable' annotations context. [C:\Users\bbqch\proj\microbians\piranha\core\Piranha.Manager\Piranha.Manager.csproj]
C:\Users\bbqch\proj\microbians\piranha\core\Piranha.Manager\Services\PageService.cs(551,104): warning CS8632: The annotation for nullable reference types should only be used in code within a '#nullable' annotations context. [C:\Users\bbqch\proj\microbians\piranha\core\Piranha.Manager\Piranha.Manager.csproj]
C:\Users\bbqch\proj\microbians\piranha\core\Piranha.Manager\Services\PageService.cs(551,25): warning CS8632: The annotation for nullable reference types should only be used in code within a '#nullable' annotations context. [C:\Users\bbqch\proj\microbians\piranha\core\Piranha.Manager\Piranha.Manager.csproj]
C:\Users\bbqch\proj\microbians\piranha\core\Piranha.Manager\Controllers\PostApiController.cs(102,51): warning CS8632: The annotation for nullable reference types should only be used in code within a '#nullable' annotations context. [C:\Users\bbqch\proj\microbians\piranha\core\Piranha.Manager\Piranha.Manager.csproj]
C:\Users\bbqch\proj\microbians\piranha\core\Piranha.Manager\Controllers\PostApiController.cs(102,67): warning CS8632: The annotation for nullable reference types should only be used in code within a '#nullable' annotations context. [C:\Users\bbqch\proj\microbians\piranha\core\Piranha.Manager\Piranha.Manager.csproj]
C:\Users\bbqch\proj\microbians\piranha\core\Piranha.Manager\Services\PageService.cs(557,40): warning CS8632: The annotation for nullable reference types should only be used in code within a '#nullable' annotations context. [C:\Users\bbqch\proj\microbians\piranha\core\Piranha.Manager\Piranha.Manager.csproj]
  Piranha.Tests -> C:\Users\bbqch\proj\microbians\piranha\test\Piranha.Tests\bin\Debug\net10.0\Piranha.Tests.dll
  Piranha.Manager -> C:\Users\bbqch\proj\microbians\piranha\core\Piranha.Manager\bin\Debug\net10.0\Piranha.Manager.dll
Test run for C:\Users\bbqch\proj\microbians\piranha\test\Piranha.Tests\bin\Debug\net10.0\Piranha.Tests.dll (.NETCoreApp,Version=v10.0)
VSTest version 18.0.1 (x64)

Starting test execution, please wait...
A total of 1 test files matched the specified pattern.
  Piranha.Manager.Tests -> C:\Users\bbqch\proj\microbians\piranha\test\Piranha.Manager.Tests\bin\Debug\net10.0\Piranha.Manager.Tests.dll
Test run for C:\Users\bbqch\proj\microbians\piranha\test\Piranha.Manager.Tests\bin\Debug\net10.0\Piranha.Manager.Tests.dll (.NETCoreApp,Version=v10.0)
  Piranha.Manager.LocalAuth -> C:\Users\bbqch\proj\microbians\piranha\core\Piranha.Manager.LocalAuth\bin\Debug\net10.0\Piranha.Manager.LocalAuth.dll
VSTest version 18.0.1 (x64)

Starting test execution, please wait...
A total of 1 test files matched the specified pattern.
C:\Users\bbqch\proj\microbians\piranha\Aero.Identity\RavenUserStore.cs(325,39): warning CS8601: Possible null reference assignment. [C:\Users\bbqch\proj\microbians\piranha\Aero.Identity\Aero.Identity.csproj]
  Aero.Identity -> C:\Users\bbqch\proj\microbians\piranha\Aero.Identity\bin\Debug\net10.0\Aero.Identity.dll
C:\Users\bbqch\proj\microbians\piranha\test\Aero.Identity.Tests\Extensions\RavenIdentityExtensionsTests.cs(87,9): warning xUnit2012: Do not use Assert.True() to check if a value exists in a collection. Use Assert.Contains instead. (https://xunit.net/xunit.analyzers/rules/xUnit2012) [C:\Users\bbqch\proj\microbians\piranha\test\Aero.Identity.Tests\Aero.Identity.Tests.csproj]
  Aero.Identity.Tests -> C:\Users\bbqch\proj\microbians\piranha\test\Aero.Identity.Tests\bin\Debug\net10.0\Aero.Identity.Tests.dll
Test run for C:\Users\bbqch\proj\microbians\piranha\test\Aero.Identity.Tests\bin\Debug\net10.0\Aero.Identity.Tests.dll (.NETCoreApp,Version=v10.0)

Passed!  - Failed:     0, Passed:     1, Skipped:     0, Total:     1, Duration: 408 ms - Piranha.Manager.Tests.dll (net10.0)
VSTest version 18.0.1 (x64)

Starting test execution, please wait...
A total of 1 test files matched the specified pattern.
  Failed Piranha.Tests.Taxonomies.StringToTaxonomy [218 ms]
  Error Message:
   Assert.Equal() Failure: Strings differ
Expected: ""
Actual:   "1476028730231623680"
           ↑ (pos 0)
  Stack Trace:
     at Piranha.Tests.Taxonomies.StringToTaxonomy() in C:\Users\bbqch\proj\microbians\piranha\test\Piranha.Tests\Taxonomies.cs:line 22
   at System.Reflection.MethodBaseInvoker.InterpretedInvoke_Method(Object obj, IntPtr* args)
   at System.Reflection.MethodBaseInvoker.InvokeWithNoArgs(Object obj, BindingFlags invokeAttr)
  Failed Piranha.Tests.Blocks.VideoBlockHasTitle [1 s]
  Error Message:
   System.NotSupportedException : Could not understand expression: from 'Medias'.Where(m => op_Implicit(value(Piranha.Repositories.MediaRepository+<>c__DisplayClass6_0).ids).Contains(m.Id)).OrderBy(m => m.Filename)
---- System.NotSupportedException : Expression type not supported: System.Linq.Expressions.TypedParameterExpression
  Stack Trace:
     at Raven.Client.Documents.Linq.RavenQueryProviderProcessor`1.GetAsyncDocumentQueryFor(Expression expression, Action`1 customization)
   at Raven.Client.Documents.Linq.RavenQueryProvider`1.ToAsyncDocumentQuery[TResult](Expression expression)
   at Raven.Client.Documents.LinqExtensions.ToArrayAsync[T](IQueryable`1 source, CancellationToken token)
   at Piranha.Repositories.MediaRepository.GetById(String[] ids) in C:\Users\bbqch\proj\microbians\piranha\data\Piranha.Data.EF\Repositories\MediaRepository.cs:line 78
   at Piranha.Services.MediaService._getFast(IEnumerable`1 ids) in C:\Users\bbqch\proj\microbians\piranha\core\Piranha\Services\Internal\MediaService.cs:line 58
   at Piranha.Tests.Blocks.DisposeAsync() in C:\Users\bbqch\proj\microbians\piranha\test\Piranha.Tests\Blocks.cs:line 59
----- Inner Stack Trace -----
   at Raven.Client.Documents.Linq.LinqPathProvider.GetMemberValue(MemberExpression memberExpression)
   at Raven.Client.Documents.Linq.LinqPathProvider.GetValueFromExpressionWithoutConversion(Expression expression, Object& value)
   at Raven.Client.Documents.Linq.LinqPathProvider.GetValueFromExpression(Expression expression, Type type)
   at Raven.Client.Documents.Linq.RavenQueryProviderProcessor`1.GetValueFromExpression(Expression expression, Type type)
   at Raven.Client.Documents.Linq.RavenQueryProviderProcessor`1.VisitContains(MethodCallExpression expression)
   at Raven.Client.Documents.Linq.RavenQueryProviderProcessor`1.VisitMemoryExtensionsMethodCall(MethodCallExpression expression)
   at Raven.Client.Documents.Linq.RavenQueryProviderProcessor`1.VisitMethodCall(MethodCallExpression expression)
   at Raven.Client.Documents.Linq.RavenQueryProviderProcessor`1.VisitExpression(Expression expression)
   at Raven.Client.Documents.Linq.RavenQueryProviderProcessor`1.VisitExpression(Expression expression)
   at Raven.Client.Documents.Linq.RavenQueryProviderProcessor`1.VisitQueryableMethodCall(MethodCallExpression expression)
   at Raven.Client.Documents.Linq.RavenQueryProviderProcessor`1.VisitMethodCall(MethodCallExpression expression)
   at Raven.Client.Documents.Linq.RavenQueryProviderProcessor`1.VisitExpression(Expression expression)
   at Raven.Client.Documents.Linq.RavenQueryProviderProcessor`1.VisitQueryableMethodCall(MethodCallExpression expression)
   at Raven.Client.Documents.Linq.RavenQueryProviderProcessor`1.VisitMethodCall(MethodCallExpression expression)
   at Raven.Client.Documents.Linq.RavenQueryProviderProcessor`1.VisitExpression(Expression expression)
   at Raven.Client.Documents.Linq.RavenQueryProviderProcessor`1.GetAsyncDocumentQueryFor(Expression expression, Action`1 customization)
  Failed Piranha.Tests.Config.CommentsApprove [1 s]
  Error Message:
   Assert.False() Failure
Expected: False
Actual:   True
  Stack Trace:
     at Piranha.Tests.Config.CommentsApprove() in C:\Users\bbqch\proj\microbians\piranha\test\Piranha.Tests\Config.cs:line 95
   at System.RuntimeMethodHandle.InvokeMethod(ObjectHandleOnStack target, Void** arguments, ObjectHandleOnStack sig, BOOL isConstructor, ObjectHandleOnStack result)
   at System.Reflection.MethodBaseInvoker.InvokeWithNoArgs(Object obj, BindingFlags invokeAttr)
  Failed Piranha.Tests.Blocks.DeserializeTextBlock [360 ms]
  Error Message:
   System.NotSupportedException : Could not understand expression: from 'Medias'.Where(m => op_Implicit(value(Piranha.Repositories.MediaRepository+<>c__DisplayClass6_0).ids).Contains(m.Id)).OrderBy(m => m.Filename)
---- System.NotSupportedException : Expression type not supported: System.Linq.Expressions.TypedParameterExpression
  Stack Trace:
     at Raven.Client.Documents.Linq.RavenQueryProviderProcessor`1.GetAsyncDocumentQueryFor(Expression expression, Action`1 customization)
   at Raven.Client.Documents.Linq.RavenQueryProvider`1.ToAsyncDocumentQuery[TResult](Expression expression)
   at Raven.Client.Documents.LinqExtensions.ToArrayAsync[T](IQueryable`1 source, CancellationToken token)
   at Piranha.Repositories.MediaRepository.GetById(String[] ids) in C:\Users\bbqch\proj\microbians\piranha\data\Piranha.Data.EF\Repositories\MediaRepository.cs:line 78
   at Piranha.Services.MediaService._getFast(IEnumerable`1 ids) in C:\Users\bbqch\proj\microbians\piranha\core\Piranha\Services\Internal\MediaService.cs:line 58
   at Piranha.Tests.Blocks.DisposeAsync() in C:\Users\bbqch\proj\microbians\piranha\test\Piranha.Tests\Blocks.cs:line 59
----- Inner Stack Trace -----
   at Raven.Client.Documents.Linq.LinqPathProvider.GetMemberValue(MemberExpression memberExpression)
   at Raven.Client.Documents.Linq.LinqPathProvider.GetValueFromExpressionWithoutConversion(Expression expression, Object& value)
   at Raven.Client.Documents.Linq.LinqPathProvider.GetValueFromExpression(Expression expression, Type type)
   at Raven.Client.Documents.Linq.RavenQueryProviderProcessor`1.GetValueFromExpression(Expression expression, Type type)
   at Raven.Client.Documents.Linq.RavenQueryProviderProcessor`1.VisitContains(MethodCallExpression expression)
   at Raven.Client.Documents.Linq.RavenQueryProviderProcessor`1.VisitMemoryExtensionsMethodCall(MethodCallExpression expression)
   at Raven.Client.Documents.Linq.RavenQueryProviderProcessor`1.VisitMethodCall(MethodCallExpression expression)
   at Raven.Client.Documents.Linq.RavenQueryProviderProcessor`1.VisitExpression(Expression expression)
   at Raven.Client.Documents.Linq.RavenQueryProviderProcessor`1.VisitExpression(Expression expression)
   at Raven.Client.Documents.Linq.RavenQueryProviderProcessor`1.VisitQueryableMethodCall(MethodCallExpression expression)
   at Raven.Client.Documents.Linq.RavenQueryProviderProcessor`1.VisitMethodCall(MethodCallExpression expression)
   at Raven.Client.Documents.Linq.RavenQueryProviderProcessor`1.VisitExpression(Expression expression)
   at Raven.Client.Documents.Linq.RavenQueryProviderProcessor`1.VisitQueryableMethodCall(MethodCallExpression expression)
   at Raven.Client.Documents.Linq.RavenQueryProviderProcessor`1.VisitMethodCall(MethodCallExpression expression)
   at Raven.Client.Documents.Linq.RavenQueryProviderProcessor`1.VisitExpression(Expression expression)
   at Raven.Client.Documents.Linq.RavenQueryProviderProcessor`1.GetAsyncDocumentQueryFor(Expression expression, Action`1 customization)
  Failed Piranha.Tests.Config.MediaCDN [449 ms]
  Error Message:
   Assert.Equal() Failure: Strings differ
Expected: "https://mycdn.org/uploads/"
Actual:   null
  Stack Trace:
     at Piranha.Tests.Config.MediaCDN() in C:\Users\bbqch\proj\microbians\piranha\test\Piranha.Tests\Config.cs:line 145
   at System.RuntimeMethodHandle.InvokeMethod(ObjectHandleOnStack target, Void** arguments, ObjectHandleOnStack sig, BOOL isConstructor, ObjectHandleOnStack result)
   at System.Reflection.MethodBaseInvoker.InvokeWithNoArgs(Object obj, BindingFlags invokeAttr)
  Failed Aero.Identity.Tests.IdentityIntegrationTests.UserManager_CanCreateAndFindUser [20 s]
  Error Message:
   Assert.NotNull() Failure: Value is null
  Stack Trace:
     at Aero.Identity.Tests.IdentityIntegrationTests.UserManager_CanCreateAndFindUser() in C:\Users\bbqch\proj\microbians\piranha\test\Aero.Identity.Tests\IdentityIntegrationTests.cs:line 49
--- End of stack trace from previous location ---
  Failed Piranha.Tests.Blocks.TextBlockNoTitle [178 ms]
  Error Message:
   System.NotSupportedException : Could not understand expression: from 'Medias'.Where(m => op_Implicit(value(Piranha.Repositories.MediaRepository+<>c__DisplayClass6_0).ids).Contains(m.Id)).OrderBy(m => m.Filename)
---- System.NotSupportedException : Expression type not supported: System.Linq.Expressions.TypedParameterExpression
  Stack Trace:
     at Raven.Client.Documents.Linq.RavenQueryProviderProcessor`1.GetAsyncDocumentQueryFor(Expression expression, Action`1 customization)
   at Raven.Client.Documents.Linq.RavenQueryProvider`1.ToAsyncDocumentQuery[TResult](Expression expression)
   at Raven.Client.Documents.LinqExtensions.ToArrayAsync[T](IQueryable`1 source, CancellationToken token)
   at Piranha.Repositories.MediaRepository.GetById(String[] ids) in C:\Users\bbqch\proj\microbians\piranha\data\Piranha.Data.EF\Repositories\MediaRepository.cs:line 78
   at Piranha.Services.MediaService._getFast(IEnumerable`1 ids) in C:\Users\bbqch\proj\microbians\piranha\core\Piranha\Services\Internal\MediaService.cs:line 58
   at Piranha.Tests.Blocks.DisposeAsync() in C:\Users\bbqch\proj\microbians\piranha\test\Piranha.Tests\Blocks.cs:line 59
----- Inner Stack Trace -----
   at Raven.Client.Documents.Linq.LinqPathProvider.GetMemberValue(MemberExpression memberExpression)
   at Raven.Client.Documents.Linq.LinqPathProvider.GetValueFromExpressionWithoutConversion(Expression expression, Object& value)
   at Raven.Client.Documents.Linq.LinqPathProvider.GetValueFromExpression(Expression expression, Type type)
   at Raven.Client.Documents.Linq.RavenQueryProviderProcessor`1.GetValueFromExpression(Expression expression, Type type)
   at Raven.Client.Documents.Linq.RavenQueryProviderProcessor`1.VisitContains(MethodCallExpression expression)
   at Raven.Client.Documents.Linq.RavenQueryProviderProcessor`1.VisitMemoryExtensionsMethodCall(MethodCallExpression expression)
   at Raven.Client.Documents.Linq.RavenQueryProviderProcessor`1.VisitMethodCall(MethodCallExpression expression)
   at Raven.Client.Documents.Linq.RavenQueryProviderProcessor`1.VisitQueryableMethodCall(MethodCallExpression expression)
   at Raven.Client.Documents.Linq.RavenQueryProviderProcessor`1.VisitMethodCall(MethodCallExpression expression)
   at Raven.Client.Documents.Linq.RavenQueryProviderProcessor`1.VisitQueryableMethodCall(MethodCallExpression expression)
   at Raven.Client.Documents.Linq.RavenQueryProviderProcessor`1.VisitMethodCall(MethodCallExpression expression)
   at Raven.Client.Documents.Linq.RavenQueryProviderProcessor`1.GetAsyncDocumentQueryFor(Expression expression, Action`1 customization)
  Failed Piranha.Tests.Config.HierarchicalPageSlugs [616 ms]
  Error Message:
   Assert.False() Failure
Expected: False
Actual:   True
  Stack Trace:
     at Piranha.Tests.Config.HierarchicalPageSlugs() in C:\Users\bbqch\proj\microbians\piranha\test\Piranha.Tests\Config.cs:line 121
   at System.RuntimeMethodHandle.InvokeMethod(ObjectHandleOnStack target, Void** arguments, ObjectHandleOnStack sig, BOOL isConstructor, ObjectHandleOnStack result)
   at System.Reflection.MethodBaseInvoker.InvokeWithNoArgs(Object obj, BindingFlags invokeAttr)
  Failed Piranha.Tests.Blocks.ImageBlockNoTitle [150 ms]
  Error Message:
   System.NotSupportedException : Could not understand expression: from 'Medias'.Where(m => op_Implicit(value(Piranha.Repositories.MediaRepository+<>c__DisplayClass6_0).ids).Contains(m.Id)).OrderBy(m => m.Filename)
---- System.NotSupportedException : Expression type not supported: System.Linq.Expressions.TypedParameterExpression
  Stack Trace:
     at Raven.Client.Documents.Linq.RavenQueryProviderProcessor`1.GetAsyncDocumentQueryFor(Expression expression, Action`1 customization)
   at Raven.Client.Documents.Linq.RavenQueryProvider`1.ToAsyncDocumentQuery[TResult](Expression expression)
   at Raven.Client.Documents.LinqExtensions.ToArrayAsync[T](IQueryable`1 source, CancellationToken token)
   at Piranha.Repositories.MediaRepository.GetById(String[] ids) in C:\Users\bbqch\proj\microbians\piranha\data\Piranha.Data.EF\Repositories\MediaRepository.cs:line 78
   at Piranha.Services.MediaService._getFast(IEnumerable`1 ids) in C:\Users\bbqch\proj\microbians\piranha\core\Piranha\Services\Internal\MediaService.cs:line 58
   at Piranha.Tests.Blocks.DisposeAsync() in C:\Users\bbqch\proj\microbians\piranha\test\Piranha.Tests\Blocks.cs:line 59
----- Inner Stack Trace -----
   at Raven.Client.Documents.Linq.LinqPathProvider.GetMemberValue(MemberExpression memberExpression)
   at Raven.Client.Documents.Linq.LinqPathProvider.GetValueFromExpressionWithoutConversion(Expression expression, Object& value)
   at Raven.Client.Documents.Linq.LinqPathProvider.GetValueFromExpression(Expression expression, Type type)
   at Raven.Client.Documents.Linq.RavenQueryProviderProcessor`1.GetValueFromExpression(Expression expression, Type type)
   at Raven.Client.Documents.Linq.RavenQueryProviderProcessor`1.VisitContains(MethodCallExpression expression)
   at Raven.Client.Documents.Linq.RavenQueryProviderProcessor`1.VisitMemoryExtensionsMethodCall(MethodCallExpression expression)
   at Raven.Client.Documents.Linq.RavenQueryProviderProcessor`1.VisitMethodCall(MethodCallExpression expression)
   at Raven.Client.Documents.Linq.RavenQueryProviderProcessor`1.VisitQueryableMethodCall(MethodCallExpression expression)
   at Raven.Client.Documents.Linq.RavenQueryProviderProcessor`1.VisitMethodCall(MethodCallExpression expression)
   at Raven.Client.Documents.Linq.RavenQueryProviderProcessor`1.VisitQueryableMethodCall(MethodCallExpression expression)
   at Raven.Client.Documents.Linq.RavenQueryProviderProcessor`1.VisitMethodCall(MethodCallExpression expression)
   at Raven.Client.Documents.Linq.RavenQueryProviderProcessor`1.GetAsyncDocumentQueryFor(Expression expression, Action`1 customization)
  Failed Piranha.Tests.Blocks.VideoBlockNoTitle [97 ms]
  Error Message:
   System.NotSupportedException : Could not understand expression: from 'Medias'.Where(m => op_Implicit(value(Piranha.Repositories.MediaRepository+<>c__DisplayClass6_0).ids).Contains(m.Id)).OrderBy(m => m.Filename)
---- System.NotSupportedException : Expression type not supported: System.Linq.Expressions.TypedParameterExpression
  Stack Trace:
     at Raven.Client.Documents.Linq.RavenQueryProviderProcessor`1.GetAsyncDocumentQueryFor(Expression expression, Action`1 customization)
   at Raven.Client.Documents.Linq.RavenQueryProvider`1.ToAsyncDocumentQuery[TResult](Expression expression)
   at Raven.Client.Documents.LinqExtensions.ToArrayAsync[T](IQueryable`1 source, CancellationToken token)
   at Piranha.Repositories.MediaRepository.GetById(String[] ids) in C:\Users\bbqch\proj\microbians\piranha\data\Piranha.Data.EF\Repositories\MediaRepository.cs:line 78
   at Piranha.Services.MediaService._getFast(IEnumerable`1 ids) in C:\Users\bbqch\proj\microbians\piranha\core\Piranha\Services\Internal\MediaService.cs:line 58
   at Piranha.Tests.Blocks.DisposeAsync() in C:\Users\bbqch\proj\microbians\piranha\test\Piranha.Tests\Blocks.cs:line 59
----- Inner Stack Trace -----
   at Raven.Client.Documents.Linq.LinqPathProvider.GetMemberValue(MemberExpression memberExpression)
   at Raven.Client.Documents.Linq.LinqPathProvider.GetValueFromExpressionWithoutConversion(Expression expression, Object& value)
   at Raven.Client.Documents.Linq.RavenQueryProviderProcessor`1.GetValueFromExpression(Expression expression, Type type)
   at Raven.Client.Documents.Linq.RavenQueryProviderProcessor`1.VisitContains(MethodCallExpression expression)
   at Raven.Client.Documents.Linq.RavenQueryProviderProcessor`1.VisitMemoryExtensionsMethodCall(MethodCallExpression expression)
   at Raven.Client.Documents.Linq.RavenQueryProviderProcessor`1.VisitMethodCall(MethodCallExpression expression)
   at Raven.Client.Documents.Linq.RavenQueryProviderProcessor`1.VisitQueryableMethodCall(MethodCallExpression expression)
   at Raven.Client.Documents.Linq.RavenQueryProviderProcessor`1.VisitMethodCall(MethodCallExpression expression)
   at Raven.Client.Documents.Linq.RavenQueryProviderProcessor`1.VisitQueryableMethodCall(MethodCallExpression expression)
   at Raven.Client.Documents.Linq.RavenQueryProviderProcessor`1.VisitMethodCall(MethodCallExpression expression)
   at Raven.Client.Documents.Linq.RavenQueryProviderProcessor`1.GetAsyncDocumentQueryFor(Expression expression, Action`1 customization)
  Failed Piranha.Tests.Config.MediaCDNTrailingSlash [127 ms]
  Error Message:
   Assert.Equal() Failure: Strings differ
Expected: "https://mycdn.org/uploads/"
Actual:   null
  Stack Trace:
     at Piranha.Tests.Config.MediaCDNTrailingSlash() in C:\Users\bbqch\proj\microbians\piranha\test\Piranha.Tests\Config.cs:line 156
   at System.RuntimeMethodHandle.InvokeMethod(ObjectHandleOnStack target, Void** arguments, ObjectHandleOnStack sig, BOOL isConstructor, ObjectHandleOnStack result)
   at System.Reflection.MethodBaseInvoker.InvokeWithNoArgs(Object obj, BindingFlags invokeAttr)
  Failed Piranha.Tests.Blocks.SerializeTextBlock [308 ms]
  Error Message:
   System.NotSupportedException : Could not understand expression: from 'Medias'.Where(m => op_Implicit(value(Piranha.Repositories.MediaRepository+<>c__DisplayClass6_0).ids).Contains(m.Id)).OrderBy(m => m.Filename)
---- System.NotSupportedException : Expression type not supported: System.Linq.Expressions.TypedParameterExpression
  Stack Trace:
     at Raven.Client.Documents.Linq.RavenQueryProviderProcessor`1.GetAsyncDocumentQueryFor(Expression expression, Action`1 customization)
   at Raven.Client.Documents.Linq.RavenQueryProvider`1.ToAsyncDocumentQuery[TResult](Expression expression)
   at Raven.Client.Documents.LinqExtensions.ToArrayAsync[T](IQueryable`1 source, CancellationToken token)
   at Piranha.Repositories.MediaRepository.GetById(String[] ids) in C:\Users\bbqch\proj\microbians\piranha\data\Piranha.Data.EF\Repositories\MediaRepository.cs:line 78
   at Piranha.Services.MediaService._getFast(IEnumerable`1 ids) in C:\Users\bbqch\proj\microbians\piranha\core\Piranha\Services\Internal\MediaService.cs:line 58
   at Piranha.Tests.Blocks.DisposeAsync() in C:\Users\bbqch\proj\microbians\piranha\test\Piranha.Tests\Blocks.cs:line 59
----- Inner Stack Trace -----
   at Raven.Client.Documents.Linq.LinqPathProvider.GetMemberValue(MemberExpression memberExpression)
   at Raven.Client.Documents.Linq.LinqPathProvider.GetValueFromExpressionWithoutConversion(Expression expression, Object& value)
   at Raven.Client.Documents.Linq.RavenQueryProviderProcessor`1.GetValueFromExpression(Expression expression, Type type)
   at Raven.Client.Documents.Linq.RavenQueryProviderProcessor`1.VisitContains(MethodCallExpression expression)
   at Raven.Client.Documents.Linq.RavenQueryProviderProcessor`1.VisitMemoryExtensionsMethodCall(MethodCallExpression expression)
   at Raven.Client.Documents.Linq.RavenQueryProviderProcessor`1.VisitMethodCall(MethodCallExpression expression)
   at Raven.Client.Documents.Linq.RavenQueryProviderProcessor`1.VisitQueryableMethodCall(MethodCallExpression expression)
   at Raven.Client.Documents.Linq.RavenQueryProviderProcessor`1.VisitMethodCall(MethodCallExpression expression)
   at Raven.Client.Documents.Linq.RavenQueryProviderProcessor`1.VisitQueryableMethodCall(MethodCallExpression expression)
   at Raven.Client.Documents.Linq.RavenQueryProviderProcessor`1.VisitMethodCall(MethodCallExpression expression)
   at Raven.Client.Documents.Linq.RavenQueryProviderProcessor`1.GetAsyncDocumentQueryFor(Expression expression, Action`1 customization)
  Failed Piranha.Tests.Blocks.HtmlBlockHasTitle [795 ms]
  Error Message:
   System.NotSupportedException : Could not understand expression: from 'Medias'.Where(m => op_Implicit(value(Piranha.Repositories.MediaRepository+<>c__DisplayClass6_0).ids).Contains(m.Id)).OrderBy(m => m.Filename)
---- System.NotSupportedException : Expression type not supported: System.Linq.Expressions.TypedParameterExpression
  Stack Trace:
     at Raven.Client.Documents.Linq.RavenQueryProviderProcessor`1.GetAsyncDocumentQueryFor(Expression expression, Action`1 customization)
   at Raven.Client.Documents.Linq.RavenQueryProvider`1.ToAsyncDocumentQuery[TResult](Expression expression)
   at Raven.Client.Documents.LinqExtensions.ToArrayAsync[T](IQueryable`1 source, CancellationToken token)
   at Piranha.Repositories.MediaRepository.GetById(String[] ids) in C:\Users\bbqch\proj\microbians\piranha\data\Piranha.Data.EF\Repositories\MediaRepository.cs:line 78
   at Piranha.Services.MediaService._getFast(IEnumerable`1 ids) in C:\Users\bbqch\proj\microbians\piranha\core\Piranha\Services\Internal\MediaService.cs:line 58
   at Piranha.Tests.Blocks.DisposeAsync() in C:\Users\bbqch\proj\microbians\piranha\test\Piranha.Tests\Blocks.cs:line 59
----- Inner Stack Trace -----
   at Raven.Client.Documents.Linq.LinqPathProvider.GetMemberValue(MemberExpression memberExpression)
   at Raven.Client.Documents.Linq.LinqPathProvider.GetValueFromExpressionWithoutConversion(Expression expression, Object& value)
   at Raven.Client.Documents.Linq.RavenQueryProviderProcessor`1.GetValueFromExpression(Expression expression, Type type)
   at Raven.Client.Documents.Linq.RavenQueryProviderProcessor`1.VisitContains(MethodCallExpression expression)
   at Raven.Client.Documents.Linq.RavenQueryProviderProcessor`1.VisitMemoryExtensionsMethodCall(MethodCallExpression expression)
   at Raven.Client.Documents.Linq.RavenQueryProviderProcessor`1.VisitMethodCall(MethodCallExpression expression)
   at Raven.Client.Documents.Linq.RavenQueryProviderProcessor`1.VisitQueryableMethodCall(MethodCallExpression expression)
   at Raven.Client.Documents.Linq.RavenQueryProviderProcessor`1.VisitMethodCall(MethodCallExpression expression)
   at Raven.Client.Documents.Linq.RavenQueryProviderProcessor`1.VisitQueryableMethodCall(MethodCallExpression expression)
   at Raven.Client.Documents.Linq.RavenQueryProviderProcessor`1.VisitMethodCall(MethodCallExpression expression)
   at Raven.Client.Documents.Linq.RavenQueryProviderProcessor`1.GetAsyncDocumentQueryFor(Expression expression, Action`1 customization)
  Failed Piranha.Tests.Blocks.PostBlockNoTitle [4 s]
  Error Message:
   System.NotSupportedException : Could not understand expression: from 'Medias'.Where(m => op_Implicit(value(Piranha.Repositories.MediaRepository+<>c__DisplayClass6_0).ids).Contains(m.Id)).OrderBy(m => m.Filename)
---- System.NotSupportedException : Expression type not supported: System.Linq.Expressions.TypedParameterExpression
  Stack Trace:
     at Raven.Client.Documents.Linq.RavenQueryProviderProcessor`1.GetAsyncDocumentQueryFor(Expression expression, Action`1 customization)
   at Raven.Client.Documents.Linq.RavenQueryProvider`1.ToAsyncDocumentQuery[TResult](Expression expression)
   at Raven.Client.Documents.LinqExtensions.ToArrayAsync[T](IQueryable`1 source, CancellationToken token)
   at Piranha.Repositories.MediaRepository.GetById(String[] ids) in C:\Users\bbqch\proj\microbians\piranha\data\Piranha.Data.EF\Repositories\MediaRepository.cs:line 78
   at Piranha.Services.MediaService._getFast(IEnumerable`1 ids) in C:\Users\bbqch\proj\microbians\piranha\core\Piranha\Services\Internal\MediaService.cs:line 58
   at Piranha.Tests.Blocks.DisposeAsync() in C:\Users\bbqch\proj\microbians\piranha\test\Piranha.Tests\Blocks.cs:line 59
----- Inner Stack Trace -----
   at Raven.Client.Documents.Linq.LinqPathProvider.GetMemberValue(MemberExpression memberExpression)
   at Raven.Client.Documents.Linq.LinqPathProvider.GetValueFromExpressionWithoutConversion(Expression expression, Object& value)
   at Raven.Client.Documents.Linq.RavenQueryProviderProcessor`1.GetValueFromExpression(Expression expression, Type type)
   at Raven.Client.Documents.Linq.RavenQueryProviderProcessor`1.VisitContains(MethodCallExpression expression)
   at Raven.Client.Documents.Linq.RavenQueryProviderProcessor`1.VisitMemoryExtensionsMethodCall(MethodCallExpression expression)
   at Raven.Client.Documents.Linq.RavenQueryProviderProcessor`1.VisitMethodCall(MethodCallExpression expression)
   at Raven.Client.Documents.Linq.RavenQueryProviderProcessor`1.VisitQueryableMethodCall(MethodCallExpression expression)
   at Raven.Client.Documents.Linq.RavenQueryProviderProcessor`1.VisitMethodCall(MethodCallExpression expression)
   at Raven.Client.Documents.Linq.RavenQueryProviderProcessor`1.VisitQueryableMethodCall(MethodCallExpression expression)
   at Raven.Client.Documents.Linq.RavenQueryProviderProcessor`1.VisitMethodCall(MethodCallExpression expression)
   at Raven.Client.Documents.Linq.RavenQueryProviderProcessor`1.GetAsyncDocumentQueryFor(Expression expression, Action`1 customization)
  Failed Piranha.Tests.Blocks.PageBlockHasTitle [63 ms]
  Error Message:
   System.NotSupportedException : Could not understand expression: from 'Medias'.Where(m => op_Implicit(value(Piranha.Repositories.MediaRepository+<>c__DisplayClass6_0).ids).Contains(m.Id)).OrderBy(m => m.Filename)
---- System.NotSupportedException : Expression type not supported: System.Linq.Expressions.TypedParameterExpression
  Stack Trace:
     at Raven.Client.Documents.Linq.RavenQueryProviderProcessor`1.GetAsyncDocumentQueryFor(Expression expression, Action`1 customization)
   at Raven.Client.Documents.Linq.RavenQueryProvider`1.ToAsyncDocumentQuery[TResult](Expression expression)
   at Raven.Client.Documents.LinqExtensions.ToArrayAsync[T](IQueryable`1 source, CancellationToken token)
   at Piranha.Repositories.MediaRepository.GetById(String[] ids) in C:\Users\bbqch\proj\microbians\piranha\data\Piranha.Data.EF\Repositories\MediaRepository.cs:line 78
   at Piranha.Services.MediaService._getFast(IEnumerable`1 ids) in C:\Users\bbqch\proj\microbians\piranha\core\Piranha\Services\Internal\MediaService.cs:line 58
   at Piranha.Tests.Blocks.DisposeAsync() in C:\Users\bbqch\proj\microbians\piranha\test\Piranha.Tests\Blocks.cs:line 59
----- Inner Stack Trace -----
   at Raven.Client.Documents.Linq.LinqPathProvider.GetMemberValue(MemberExpression memberExpression)
   at Raven.Client.Documents.Linq.LinqPathProvider.GetValueFromExpressionWithoutConversion(Expression expression, Object& value)
   at Raven.Client.Documents.Linq.RavenQueryProviderProcessor`1.GetValueFromExpression(Expression expression, Type type)
   at Raven.Client.Documents.Linq.RavenQueryProviderProcessor`1.VisitContains(MethodCallExpression expression)
   at Raven.Client.Documents.Linq.RavenQueryProviderProcessor`1.VisitMemoryExtensionsMethodCall(MethodCallExpression expression)
   at Raven.Client.Documents.Linq.RavenQueryProviderProcessor`1.VisitMethodCall(MethodCallExpression expression)
   at Raven.Client.Documents.Linq.RavenQueryProviderProcessor`1.VisitQueryableMethodCall(MethodCallExpression expression)
   at Raven.Client.Documents.Linq.RavenQueryProviderProcessor`1.VisitMethodCall(MethodCallExpression expression)
   at Raven.Client.Documents.Linq.RavenQueryProviderProcessor`1.VisitQueryableMethodCall(MethodCallExpression expression)
   at Raven.Client.Documents.Linq.RavenQueryProviderProcessor`1.VisitMethodCall(MethodCallExpression expression)
   at Raven.Client.Documents.Linq.RavenQueryProviderProcessor`1.GetAsyncDocumentQueryFor(Expression expression, Action`1 customization)
  Failed Piranha.Tests.Blocks.ImageBlockHasTitle [184 ms]
  Error Message:
   System.NotSupportedException : Could not understand expression: from 'Medias'.Where(m => op_Implicit(value(Piranha.Repositories.MediaRepository+<>c__DisplayClass6_0).ids).Contains(m.Id)).OrderBy(m => m.Filename)
---- System.NotSupportedException : Expression type not supported: System.Linq.Expressions.TypedParameterExpression
  Stack Trace:
     at Raven.Client.Documents.Linq.RavenQueryProviderProcessor`1.GetAsyncDocumentQueryFor(Expression expression, Action`1 customization)
   at Raven.Client.Documents.Linq.RavenQueryProvider`1.ToAsyncDocumentQuery[TResult](Expression expression)
   at Raven.Client.Documents.LinqExtensions.ToArrayAsync[T](IQueryable`1 source, CancellationToken token)
   at Piranha.Repositories.MediaRepository.GetById(String[] ids) in C:\Users\bbqch\proj\microbians\piranha\data\Piranha.Data.EF\Repositories\MediaRepository.cs:line 78
   at Piranha.Services.MediaService._getFast(IEnumerable`1 ids) in C:\Users\bbqch\proj\microbians\piranha\core\Piranha\Services\Internal\MediaService.cs:line 58
   at Piranha.Tests.Blocks.DisposeAsync() in C:\Users\bbqch\proj\microbians\piranha\test\Piranha.Tests\Blocks.cs:line 59
----- Inner Stack Trace -----
   at Raven.Client.Documents.Linq.LinqPathProvider.GetMemberValue(MemberExpression memberExpression)
   at Raven.Client.Documents.Linq.LinqPathProvider.GetValueFromExpressionWithoutConversion(Expression expression, Object& value)
   at Raven.Client.Documents.Linq.RavenQueryProviderProcessor`1.GetValueFromExpression(Expression expression, Type type)
   at Raven.Client.Documents.Linq.RavenQueryProviderProcessor`1.VisitContains(MethodCallExpression expression)
   at Raven.Client.Documents.Linq.RavenQueryProviderProcessor`1.VisitMemoryExtensionsMethodCall(MethodCallExpression expression)
   at Raven.Client.Documents.Linq.RavenQueryProviderProcessor`1.VisitMethodCall(MethodCallExpression expression)
   at Raven.Client.Documents.Linq.RavenQueryProviderProcessor`1.VisitQueryableMethodCall(MethodCallExpression expression)
   at Raven.Client.Documents.Linq.RavenQueryProviderProcessor`1.VisitMethodCall(MethodCallExpression expression)
   at Raven.Client.Documents.Linq.RavenQueryProviderProcessor`1.VisitQueryableMethodCall(MethodCallExpression expression)
   at Raven.Client.Documents.Linq.RavenQueryProviderProcessor`1.VisitMethodCall(MethodCallExpression expression)
   at Raven.Client.Documents.Linq.RavenQueryProviderProcessor`1.GetAsyncDocumentQueryFor(Expression expression, Action`1 customization)
  Failed Piranha.Tests.Blocks.HtmlBlockHasLongTitle [142 ms]
  Error Message:
   System.NotSupportedException : Could not understand expression: from 'Medias'.Where(m => op_Implicit(value(Piranha.Repositories.MediaRepository+<>c__DisplayClass6_0).ids).Contains(m.Id)).OrderBy(m => m.Filename)
---- System.NotSupportedException : Expression type not supported: System.Linq.Expressions.TypedParameterExpression
  Stack Trace:
     at Raven.Client.Documents.Linq.RavenQueryProviderProcessor`1.GetAsyncDocumentQueryFor(Expression expression, Action`1 customization)
   at Raven.Client.Documents.Linq.RavenQueryProvider`1.ToAsyncDocumentQuery[TResult](Expression expression)
   at Raven.Client.Documents.LinqExtensions.ToArrayAsync[T](IQueryable`1 source, CancellationToken token)
   at Piranha.Repositories.MediaRepository.GetById(String[] ids) in C:\Users\bbqch\proj\microbians\piranha\data\Piranha.Data.EF\Repositories\MediaRepository.cs:line 78
   at Piranha.Services.MediaService._getFast(IEnumerable`1 ids) in C:\Users\bbqch\proj\microbians\piranha\core\Piranha\Services\Internal\MediaService.cs:line 58
   at Piranha.Tests.Blocks.DisposeAsync() in C:\Users\bbqch\proj\microbians\piranha\test\Piranha.Tests\Blocks.cs:line 59
----- Inner Stack Trace -----
   at Raven.Client.Documents.Linq.LinqPathProvider.GetMemberValue(MemberExpression memberExpression)
   at Raven.Client.Documents.Linq.LinqPathProvider.GetValueFromExpressionWithoutConversion(Expression expression, Object& value)
   at Raven.Client.Documents.Linq.RavenQueryProviderProcessor`1.GetValueFromExpression(Expression expression, Type type)
   at Raven.Client.Documents.Linq.RavenQueryProviderProcessor`1.VisitContains(MethodCallExpression expression)
   at Raven.Client.Documents.Linq.RavenQueryProviderProcessor`1.VisitMemoryExtensionsMethodCall(MethodCallExpression expression)
   at Raven.Client.Documents.Linq.RavenQueryProviderProcessor`1.VisitMethodCall(MethodCallExpression expression)
   at Raven.Client.Documents.Linq.RavenQueryProviderProcessor`1.VisitQueryableMethodCall(MethodCallExpression expression)
   at Raven.Client.Documents.Linq.RavenQueryProviderProcessor`1.VisitMethodCall(MethodCallExpression expression)
   at Raven.Client.Documents.Linq.RavenQueryProviderProcessor`1.VisitQueryableMethodCall(MethodCallExpression expression)
   at Raven.Client.Documents.Linq.RavenQueryProviderProcessor`1.VisitMethodCall(MethodCallExpression expression)
   at Raven.Client.Documents.Linq.RavenQueryProviderProcessor`1.GetAsyncDocumentQueryFor(Expression expression, Action`1 customization)
  Failed Piranha.Tests.Blocks.DeserializeQuoteBlock [67 ms]
  Error Message:
   System.NotSupportedException : Could not understand expression: from 'Medias'.Where(m => op_Implicit(value(Piranha.Repositories.MediaRepository+<>c__DisplayClass6_0).ids).Contains(m.Id)).OrderBy(m => m.Filename)
---- System.NotSupportedException : Expression type not supported: System.Linq.Expressions.TypedParameterExpression
  Stack Trace:
     at Raven.Client.Documents.Linq.RavenQueryProviderProcessor`1.GetAsyncDocumentQueryFor(Expression expression, Action`1 customization)
   at Raven.Client.Documents.Linq.RavenQueryProvider`1.ToAsyncDocumentQuery[TResult](Expression expression)
   at Raven.Client.Documents.LinqExtensions.ToArrayAsync[T](IQueryable`1 source, CancellationToken token)
   at Piranha.Repositories.MediaRepository.GetById(String[] ids) in C:\Users\bbqch\proj\microbians\piranha\data\Piranha.Data.EF\Repositories\MediaRepository.cs:line 78
   at Piranha.Services.MediaService._getFast(IEnumerable`1 ids) in C:\Users\bbqch\proj\microbians\piranha\core\Piranha\Services\Internal\MediaService.cs:line 58
   at Piranha.Tests.Blocks.DisposeAsync() in C:\Users\bbqch\proj\microbians\piranha\test\Piranha.Tests\Blocks.cs:line 59
----- Inner Stack Trace -----
   at Raven.Client.Documents.Linq.LinqPathProvider.GetMemberValue(MemberExpression memberExpression)
   at Raven.Client.Documents.Linq.LinqPathProvider.GetValueFromExpressionWithoutConversion(Expression expression, Object& value)
   at Raven.Client.Documents.Linq.RavenQueryProviderProcessor`1.GetValueFromExpression(Expression expression, Type type)
   at Raven.Client.Documents.Linq.RavenQueryProviderProcessor`1.VisitContains(MethodCallExpression expression)
   at Raven.Client.Documents.Linq.RavenQueryProviderProcessor`1.VisitMemoryExtensionsMethodCall(MethodCallExpression expression)
   at Raven.Client.Documents.Linq.RavenQueryProviderProcessor`1.VisitMethodCall(MethodCallExpression expression)
   at Raven.Client.Documents.Linq.RavenQueryProviderProcessor`1.VisitQueryableMethodCall(MethodCallExpression expression)
   at Raven.Client.Documents.Linq.RavenQueryProviderProcessor`1.VisitMethodCall(MethodCallExpression expression)
   at Raven.Client.Documents.Linq.RavenQueryProviderProcessor`1.VisitQueryableMethodCall(MethodCallExpression expression)
   at Raven.Client.Documents.Linq.RavenQueryProviderProcessor`1.VisitMethodCall(MethodCallExpression expression)
   at Raven.Client.Documents.Linq.RavenQueryProviderProcessor`1.GetAsyncDocumentQueryFor(Expression expression, Action`1 customization)
  Failed Piranha.Tests.Blocks.QuoteBlockHasTitle [108 ms]
  Error Message:
   System.NotSupportedException : Could not understand expression: from 'Medias'.Where(m => op_Implicit(value(Piranha.Repositories.MediaRepository+<>c__DisplayClass6_0).ids).Contains(m.Id)).OrderBy(m => m.Filename)
---- System.NotSupportedException : Expression type not supported: System.Linq.Expressions.TypedParameterExpression
  Stack Trace:
     at Raven.Client.Documents.Linq.RavenQueryProviderProcessor`1.GetAsyncDocumentQueryFor(Expression expression, Action`1 customization)
   at Raven.Client.Documents.Linq.RavenQueryProvider`1.ToAsyncDocumentQuery[TResult](Expression expression)
   at Raven.Client.Documents.LinqExtensions.ToArrayAsync[T](IQueryable`1 source, CancellationToken token)
   at Piranha.Repositories.MediaRepository.GetById(String[] ids) in C:\Users\bbqch\proj\microbians\piranha\data\Piranha.Data.EF\Repositories\MediaRepository.cs:line 78
   at Piranha.Services.MediaService._getFast(IEnumerable`1 ids) in C:\Users\bbqch\proj\microbians\piranha\core\Piranha\Services\Internal\MediaService.cs:line 58
   at Piranha.Tests.Blocks.DisposeAsync() in C:\Users\bbqch\proj\microbians\piranha\test\Piranha.Tests\Blocks.cs:line 59
----- Inner Stack Trace -----
   at Raven.Client.Documents.Linq.LinqPathProvider.GetMemberValue(MemberExpression memberExpression)
   at Raven.Client.Documents.Linq.LinqPathProvider.GetValueFromExpressionWithoutConversion(Expression expression, Object& value)
   at Raven.Client.Documents.Linq.RavenQueryProviderProcessor`1.GetValueFromExpression(Expression expression, Type type)
   at Raven.Client.Documents.Linq.RavenQueryProviderProcessor`1.VisitContains(MethodCallExpression expression)
   at Raven.Client.Documents.Linq.RavenQueryProviderProcessor`1.VisitMemoryExtensionsMethodCall(MethodCallExpression expression)
   at Raven.Client.Documents.Linq.RavenQueryProviderProcessor`1.VisitMethodCall(MethodCallExpression expression)
   at Raven.Client.Documents.Linq.RavenQueryProviderProcessor`1.VisitQueryableMethodCall(MethodCallExpression expression)
   at Raven.Client.Documents.Linq.RavenQueryProviderProcessor`1.VisitMethodCall(MethodCallExpression expression)
   at Raven.Client.Documents.Linq.RavenQueryProviderProcessor`1.VisitQueryableMethodCall(MethodCallExpression expression)
   at Raven.Client.Documents.Linq.RavenQueryProviderProcessor`1.VisitMethodCall(MethodCallExpression expression)
   at Raven.Client.Documents.Linq.RavenQueryProviderProcessor`1.GetAsyncDocumentQueryFor(Expression expression, Action`1 customization)
  Failed Piranha.Tests.Blocks.SerializeImageBlock [154 ms]
  Error Message:
   System.NotSupportedException : Could not understand expression: from 'Medias'.Where(m => op_Implicit(value(Piranha.Repositories.MediaRepository+<>c__DisplayClass6_0).ids).Contains(m.Id)).OrderBy(m => m.Filename)
---- System.NotSupportedException : Expression type not supported: System.Linq.Expressions.TypedParameterExpression
  Stack Trace:
     at Raven.Client.Documents.Linq.RavenQueryProviderProcessor`1.GetAsyncDocumentQueryFor(Expression expression, Action`1 customization)
   at Raven.Client.Documents.Linq.RavenQueryProvider`1.ToAsyncDocumentQuery[TResult](Expression expression)
   at Raven.Client.Documents.LinqExtensions.ToArrayAsync[T](IQueryable`1 source, CancellationToken token)
   at Piranha.Repositories.MediaRepository.GetById(String[] ids) in C:\Users\bbqch\proj\microbians\piranha\data\Piranha.Data.EF\Repositories\MediaRepository.cs:line 78
   at Piranha.Services.MediaService._getFast(IEnumerable`1 ids) in C:\Users\bbqch\proj\microbians\piranha\core\Piranha\Services\Internal\MediaService.cs:line 58
   at Piranha.Tests.Blocks.DisposeAsync() in C:\Users\bbqch\proj\microbians\piranha\test\Piranha.Tests\Blocks.cs:line 59
----- Inner Stack Trace -----
   at Raven.Client.Documents.Linq.LinqPathProvider.GetMemberValue(MemberExpression memberExpression)
   at Raven.Client.Documents.Linq.LinqPathProvider.GetValueFromExpressionWithoutConversion(Expression expression, Object& value)
   at Raven.Client.Documents.Linq.RavenQueryProviderProcessor`1.GetValueFromExpression(Expression expression, Type type)
   at Raven.Client.Documents.Linq.RavenQueryProviderProcessor`1.VisitContains(MethodCallExpression expression)
   at Raven.Client.Documents.Linq.RavenQueryProviderProcessor`1.VisitMemoryExtensionsMethodCall(MethodCallExpression expression)
   at Raven.Client.Documents.Linq.RavenQueryProviderProcessor`1.VisitMethodCall(MethodCallExpression expression)
   at Raven.Client.Documents.Linq.RavenQueryProviderProcessor`1.VisitQueryableMethodCall(MethodCallExpression expression)
   at Raven.Client.Documents.Linq.RavenQueryProviderProcessor`1.VisitMethodCall(MethodCallExpression expression)
   at Raven.Client.Documents.Linq.RavenQueryProviderProcessor`1.VisitQueryableMethodCall(MethodCallExpression expression)
   at Raven.Client.Documents.Linq.RavenQueryProviderProcessor`1.VisitMethodCall(MethodCallExpression expression)
   at Raven.Client.Documents.Linq.RavenQueryProviderProcessor`1.GetAsyncDocumentQueryFor(Expression expression, Action`1 customization)
  Failed Piranha.Tests.Blocks.DeserializeImageBlock [58 ms]
  Error Message:
   System.NotSupportedException : Could not understand expression: from 'Medias'.Where(m => op_Implicit(value(Piranha.Repositories.MediaRepository+<>c__DisplayClass6_0).ids).Contains(m.Id)).OrderBy(m => m.Filename)
---- System.NotSupportedException : Expression type not supported: System.Linq.Expressions.TypedParameterExpression
  Stack Trace:
     at Raven.Client.Documents.Linq.RavenQueryProviderProcessor`1.GetAsyncDocumentQueryFor(Expression expression, Action`1 customization)
   at Raven.Client.Documents.Linq.RavenQueryProvider`1.ToAsyncDocumentQuery[TResult](Expression expression)
   at Raven.Client.Documents.LinqExtensions.ToArrayAsync[T](IQueryable`1 source, CancellationToken token)
   at Piranha.Repositories.MediaRepository.GetById(String[] ids) in C:\Users\bbqch\proj\microbians\piranha\data\Piranha.Data.EF\Repositories\MediaRepository.cs:line 78
   at Piranha.Services.MediaService._getFast(IEnumerable`1 ids) in C:\Users\bbqch\proj\microbians\piranha\core\Piranha\Services\Internal\MediaService.cs:line 58
   at Piranha.Tests.Blocks.DisposeAsync() in C:\Users\bbqch\proj\microbians\piranha\test\Piranha.Tests\Blocks.cs:line 59
----- Inner Stack Trace -----
   at Raven.Client.Documents.Linq.LinqPathProvider.GetMemberValue(MemberExpression memberExpression)
   at Raven.Client.Documents.Linq.LinqPathProvider.GetValueFromExpressionWithoutConversion(Expression expression, Object& value)
   at Raven.Client.Documents.Linq.RavenQueryProviderProcessor`1.GetValueFromExpression(Expression expression, Type type)
   at Raven.Client.Documents.Linq.RavenQueryProviderProcessor`1.VisitContains(MethodCallExpression expression)
   at Raven.Client.Documents.Linq.RavenQueryProviderProcessor`1.VisitMemoryExtensionsMethodCall(MethodCallExpression expression)
   at Raven.Client.Documents.Linq.RavenQueryProviderProcessor`1.VisitMethodCall(MethodCallExpression expression)
   at Raven.Client.Documents.Linq.RavenQueryProviderProcessor`1.VisitQueryableMethodCall(MethodCallExpression expression)
   at Raven.Client.Documents.Linq.RavenQueryProviderProcessor`1.VisitMethodCall(MethodCallExpression expression)
   at Raven.Client.Documents.Linq.RavenQueryProviderProcessor`1.VisitQueryableMethodCall(MethodCallExpression expression)
   at Raven.Client.Documents.Linq.RavenQueryProviderProcessor`1.VisitMethodCall(MethodCallExpression expression)
   at Raven.Client.Documents.Linq.RavenQueryProviderProcessor`1.GetAsyncDocumentQueryFor(Expression expression, Action`1 customization)
  Failed Piranha.Tests.Repositories.PostTypeTestsMemoryCache.Add [1 ms]
  Error Message:
   Raven.Client.Exceptions.RavenException : System.TimeoutException: Waited for 00:00:15 but didn't get an index notification for 300. Last commit index is: 299. Number of errors is: 0.
Index: 253. Type: PutAutoIndexCommand. ExecutionTime: 00:00:00.0009813. Term: 1. LeaderErrorCount: 0. LeaderShipDuration: 31891. Exception: 
Index: 254. Type: DeleteDatabaseCommand. ExecutionTime: 00:00:00.0008046. Term: 1. LeaderErrorCount: 0. LeaderShipDuration: 31909. Exception: 
Index: 255. Type: PutAutoIndexCommand. ExecutionTime: 00:00:00.0009516. Term: 1. LeaderErrorCount: 0. LeaderShipDuration: 31948. Exception: 
Index: 256. Type: DeleteDatabaseCommand. ExecutionTime: 00:00:00.0011167. Term: 1. LeaderErrorCount: 0. LeaderShipDuration: 31956. Exception: 
Index: 257. Type: RemoveNodeFromDatabaseCommand. ExecutionTime: 00:00:00.0007657. Term: 1. LeaderErrorCount: 0. LeaderShipDuration: 31979. Exception: 
Index: 258. Type: RemoveNodeFromDatabaseCommand. ExecutionTime: 00:00:00.0006321. Term: 1. LeaderErrorCount: 0. LeaderShipDuration: 32012. Exception: 
Index: 259. Type: DeleteDatabaseCommand. ExecutionTime: 00:00:00.0009140. Term: 1. LeaderErrorCount: 0. LeaderShipDuration: 32014. Exception: 
Index: 260. Type: AddDatabaseCommand. ExecutionTime: 00:00:00.0010449. Term: 1. LeaderErrorCount: 0. LeaderShipDuration: 32026. Exception: 
Index: 261. Type: AddDatabaseCommand. ExecutionTime: 00:00:00.0007500. Term: 1. LeaderErrorCount: 0. LeaderShipDuration: 32026. Exception: 
Index: 262. Type: RemoveNodeFromDatabaseCommand. ExecutionTime: 00:00:00.0005651. Term: 1. LeaderErrorCount: 0. LeaderShipDuration: 32268. Exception: 
Index: 263. Type: DeleteDatabaseCommand. ExecutionTime: 00:00:00.0008430. Term: 1. LeaderErrorCount: 0. LeaderShipDuration: 32284. Exception: 
Index: 264. Type: AddDatabaseCommand. ExecutionTime: 00:00:00.0014133. Term: 1. LeaderErrorCount: 0. LeaderShipDuration: 32295. Exception: 
Index: 265. Type: RemoveNodeFromDatabaseCommand. ExecutionTime: 00:00:00.0005517. Term: 1. LeaderErrorCount: 0. LeaderShipDuration: 32332. Exception: 
Index: 266. Type: AddDatabaseCommand. ExecutionTime: 00:00:00.0014130. Term: 1. LeaderErrorCount: 0. LeaderShipDuration: 32383. Exception: 
Index: 267. Type: PutAutoIndexCommand. ExecutionTime: 00:00:00.0009604. Term: 1. LeaderErrorCount: 0. LeaderShipDuration: 32404. Exception: 
Index: 268. Type: PutAutoIndexCommand. ExecutionTime: 00:00:00.0012579. Term: 1. LeaderErrorCount: 0. LeaderShipDuration: 32418. Exception: 
Index: 269. Type: DeleteDatabaseCommand. ExecutionTime: 00:00:00.0009917. Term: 1. LeaderErrorCount: 0. LeaderShipDuration: 32449. Exception: 
Index: 270. Type: DeleteDatabaseCommand. ExecutionTime: 00:00:00.0008576. Term: 1. LeaderErrorCount: 0. LeaderShipDuration: 32505. Exception: 
Index: 271. Type: RemoveNodeFromDatabaseCommand. ExecutionTime: 00:00:00.0006512. Term: 1. LeaderErrorCount: 0. LeaderShipDuration: 32550. Exception: 
Index: 272. Type: RemoveNodeFromDatabaseCommand. ExecutionTime: 00:00:00.0005730. Term: 1. LeaderErrorCount: 0. LeaderShipDuration: 32555. Exception: 
Index: 273. Type: AddDatabaseCommand. ExecutionTime: 00:00:00.0020061. Term: 1. LeaderErrorCount: 0. LeaderShipDuration: 32569. Exception: 
Index: 274. Type: AddDatabaseCommand. ExecutionTime: 00:00:00.0015635. Term: 1. LeaderErrorCount: 0. LeaderShipDuration: 32583. Exception: 
Index: 275. Type: DeleteDatabaseCommand. ExecutionTime: 00:00:00.0008324. Term: 1. LeaderErrorCount: 0. LeaderShipDuration: 32612. Exception: 
Index: 276. Type: RemoveNodeFromDatabaseCommand. ExecutionTime: 00:00:00.0005518. Term: 1. LeaderErrorCount: 0. LeaderShipDuration: 32677. Exception: 
Index: 277. Type: AddDatabaseCommand. ExecutionTime: 00:00:00.0011812. Term: 1. LeaderErrorCount: 0. LeaderShipDuration: 32696. Exception: 
Index: 278. Type: PutAutoIndexCommand. ExecutionTime: 00:00:00.0009869. Term: 1. LeaderErrorCount: 0. LeaderShipDuration: 32741. Exception: 
Index: 279. Type: DeleteDatabaseCommand. ExecutionTime: 00:00:00.0008367. Term: 1. LeaderErrorCount: 0. LeaderShipDuration: 32801. Exception: 
Index: 280. Type: PutAutoIndexCommand. ExecutionTime: 00:00:00.0010462. Term: 1. LeaderErrorCount: 0. LeaderShipDuration: 32809. Exception: 
Index: 281. Type: DeleteDatabaseCommand. ExecutionTime: 00:00:00.0009847. Term: 1. LeaderErrorCount: 0. LeaderShipDuration: 32823. Exception: 
Index: 282. Type: RemoveNodeFromDatabaseCommand. ExecutionTime: 00:00:00.0005450. Term: 1. LeaderErrorCount: 0. LeaderShipDuration: 32887. Exception: 
Index: 283. Type: DeleteDatabaseCommand. ExecutionTime: 00:00:00.0009945. Term: 1. LeaderErrorCount: 0. LeaderShipDuration: 32928. Exception: 
Index: 284. Type: RemoveNodeFromDatabaseCommand. ExecutionTime: 00:00:00.0005897. Term: 1. LeaderErrorCount: 0. LeaderShipDuration: 32949. Exception: 
Index: 285. Type: AddDatabaseCommand. ExecutionTime: 00:00:00.0012175. Term: 1. LeaderErrorCount: 0. LeaderShipDuration: 32966. Exception: 
Index: 286. Type: RemoveNodeFromDatabaseCommand. ExecutionTime: 00:00:00.0006467. Term: 1. LeaderErrorCount: 0. LeaderShipDuration: 32974. Exception: 
Index: 287. Type: AddDatabaseCommand. ExecutionTime: 00:00:00.0013332. Term: 1. LeaderErrorCount: 0. LeaderShipDuration: 32985. Exception: 
Index: 288. Type: DeleteDatabaseCommand. ExecutionTime: 00:00:00.0008213. Term: 1. LeaderErrorCount: 0. LeaderShipDuration: 33076. Exception: 
Index: 289. Type: AddDatabaseCommand. ExecutionTime: 00:00:00.0012017. Term: 1. LeaderErrorCount: 0. LeaderShipDuration: 33079. Exception: 
Index: 290. Type: PutAutoIndexCommand. ExecutionTime: 00:00:00.0009618. Term: 1. LeaderErrorCount: 0. LeaderShipDuration: 33215. Exception: 
Index: 291. Type: RemoveNodeFromDatabaseCommand. ExecutionTime: 00:00:00.0005530. Term: 1. LeaderErrorCount: 0. LeaderShipDuration: 33233. Exception: 
Index: 292. Type: AddDatabaseCommand. ExecutionTime: 00:00:00.0011579. Term: 1. LeaderErrorCount: 0. LeaderShipDuration: 33261. Exception: 
Index: 293. Type: DeleteDatabaseCommand. ExecutionTime: 00:00:00.0010061. Term: 1. LeaderErrorCount: 0. LeaderShipDuration: 33342. Exception: 
Index: 294. Type: PutAutoIndexCommand. ExecutionTime: 00:00:00.0010399. Term: 1. LeaderErrorCount: 0. LeaderShipDuration: 33364. Exception: 
Index: 295. Type: DeleteDatabaseCommand. ExecutionTime: 00:00:00.0007679. Term: 1. LeaderErrorCount: 0. LeaderShipDuration: 33434. Exception: 
Index: 296. Type: RemoveNodeFromDatabaseCommand. ExecutionTime: 00:00:00.0005015. Term: 1. LeaderErrorCount: 0. LeaderShipDuration: 33441. Exception: 
Index: 297. Type: DeleteDatabaseCommand. ExecutionTime: 00:00:00.0007745. Term: 1. LeaderErrorCount: 0. LeaderShipDuration: 33446. Exception: 
Index: 298. Type: RemoveNodeFromDatabaseCommand. ExecutionTime: 00:00:00.0005466. Term: 1. LeaderErrorCount: 0. LeaderShipDuration: 33482. Exception: 
Index: 299. Type: RemoveNodeFromDatabaseCommand. ExecutionTime: 00:00:00.0004444. Term: 1. LeaderErrorCount: 0. LeaderShipDuration: 33485. Exception: 
Index: 300. Type: AddDatabaseCommand. ExecutionTime: 00:00:00.0011743. Term: 1. LeaderErrorCount: 0. LeaderShipDuration: 33493. Exception: 
Index: 301. Type: AddDatabaseCommand. ExecutionTime: 00:00:00.0012299. Term: 1. LeaderErrorCount: 0. LeaderShipDuration: 33514. Exception: 
Index: 302. Type: AddDatabaseCommand. ExecutionTime: 00:00:00.0008510. Term: 1. LeaderErrorCount: 0. LeaderShipDuration: 33514. Exception: 

   at Raven.Server.ServerWide.AbstractRaftIndexNotifications`1.ThrowTimeoutException(TimeSpan value, Int64 index, Int64 lastModifiedIndex, Boolean isExecution) in /_/72003/src/Raven.Server/ServerWide/AbstractRaftIndexNotifications.cs:line 132
   at Raven.Server.ServerWide.AbstractRaftIndexNotifications`1.WaitForIndexNotification(Int64 index, TimeSpan timeout) in /_/72003/src/Raven.Server/ServerWide/AbstractRaftIndexNotifications.cs:line 62
   at Raven.Server.ServerWide.ClusterStateMachine.WaitForIndexNotification(Int64 index, Nullable`1 timeout) in /_/72003/src/Raven.Server/ServerWide/ClusterStateMachine.cs:line 1551
   at Raven.Server.ServerWide.ServerStore.WaitForExecutionOnRelevantNodesAsync(JsonOperationContext context, List`1 members, Int64 index) in /_/72003/src/Raven.Server/ServerWide/ServerStore.cs:line 3529
   at Raven.Server.Web.System.AdminDatabasesHandler.CreateDatabase(String name, DatabaseRecord databaseRecord, TransactionOperationContext context, Int32 replicationFactor, Nullable`1 index, String raftRequestId) in /_/72003/src/Raven.Server/Web/System/AdminDatabasesHandler.cs:line 459
   at Raven.Server.Web.System.AdminDatabasesHandler.Put() in /_/72003/src/Raven.Server/Web/System/AdminDatabasesHandler.cs:line 295
   at Raven.Server.Routing.RequestRouter.HandlePath(RequestHandlerContext reqCtx) in /_/72003/src/Raven.Server/Routing/RequestRouter.cs:line 424
   at Raven.Server.RavenServerStartup.RequestHandler(HttpContext context) in /_/72003/src/Raven.Server/RavenServerStartup.cs:line 185
The server at /admin/databases?name=InitializeAsync_88&replicationFactor=1&raft-request-id=2f1a9699-88be-4865-9d94-704f80f6e564 responded with status code: RequestTimeout.
---- System.TimeoutException : System.TimeoutException: Waited for 00:00:15 but didn't get an index notification for 300. Last commit index is: 299. Number of errors is: 0.
Index: 253. Type: PutAutoIndexCommand. ExecutionTime: 00:00:00.0009813. Term: 1. LeaderErrorCount: 0. LeaderShipDuration: 31891. Exception: 
Index: 254. Type: DeleteDatabaseCommand. ExecutionTime: 00:00:00.0008046. Term: 1. LeaderErrorCount: 0. LeaderShipDuration: 31909. Exception: 
Index: 255. Type: PutAutoIndexCommand. ExecutionTime: 00:00:00.0009516. Term: 1. LeaderErrorCount: 0. LeaderShipDuration: 31948. Exception: 
Index: 256. Type: DeleteDatabaseCommand. ExecutionTime: 00:00:00.0011167. Term: 1. LeaderErrorCount: 0. LeaderShipDuration: 31956. Exception: 
Index: 257. Type: RemoveNodeFromDatabaseCommand. ExecutionTime: 00:00:00.0007657. Term: 1. LeaderErrorCount: 0. LeaderShipDuration: 31979. Exception: 
Index: 258. Type: RemoveNodeFromDatabaseCommand. ExecutionTime: 00:00:00.0006321. Term: 1. LeaderErrorCount: 0. LeaderShipDuration: 32012. Exception: 
Index: 259. Type: DeleteDatabaseCommand. ExecutionTime: 00:00:00.0009140. Term: 1. LeaderErrorCount: 0. LeaderShipDuration: 32014. Exception: 
Index: 260. Type: AddDatabaseCommand. ExecutionTime: 00:00:00.0010449. Term: 1. LeaderErrorCount: 0. LeaderShipDuration: 32026. Exception: 
Index: 261. Type: AddDatabaseCommand. ExecutionTime: 00:00:00.0007500. Term: 1. LeaderErrorCount: 0. LeaderShipDuration: 32026. Exception: 
Index: 262. Type: RemoveNodeFromDatabaseCommand. ExecutionTime: 00:00:00.0005651. Term: 1. LeaderErrorCount: 0. LeaderShipDuration: 32268. Exception: 
Index: 263. Type: DeleteDatabaseCommand. ExecutionTime: 00:00:00.0008430. Term: 1. LeaderErrorCount: 0. LeaderShipDuration: 32284. Exception: 
Index: 264. Type: AddDatabaseCommand. ExecutionTime: 00:00:00.0014133. Term: 1. LeaderErrorCount: 0. LeaderShipDuration: 32295. Exception: 
Index: 265. Type: RemoveNodeFromDatabaseCommand. ExecutionTime: 00:00:00.0005517. Term: 1. LeaderErrorCount: 0. LeaderShipDuration: 32332. Exception: 
Index: 266. Type: AddDatabaseCommand. ExecutionTime: 00:00:00.0014130. Term: 1. LeaderErrorCount: 0. LeaderShipDuration: 32383. Exception: 
Index: 267. Type: PutAutoIndexCommand. ExecutionTime: 00:00:00.0009604. Term: 1. LeaderErrorCount: 0. LeaderShipDuration: 32404. Exception: 
Index: 268. Type: PutAutoIndexCommand. ExecutionTime: 00:00:00.0012579. Term: 1. LeaderErrorCount: 0. LeaderShipDuration: 32418. Exception: 
Index: 269. Type: DeleteDatabaseCommand. ExecutionTime: 00:00:00.0009917. Term: 1. LeaderErrorCount: 0. LeaderShipDuration: 32449. Exception: 
Index: 270. Type: DeleteDatabaseCommand. ExecutionTime: 00:00:00.0008576. Term: 1. LeaderErrorCount: 0. LeaderShipDuration: 32505. Exception: 
Index: 271. Type: RemoveNodeFromDatabaseCommand. ExecutionTime: 00:00:00.0006512. Term: 1. LeaderErrorCount: 0. LeaderShipDuration: 32550. Exception: 
Index: 272. Type: RemoveNodeFromDatabaseCommand. ExecutionTime: 00:00:00.0005730. Term: 1. LeaderErrorCount: 0. LeaderShipDuration: 32555. Exception: 
Index: 273. Type: AddDatabaseCommand. ExecutionTime: 00:00:00.0020061. Term: 1. LeaderErrorCount: 0. LeaderShipDuration: 32569. Exception: 
Index: 274. Type: AddDatabaseCommand. ExecutionTime: 00:00:00.0015635. Term: 1. LeaderErrorCount: 0. LeaderShipDuration: 32583. Exception: 
Index: 275. Type: DeleteDatabaseCommand. ExecutionTime: 00:00:00.0008324. Term: 1. LeaderErrorCount: 0. LeaderShipDuration: 32612. Exception: 
Index: 276. Type: RemoveNodeFromDatabaseCommand. ExecutionTime: 00:00:00.0005518. Term: 1. LeaderErrorCount: 0. LeaderShipDuration: 32677. Exception: 
Index: 277. Type: AddDatabaseCommand. ExecutionTime: 00:00:00.0011812. Term: 1. LeaderErrorCount: 0. LeaderShipDuration: 32696. Exception: 
Index: 278. Type: PutAutoIndexCommand. ExecutionTime: 00:00:00.0009869. Term: 1. LeaderErrorCount: 0. LeaderShipDuration: 32741. Exception: 
Index: 279. Type: DeleteDatabaseCommand. ExecutionTime: 00:00:00.0008367. Term: 1. LeaderErrorCount: 0. LeaderShipDuration: 32801. Exception: 
Index: 280. Type: PutAutoIndexCommand. ExecutionTime: 00:00:00.0010462. Term: 1. LeaderErrorCount: 0. LeaderShipDuration: 32809. Exception: 
Index: 281. Type: DeleteDatabaseCommand. ExecutionTime: 00:00:00.0009847. Term: 1. LeaderErrorCount: 0. LeaderShipDuration: 32823. Exception: 
Index: 282. Type: RemoveNodeFromDatabaseCommand. ExecutionTime: 00:00:00.0005450. Term: 1. LeaderErrorCount: 0. LeaderShipDuration: 32887. Exception: 
Index: 283. Type: DeleteDatabaseCommand. ExecutionTime: 00:00:00.0009945. Term: 1. LeaderErrorCount: 0. LeaderShipDuration: 32928. Exception: 
Index: 284. Type: RemoveNodeFromDatabaseCommand. ExecutionTime: 00:00:00.0005897. Term: 1. LeaderErrorCount: 0. LeaderShipDuration: 32949. Exception: 
Index: 285. Type: AddDatabaseCommand. ExecutionTime: 00:00:00.0012175. Term: 1. LeaderErrorCount: 0. LeaderShipDuration: 32966. Exception: 
Index: 286. Type: RemoveNodeFromDatabaseCommand. ExecutionTime: 00:00:00.0006467. Term: 1. LeaderErrorCount: 0. LeaderShipDuration: 32974. Exception: 
Index: 287. Type: AddDatabaseCommand. ExecutionTime: 00:00:00.0013332. Term: 1. LeaderErrorCount: 0. LeaderShipDuration: 32985. Exception: 
Index: 288. Type: DeleteDatabaseCommand. ExecutionTime: 00:00:00.0008213. Term: 1. LeaderErrorCount: 0. LeaderShipDuration: 33076. Exception: 
Index: 289. Type: AddDatabaseCommand. ExecutionTime: 00:00:00.0012017. Term: 1. LeaderErrorCount: 0. LeaderShipDuration: 33079. Exception: 
Index: 290. Type: PutAutoIndexCommand. ExecutionTime: 00:00:00.0009618. Term: 1. LeaderErrorCount: 0. LeaderShipDuration: 33215. Exception: 
Index: 291. Type: RemoveNodeFromDatabaseCommand. ExecutionTime: 00:00:00.0005530. Term: 1. LeaderErrorCount: 0. LeaderShipDuration: 33233. Exception: 
Index: 292. Type: AddDatabaseCommand. ExecutionTime: 00:00:00.0011579. Term: 1. LeaderErrorCount: 0. LeaderShipDuration: 33261. Exception: 
Index: 293. Type: DeleteDatabaseCommand. ExecutionTime: 00:00:00.0010061. Term: 1. LeaderErrorCount: 0. LeaderShipDuration: 33342. Exception: 
Index: 294. Type: PutAutoIndexCommand. ExecutionTime: 00:00:00.0010399. Term: 1. LeaderErrorCount: 0. LeaderShipDuration: 33364. Exception: 
Index: 295. Type: DeleteDatabaseCommand. ExecutionTime: 00:00:00.0007679. Term: 1. LeaderErrorCount: 0. LeaderShipDuration: 33434. Exception: 
Index: 296. Type: RemoveNodeFromDatabaseCommand. ExecutionTime: 00:00:00.0005015. Term: 1. LeaderErrorCount: 0. LeaderShipDuration: 33441. Exception: 
Index: 297. Type: DeleteDatabaseCommand. ExecutionTime: 00:00:00.0007745. Term: 1. LeaderErrorCount: 0. LeaderShipDuration: 33446. Exception: 
Index: 298. Type: RemoveNodeFromDatabaseCommand. ExecutionTime: 00:00:00.0005466. Term: 1. LeaderErrorCount: 0. LeaderShipDuration: 33482. Exception: 
Index: 299. Type: RemoveNodeFromDatabaseCommand. ExecutionTime: 00:00:00.0004444. Term: 1. LeaderErrorCount: 0. LeaderShipDuration: 33485. Exception: 
Index: 300. Type: AddDatabaseCommand. ExecutionTime: 00:00:00.0011743. Term: 1. LeaderErrorCount: 0. LeaderShipDuration: 33493. Exception: 
Index: 301. Type: AddDatabaseCommand. ExecutionTime: 00:00:00.0012299. Term: 1. LeaderErrorCount: 0. LeaderShipDuration: 33514. Exception: 
Index: 302. Type: AddDatabaseCommand. ExecutionTime: 00:00:00.0008510. Term: 1. LeaderErrorCount: 0. LeaderShipDuration: 33514. Exception: 

   at Raven.Server.ServerWide.AbstractRaftIndexNotifications`1.ThrowTimeoutException(TimeSpan value, Int64 index, Int64 lastModifiedIndex, Boolean isExecution) in /_/72003/src/Raven.Server/ServerWide/AbstractRaftIndexNotifications.cs:line 132
   at Raven.Server.ServerWide.AbstractRaftIndexNotifications`1.WaitForIndexNotification(Int64 index, TimeSpan timeout) in /_/72003/src/Raven.Server/ServerWide/AbstractRaftIndexNotifications.cs:line 62
   at Raven.Server.ServerWide.ClusterStateMachine.WaitForIndexNotification(Int64 index, Nullable`1 timeout) in /_/72003/src/Raven.Server/ServerWide/ClusterStateMachine.cs:line 1551
   at Raven.Server.ServerWide.ServerStore.WaitForExecutionOnRelevantNodesAsync(JsonOperationContext context, List`1 members, Int64 index) in /_/72003/src/Raven.Server/ServerWide/ServerStore.cs:line 3529
   at Raven.Server.Web.System.AdminDatabasesHandler.CreateDatabase(String name, DatabaseRecord databaseRecord, TransactionOperationContext context, Int32 replicationFactor, Nullable`1 index, String raftRequestId) in /_/72003/src/Raven.Server/Web/System/AdminDatabasesHandler.cs:line 459
   at Raven.Server.Web.System.AdminDatabasesHandler.Put() in /_/72003/src/Raven.Server/Web/System/AdminDatabasesHandler.cs:line 295
   at Raven.Server.Routing.RequestRouter.HandlePath(RequestHandlerContext reqCtx) in /_/72003/src/Raven.Server/Routing/RequestRouter.cs:line 424
   at Raven.Server.RavenServerStartup.RequestHandler(HttpContext context) in /_/72003/src/Raven.Server/RavenServerStartup.cs:line 185
The server at /admin/databases?name=InitializeAsync_88&replicationFactor=1&raft-request-id=2f1a9699-88be-4865-9d94-704f80f6e564 responded with status code: RequestTimeout.
  Stack Trace:
     at Raven.Client.Http.RequestExecutor.ThrowFailedToContactAllNodes[TResult](RavenCommand`1 command, HttpRequestMessage request)
   at Raven.Client.Http.RequestExecutor.ExecuteAsync[TResult](ServerNode chosenNode, Nullable`1 nodeIndex, JsonOperationContext context, RavenCommand`1 command, Boolean shouldRetry, SessionInfo sessionInfo, CancellationToken token)
   at Raven.Client.Http.RequestExecutor.ExecuteAsync[TResult](ServerNode chosenNode, Nullable`1 nodeIndex, JsonOperationContext context, RavenCommand`1 command, Boolean shouldRetry, SessionInfo sessionInfo, CancellationToken token)
   at Raven.Client.ServerWide.Operations.ServerOperationExecutor.SendAsync[TResult](IServerOperation`1 operation, CancellationToken token)
   at Raven.Client.Util.AsyncHelpers.<>c__DisplayClass4_0`1.<<RunSync>b__0>d.MoveNext()
--- End of stack trace from previous location ---
   at Raven.Client.Util.AsyncHelpers.HandleException(AggregateException ex, Stopwatch sw)
   at Raven.Client.Util.AsyncHelpers.RunSync[T](Func`1 task)
   at Raven.TestDriver.RavenTestDriver.GetDocumentStore(GetDocumentStoreOptions options, String database)
   at Piranha.Tests.RavenTestBase.CreateStore(String database) in C:\Users\bbqch\proj\microbians\piranha\test\Piranha.Tests\RavenTestBase.cs:line 38
   at Piranha.Tests.BaseTestsAsync.InitializeAsync() in C:\Users\bbqch\proj\microbians\piranha\test\Piranha.Tests\BaseTestsAsync.cs:line 37
   at Piranha.Tests.Repositories.PostTypeTests.InitializeAsync() in C:\Users\bbqch\proj\microbians\piranha\test\Piranha.Tests\Services\PostTypeTests.cs:line 142
   at Piranha.Tests.Repositories.PostTypeTestsMemoryCache.InitializeAsync() in C:\Users\bbqch\proj\microbians\piranha\test\Piranha.Tests\Services\PostTypeTests.cs:line 23
----- Inner Stack Trace -----

  Failed Piranha.Tests.Blocks.PostBlockHasTitle [146 ms]
  Error Message:
   System.NotSupportedException : Could not understand expression: from 'Medias'.Where(m => op_Implicit(value(Piranha.Repositories.MediaRepository+<>c__DisplayClass6_0).ids).Contains(m.Id)).OrderBy(m => m.Filename)
---- System.NotSupportedException : Expression type not supported: System.Linq.Expressions.TypedParameterExpression
  Stack Trace:
     at Raven.Client.Documents.Linq.RavenQueryProviderProcessor`1.GetAsyncDocumentQueryFor(Expression expression, Action`1 customization)
   at Raven.Client.Documents.Linq.RavenQueryProvider`1.ToAsyncDocumentQuery[TResult](Expression expression)
   at Raven.Client.Documents.LinqExtensions.ToArrayAsync[T](IQueryable`1 source, CancellationToken token)
   at Piranha.Repositories.MediaRepository.GetById(String[] ids) in C:\Users\bbqch\proj\microbians\piranha\data\Piranha.Data.EF\Repositories\MediaRepository.cs:line 78
   at Piranha.Services.MediaService._getFast(IEnumerable`1 ids) in C:\Users\bbqch\proj\microbians\piranha\core\Piranha\Services\Internal\MediaService.cs:line 58
   at Piranha.Tests.Blocks.DisposeAsync() in C:\Users\bbqch\proj\microbians\piranha\test\Piranha.Tests\Blocks.cs:line 59
----- Inner Stack Trace -----
   at Raven.Client.Documents.Linq.LinqPathProvider.GetMemberValue(MemberExpression memberExpression)
   at Raven.Client.Documents.Linq.LinqPathProvider.GetValueFromExpressionWithoutConversion(Expression expression, Object& value)
   at Raven.Client.Documents.Linq.RavenQueryProviderProcessor`1.GetValueFromExpression(Expression expression, Type type)
   at Raven.Client.Documents.Linq.RavenQueryProviderProcessor`1.VisitContains(MethodCallExpression expression)
   at Raven.Client.Documents.Linq.RavenQueryProviderProcessor`1.VisitMemoryExtensionsMethodCall(MethodCallExpression expression)
   at Raven.Client.Documents.Linq.RavenQueryProviderProcessor`1.VisitMethodCall(MethodCallExpression expression)
   at Raven.Client.Documents.Linq.RavenQueryProviderProcessor`1.VisitQueryableMethodCall(MethodCallExpression expression)
   at Raven.Client.Documents.Linq.RavenQueryProviderProcessor`1.VisitMethodCall(MethodCallExpression expression)
   at Raven.Client.Documents.Linq.RavenQueryProviderProcessor`1.VisitQueryableMethodCall(MethodCallExpression expression)
   at Raven.Client.Documents.Linq.RavenQueryProviderProcessor`1.VisitMethodCall(MethodCallExpression expression)
   at Raven.Client.Documents.Linq.RavenQueryProviderProcessor`1.GetAsyncDocumentQueryFor(Expression expression, Action`1 customization)
  Failed Piranha.Tests.Blocks.TextBlockHasTitle [121 ms]
  Error Message:
   System.NotSupportedException : Could not understand expression: from 'Medias'.Where(m => op_Implicit(value(Piranha.Repositories.MediaRepository+<>c__DisplayClass6_0).ids).Contains(m.Id)).OrderBy(m => m.Filename)
---- System.NotSupportedException : Expression type not supported: System.Linq.Expressions.TypedParameterExpression
  Stack Trace:
     at Raven.Client.Documents.Linq.RavenQueryProviderProcessor`1.GetAsyncDocumentQueryFor(Expression expression, Action`1 customization)
   at Raven.Client.Documents.Linq.RavenQueryProvider`1.ToAsyncDocumentQuery[TResult](Expression expression)
   at Raven.Client.Documents.LinqExtensions.ToArrayAsync[T](IQueryable`1 source, CancellationToken token)
   at Piranha.Repositories.MediaRepository.GetById(String[] ids) in C:\Users\bbqch\proj\microbians\piranha\data\Piranha.Data.EF\Repositories\MediaRepository.cs:line 78
   at Piranha.Services.MediaService._getFast(IEnumerable`1 ids) in C:\Users\bbqch\proj\microbians\piranha\core\Piranha\Services\Internal\MediaService.cs:line 58
   at Piranha.Tests.Blocks.DisposeAsync() in C:\Users\bbqch\proj\microbians\piranha\test\Piranha.Tests\Blocks.cs:line 59
----- Inner Stack Trace -----
   at Raven.Client.Documents.Linq.LinqPathProvider.GetMemberValue(MemberExpression memberExpression)
   at Raven.Client.Documents.Linq.LinqPathProvider.GetValueFromExpressionWithoutConversion(Expression expression, Object& value)
   at Raven.Client.Documents.Linq.RavenQueryProviderProcessor`1.GetValueFromExpression(Expression expression, Type type)
   at Raven.Client.Documents.Linq.RavenQueryProviderProcessor`1.VisitContains(MethodCallExpression expression)
   at Raven.Client.Documents.Linq.RavenQueryProviderProcessor`1.VisitMemoryExtensionsMethodCall(MethodCallExpression expression)
   at Raven.Client.Documents.Linq.RavenQueryProviderProcessor`1.VisitMethodCall(MethodCallExpression expression)
   at Raven.Client.Documents.Linq.RavenQueryProviderProcessor`1.VisitQueryableMethodCall(MethodCallExpression expression)
   at Raven.Client.Documents.Linq.RavenQueryProviderProcessor`1.VisitMethodCall(MethodCallExpression expression)
   at Raven.Client.Documents.Linq.RavenQueryProviderProcessor`1.VisitQueryableMethodCall(MethodCallExpression expression)
   at Raven.Client.Documents.Linq.RavenQueryProviderProcessor`1.VisitMethodCall(MethodCallExpression expression)
   at Raven.Client.Documents.Linq.RavenQueryProviderProcessor`1.GetAsyncDocumentQueryFor(Expression expression, Action`1 customization)
  Failed Piranha.Tests.Blocks.QuoteBlockNoTitle [83 ms]
  Error Message:
   System.NotSupportedException : Could not understand expression: from 'Medias'.Where(m => op_Implicit(value(Piranha.Repositories.MediaRepository+<>c__DisplayClass6_0).ids).Contains(m.Id)).OrderBy(m => m.Filename)
---- System.NotSupportedException : Expression type not supported: System.Linq.Expressions.TypedParameterExpression
  Stack Trace:
     at Raven.Client.Documents.Linq.RavenQueryProviderProcessor`1.GetAsyncDocumentQueryFor(Expression expression, Action`1 customization)
   at Raven.Client.Documents.Linq.RavenQueryProvider`1.ToAsyncDocumentQuery[TResult](Expression expression)
   at Raven.Client.Documents.LinqExtensions.ToArrayAsync[T](IQueryable`1 source, CancellationToken token)
   at Piranha.Repositories.MediaRepository.GetById(String[] ids) in C:\Users\bbqch\proj\microbians\piranha\data\Piranha.Data.EF\Repositories\MediaRepository.cs:line 78
   at Piranha.Services.MediaService._getFast(IEnumerable`1 ids) in C:\Users\bbqch\proj\microbians\piranha\core\Piranha\Services\Internal\MediaService.cs:line 58
   at Piranha.Tests.Blocks.DisposeAsync() in C:\Users\bbqch\proj\microbians\piranha\test\Piranha.Tests\Blocks.cs:line 59
----- Inner Stack Trace -----
   at Raven.Client.Documents.Linq.LinqPathProvider.GetMemberValue(MemberExpression memberExpression)
   at Raven.Client.Documents.Linq.LinqPathProvider.GetValueFromExpressionWithoutConversion(Expression expression, Object& value)
   at Raven.Client.Documents.Linq.RavenQueryProviderProcessor`1.GetValueFromExpression(Expression expression, Type type)
   at Raven.Client.Documents.Linq.RavenQueryProviderProcessor`1.VisitContains(MethodCallExpression expression)
   at Raven.Client.Documents.Linq.RavenQueryProviderProcessor`1.VisitMemoryExtensionsMethodCall(MethodCallExpression expression)
   at Raven.Client.Documents.Linq.RavenQueryProviderProcessor`1.VisitMethodCall(MethodCallExpression expression)
   at Raven.Client.Documents.Linq.RavenQueryProviderProcessor`1.VisitQueryableMethodCall(MethodCallExpression expression)
   at Raven.Client.Documents.Linq.RavenQueryProviderProcessor`1.VisitMethodCall(MethodCallExpression expression)
   at Raven.Client.Documents.Linq.RavenQueryProviderProcessor`1.VisitQueryableMethodCall(MethodCallExpression expression)
   at Raven.Client.Documents.Linq.RavenQueryProviderProcessor`1.VisitMethodCall(MethodCallExpression expression)
   at Raven.Client.Documents.Linq.RavenQueryProviderProcessor`1.GetAsyncDocumentQueryFor(Expression expression, Action`1 customization)
  Failed Piranha.Tests.Blocks.DeserializeHtmlBlock [96 ms]
  Error Message:
   System.NotSupportedException : Could not understand expression: from 'Medias'.Where(m => op_Implicit(value(Piranha.Repositories.MediaRepository+<>c__DisplayClass6_0).ids).Contains(m.Id)).OrderBy(m => m.Filename)
---- System.NotSupportedException : Expression type not supported: System.Linq.Expressions.TypedParameterExpression
  Stack Trace:
     at Raven.Client.Documents.Linq.RavenQueryProviderProcessor`1.GetAsyncDocumentQueryFor(Expression expression, Action`1 customization)
   at Raven.Client.Documents.Linq.RavenQueryProvider`1.ToAsyncDocumentQuery[TResult](Expression expression)
   at Raven.Client.Documents.LinqExtensions.ToArrayAsync[T](IQueryable`1 source, CancellationToken token)
   at Piranha.Repositories.MediaRepository.GetById(String[] ids) in C:\Users\bbqch\proj\microbians\piranha\data\Piranha.Data.EF\Repositories\MediaRepository.cs:line 78
   at Piranha.Services.MediaService._getFast(IEnumerable`1 ids) in C:\Users\bbqch\proj\microbians\piranha\core\Piranha\Services\Internal\MediaService.cs:line 58
   at Piranha.Tests.Blocks.DisposeAsync() in C:\Users\bbqch\proj\microbians\piranha\test\Piranha.Tests\Blocks.cs:line 59
----- Inner Stack Trace -----
   at Raven.Client.Documents.Linq.LinqPathProvider.GetMemberValue(MemberExpression memberExpression)
   at Raven.Client.Documents.Linq.LinqPathProvider.GetValueFromExpressionWithoutConversion(Expression expression, Object& value)
   at Raven.Client.Documents.Linq.RavenQueryProviderProcessor`1.GetValueFromExpression(Expression expression, Type type)
   at Raven.Client.Documents.Linq.RavenQueryProviderProcessor`1.VisitContains(MethodCallExpression expression)
   at Raven.Client.Documents.Linq.RavenQueryProviderProcessor`1.VisitMemoryExtensionsMethodCall(MethodCallExpression expression)
   at Raven.Client.Documents.Linq.RavenQueryProviderProcessor`1.VisitMethodCall(MethodCallExpression expression)
   at Raven.Client.Documents.Linq.RavenQueryProviderProcessor`1.VisitQueryableMethodCall(MethodCallExpression expression)
   at Raven.Client.Documents.Linq.RavenQueryProviderProcessor`1.VisitMethodCall(MethodCallExpression expression)
   at Raven.Client.Documents.Linq.RavenQueryProviderProcessor`1.VisitQueryableMethodCall(MethodCallExpression expression)
   at Raven.Client.Documents.Linq.RavenQueryProviderProcessor`1.VisitMethodCall(MethodCallExpression expression)
   at Raven.Client.Documents.Linq.RavenQueryProviderProcessor`1.GetAsyncDocumentQueryFor(Expression expression, Action`1 customization)
  Failed Piranha.Tests.Blocks.SerializeHtmlBlock [178 ms]
  Error Message:
   System.NotSupportedException : Could not understand expression: from 'Medias'.Where(m => op_Implicit(value(Piranha.Repositories.MediaRepository+<>c__DisplayClass6_0).ids).Contains(m.Id)).OrderBy(m => m.Filename)
---- System.NotSupportedException : Expression type not supported: System.Linq.Expressions.TypedParameterExpression
  Stack Trace:
     at Raven.Client.Documents.Linq.RavenQueryProviderProcessor`1.GetAsyncDocumentQueryFor(Expression expression, Action`1 customization)
   at Raven.Client.Documents.Linq.RavenQueryProvider`1.ToAsyncDocumentQuery[TResult](Expression expression)
   at Raven.Client.Documents.LinqExtensions.ToArrayAsync[T](IQueryable`1 source, CancellationToken token)
   at Piranha.Repositories.MediaRepository.GetById(String[] ids) in C:\Users\bbqch\proj\microbians\piranha\data\Piranha.Data.EF\Repositories\MediaRepository.cs:line 78
   at Piranha.Services.MediaService._getFast(IEnumerable`1 ids) in C:\Users\bbqch\proj\microbians\piranha\core\Piranha\Services\Internal\MediaService.cs:line 58
   at Piranha.Tests.Blocks.DisposeAsync() in C:\Users\bbqch\proj\microbians\piranha\test\Piranha.Tests\Blocks.cs:line 59
----- Inner Stack Trace -----
   at Raven.Client.Documents.Linq.LinqPathProvider.GetMemberValue(MemberExpression memberExpression)
   at Raven.Client.Documents.Linq.LinqPathProvider.GetValueFromExpressionWithoutConversion(Expression expression, Object& value)
   at Raven.Client.Documents.Linq.RavenQueryProviderProcessor`1.GetValueFromExpression(Expression expression, Type type)
   at Raven.Client.Documents.Linq.RavenQueryProviderProcessor`1.VisitContains(MethodCallExpression expression)
   at Raven.Client.Documents.Linq.RavenQueryProviderProcessor`1.VisitMemoryExtensionsMethodCall(MethodCallExpression expression)
   at Raven.Client.Documents.Linq.RavenQueryProviderProcessor`1.VisitMethodCall(MethodCallExpression expression)
   at Raven.Client.Documents.Linq.RavenQueryProviderProcessor`1.VisitQueryableMethodCall(MethodCallExpression expression)
   at Raven.Client.Documents.Linq.RavenQueryProviderProcessor`1.VisitMethodCall(MethodCallExpression expression)
   at Raven.Client.Documents.Linq.RavenQueryProviderProcessor`1.VisitQueryableMethodCall(MethodCallExpression expression)
   at Raven.Client.Documents.Linq.RavenQueryProviderProcessor`1.VisitMethodCall(MethodCallExpression expression)
   at Raven.Client.Documents.Linq.RavenQueryProviderProcessor`1.GetAsyncDocumentQueryFor(Expression expression, Action`1 customization)
  Failed Piranha.Tests.Blocks.PageBlockNoTitle [115 ms]
  Error Message:
   System.NotSupportedException : Could not understand expression: from 'Medias'.Where(m => op_Implicit(value(Piranha.Repositories.MediaRepository+<>c__DisplayClass6_0).ids).Contains(m.Id)).OrderBy(m => m.Filename)
---- System.NotSupportedException : Expression type not supported: System.Linq.Expressions.TypedParameterExpression
  Stack Trace:
     at Raven.Client.Documents.Linq.RavenQueryProviderProcessor`1.GetAsyncDocumentQueryFor(Expression expression, Action`1 customization)
   at Raven.Client.Documents.Linq.RavenQueryProvider`1.ToAsyncDocumentQuery[TResult](Expression expression)
   at Raven.Client.Documents.LinqExtensions.ToArrayAsync[T](IQueryable`1 source, CancellationToken token)
   at Piranha.Repositories.MediaRepository.GetById(String[] ids) in C:\Users\bbqch\proj\microbians\piranha\data\Piranha.Data.EF\Repositories\MediaRepository.cs:line 78
   at Piranha.Services.MediaService._getFast(IEnumerable`1 ids) in C:\Users\bbqch\proj\microbians\piranha\core\Piranha\Services\Internal\MediaService.cs:line 58
   at Piranha.Tests.Blocks.DisposeAsync() in C:\Users\bbqch\proj\microbians\piranha\test\Piranha.Tests\Blocks.cs:line 59
----- Inner Stack Trace -----
   at Raven.Client.Documents.Linq.LinqPathProvider.GetMemberValue(MemberExpression memberExpression)
   at Raven.Client.Documents.Linq.LinqPathProvider.GetValueFromExpressionWithoutConversion(Expression expression, Object& value)
   at Raven.Client.Documents.Linq.RavenQueryProviderProcessor`1.GetValueFromExpression(Expression expression, Type type)
   at Raven.Client.Documents.Linq.RavenQueryProviderProcessor`1.VisitContains(MethodCallExpression expression)
   at Raven.Client.Documents.Linq.RavenQueryProviderProcessor`1.VisitMemoryExtensionsMethodCall(MethodCallExpression expression)
   at Raven.Client.Documents.Linq.RavenQueryProviderProcessor`1.VisitMethodCall(MethodCallExpression expression)
   at Raven.Client.Documents.Linq.RavenQueryProviderProcessor`1.VisitQueryableMethodCall(MethodCallExpression expression)
   at Raven.Client.Documents.Linq.RavenQueryProviderProcessor`1.VisitMethodCall(MethodCallExpression expression)
   at Raven.Client.Documents.Linq.RavenQueryProviderProcessor`1.VisitQueryableMethodCall(MethodCallExpression expression)
   at Raven.Client.Documents.Linq.RavenQueryProviderProcessor`1.VisitMethodCall(MethodCallExpression expression)
   at Raven.Client.Documents.Linq.RavenQueryProviderProcessor`1.GetAsyncDocumentQueryFor(Expression expression, Action`1 customization)
  Failed Piranha.Tests.Blocks.AudioBlockHasTitle [310 ms]
  Error Message:
   System.NotSupportedException : Could not understand expression: from 'Medias'.Where(m => op_Implicit(value(Piranha.Repositories.MediaRepository+<>c__DisplayClass6_0).ids).Contains(m.Id)).OrderBy(m => m.Filename)
---- System.NotSupportedException : Expression type not supported: System.Linq.Expressions.TypedParameterExpression
  Stack Trace:
     at Raven.Client.Documents.Linq.RavenQueryProviderProcessor`1.GetAsyncDocumentQueryFor(Expression expression, Action`1 customization)
   at Raven.Client.Documents.Linq.RavenQueryProvider`1.ToAsyncDocumentQuery[TResult](Expression expression)
   at Raven.Client.Documents.LinqExtensions.ToArrayAsync[T](IQueryable`1 source, CancellationToken token)
   at Piranha.Repositories.MediaRepository.GetById(String[] ids) in C:\Users\bbqch\proj\microbians\piranha\data\Piranha.Data.EF\Repositories\MediaRepository.cs:line 78
   at Piranha.Services.MediaService._getFast(IEnumerable`1 ids) in C:\Users\bbqch\proj\microbians\piranha\core\Piranha\Services\Internal\MediaService.cs:line 58
   at Piranha.Tests.Blocks.DisposeAsync() in C:\Users\bbqch\proj\microbians\piranha\test\Piranha.Tests\Blocks.cs:line 59
----- Inner Stack Trace -----
   at Raven.Client.Documents.Linq.LinqPathProvider.GetMemberValue(MemberExpression memberExpression)
   at Raven.Client.Documents.Linq.LinqPathProvider.GetValueFromExpressionWithoutConversion(Expression expression, Object& value)
   at Raven.Client.Documents.Linq.RavenQueryProviderProcessor`1.GetValueFromExpression(Expression expression, Type type)
   at Raven.Client.Documents.Linq.RavenQueryProviderProcessor`1.VisitContains(MethodCallExpression expression)
   at Raven.Client.Documents.Linq.RavenQueryProviderProcessor`1.VisitMemoryExtensionsMethodCall(MethodCallExpression expression)
   at Raven.Client.Documents.Linq.RavenQueryProviderProcessor`1.VisitMethodCall(MethodCallExpression expression)
   at Raven.Client.Documents.Linq.RavenQueryProviderProcessor`1.VisitQueryableMethodCall(MethodCallExpression expression)
   at Raven.Client.Documents.Linq.RavenQueryProviderProcessor`1.VisitMethodCall(MethodCallExpression expression)
   at Raven.Client.Documents.Linq.RavenQueryProviderProcessor`1.VisitQueryableMethodCall(MethodCallExpression expression)
   at Raven.Client.Documents.Linq.RavenQueryProviderProcessor`1.VisitMethodCall(MethodCallExpression expression)
   at Raven.Client.Documents.Linq.RavenQueryProviderProcessor`1.GetAsyncDocumentQueryFor(Expression expression, Action`1 customization)
  Failed Aero.Identity.Tests.RavenUserStoreTests.CanSetPhoneNumber [46 s]
  Error Message:
   Raven.Client.Exceptions.RavenException : System.TimeoutException: Waited for 00:00:15 but didn't get an index notification for 201. Last commit index is: 200. Number of errors is: 0.
Index: 156. Type: PutAutoIndexCommand. ExecutionTime: 00:00:00.0011372. Term: 1. LeaderErrorCount: 0. LeaderShipDuration: 53101. Exception: 
Index: 157. Type: DeleteDatabaseCommand. ExecutionTime: 00:00:00.0016780. Term: 1. LeaderErrorCount: 0. LeaderShipDuration: 53136. Exception: 
Index: 158. Type: RemoveNodeFromDatabaseCommand. ExecutionTime: 00:00:00.0007881. Term: 1. LeaderErrorCount: 0. LeaderShipDuration: 53190. Exception: 
Index: 159. Type: DeleteDatabaseCommand. ExecutionTime: 00:00:00.0013204. Term: 1. LeaderErrorCount: 0. LeaderShipDuration: 53202. Exception: 
Index: 160. Type: RemoveNodeFromDatabaseCommand. ExecutionTime: 00:00:00.0006579. Term: 1. LeaderErrorCount: 0. LeaderShipDuration: 53430. Exception: 
Index: 161. Type: AddDatabaseCommand. ExecutionTime: 00:00:00.0012578. Term: 1. LeaderErrorCount: 0. LeaderShipDuration: 53453. Exception: 
Index: 162. Type: DeleteDatabaseCommand. ExecutionTime: 00:00:00.0012372. Term: 1. LeaderErrorCount: 0. LeaderShipDuration: 53581. Exception: 
Index: 163. Type: RemoveNodeFromDatabaseCommand. ExecutionTime: 00:00:00.0005206. Term: 1. LeaderErrorCount: 0. LeaderShipDuration: 53662. Exception: 
Index: 164. Type: AddDatabaseCommand. ExecutionTime: 00:00:00.0016491. Term: 1. LeaderErrorCount: 0. LeaderShipDuration: 53687. Exception: 
Index: 165. Type: DeleteDatabaseCommand. ExecutionTime: 00:00:00.0009249. Term: 1. LeaderErrorCount: 0. LeaderShipDuration: 53811. Exception: 
Index: 166. Type: RemoveNodeFromDatabaseCommand. ExecutionTime: 00:00:00.0006232. Term: 1. LeaderErrorCount: 0. LeaderShipDuration: 53851. Exception: 
Index: 167. Type: AddDatabaseCommand. ExecutionTime: 00:00:00.0012253. Term: 1. LeaderErrorCount: 0. LeaderShipDuration: 53878. Exception: 
Index: 168. Type: DeleteDatabaseCommand. ExecutionTime: 00:00:00.0008575. Term: 1. LeaderErrorCount: 0. LeaderShipDuration: 54273. Exception: 
Index: 169. Type: RemoveNodeFromDatabaseCommand. ExecutionTime: 00:00:00.0006451. Term: 1. LeaderErrorCount: 0. LeaderShipDuration: 54327. Exception: 
Index: 170. Type: AddDatabaseCommand. ExecutionTime: 00:00:00.0015937. Term: 1. LeaderErrorCount: 0. LeaderShipDuration: 54359. Exception: 
Index: 171. Type: PutAutoIndexCommand. ExecutionTime: 00:00:00.0012023. Term: 1. LeaderErrorCount: 0. LeaderShipDuration: 54530. Exception: 
Index: 172. Type: DeleteDatabaseCommand. ExecutionTime: 00:00:00.0011078. Term: 1. LeaderErrorCount: 0. LeaderShipDuration: 54593. Exception: 
Index: 173. Type: RemoveNodeFromDatabaseCommand. ExecutionTime: 00:00:00.0006514. Term: 1. LeaderErrorCount: 0. LeaderShipDuration: 54629. Exception: 
Index: 174. Type: AddDatabaseCommand. ExecutionTime: 00:00:00.0012430. Term: 1. LeaderErrorCount: 0. LeaderShipDuration: 54645. Exception: 
Index: 175. Type: DeleteDatabaseCommand. ExecutionTime: 00:00:00.0012952. Term: 1. LeaderErrorCount: 0. LeaderShipDuration: 54733. Exception: 
Index: 176. Type: RemoveNodeFromDatabaseCommand. ExecutionTime: 00:00:00.0006057. Term: 1. LeaderErrorCount: 0. LeaderShipDuration: 54754. Exception: 
Index: 177. Type: AddDatabaseCommand. ExecutionTime: 00:00:00.0013221. Term: 1. LeaderErrorCount: 0. LeaderShipDuration: 54770. Exception: 
Index: 178. Type: DeleteDatabaseCommand. ExecutionTime: 00:00:00.0008978. Term: 1. LeaderErrorCount: 0. LeaderShipDuration: 55017. Exception: 
Index: 179. Type: RemoveNodeFromDatabaseCommand. ExecutionTime: 00:00:00.0005666. Term: 1. LeaderErrorCount: 0. LeaderShipDuration: 55055. Exception: 
Index: 180. Type: AddDatabaseCommand. ExecutionTime: 00:00:00.0012667. Term: 1. LeaderErrorCount: 0. LeaderShipDuration: 55074. Exception: 
Index: 181. Type: DeleteDatabaseCommand. ExecutionTime: 00:00:00.0009205. Term: 1. LeaderErrorCount: 0. LeaderShipDuration: 55149. Exception: 
Index: 182. Type: RemoveNodeFromDatabaseCommand. ExecutionTime: 00:00:00.0006103. Term: 1. LeaderErrorCount: 0. LeaderShipDuration: 55183. Exception: 
Index: 183. Type: AddDatabaseCommand. ExecutionTime: 00:00:00.0013188. Term: 1. LeaderErrorCount: 0. LeaderShipDuration: 55204. Exception: 
Index: 184. Type: DeleteDatabaseCommand. ExecutionTime: 00:00:00.0009297. Term: 1. LeaderErrorCount: 0. LeaderShipDuration: 55393. Exception: 
Index: 185. Type: RemoveNodeFromDatabaseCommand. ExecutionTime: 00:00:00.0006730. Term: 1. LeaderErrorCount: 0. LeaderShipDuration: 55428. Exception: 
Index: 186. Type: AddDatabaseCommand. ExecutionTime: 00:00:00.0013756. Term: 1. LeaderErrorCount: 0. LeaderShipDuration: 55444. Exception: 
Index: 187. Type: DeleteDatabaseCommand. ExecutionTime: 00:00:00.0010006. Term: 1. LeaderErrorCount: 0. LeaderShipDuration: 55543. Exception: 
Index: 188. Type: RemoveNodeFromDatabaseCommand. ExecutionTime: 00:00:00.0005000. Term: 1. LeaderErrorCount: 0. LeaderShipDuration: 55573. Exception: 
Index: 189. Type: AddDatabaseCommand. ExecutionTime: 00:00:00.0013062. Term: 1. LeaderErrorCount: 0. LeaderShipDuration: 55595. Exception: 
Index: 190. Type: DeleteDatabaseCommand. ExecutionTime: 00:00:00.0008826. Term: 1. LeaderErrorCount: 0. LeaderShipDuration: 55747. Exception: 
Index: 191. Type: RemoveNodeFromDatabaseCommand. ExecutionTime: 00:00:00.0005553. Term: 1. LeaderErrorCount: 0. LeaderShipDuration: 55885. Exception: 
Index: 192. Type: AddDatabaseCommand. ExecutionTime: 00:00:00.0012625. Term: 1. LeaderErrorCount: 0. LeaderShipDuration: 55904. Exception: 
Index: 193. Type: DeleteDatabaseCommand. ExecutionTime: 00:00:00.0009144. Term: 1. LeaderErrorCount: 0. LeaderShipDuration: 55982. Exception: 
Index: 194. Type: RemoveNodeFromDatabaseCommand. ExecutionTime: 00:00:00.0005237. Term: 1. LeaderErrorCount: 0. LeaderShipDuration: 56009. Exception: 
Index: 195. Type: AddDatabaseCommand. ExecutionTime: 00:00:00.0017578. Term: 1. LeaderErrorCount: 0. LeaderShipDuration: 56024. Exception: 
Index: 196. Type: Error. ExecutionTime: 00:00:00. Term: 1. LeaderErrorCount: 0. LeaderShipDuration: 73351. Exception: Raven.Client.Exceptions.Database.DatabaseDoesNotExistException: Database 'UserManager_CanHandleRoles_45' does not exist. Could not execute update command of type 'DeleteIndexCommand'.
   at Raven.Server.ServerWide.ClusterStateMachine.UpdateDatabase(ClusterOperationContext context, String type, BlittableJsonReaderObject cmd, Int64 index, ServerStore serverStore) in /_/72003/src/Raven.Server/ServerWide/ClusterStateMachine.cs:line 2724
   at Raven.Server.ServerWide.ClusterStateMachine.Apply(ClusterOperationContext context, BlittableJsonReaderObject cmd, Int64 index, Leader leader, ServerStore serverStore) in /_/72003/src/Raven.Server/ServerWide/ClusterStateMachine.cs:line 507
--- End of stack trace from previous location ---
   at Raven.Server.Rachis.Leader.RachisMergedCommand.WaitForCommit() in /_/72003/src/Raven.Server/Rachis/Commands/Leader.RachisMergedCommand.cs:line 70
   at Raven.Server.Rachis.Leader.RachisMergedCommand.Result() in /_/72003/src/Raven.Server/Rachis/Commands/Leader.RachisMergedCommand.cs:line 53
   at Raven.Server.Rachis.Leader.PutAsync(CommandBase command, TimeSpan timeout) in /_/72003/src/Raven.Server/Rachis/Leader.cs:line 675
   at Raven.Server.Rachis.RachisConsensus.SendToLeaderAsync(CommandBase cmd, CancellationToken token) in /_/72003/src/Raven.Server/Rachis/RachisConsensus.cs:line 977
   at Raven.Server.ServerWide.ServerStore.SendToLeaderAsync(CommandBase cmd, Nullable`1 token) in /_/72003/src/Raven.Server/ServerWide/ServerStore.cs:line 3490
   at Raven.Server.Documents.Indexes.AbstractIndexDeleteController.DeleteIndexAsync(String name, String raftRequestId) in /_/72003/src/Raven.Server/Documents/Indexes/AbstractIndexDeleteController.cs:line 65
Index: 196. Type: DeleteIndexCommand. ExecutionTime: 00:00:00.0003530. Term: 1. LeaderErrorCount: 0. LeaderShipDuration: 73351. Exception: 
Index: 197. Type: Error. ExecutionTime: 00:00:00. Term: 1. LeaderErrorCount: 0. LeaderShipDuration: 73351. Exception: Raven.Client.Exceptions.Database.DatabaseDoesNotExistException: Database 'UserManager_CanHandleRoles_45' does not exist. Could not execute update command of type 'DeleteIndexCommand'.
   at Raven.Server.ServerWide.ClusterStateMachine.UpdateDatabase(ClusterOperationContext context, String type, BlittableJsonReaderObject cmd, Int64 index, ServerStore serverStore) in /_/72003/src/Raven.Server/ServerWide/ClusterStateMachine.cs:line 2724
   at Raven.Server.ServerWide.ClusterStateMachine.Apply(ClusterOperationContext context, BlittableJsonReaderObject cmd, Int64 index, Leader leader, ServerStore serverStore) in /_/72003/src/Raven.Server/ServerWide/ClusterStateMachine.cs:line 507
--- End of stack trace from previous location ---
   at Raven.Server.Rachis.Leader.RachisMergedCommand.WaitForCommit() in /_/72003/src/Raven.Server/Rachis/Commands/Leader.RachisMergedCommand.cs:line 70
   at Raven.Server.Rachis.Leader.RachisMergedCommand.Result() in /_/72003/src/Raven.Server/Rachis/Commands/Leader.RachisMergedCommand.cs:line 53
   at Raven.Server.Rachis.Leader.PutAsync(CommandBase command, TimeSpan timeout) in /_/72003/src/Raven.Server/Rachis/Leader.cs:line 675
   at Raven.Server.Rachis.RachisConsensus.SendToLeaderAsync(CommandBase cmd, CancellationToken token) in /_/72003/src/Raven.Server/Rachis/RachisConsensus.cs:line 977
   at Raven.Server.ServerWide.ServerStore.SendToLeaderAsync(CommandBase cmd, Nullable`1 token) in /_/72003/src/Raven.Server/ServerWide/ServerStore.cs:line 3490
   at Raven.Server.Documents.Indexes.AbstractIndexDeleteController.DeleteIndexAsync(String name, String raftRequestId) in /_/72003/src/Raven.Server/Documents/Indexes/AbstractIndexDeleteController.cs:line 65
Index: 197. Type: DeleteIndexCommand. ExecutionTime: 00:00:00.0001295. Term: 1. LeaderErrorCount: 0. LeaderShipDuration: 73351. Exception: 
Index: 198. Type: Error. ExecutionTime: 00:00:00. Term: 1. LeaderErrorCount: 0. LeaderShipDuration: 73351. Exception: Raven.Client.Exceptions.Database.DatabaseDoesNotExistException: Database 'UserManager_ScaleAndSearchTest_32' does not exist. Could not execute update command of type 'DeleteIndexCommand'.
   at Raven.Server.ServerWide.ClusterStateMachine.UpdateDatabase(ClusterOperationContext context, String type, BlittableJsonReaderObject cmd, Int64 index, ServerStore serverStore) in /_/72003/src/Raven.Server/ServerWide/ClusterStateMachine.cs:line 2724
   at Raven.Server.ServerWide.ClusterStateMachine.Apply(ClusterOperationContext context, BlittableJsonReaderObject cmd, Int64 index, Leader leader, ServerStore serverStore) in /_/72003/src/Raven.Server/ServerWide/ClusterStateMachine.cs:line 507
--- End of stack trace from previous location ---
   at Raven.Server.Rachis.Leader.RachisMergedCommand.WaitForCommit() in /_/72003/src/Raven.Server/Rachis/Commands/Leader.RachisMergedCommand.cs:line 70
   at Raven.Server.Rachis.Leader.RachisMergedCommand.Result() in /_/72003/src/Raven.Server/Rachis/Commands/Leader.RachisMergedCommand.cs:line 53
   at Raven.Server.Rachis.Leader.PutAsync(CommandBase command, TimeSpan timeout) in /_/72003/src/Raven.Server/Rachis/Leader.cs:line 675
   at Raven.Server.Rachis.RachisConsensus.SendToLeaderAsync(CommandBase cmd, CancellationToken token) in /_/72003/src/Raven.Server/Rachis/RachisConsensus.cs:line 977
   at Raven.Server.ServerWide.ServerStore.SendToLeaderAsync(CommandBase cmd, Nullable`1 token) in /_/72003/src/Raven.Server/ServerWide/ServerStore.cs:line 3490
   at Raven.Server.Documents.Indexes.AbstractIndexDeleteController.DeleteIndexAsync(String name, String raftRequestId) in /_/72003/src/Raven.Server/Documents/Indexes/AbstractIndexDeleteController.cs:line 65
Index: 198. Type: DeleteIndexCommand. ExecutionTime: 00:00:00.0001613. Term: 1. LeaderErrorCount: 0. LeaderShipDuration: 73351. Exception: 
Index: 199. Type: Error. ExecutionTime: 00:00:00. Term: 1. LeaderErrorCount: 0. LeaderShipDuration: 73351. Exception: Raven.Client.Exceptions.Database.DatabaseDoesNotExistException: Database 'UserManager_ScaleAndSearchTest_32' does not exist. Could not execute update command of type 'DeleteIndexCommand'.
   at Raven.Server.ServerWide.ClusterStateMachine.UpdateDatabase(ClusterOperationContext context, String type, BlittableJsonReaderObject cmd, Int64 index, ServerStore serverStore) in /_/72003/src/Raven.Server/ServerWide/ClusterStateMachine.cs:line 2724
   at Raven.Server.ServerWide.ClusterStateMachine.Apply(ClusterOperationContext context, BlittableJsonReaderObject cmd, Int64 index, Leader leader, ServerStore serverStore) in /_/72003/src/Raven.Server/ServerWide/ClusterStateMachine.cs:line 507
--- End of stack trace from previous location ---
   at Raven.Server.Rachis.Leader.RachisMergedCommand.WaitForCommit() in /_/72003/src/Raven.Server/Rachis/Commands/Leader.RachisMergedCommand.cs:line 70
   at Raven.Server.Rachis.Leader.RachisMergedCommand.Result() in /_/72003/src/Raven.Server/Rachis/Commands/Leader.RachisMergedCommand.cs:line 53
   at Raven.Server.Rachis.Leader.PutAsync(CommandBase command, TimeSpan timeout) in /_/72003/src/Raven.Server/Rachis/Leader.cs:line 675
   at Raven.Server.Rachis.RachisConsensus.SendToLeaderAsync(CommandBase cmd, CancellationToken token) in /_/72003/src/Raven.Server/Rachis/RachisConsensus.cs:line 977
   at Raven.Server.ServerWide.ServerStore.SendToLeaderAsync(CommandBase cmd, Nullable`1 token) in /_/72003/src/Raven.Server/ServerWide/ServerStore.cs:line 3490
   at Raven.Server.Documents.Indexes.AbstractIndexDeleteController.DeleteIndexAsync(String name, String raftRequestId) in /_/72003/src/Raven.Server/Documents/Indexes/AbstractIndexDeleteController.cs:line 65
Index: 199. Type: DeleteIndexCommand. ExecutionTime: 00:00:00.0001693. Term: 1. LeaderErrorCount: 0. LeaderShipDuration: 73351. Exception: 
Index: 200. Type: UpdateLicenseLimitsCommand. ExecutionTime: 00:00:00.0086566. Term: 1. LeaderErrorCount: 0. LeaderShipDuration: 73365. Exception: 
Index: 201. Type: DeleteDatabaseCommand. ExecutionTime: 00:00:00.0010604. Term: 1. LeaderErrorCount: 0. LeaderShipDuration: 87071. Exception: 

   at Raven.Server.ServerWide.AbstractRaftIndexNotifications`1.ThrowTimeoutException(TimeSpan value, Int64 index, Int64 lastModifiedIndex, Boolean isExecution) in /_/72003/src/Raven.Server/ServerWide/AbstractRaftIndexNotifications.cs:line 132
   at Raven.Server.ServerWide.AbstractRaftIndexNotifications`1.WaitForIndexNotification(Int64 index, TimeSpan timeout) in /_/72003/src/Raven.Server/ServerWide/AbstractRaftIndexNotifications.cs:line 62
   at Raven.Server.ServerWide.ClusterStateMachine.WaitForIndexNotification(Int64 index, Nullable`1 timeout) in /_/72003/src/Raven.Server/ServerWide/ClusterStateMachine.cs:line 1551
   at Raven.Server.Web.System.AdminDatabasesHandler.WaitForDeletionToComplete(TransactionOperationContext context, Parameters parameters, Int64 index, IList`1 waitOnDeletion) in /_/72003/src/Raven.Server/Web/System/AdminDatabasesHandler.cs:line 760
   at Raven.Server.Web.System.AdminDatabasesHandler.Delete() in /_/72003/src/Raven.Server/Web/System/AdminDatabasesHandler.cs:line 740
   at Raven.Server.Routing.RequestRouter.HandlePath(RequestHandlerContext reqCtx) in /_/72003/src/Raven.Server/Routing/RequestRouter.cs:line 424
   at Raven.Server.RavenServerStartup.RequestHandler(HttpContext context) in /_/72003/src/Raven.Server/RavenServerStartup.cs:line 185
The server at /admin/databases?raft-request-id=61849b8f-0d2f-4678-9d77-848ce63d531e responded with status code: RequestTimeout.
---- System.TimeoutException : System.TimeoutException: Waited for 00:00:15 but didn't get an index notification for 201. Last commit index is: 200. Number of errors is: 0.
Index: 156. Type: PutAutoIndexCommand. ExecutionTime: 00:00:00.0011372. Term: 1. LeaderErrorCount: 0. LeaderShipDuration: 53101. Exception: 
Index: 157. Type: DeleteDatabaseCommand. ExecutionTime: 00:00:00.0016780. Term: 1. LeaderErrorCount: 0. LeaderShipDuration: 53136. Exception: 
Index: 158. Type: RemoveNodeFromDatabaseCommand. ExecutionTime: 00:00:00.0007881. Term: 1. LeaderErrorCount: 0. LeaderShipDuration: 53190. Exception: 
Index: 159. Type: DeleteDatabaseCommand. ExecutionTime: 00:00:00.0013204. Term: 1. LeaderErrorCount: 0. LeaderShipDuration: 53202. Exception: 
Index: 160. Type: RemoveNodeFromDatabaseCommand. ExecutionTime: 00:00:00.0006579. Term: 1. LeaderErrorCount: 0. LeaderShipDuration: 53430. Exception: 
Index: 161. Type: AddDatabaseCommand. ExecutionTime: 00:00:00.0012578. Term: 1. LeaderErrorCount: 0. LeaderShipDuration: 53453. Exception: 
Index: 162. Type: DeleteDatabaseCommand. ExecutionTime: 00:00:00.0012372. Term: 1. LeaderErrorCount: 0. LeaderShipDuration: 53581. Exception: 
Index: 163. Type: RemoveNodeFromDatabaseCommand. ExecutionTime: 00:00:00.0005206. Term: 1. LeaderErrorCount: 0. LeaderShipDuration: 53662. Exception: 
Index: 164. Type: AddDatabaseCommand. ExecutionTime: 00:00:00.0016491. Term: 1. LeaderErrorCount: 0. LeaderShipDuration: 53687. Exception: 
Index: 165. Type: DeleteDatabaseCommand. ExecutionTime: 00:00:00.0009249. Term: 1. LeaderErrorCount: 0. LeaderShipDuration: 53811. Exception: 
Index: 166. Type: RemoveNodeFromDatabaseCommand. ExecutionTime: 00:00:00.0006232. Term: 1. LeaderErrorCount: 0. LeaderShipDuration: 53851. Exception: 
Index: 167. Type: AddDatabaseCommand. ExecutionTime: 00:00:00.0012253. Term: 1. LeaderErrorCount: 0. LeaderShipDuration: 53878. Exception: 
Index: 168. Type: DeleteDatabaseCommand. ExecutionTime: 00:00:00.0008575. Term: 1. LeaderErrorCount: 0. LeaderShipDuration: 54273. Exception: 
Index: 169. Type: RemoveNodeFromDatabaseCommand. ExecutionTime: 00:00:00.0006451. Term: 1. LeaderErrorCount: 0. LeaderShipDuration: 54327. Exception: 
Index: 170. Type: AddDatabaseCommand. ExecutionTime: 00:00:00.0015937. Term: 1. LeaderErrorCount: 0. LeaderShipDuration: 54359. Exception: 
Index: 171. Type: PutAutoIndexCommand. ExecutionTime: 00:00:00.0012023. Term: 1. LeaderErrorCount: 0. LeaderShipDuration: 54530. Exception: 
Index: 172. Type: DeleteDatabaseCommand. ExecutionTime: 00:00:00.0011078. Term: 1. LeaderErrorCount: 0. LeaderShipDuration: 54593. Exception: 
Index: 173. Type: RemoveNodeFromDatabaseCommand. ExecutionTime: 00:00:00.0006514. Term: 1. LeaderErrorCount: 0. LeaderShipDuration: 54629. Exception: 
Index: 174. Type: AddDatabaseCommand. ExecutionTime: 00:00:00.0012430. Term: 1. LeaderErrorCount: 0. LeaderShipDuration: 54645. Exception: 
Index: 175. Type: DeleteDatabaseCommand. ExecutionTime: 00:00:00.0012952. Term: 1. LeaderErrorCount: 0. LeaderShipDuration: 54733. Exception: 
Index: 176. Type: RemoveNodeFromDatabaseCommand. ExecutionTime: 00:00:00.0006057. Term: 1. LeaderErrorCount: 0. LeaderShipDuration: 54754. Exception: 
Index: 177. Type: AddDatabaseCommand. ExecutionTime: 00:00:00.0013221. Term: 1. LeaderErrorCount: 0. LeaderShipDuration: 54770. Exception: 
Index: 178. Type: DeleteDatabaseCommand. ExecutionTime: 00:00:00.0008978. Term: 1. LeaderErrorCount: 0. LeaderShipDuration: 55017. Exception: 
Index: 179. Type: RemoveNodeFromDatabaseCommand. ExecutionTime: 00:00:00.0005666. Term: 1. LeaderErrorCount: 0. LeaderShipDuration: 55055. Exception: 
Index: 180. Type: AddDatabaseCommand. ExecutionTime: 00:00:00.0012667. Term: 1. LeaderErrorCount: 0. LeaderShipDuration: 55074. Exception: 
Index: 181. Type: DeleteDatabaseCommand. ExecutionTime: 00:00:00.0009205. Term: 1. LeaderErrorCount: 0. LeaderShipDuration: 55149. Exception: 
Index: 182. Type: RemoveNodeFromDatabaseCommand. ExecutionTime: 00:00:00.0006103. Term: 1. LeaderErrorCount: 0. LeaderShipDuration: 55183. Exception: 
Index: 183. Type: AddDatabaseCommand. ExecutionTime: 00:00:00.0013188. Term: 1. LeaderErrorCount: 0. LeaderShipDuration: 55204. Exception: 
Index: 184. Type: DeleteDatabaseCommand. ExecutionTime: 00:00:00.0009297. Term: 1. LeaderErrorCount: 0. LeaderShipDuration: 55393. Exception: 
Index: 185. Type: RemoveNodeFromDatabaseCommand. ExecutionTime: 00:00:00.0006730. Term: 1. LeaderErrorCount: 0. LeaderShipDuration: 55428. Exception: 
Index: 186. Type: AddDatabaseCommand. ExecutionTime: 00:00:00.0013756. Term: 1. LeaderErrorCount: 0. LeaderShipDuration: 55444. Exception: 
Index: 187. Type: DeleteDatabaseCommand. ExecutionTime: 00:00:00.0010006. Term: 1. LeaderErrorCount: 0. LeaderShipDuration: 55543. Exception: 
Index: 188. Type: RemoveNodeFromDatabaseCommand. ExecutionTime: 00:00:00.0005000. Term: 1. LeaderErrorCount: 0. LeaderShipDuration: 55573. Exception: 
Index: 189. Type: AddDatabaseCommand. ExecutionTime: 00:00:00.0013062. Term: 1. LeaderErrorCount: 0. LeaderShipDuration: 55595. Exception: 
Index: 190. Type: DeleteDatabaseCommand. ExecutionTime: 00:00:00.0008826. Term: 1. LeaderErrorCount: 0. LeaderShipDuration: 55747. Exception: 
Index: 191. Type: RemoveNodeFromDatabaseCommand. ExecutionTime: 00:00:00.0005553. Term: 1. LeaderErrorCount: 0. LeaderShipDuration: 55885. Exception: 
Index: 192. Type: AddDatabaseCommand. ExecutionTime: 00:00:00.0012625. Term: 1. LeaderErrorCount: 0. LeaderShipDuration: 55904. Exception: 
Index: 193. Type: DeleteDatabaseCommand. ExecutionTime: 00:00:00.0009144. Term: 1. LeaderErrorCount: 0. LeaderShipDuration: 55982. Exception: 
Index: 194. Type: RemoveNodeFromDatabaseCommand. ExecutionTime: 00:00:00.0005237. Term: 1. LeaderErrorCount: 0. LeaderShipDuration: 56009. Exception: 
Index: 195. Type: AddDatabaseCommand. ExecutionTime: 00:00:00.0017578. Term: 1. LeaderErrorCount: 0. LeaderShipDuration: 56024. Exception: 
Index: 196. Type: Error. ExecutionTime: 00:00:00. Term: 1. LeaderErrorCount: 0. LeaderShipDuration: 73351. Exception: Raven.Client.Exceptions.Database.DatabaseDoesNotExistException: Database 'UserManager_CanHandleRoles_45' does not exist. Could not execute update command of type 'DeleteIndexCommand'.
   at Raven.Server.ServerWide.ClusterStateMachine.UpdateDatabase(ClusterOperationContext context, String type, BlittableJsonReaderObject cmd, Int64 index, ServerStore serverStore) in /_/72003/src/Raven.Server/ServerWide/ClusterStateMachine.cs:line 2724
   at Raven.Server.ServerWide.ClusterStateMachine.Apply(ClusterOperationContext context, BlittableJsonReaderObject cmd, Int64 index, Leader leader, ServerStore serverStore) in /_/72003/src/Raven.Server/ServerWide/ClusterStateMachine.cs:line 507
--- End of stack trace from previous location ---
   at Raven.Server.Rachis.Leader.RachisMergedCommand.WaitForCommit() in /_/72003/src/Raven.Server/Rachis/Commands/Leader.RachisMergedCommand.cs:line 70
   at Raven.Server.Rachis.Leader.RachisMergedCommand.Result() in /_/72003/src/Raven.Server/Rachis/Commands/Leader.RachisMergedCommand.cs:line 53
   at Raven.Server.Rachis.Leader.PutAsync(CommandBase command, TimeSpan timeout) in /_/72003/src/Raven.Server/Rachis/Leader.cs:line 675
   at Raven.Server.Rachis.RachisConsensus.SendToLeaderAsync(CommandBase cmd, CancellationToken token) in /_/72003/src/Raven.Server/Rachis/RachisConsensus.cs:line 977
   at Raven.Server.ServerWide.ServerStore.SendToLeaderAsync(CommandBase cmd, Nullable`1 token) in /_/72003/src/Raven.Server/ServerWide/ServerStore.cs:line 3490
   at Raven.Server.Documents.Indexes.AbstractIndexDeleteController.DeleteIndexAsync(String name, String raftRequestId) in /_/72003/src/Raven.Server/Documents/Indexes/AbstractIndexDeleteController.cs:line 65
Index: 196. Type: DeleteIndexCommand. ExecutionTime: 00:00:00.0003530. Term: 1. LeaderErrorCount: 0. LeaderShipDuration: 73351. Exception: 
Index: 197. Type: Error. ExecutionTime: 00:00:00. Term: 1. LeaderErrorCount: 0. LeaderShipDuration: 73351. Exception: Raven.Client.Exceptions.Database.DatabaseDoesNotExistException: Database 'UserManager_CanHandleRoles_45' does not exist. Could not execute update command of type 'DeleteIndexCommand'.
   at Raven.Server.ServerWide.ClusterStateMachine.UpdateDatabase(ClusterOperationContext context, String type, BlittableJsonReaderObject cmd, Int64 index, ServerStore serverStore) in /_/72003/src/Raven.Server/ServerWide/ClusterStateMachine.cs:line 2724
   at Raven.Server.ServerWide.ClusterStateMachine.Apply(ClusterOperationContext context, BlittableJsonReaderObject cmd, Int64 index, Leader leader, ServerStore serverStore) in /_/72003/src/Raven.Server/ServerWide/ClusterStateMachine.cs:line 507
--- End of stack trace from previous location ---
   at Raven.Server.Rachis.Leader.RachisMergedCommand.WaitForCommit() in /_/72003/src/Raven.Server/Rachis/Commands/Leader.RachisMergedCommand.cs:line 70
   at Raven.Server.Rachis.Leader.RachisMergedCommand.Result() in /_/72003/src/Raven.Server/Rachis/Commands/Leader.RachisMergedCommand.cs:line 53
   at Raven.Server.Rachis.Leader.PutAsync(CommandBase command, TimeSpan timeout) in /_/72003/src/Raven.Server/Rachis/Leader.cs:line 675
   at Raven.Server.Rachis.RachisConsensus.SendToLeaderAsync(CommandBase cmd, CancellationToken token) in /_/72003/src/Raven.Server/Rachis/RachisConsensus.cs:line 977
   at Raven.Server.ServerWide.ServerStore.SendToLeaderAsync(CommandBase cmd, Nullable`1 token) in /_/72003/src/Raven.Server/ServerWide/ServerStore.cs:line 3490
   at Raven.Server.Documents.Indexes.AbstractIndexDeleteController.DeleteIndexAsync(String name, String raftRequestId) in /_/72003/src/Raven.Server/Documents/Indexes/AbstractIndexDeleteController.cs:line 65
Index: 197. Type: DeleteIndexCommand. ExecutionTime: 00:00:00.0001295. Term: 1. LeaderErrorCount: 0. LeaderShipDuration: 73351. Exception: 
Index: 198. Type: Error. ExecutionTime: 00:00:00. Term: 1. LeaderErrorCount: 0. LeaderShipDuration: 73351. Exception: Raven.Client.Exceptions.Database.DatabaseDoesNotExistException: Database 'UserManager_ScaleAndSearchTest_32' does not exist. Could not execute update command of type 'DeleteIndexCommand'.
   at Raven.Server.ServerWide.ClusterStateMachine.UpdateDatabase(ClusterOperationContext context, String type, BlittableJsonReaderObject cmd, Int64 index, ServerStore serverStore) in /_/72003/src/Raven.Server/ServerWide/ClusterStateMachine.cs:line 2724
   at Raven.Server.ServerWide.ClusterStateMachine.Apply(ClusterOperationContext context, BlittableJsonReaderObject cmd, Int64 index, Leader leader, ServerStore serverStore) in /_/72003/src/Raven.Server/ServerWide/ClusterStateMachine.cs:line 507
--- End of stack trace from previous location ---
   at Raven.Server.Rachis.Leader.RachisMergedCommand.WaitForCommit() in /_/72003/src/Raven.Server/Rachis/Commands/Leader.RachisMergedCommand.cs:line 70
   at Raven.Server.Rachis.Leader.RachisMergedCommand.Result() in /_/72003/src/Raven.Server/Rachis/Commands/Leader.RachisMergedCommand.cs:line 53
   at Raven.Server.Rachis.Leader.PutAsync(CommandBase command, TimeSpan timeout) in /_/72003/src/Raven.Server/Rachis/Leader.cs:line 675
   at Raven.Server.Rachis.RachisConsensus.SendToLeaderAsync(CommandBase cmd, CancellationToken token) in /_/72003/src/Raven.Server/Rachis/RachisConsensus.cs:line 977
   at Raven.Server.ServerWide.ServerStore.SendToLeaderAsync(CommandBase cmd, Nullable`1 token) in /_/72003/src/Raven.Server/ServerWide/ServerStore.cs:line 3490
   at Raven.Server.Documents.Indexes.AbstractIndexDeleteController.DeleteIndexAsync(String name, String raftRequestId) in /_/72003/src/Raven.Server/Documents/Indexes/AbstractIndexDeleteController.cs:line 65
Index: 198. Type: DeleteIndexCommand. ExecutionTime: 00:00:00.0001613. Term: 1. LeaderErrorCount: 0. LeaderShipDuration: 73351. Exception: 
Index: 199. Type: Error. ExecutionTime: 00:00:00. Term: 1. LeaderErrorCount: 0. LeaderShipDuration: 73351. Exception: Raven.Client.Exceptions.Database.DatabaseDoesNotExistException: Database 'UserManager_ScaleAndSearchTest_32' does not exist. Could not execute update command of type 'DeleteIndexCommand'.
   at Raven.Server.ServerWide.ClusterStateMachine.UpdateDatabase(ClusterOperationContext context, String type, BlittableJsonReaderObject cmd, Int64 index, ServerStore serverStore) in /_/72003/src/Raven.Server/ServerWide/ClusterStateMachine.cs:line 2724
   at Raven.Server.ServerWide.ClusterStateMachine.Apply(ClusterOperationContext context, BlittableJsonReaderObject cmd, Int64 index, Leader leader, ServerStore serverStore) in /_/72003/src/Raven.Server/ServerWide/ClusterStateMachine.cs:line 507
--- End of stack trace from previous location ---
   at Raven.Server.Rachis.Leader.RachisMergedCommand.WaitForCommit() in /_/72003/src/Raven.Server/Rachis/Commands/Leader.RachisMergedCommand.cs:line 70
   at Raven.Server.Rachis.Leader.RachisMergedCommand.Result() in /_/72003/src/Raven.Server/Rachis/Commands/Leader.RachisMergedCommand.cs:line 53
   at Raven.Server.Rachis.Leader.PutAsync(CommandBase command, TimeSpan timeout) in /_/72003/src/Raven.Server/Rachis/Leader.cs:line 675
   at Raven.Server.Rachis.RachisConsensus.SendToLeaderAsync(CommandBase cmd, CancellationToken token) in /_/72003/src/Raven.Server/Rachis/RachisConsensus.cs:line 977
   at Raven.Server.ServerWide.ServerStore.SendToLeaderAsync(CommandBase cmd, Nullable`1 token) in /_/72003/src/Raven.Server/ServerWide/ServerStore.cs:line 3490
   at Raven.Server.Documents.Indexes.AbstractIndexDeleteController.DeleteIndexAsync(String name, String raftRequestId) in /_/72003/src/Raven.Server/Documents/Indexes/AbstractIndexDeleteController.cs:line 65
Index: 199. Type: DeleteIndexCommand. ExecutionTime: 00:00:00.0001693. Term: 1. LeaderErrorCount: 0. LeaderShipDuration: 73351. Exception: 
Index: 200. Type: UpdateLicenseLimitsCommand. ExecutionTime: 00:00:00.0086566. Term: 1. LeaderErrorCount: 0. LeaderShipDuration: 73365. Exception: 
Index: 201. Type: DeleteDatabaseCommand. ExecutionTime: 00:00:00.0010604. Term: 1. LeaderErrorCount: 0. LeaderShipDuration: 87071. Exception: 

   at Raven.Server.ServerWide.AbstractRaftIndexNotifications`1.ThrowTimeoutException(TimeSpan value, Int64 index, Int64 lastModifiedIndex, Boolean isExecution) in /_/72003/src/Raven.Server/ServerWide/AbstractRaftIndexNotifications.cs:line 132
   at Raven.Server.ServerWide.AbstractRaftIndexNotifications`1.WaitForIndexNotification(Int64 index, TimeSpan timeout) in /_/72003/src/Raven.Server/ServerWide/AbstractRaftIndexNotifications.cs:line 62
   at Raven.Server.ServerWide.ClusterStateMachine.WaitForIndexNotification(Int64 index, Nullable`1 timeout) in /_/72003/src/Raven.Server/ServerWide/ClusterStateMachine.cs:line 1551
   at Raven.Server.Web.System.AdminDatabasesHandler.WaitForDeletionToComplete(TransactionOperationContext context, Parameters parameters, Int64 index, IList`1 waitOnDeletion) in /_/72003/src/Raven.Server/Web/System/AdminDatabasesHandler.cs:line 760
   at Raven.Server.Web.System.AdminDatabasesHandler.Delete() in /_/72003/src/Raven.Server/Web/System/AdminDatabasesHandler.cs:line 740
   at Raven.Server.Routing.RequestRouter.HandlePath(RequestHandlerContext reqCtx) in /_/72003/src/Raven.Server/Routing/RequestRouter.cs:line 424
   at Raven.Server.RavenServerStartup.RequestHandler(HttpContext context) in /_/72003/src/Raven.Server/RavenServerStartup.cs:line 185
The server at /admin/databases?raft-request-id=61849b8f-0d2f-4678-9d77-848ce63d531e responded with status code: RequestTimeout.
  Stack Trace:
     at Raven.Client.Http.RequestExecutor.ThrowFailedToContactAllNodes[TResult](RavenCommand`1 command, HttpRequestMessage request)
   at Raven.Client.Http.RequestExecutor.ExecuteAsync[TResult](ServerNode chosenNode, Nullable`1 nodeIndex, JsonOperationContext context, RavenCommand`1 command, Boolean shouldRetry, SessionInfo sessionInfo, CancellationToken token)
   at Raven.Client.Http.RequestExecutor.ExecuteAsync[TResult](ServerNode chosenNode, Nullable`1 nodeIndex, JsonOperationContext context, RavenCommand`1 command, Boolean shouldRetry, SessionInfo sessionInfo, CancellationToken token)
   at Raven.Client.Http.RequestExecutor.UnlikelyExecuteAsync[TResult](RavenCommand`1 command, JsonOperationContext context, Task topologyUpdate, SessionInfo sessionInfo, CancellationToken token)
   at Raven.Client.ServerWide.Operations.ServerOperationExecutor.SendAsync[TResult](IServerOperation`1 operation, CancellationToken token)
   at Raven.Client.Util.AsyncHelpers.<>c__DisplayClass4_0`1.<<RunSync>b__0>d.MoveNext()
--- End of stack trace from previous location ---
   at Raven.Client.Util.AsyncHelpers.HandleException(AggregateException ex, Stopwatch sw)
   at Raven.Client.Util.AsyncHelpers.RunSync[T](Func`1 task)
   at Raven.TestDriver.RavenTestDriver.<>c__DisplayClass22_0.<GetDocumentStore>b__0(Object sender, EventArgs args)
   at Raven.Client.Documents.DocumentStore.Dispose()
   at Aero.Identity.Tests.RavenUserStoreTests.CanSetPhoneNumber() in C:\Users\bbqch\proj\microbians\piranha\test\Aero.Identity.Tests\RavenUserStoreTests.cs:line 442
   at Aero.Identity.Tests.RavenUserStoreTests.CanSetPhoneNumber()
--- End of stack trace from previous location ---
----- Inner Stack Trace -----

  Failed Aero.Identity.Tests.RavenUserStoreTests.CanFindUserByName [21 s]
  Error Message:
   Raven.Client.Exceptions.RavenException : System.TimeoutException: Waited for 00:00:15 for task with index 202 to complete. Last commit index is: 203. Number of errors is: 0.
   at Raven.Server.ServerWide.AbstractRaftIndexNotifications`1.ThrowTimeoutException(TimeSpan value, Int64 index, Int64 lastModifiedIndex, Boolean isExecution) in /_/72003/src/Raven.Server/ServerWide/AbstractRaftIndexNotifications.cs:line 132
   at Raven.Server.ServerWide.AbstractRaftIndexNotifications`1.WaitForIndexNotification(Int64 index, TimeSpan timeout) in /_/72003/src/Raven.Server/ServerWide/AbstractRaftIndexNotifications.cs:line 68
   at Raven.Server.ServerWide.ClusterStateMachine.WaitForIndexNotification(Int64 index, Nullable`1 timeout) in /_/72003/src/Raven.Server/ServerWide/ClusterStateMachine.cs:line 1551
   at Raven.Server.ServerWide.ServerStore.WaitForExecutionOnRelevantNodesAsync(JsonOperationContext context, List`1 members, Int64 index) in /_/72003/src/Raven.Server/ServerWide/ServerStore.cs:line 3529
   at Raven.Server.Web.System.AdminDatabasesHandler.CreateDatabase(String name, DatabaseRecord databaseRecord, TransactionOperationContext context, Int32 replicationFactor, Nullable`1 index, String raftRequestId) in /_/72003/src/Raven.Server/Web/System/AdminDatabasesHandler.cs:line 459
   at Raven.Server.Web.System.AdminDatabasesHandler.Put() in /_/72003/src/Raven.Server/Web/System/AdminDatabasesHandler.cs:line 295
   at Raven.Server.Routing.RequestRouter.HandlePath(RequestHandlerContext reqCtx) in /_/72003/src/Raven.Server/Routing/RequestRouter.cs:line 424
   at Raven.Server.RavenServerStartup.RequestHandler(HttpContext context) in /_/72003/src/Raven.Server/RavenServerStartup.cs:line 185
The server at /admin/databases?name=CanFindUserByName_59&replicationFactor=1&raft-request-id=a3d7ffe0-2135-4039-a241-2b819ef9e781 responded with status code: RequestTimeout.
---- System.TimeoutException : System.TimeoutException: Waited for 00:00:15 for task with index 202 to complete. Last commit index is: 203. Number of errors is: 0.
   at Raven.Server.ServerWide.AbstractRaftIndexNotifications`1.ThrowTimeoutException(TimeSpan value, Int64 index, Int64 lastModifiedIndex, Boolean isExecution) in /_/72003/src/Raven.Server/ServerWide/AbstractRaftIndexNotifications.cs:line 132
   at Raven.Server.ServerWide.AbstractRaftIndexNotifications`1.WaitForIndexNotification(Int64 index, TimeSpan timeout) in /_/72003/src/Raven.Server/ServerWide/AbstractRaftIndexNotifications.cs:line 68
   at Raven.Server.ServerWide.ClusterStateMachine.WaitForIndexNotification(Int64 index, Nullable`1 timeout) in /_/72003/src/Raven.Server/ServerWide/ClusterStateMachine.cs:line 1551
   at Raven.Server.ServerWide.ServerStore.WaitForExecutionOnRelevantNodesAsync(JsonOperationContext context, List`1 members, Int64 index) in /_/72003/src/Raven.Server/ServerWide/ServerStore.cs:line 3529
   at Raven.Server.Web.System.AdminDatabasesHandler.CreateDatabase(String name, DatabaseRecord databaseRecord, TransactionOperationContext context, Int32 replicationFactor, Nullable`1 index, String raftRequestId) in /_/72003/src/Raven.Server/Web/System/AdminDatabasesHandler.cs:line 459
   at Raven.Server.Web.System.AdminDatabasesHandler.Put() in /_/72003/src/Raven.Server/Web/System/AdminDatabasesHandler.cs:line 295
   at Raven.Server.Routing.RequestRouter.HandlePath(RequestHandlerContext reqCtx) in /_/72003/src/Raven.Server/Routing/RequestRouter.cs:line 424
   at Raven.Server.RavenServerStartup.RequestHandler(HttpContext context) in /_/72003/src/Raven.Server/RavenServerStartup.cs:line 185
The server at /admin/databases?name=CanFindUserByName_59&replicationFactor=1&raft-request-id=a3d7ffe0-2135-4039-a241-2b819ef9e781 responded with status code: RequestTimeout.
  Stack Trace:
     at Raven.Client.Http.RequestExecutor.ThrowFailedToContactAllNodes[TResult](RavenCommand`1 command, HttpRequestMessage request)
   at Raven.Client.Http.RequestExecutor.ExecuteAsync[TResult](ServerNode chosenNode, Nullable`1 nodeIndex, JsonOperationContext context, RavenCommand`1 command, Boolean shouldRetry, SessionInfo sessionInfo, CancellationToken token)
   at Raven.Client.Http.RequestExecutor.ExecuteAsync[TResult](ServerNode chosenNode, Nullable`1 nodeIndex, JsonOperationContext context, RavenCommand`1 command, Boolean shouldRetry, SessionInfo sessionInfo, CancellationToken token)
   at Raven.Client.ServerWide.Operations.ServerOperationExecutor.SendAsync[TResult](IServerOperation`1 operation, CancellationToken token)
   at Raven.Client.Util.AsyncHelpers.<>c__DisplayClass4_0`1.<<RunSync>b__0>d.MoveNext()
--- End of stack trace from previous location ---
   at Raven.Client.Util.AsyncHelpers.HandleException(AggregateException ex, Stopwatch sw)
   at Raven.Client.Util.AsyncHelpers.RunSync[T](Func`1 task)
   at Raven.TestDriver.RavenTestDriver.GetDocumentStore(GetDocumentStoreOptions options, String database)
   at Aero.Identity.Tests.RavenTestBase.CreateStore(String database) in C:\Users\bbqch\proj\microbians\piranha\test\Aero.Identity.Tests\RavenTestBase.cs:line 29
   at Aero.Identity.Tests.RavenUserStoreTests.CanFindUserByName() in C:\Users\bbqch\proj\microbians\piranha\test\Aero.Identity.Tests\RavenUserStoreTests.cs:line 56
--- End of stack trace from previous location ---
----- Inner Stack Trace -----

  Failed Aero.Identity.Tests.RavenUserStoreTests.CanGetTwoFactorEnabled [14 s]
  Error Message:
   Raven.Client.Exceptions.RavenException : System.TimeoutException: Waited for 00:00:15 but didn't get an index notification for 204. Last commit index is: 203. Number of errors is: 0.
Index: 159. Type: DeleteDatabaseCommand. ExecutionTime: 00:00:00.0013204. Term: 1. LeaderErrorCount: 0. LeaderShipDuration: 53202. Exception: 
Index: 160. Type: RemoveNodeFromDatabaseCommand. ExecutionTime: 00:00:00.0006579. Term: 1. LeaderErrorCount: 0. LeaderShipDuration: 53430. Exception: 
Index: 161. Type: AddDatabaseCommand. ExecutionTime: 00:00:00.0012578. Term: 1. LeaderErrorCount: 0. LeaderShipDuration: 53453. Exception: 
Index: 162. Type: DeleteDatabaseCommand. ExecutionTime: 00:00:00.0012372. Term: 1. LeaderErrorCount: 0. LeaderShipDuration: 53581. Exception: 
Index: 163. Type: RemoveNodeFromDatabaseCommand. ExecutionTime: 00:00:00.0005206. Term: 1. LeaderErrorCount: 0. LeaderShipDuration: 53662. Exception: 
Index: 164. Type: AddDatabaseCommand. ExecutionTime: 00:00:00.0016491. Term: 1. LeaderErrorCount: 0. LeaderShipDuration: 53687. Exception: 
Index: 165. Type: DeleteDatabaseCommand. ExecutionTime: 00:00:00.0009249. Term: 1. LeaderErrorCount: 0. LeaderShipDuration: 53811. Exception: 
Index: 166. Type: RemoveNodeFromDatabaseCommand. ExecutionTime: 00:00:00.0006232. Term: 1. LeaderErrorCount: 0. LeaderShipDuration: 53851. Exception: 
Index: 167. Type: AddDatabaseCommand. ExecutionTime: 00:00:00.0012253. Term: 1. LeaderErrorCount: 0. LeaderShipDuration: 53878. Exception: 
Index: 168. Type: DeleteDatabaseCommand. ExecutionTime: 00:00:00.0008575. Term: 1. LeaderErrorCount: 0. LeaderShipDuration: 54273. Exception: 
Index: 169. Type: RemoveNodeFromDatabaseCommand. ExecutionTime: 00:00:00.0006451. Term: 1. LeaderErrorCount: 0. LeaderShipDuration: 54327. Exception: 
Index: 170. Type: AddDatabaseCommand. ExecutionTime: 00:00:00.0015937. Term: 1. LeaderErrorCount: 0. LeaderShipDuration: 54359. Exception: 
Index: 171. Type: PutAutoIndexCommand. ExecutionTime: 00:00:00.0012023. Term: 1. LeaderErrorCount: 0. LeaderShipDuration: 54530. Exception: 
Index: 172. Type: DeleteDatabaseCommand. ExecutionTime: 00:00:00.0011078. Term: 1. LeaderErrorCount: 0. LeaderShipDuration: 54593. Exception: 
Index: 173. Type: RemoveNodeFromDatabaseCommand. ExecutionTime: 00:00:00.0006514. Term: 1. LeaderErrorCount: 0. LeaderShipDuration: 54629. Exception: 
Index: 174. Type: AddDatabaseCommand. ExecutionTime: 00:00:00.0012430. Term: 1. LeaderErrorCount: 0. LeaderShipDuration: 54645. Exception: 
Index: 175. Type: DeleteDatabaseCommand. ExecutionTime: 00:00:00.0012952. Term: 1. LeaderErrorCount: 0. LeaderShipDuration: 54733. Exception: 
Index: 176. Type: RemoveNodeFromDatabaseCommand. ExecutionTime: 00:00:00.0006057. Term: 1. LeaderErrorCount: 0. LeaderShipDuration: 54754. Exception: 
Index: 177. Type: AddDatabaseCommand. ExecutionTime: 00:00:00.0013221. Term: 1. LeaderErrorCount: 0. LeaderShipDuration: 54770. Exception: 
Index: 178. Type: DeleteDatabaseCommand. ExecutionTime: 00:00:00.0008978. Term: 1. LeaderErrorCount: 0. LeaderShipDuration: 55017. Exception: 
Index: 179. Type: RemoveNodeFromDatabaseCommand. ExecutionTime: 00:00:00.0005666. Term: 1. LeaderErrorCount: 0. LeaderShipDuration: 55055. Exception: 
Index: 180. Type: AddDatabaseCommand. ExecutionTime: 00:00:00.0012667. Term: 1. LeaderErrorCount: 0. LeaderShipDuration: 55074. Exception: 
Index: 181. Type: DeleteDatabaseCommand. ExecutionTime: 00:00:00.0009205. Term: 1. LeaderErrorCount: 0. LeaderShipDuration: 55149. Exception: 
Index: 182. Type: RemoveNodeFromDatabaseCommand. ExecutionTime: 00:00:00.0006103. Term: 1. LeaderErrorCount: 0. LeaderShipDuration: 55183. Exception: 
Index: 183. Type: AddDatabaseCommand. ExecutionTime: 00:00:00.0013188. Term: 1. LeaderErrorCount: 0. LeaderShipDuration: 55204. Exception: 
Index: 184. Type: DeleteDatabaseCommand. ExecutionTime: 00:00:00.0009297. Term: 1. LeaderErrorCount: 0. LeaderShipDuration: 55393. Exception: 
Index: 185. Type: RemoveNodeFromDatabaseCommand. ExecutionTime: 00:00:00.0006730. Term: 1. LeaderErrorCount: 0. LeaderShipDuration: 55428. Exception: 
Index: 186. Type: AddDatabaseCommand. ExecutionTime: 00:00:00.0013756. Term: 1. LeaderErrorCount: 0. LeaderShipDuration: 55444. Exception: 
Index: 187. Type: DeleteDatabaseCommand. ExecutionTime: 00:00:00.0010006. Term: 1. LeaderErrorCount: 0. LeaderShipDuration: 55543. Exception: 
Index: 188. Type: RemoveNodeFromDatabaseCommand. ExecutionTime: 00:00:00.0005000. Term: 1. LeaderErrorCount: 0. LeaderShipDuration: 55573. Exception: 
Index: 189. Type: AddDatabaseCommand. ExecutionTime: 00:00:00.0013062. Term: 1. LeaderErrorCount: 0. LeaderShipDuration: 55595. Exception: 
Index: 190. Type: DeleteDatabaseCommand. ExecutionTime: 00:00:00.0008826. Term: 1. LeaderErrorCount: 0. LeaderShipDuration: 55747. Exception: 
Index: 191. Type: RemoveNodeFromDatabaseCommand. ExecutionTime: 00:00:00.0005553. Term: 1. LeaderErrorCount: 0. LeaderShipDuration: 55885. Exception: 
Index: 192. Type: AddDatabaseCommand. ExecutionTime: 00:00:00.0012625. Term: 1. LeaderErrorCount: 0. LeaderShipDuration: 55904. Exception: 
Index: 193. Type: DeleteDatabaseCommand. ExecutionTime: 00:00:00.0009144. Term: 1. LeaderErrorCount: 0. LeaderShipDuration: 55982. Exception: 
Index: 194. Type: RemoveNodeFromDatabaseCommand. ExecutionTime: 00:00:00.0005237. Term: 1. LeaderErrorCount: 0. LeaderShipDuration: 56009. Exception: 
Index: 195. Type: AddDatabaseCommand. ExecutionTime: 00:00:00.0017578. Term: 1. LeaderErrorCount: 0. LeaderShipDuration: 56024. Exception: 
Index: 196. Type: Error. ExecutionTime: 00:00:00. Term: 1. LeaderErrorCount: 0. LeaderShipDuration: 73351. Exception: Raven.Client.Exceptions.Database.DatabaseDoesNotExistException: Database 'UserManager_CanHandleRoles_45' does not exist. Could not execute update command of type 'DeleteIndexCommand'.
   at Raven.Server.ServerWide.ClusterStateMachine.UpdateDatabase(ClusterOperationContext context, String type, BlittableJsonReaderObject cmd, Int64 index, ServerStore serverStore) in /_/72003/src/Raven.Server/ServerWide/ClusterStateMachine.cs:line 2724
   at Raven.Server.ServerWide.ClusterStateMachine.Apply(ClusterOperationContext context, BlittableJsonReaderObject cmd, Int64 index, Leader leader, ServerStore serverStore) in /_/72003/src/Raven.Server/ServerWide/ClusterStateMachine.cs:line 507
--- End of stack trace from previous location ---
   at Raven.Server.Rachis.Leader.RachisMergedCommand.WaitForCommit() in /_/72003/src/Raven.Server/Rachis/Commands/Leader.RachisMergedCommand.cs:line 70
   at Raven.Server.Rachis.Leader.RachisMergedCommand.Result() in /_/72003/src/Raven.Server/Rachis/Commands/Leader.RachisMergedCommand.cs:line 53
   at Raven.Server.Rachis.Leader.PutAsync(CommandBase command, TimeSpan timeout) in /_/72003/src/Raven.Server/Rachis/Leader.cs:line 675
   at Raven.Server.Rachis.RachisConsensus.SendToLeaderAsync(CommandBase cmd, CancellationToken token) in /_/72003/src/Raven.Server/Rachis/RachisConsensus.cs:line 977
   at Raven.Server.ServerWide.ServerStore.SendToLeaderAsync(CommandBase cmd, Nullable`1 token) in /_/72003/src/Raven.Server/ServerWide/ServerStore.cs:line 3490
   at Raven.Server.Documents.Indexes.AbstractIndexDeleteController.DeleteIndexAsync(String name, String raftRequestId) in /_/72003/src/Raven.Server/Documents/Indexes/AbstractIndexDeleteController.cs:line 65
Index: 196. Type: DeleteIndexCommand. ExecutionTime: 00:00:00.0003530. Term: 1. LeaderErrorCount: 0. LeaderShipDuration: 73351. Exception: 
Index: 197. Type: Error. ExecutionTime: 00:00:00. Term: 1. LeaderErrorCount: 0. LeaderShipDuration: 73351. Exception: Raven.Client.Exceptions.Database.DatabaseDoesNotExistException: Database 'UserManager_CanHandleRoles_45' does not exist. Could not execute update command of type 'DeleteIndexCommand'.
   at Raven.Server.ServerWide.ClusterStateMachine.UpdateDatabase(ClusterOperationContext context, String type, BlittableJsonReaderObject cmd, Int64 index, ServerStore serverStore) in /_/72003/src/Raven.Server/ServerWide/ClusterStateMachine.cs:line 2724
   at Raven.Server.ServerWide.ClusterStateMachine.Apply(ClusterOperationContext context, BlittableJsonReaderObject cmd, Int64 index, Leader leader, ServerStore serverStore) in /_/72003/src/Raven.Server/ServerWide/ClusterStateMachine.cs:line 507
--- End of stack trace from previous location ---
   at Raven.Server.Rachis.Leader.RachisMergedCommand.WaitForCommit() in /_/72003/src/Raven.Server/Rachis/Commands/Leader.RachisMergedCommand.cs:line 70
   at Raven.Server.Rachis.Leader.RachisMergedCommand.Result() in /_/72003/src/Raven.Server/Rachis/Commands/Leader.RachisMergedCommand.cs:line 53
   at Raven.Server.Rachis.Leader.PutAsync(CommandBase command, TimeSpan timeout) in /_/72003/src/Raven.Server/Rachis/Leader.cs:line 675
   at Raven.Server.Rachis.RachisConsensus.SendToLeaderAsync(CommandBase cmd, CancellationToken token) in /_/72003/src/Raven.Server/Rachis/RachisConsensus.cs:line 977
   at Raven.Server.ServerWide.ServerStore.SendToLeaderAsync(CommandBase cmd, Nullable`1 token) in /_/72003/src/Raven.Server/ServerWide/ServerStore.cs:line 3490
   at Raven.Server.Documents.Indexes.AbstractIndexDeleteController.DeleteIndexAsync(String name, String raftRequestId) in /_/72003/src/Raven.Server/Documents/Indexes/AbstractIndexDeleteController.cs:line 65
Index: 197. Type: DeleteIndexCommand. ExecutionTime: 00:00:00.0001295. Term: 1. LeaderErrorCount: 0. LeaderShipDuration: 73351. Exception: 
Index: 198. Type: Error. ExecutionTime: 00:00:00. Term: 1. LeaderErrorCount: 0. LeaderShipDuration: 73351. Exception: Raven.Client.Exceptions.Database.DatabaseDoesNotExistException: Database 'UserManager_ScaleAndSearchTest_32' does not exist. Could not execute update command of type 'DeleteIndexCommand'.
   at Raven.Server.ServerWide.ClusterStateMachine.UpdateDatabase(ClusterOperationContext context, String type, BlittableJsonReaderObject cmd, Int64 index, ServerStore serverStore) in /_/72003/src/Raven.Server/ServerWide/ClusterStateMachine.cs:line 2724
   at Raven.Server.ServerWide.ClusterStateMachine.Apply(ClusterOperationContext context, BlittableJsonReaderObject cmd, Int64 index, Leader leader, ServerStore serverStore) in /_/72003/src/Raven.Server/ServerWide/ClusterStateMachine.cs:line 507
--- End of stack trace from previous location ---
   at Raven.Server.Rachis.Leader.RachisMergedCommand.WaitForCommit() in /_/72003/src/Raven.Server/Rachis/Commands/Leader.RachisMergedCommand.cs:line 70
   at Raven.Server.Rachis.Leader.RachisMergedCommand.Result() in /_/72003/src/Raven.Server/Rachis/Commands/Leader.RachisMergedCommand.cs:line 53
   at Raven.Server.Rachis.Leader.PutAsync(CommandBase command, TimeSpan timeout) in /_/72003/src/Raven.Server/Rachis/Leader.cs:line 675
   at Raven.Server.Rachis.RachisConsensus.SendToLeaderAsync(CommandBase cmd, CancellationToken token) in /_/72003/src/Raven.Server/Rachis/RachisConsensus.cs:line 977
   at Raven.Server.ServerWide.ServerStore.SendToLeaderAsync(CommandBase cmd, Nullable`1 token) in /_/72003/src/Raven.Server/ServerWide/ServerStore.cs:line 3490
   at Raven.Server.Documents.Indexes.AbstractIndexDeleteController.DeleteIndexAsync(String name, String raftRequestId) in /_/72003/src/Raven.Server/Documents/Indexes/AbstractIndexDeleteController.cs:line 65
Index: 198. Type: DeleteIndexCommand. ExecutionTime: 00:00:00.0001613. Term: 1. LeaderErrorCount: 0. LeaderShipDuration: 73351. Exception: 
Index: 199. Type: Error. ExecutionTime: 00:00:00. Term: 1. LeaderErrorCount: 0. LeaderShipDuration: 73351. Exception: Raven.Client.Exceptions.Database.DatabaseDoesNotExistException: Database 'UserManager_ScaleAndSearchTest_32' does not exist. Could not execute update command of type 'DeleteIndexCommand'.
   at Raven.Server.ServerWide.ClusterStateMachine.UpdateDatabase(ClusterOperationContext context, String type, BlittableJsonReaderObject cmd, Int64 index, ServerStore serverStore) in /_/72003/src/Raven.Server/ServerWide/ClusterStateMachine.cs:line 2724
   at Raven.Server.ServerWide.ClusterStateMachine.Apply(ClusterOperationContext context, BlittableJsonReaderObject cmd, Int64 index, Leader leader, ServerStore serverStore) in /_/72003/src/Raven.Server/ServerWide/ClusterStateMachine.cs:line 507
--- End of stack trace from previous location ---
   at Raven.Server.Rachis.Leader.RachisMergedCommand.WaitForCommit() in /_/72003/src/Raven.Server/Rachis/Commands/Leader.RachisMergedCommand.cs:line 70
   at Raven.Server.Rachis.Leader.RachisMergedCommand.Result() in /_/72003/src/Raven.Server/Rachis/Commands/Leader.RachisMergedCommand.cs:line 53
   at Raven.Server.Rachis.Leader.PutAsync(CommandBase command, TimeSpan timeout) in /_/72003/src/Raven.Server/Rachis/Leader.cs:line 675
   at Raven.Server.Rachis.RachisConsensus.SendToLeaderAsync(CommandBase cmd, CancellationToken token) in /_/72003/src/Raven.Server/Rachis/RachisConsensus.cs:line 977
   at Raven.Server.ServerWide.ServerStore.SendToLeaderAsync(CommandBase cmd, Nullable`1 token) in /_/72003/src/Raven.Server/ServerWide/ServerStore.cs:line 3490
   at Raven.Server.Documents.Indexes.AbstractIndexDeleteController.DeleteIndexAsync(String name, String raftRequestId) in /_/72003/src/Raven.Server/Documents/Indexes/AbstractIndexDeleteController.cs:line 65
Index: 199. Type: DeleteIndexCommand. ExecutionTime: 00:00:00.0001693. Term: 1. LeaderErrorCount: 0. LeaderShipDuration: 73351. Exception: 
Index: 200. Type: UpdateLicenseLimitsCommand. ExecutionTime: 00:00:00.0086566. Term: 1. LeaderErrorCount: 0. LeaderShipDuration: 73365. Exception: 
Index: 201. Type: DeleteDatabaseCommand. ExecutionTime: 00:00:00.0010604. Term: 1. LeaderErrorCount: 0. LeaderShipDuration: 87071. Exception: 
Index: 202. Type: AddDatabaseCommand. ExecutionTime: 00:00:00.0067502. Term: 1. LeaderErrorCount: 0. LeaderShipDuration: 102451. Exception: 
Index: 203. Type: RemoveNodeFromDatabaseCommand. ExecutionTime: 00:00:00.0005832. Term: 1. LeaderErrorCount: 0. LeaderShipDuration: 105445. Exception: 
Index: 204. Type: AddDatabaseCommand. ExecutionTime: 00:00:00.0022586. Term: 1. LeaderErrorCount: 0. LeaderShipDuration: 124195. Exception: 

   at Raven.Server.ServerWide.AbstractRaftIndexNotifications`1.ThrowTimeoutException(TimeSpan value, Int64 index, Int64 lastModifiedIndex, Boolean isExecution) in /_/72003/src/Raven.Server/ServerWide/AbstractRaftIndexNotifications.cs:line 132
   at Raven.Server.ServerWide.AbstractRaftIndexNotifications`1.WaitForIndexNotification(Int64 index, TimeSpan timeout) in /_/72003/src/Raven.Server/ServerWide/AbstractRaftIndexNotifications.cs:line 62
   at Raven.Server.ServerWide.ClusterStateMachine.WaitForIndexNotification(Int64 index, Nullable`1 timeout) in /_/72003/src/Raven.Server/ServerWide/ClusterStateMachine.cs:line 1551
   at Raven.Server.ServerWide.ServerStore.WaitForExecutionOnRelevantNodesAsync(JsonOperationContext context, List`1 members, Int64 index) in /_/72003/src/Raven.Server/ServerWide/ServerStore.cs:line 3529
   at Raven.Server.Web.System.AdminDatabasesHandler.CreateDatabase(String name, DatabaseRecord databaseRecord, TransactionOperationContext context, Int32 replicationFactor, Nullable`1 index, String raftRequestId) in /_/72003/src/Raven.Server/Web/System/AdminDatabasesHandler.cs:line 459
   at Raven.Server.Web.System.AdminDatabasesHandler.Put() in /_/72003/src/Raven.Server/Web/System/AdminDatabasesHandler.cs:line 295
   at Raven.Server.Routing.RequestRouter.HandlePath(RequestHandlerContext reqCtx) in /_/72003/src/Raven.Server/Routing/RequestRouter.cs:line 424
   at Raven.Server.RavenServerStartup.RequestHandler(HttpContext context) in /_/72003/src/Raven.Server/RavenServerStartup.cs:line 185
The server at /admin/databases?name=CanGetTwoFactorEnabled_60&replicationFactor=1&raft-request-id=e6026eb6-8453-48a1-a123-b0be82d88ec4 responded with status code: RequestTimeout.
---- System.TimeoutException : System.TimeoutException: Waited for 00:00:15 but didn't get an index notification for 204. Last commit index is: 203. Number of errors is: 0.
Index: 159. Type: DeleteDatabaseCommand. ExecutionTime: 00:00:00.0013204. Term: 1. LeaderErrorCount: 0. LeaderShipDuration: 53202. Exception: 
Index: 160. Type: RemoveNodeFromDatabaseCommand. ExecutionTime: 00:00:00.0006579. Term: 1. LeaderErrorCount: 0. LeaderShipDuration: 53430. Exception: 
Index: 161. Type: AddDatabaseCommand. ExecutionTime: 00:00:00.0012578. Term: 1. LeaderErrorCount: 0. LeaderShipDuration: 53453. Exception: 
Index: 162. Type: DeleteDatabaseCommand. ExecutionTime: 00:00:00.0012372. Term: 1. LeaderErrorCount: 0. LeaderShipDuration: 53581. Exception: 
Index: 163. Type: RemoveNodeFromDatabaseCommand. ExecutionTime: 00:00:00.0005206. Term: 1. LeaderErrorCount: 0. LeaderShipDuration: 53662. Exception: 
Index: 164. Type: AddDatabaseCommand. ExecutionTime: 00:00:00.0016491. Term: 1. LeaderErrorCount: 0. LeaderShipDuration: 53687. Exception: 
Index: 165. Type: DeleteDatabaseCommand. ExecutionTime: 00:00:00.0009249. Term: 1. LeaderErrorCount: 0. LeaderShipDuration: 53811. Exception: 
Index: 166. Type: RemoveNodeFromDatabaseCommand. ExecutionTime: 00:00:00.0006232. Term: 1. LeaderErrorCount: 0. LeaderShipDuration: 53851. Exception: 
Index: 167. Type: AddDatabaseCommand. ExecutionTime: 00:00:00.0012253. Term: 1. LeaderErrorCount: 0. LeaderShipDuration: 53878. Exception: 
Index: 168. Type: DeleteDatabaseCommand. ExecutionTime: 00:00:00.0008575. Term: 1. LeaderErrorCount: 0. LeaderShipDuration: 54273. Exception: 
Index: 169. Type: RemoveNodeFromDatabaseCommand. ExecutionTime: 00:00:00.0006451. Term: 1. LeaderErrorCount: 0. LeaderShipDuration: 54327. Exception: 
Index: 170. Type: AddDatabaseCommand. ExecutionTime: 00:00:00.0015937. Term: 1. LeaderErrorCount: 0. LeaderShipDuration: 54359. Exception: 
Index: 171. Type: PutAutoIndexCommand. ExecutionTime: 00:00:00.0012023. Term: 1. LeaderErrorCount: 0. LeaderShipDuration: 54530. Exception: 
Index: 172. Type: DeleteDatabaseCommand. ExecutionTime: 00:00:00.0011078. Term: 1. LeaderErrorCount: 0. LeaderShipDuration: 54593. Exception: 
Index: 173. Type: RemoveNodeFromDatabaseCommand. ExecutionTime: 00:00:00.0006514. Term: 1. LeaderErrorCount: 0. LeaderShipDuration: 54629. Exception: 
Index: 174. Type: AddDatabaseCommand. ExecutionTime: 00:00:00.0012430. Term: 1. LeaderErrorCount: 0. LeaderShipDuration: 54645. Exception: 
Index: 175. Type: DeleteDatabaseCommand. ExecutionTime: 00:00:00.0012952. Term: 1. LeaderErrorCount: 0. LeaderShipDuration: 54733. Exception: 
Index: 176. Type: RemoveNodeFromDatabaseCommand. ExecutionTime: 00:00:00.0006057. Term: 1. LeaderErrorCount: 0. LeaderShipDuration: 54754. Exception: 
Index: 177. Type: AddDatabaseCommand. ExecutionTime: 00:00:00.0013221. Term: 1. LeaderErrorCount: 0. LeaderShipDuration: 54770. Exception: 
Index: 178. Type: DeleteDatabaseCommand. ExecutionTime: 00:00:00.0008978. Term: 1. LeaderErrorCount: 0. LeaderShipDuration: 55017. Exception: 
Index: 179. Type: RemoveNodeFromDatabaseCommand. ExecutionTime: 00:00:00.0005666. Term: 1. LeaderErrorCount: 0. LeaderShipDuration: 55055. Exception: 
Index: 180. Type: AddDatabaseCommand. ExecutionTime: 00:00:00.0012667. Term: 1. LeaderErrorCount: 0. LeaderShipDuration: 55074. Exception: 
Index: 181. Type: DeleteDatabaseCommand. ExecutionTime: 00:00:00.0009205. Term: 1. LeaderErrorCount: 0. LeaderShipDuration: 55149. Exception: 
Index: 182. Type: RemoveNodeFromDatabaseCommand. ExecutionTime: 00:00:00.0006103. Term: 1. LeaderErrorCount: 0. LeaderShipDuration: 55183. Exception: 
Index: 183. Type: AddDatabaseCommand. ExecutionTime: 00:00:00.0013188. Term: 1. LeaderErrorCount: 0. LeaderShipDuration: 55204. Exception: 
Index: 184. Type: DeleteDatabaseCommand. ExecutionTime: 00:00:00.0009297. Term: 1. LeaderErrorCount: 0. LeaderShipDuration: 55393. Exception: 
Index: 185. Type: RemoveNodeFromDatabaseCommand. ExecutionTime: 00:00:00.0006730. Term: 1. LeaderErrorCount: 0. LeaderShipDuration: 55428. Exception: 
Index: 186. Type: AddDatabaseCommand. ExecutionTime: 00:00:00.0013756. Term: 1. LeaderErrorCount: 0. LeaderShipDuration: 55444. Exception: 
Index: 187. Type: DeleteDatabaseCommand. ExecutionTime: 00:00:00.0010006. Term: 1. LeaderErrorCount: 0. LeaderShipDuration: 55543. Exception: 
Index: 188. Type: RemoveNodeFromDatabaseCommand. ExecutionTime: 00:00:00.0005000. Term: 1. LeaderErrorCount: 0. LeaderShipDuration: 55573. Exception: 
Index: 189. Type: AddDatabaseCommand. ExecutionTime: 00:00:00.0013062. Term: 1. LeaderErrorCount: 0. LeaderShipDuration: 55595. Exception: 
Index: 190. Type: DeleteDatabaseCommand. ExecutionTime: 00:00:00.0008826. Term: 1. LeaderErrorCount: 0. LeaderShipDuration: 55747. Exception: 
Index: 191. Type: RemoveNodeFromDatabaseCommand. ExecutionTime: 00:00:00.0005553. Term: 1. LeaderErrorCount: 0. LeaderShipDuration: 55885. Exception: 
Index: 192. Type: AddDatabaseCommand. ExecutionTime: 00:00:00.0012625. Term: 1. LeaderErrorCount: 0. LeaderShipDuration: 55904. Exception: 
Index: 193. Type: DeleteDatabaseCommand. ExecutionTime: 00:00:00.0009144. Term: 1. LeaderErrorCount: 0. LeaderShipDuration: 55982. Exception: 
Index: 194. Type: RemoveNodeFromDatabaseCommand. ExecutionTime: 00:00:00.0005237. Term: 1. LeaderErrorCount: 0. LeaderShipDuration: 56009. Exception: 
Index: 195. Type: AddDatabaseCommand. ExecutionTime: 00:00:00.0017578. Term: 1. LeaderErrorCount: 0. LeaderShipDuration: 56024. Exception: 
Index: 196. Type: Error. ExecutionTime: 00:00:00. Term: 1. LeaderErrorCount: 0. LeaderShipDuration: 73351. Exception: Raven.Client.Exceptions.Database.DatabaseDoesNotExistException: Database 'UserManager_CanHandleRoles_45' does not exist. Could not execute update command of type 'DeleteIndexCommand'.
   at Raven.Server.ServerWide.ClusterStateMachine.UpdateDatabase(ClusterOperationContext context, String type, BlittableJsonReaderObject cmd, Int64 index, ServerStore serverStore) in /_/72003/src/Raven.Server/ServerWide/ClusterStateMachine.cs:line 2724
   at Raven.Server.ServerWide.ClusterStateMachine.Apply(ClusterOperationContext context, BlittableJsonReaderObject cmd, Int64 index, Leader leader, ServerStore serverStore) in /_/72003/src/Raven.Server/ServerWide/ClusterStateMachine.cs:line 507
--- End of stack trace from previous location ---
   at Raven.Server.Rachis.Leader.RachisMergedCommand.WaitForCommit() in /_/72003/src/Raven.Server/Rachis/Commands/Leader.RachisMergedCommand.cs:line 70
   at Raven.Server.Rachis.Leader.RachisMergedCommand.Result() in /_/72003/src/Raven.Server/Rachis/Commands/Leader.RachisMergedCommand.cs:line 53
   at Raven.Server.Rachis.Leader.PutAsync(CommandBase command, TimeSpan timeout) in /_/72003/src/Raven.Server/Rachis/Leader.cs:line 675
   at Raven.Server.Rachis.RachisConsensus.SendToLeaderAsync(CommandBase cmd, CancellationToken token) in /_/72003/src/Raven.Server/Rachis/RachisConsensus.cs:line 977
   at Raven.Server.ServerWide.ServerStore.SendToLeaderAsync(CommandBase cmd, Nullable`1 token) in /_/72003/src/Raven.Server/ServerWide/ServerStore.cs:line 3490
   at Raven.Server.Documents.Indexes.AbstractIndexDeleteController.DeleteIndexAsync(String name, String raftRequestId) in /_/72003/src/Raven.Server/Documents/Indexes/AbstractIndexDeleteController.cs:line 65
Index: 196. Type: DeleteIndexCommand. ExecutionTime: 00:00:00.0003530. Term: 1. LeaderErrorCount: 0. LeaderShipDuration: 73351. Exception: 
Index: 197. Type: Error. ExecutionTime: 00:00:00. Term: 1. LeaderErrorCount: 0. LeaderShipDuration: 73351. Exception: Raven.Client.Exceptions.Database.DatabaseDoesNotExistException: Database 'UserManager_CanHandleRoles_45' does not exist. Could not execute update command of type 'DeleteIndexCommand'.
   at Raven.Server.ServerWide.ClusterStateMachine.UpdateDatabase(ClusterOperationContext context, String type, BlittableJsonReaderObject cmd, Int64 index, ServerStore serverStore) in /_/72003/src/Raven.Server/ServerWide/ClusterStateMachine.cs:line 2724
   at Raven.Server.ServerWide.ClusterStateMachine.Apply(ClusterOperationContext context, BlittableJsonReaderObject cmd, Int64 index, Leader leader, ServerStore serverStore) in /_/72003/src/Raven.Server/ServerWide/ClusterStateMachine.cs:line 507
--- End of stack trace from previous location ---
   at Raven.Server.Rachis.Leader.RachisMergedCommand.WaitForCommit() in /_/72003/src/Raven.Server/Rachis/Commands/Leader.RachisMergedCommand.cs:line 70
   at Raven.Server.Rachis.Leader.RachisMergedCommand.Result() in /_/72003/src/Raven.Server/Rachis/Commands/Leader.RachisMergedCommand.cs:line 53
   at Raven.Server.Rachis.Leader.PutAsync(CommandBase command, TimeSpan timeout) in /_/72003/src/Raven.Server/Rachis/Leader.cs:line 675
   at Raven.Server.Rachis.RachisConsensus.SendToLeaderAsync(CommandBase cmd, CancellationToken token) in /_/72003/src/Raven.Server/Rachis/RachisConsensus.cs:line 977
   at Raven.Server.ServerWide.ServerStore.SendToLeaderAsync(CommandBase cmd, Nullable`1 token) in /_/72003/src/Raven.Server/ServerWide/ServerStore.cs:line 3490
   at Raven.Server.Documents.Indexes.AbstractIndexDeleteController.DeleteIndexAsync(String name, String raftRequestId) in /_/72003/src/Raven.Server/Documents/Indexes/AbstractIndexDeleteController.cs:line 65
Index: 197. Type: DeleteIndexCommand. ExecutionTime: 00:00:00.0001295. Term: 1. LeaderErrorCount: 0. LeaderShipDuration: 73351. Exception: 
Index: 198. Type: Error. ExecutionTime: 00:00:00. Term: 1. LeaderErrorCount: 0. LeaderShipDuration: 73351. Exception: Raven.Client.Exceptions.Database.DatabaseDoesNotExistException: Database 'UserManager_ScaleAndSearchTest_32' does not exist. Could not execute update command of type 'DeleteIndexCommand'.
   at Raven.Server.ServerWide.ClusterStateMachine.UpdateDatabase(ClusterOperationContext context, String type, BlittableJsonReaderObject cmd, Int64 index, ServerStore serverStore) in /_/72003/src/Raven.Server/ServerWide/ClusterStateMachine.cs:line 2724
   at Raven.Server.ServerWide.ClusterStateMachine.Apply(ClusterOperationContext context, BlittableJsonReaderObject cmd, Int64 index, Leader leader, ServerStore serverStore) in /_/72003/src/Raven.Server/ServerWide/ClusterStateMachine.cs:line 507
--- End of stack trace from previous location ---
   at Raven.Server.Rachis.Leader.RachisMergedCommand.WaitForCommit() in /_/72003/src/Raven.Server/Rachis/Commands/Leader.RachisMergedCommand.cs:line 70
   at Raven.Server.Rachis.Leader.RachisMergedCommand.Result() in /_/72003/src/Raven.Server/Rachis/Commands/Leader.RachisMergedCommand.cs:line 53
   at Raven.Server.Rachis.Leader.PutAsync(CommandBase command, TimeSpan timeout) in /_/72003/src/Raven.Server/Rachis/Leader.cs:line 675
   at Raven.Server.Rachis.RachisConsensus.SendToLeaderAsync(CommandBase cmd, CancellationToken token) in /_/72003/src/Raven.Server/Rachis/RachisConsensus.cs:line 977
   at Raven.Server.ServerWide.ServerStore.SendToLeaderAsync(CommandBase cmd, Nullable`1 token) in /_/72003/src/Raven.Server/ServerWide/ServerStore.cs:line 3490
   at Raven.Server.Documents.Indexes.AbstractIndexDeleteController.DeleteIndexAsync(String name, String raftRequestId) in /_/72003/src/Raven.Server/Documents/Indexes/AbstractIndexDeleteController.cs:line 65
Index: 198. Type: DeleteIndexCommand. ExecutionTime: 00:00:00.0001613. Term: 1. LeaderErrorCount: 0. LeaderShipDuration: 73351. Exception: 
Index: 199. Type: Error. ExecutionTime: 00:00:00. Term: 1. LeaderErrorCount: 0. LeaderShipDuration: 73351. Exception: Raven.Client.Exceptions.Database.DatabaseDoesNotExistException: Database 'UserManager_ScaleAndSearchTest_32' does not exist. Could not execute update command of type 'DeleteIndexCommand'.
   at Raven.Server.ServerWide.ClusterStateMachine.UpdateDatabase(ClusterOperationContext context, String type, BlittableJsonReaderObject cmd, Int64 index, ServerStore serverStore) in /_/72003/src/Raven.Server/ServerWide/ClusterStateMachine.cs:line 2724
   at Raven.Server.ServerWide.ClusterStateMachine.Apply(ClusterOperationContext context, BlittableJsonReaderObject cmd, Int64 index, Leader leader, ServerStore serverStore) in /_/72003/src/Raven.Server/ServerWide/ClusterStateMachine.cs:line 507
--- End of stack trace from previous location ---
   at Raven.Server.Rachis.Leader.RachisMergedCommand.WaitForCommit() in /_/72003/src/Raven.Server/Rachis/Commands/Leader.RachisMergedCommand.cs:line 70
   at Raven.Server.Rachis.Leader.RachisMergedCommand.Result() in /_/72003/src/Raven.Server/Rachis/Commands/Leader.RachisMergedCommand.cs:line 53
   at Raven.Server.Rachis.Leader.PutAsync(CommandBase command, TimeSpan timeout) in /_/72003/src/Raven.Server/Rachis/Leader.cs:line 675
   at Raven.Server.Rachis.RachisConsensus.SendToLeaderAsync(CommandBase cmd, CancellationToken token) in /_/72003/src/Raven.Server/Rachis/RachisConsensus.cs:line 977
   at Raven.Server.ServerWide.ServerStore.SendToLeaderAsync(CommandBase cmd, Nullable`1 token) in /_/72003/src/Raven.Server/ServerWide/ServerStore.cs:line 3490
   at Raven.Server.Documents.Indexes.AbstractIndexDeleteController.DeleteIndexAsync(String name, String raftRequestId) in /_/72003/src/Raven.Server/Documents/Indexes/AbstractIndexDeleteController.cs:line 65
Index: 199. Type: DeleteIndexCommand. ExecutionTime: 00:00:00.0001693. Term: 1. LeaderErrorCount: 0. LeaderShipDuration: 73351. Exception: 
Index: 200. Type: UpdateLicenseLimitsCommand. ExecutionTime: 00:00:00.0086566. Term: 1. LeaderErrorCount: 0. LeaderShipDuration: 73365. Exception: 
Index: 201. Type: DeleteDatabaseCommand. ExecutionTime: 00:00:00.0010604. Term: 1. LeaderErrorCount: 0. LeaderShipDuration: 87071. Exception: 
Index: 202. Type: AddDatabaseCommand. ExecutionTime: 00:00:00.0067502. Term: 1. LeaderErrorCount: 0. LeaderShipDuration: 102451. Exception: 
Index: 203. Type: RemoveNodeFromDatabaseCommand. ExecutionTime: 00:00:00.0005832. Term: 1. LeaderErrorCount: 0. LeaderShipDuration: 105445. Exception: 
Index: 204. Type: AddDatabaseCommand. ExecutionTime: 00:00:00.0022586. Term: 1. LeaderErrorCount: 0. LeaderShipDuration: 124195. Exception: 

   at Raven.Server.ServerWide.AbstractRaftIndexNotifications`1.ThrowTimeoutException(TimeSpan value, Int64 index, Int64 lastModifiedIndex, Boolean isExecution) in /_/72003/src/Raven.Server/ServerWide/AbstractRaftIndexNotifications.cs:line 132
   at Raven.Server.ServerWide.AbstractRaftIndexNotifications`1.WaitForIndexNotification(Int64 index, TimeSpan timeout) in /_/72003/src/Raven.Server/ServerWide/AbstractRaftIndexNotifications.cs:line 62
   at Raven.Server.ServerWide.ClusterStateMachine.WaitForIndexNotification(Int64 index, Nullable`1 timeout) in /_/72003/src/Raven.Server/ServerWide/ClusterStateMachine.cs:line 1551
   at Raven.Server.ServerWide.ServerStore.WaitForExecutionOnRelevantNodesAsync(JsonOperationContext context, List`1 members, Int64 index) in /_/72003/src/Raven.Server/ServerWide/ServerStore.cs:line 3529
   at Raven.Server.Web.System.AdminDatabasesHandler.CreateDatabase(String name, DatabaseRecord databaseRecord, TransactionOperationContext context, Int32 replicationFactor, Nullable`1 index, String raftRequestId) in /_/72003/src/Raven.Server/Web/System/AdminDatabasesHandler.cs:line 459
   at Raven.Server.Web.System.AdminDatabasesHandler.Put() in /_/72003/src/Raven.Server/Web/System/AdminDatabasesHandler.cs:line 295
   at Raven.Server.Routing.RequestRouter.HandlePath(RequestHandlerContext reqCtx) in /_/72003/src/Raven.Server/Routing/RequestRouter.cs:line 424
   at Raven.Server.RavenServerStartup.RequestHandler(HttpContext context) in /_/72003/src/Raven.Server/RavenServerStartup.cs:line 185
The server at /admin/databases?name=CanGetTwoFactorEnabled_60&replicationFactor=1&raft-request-id=e6026eb6-8453-48a1-a123-b0be82d88ec4 responded with status code: RequestTimeout.
  Stack Trace:
     at Raven.Client.Http.RequestExecutor.ThrowFailedToContactAllNodes[TResult](RavenCommand`1 command, HttpRequestMessage request)
   at Raven.Client.Http.RequestExecutor.ExecuteAsync[TResult](ServerNode chosenNode, Nullable`1 nodeIndex, JsonOperationContext context, RavenCommand`1 command, Boolean shouldRetry, SessionInfo sessionInfo, CancellationToken token)
   at Raven.Client.Http.RequestExecutor.ExecuteAsync[TResult](ServerNode chosenNode, Nullable`1 nodeIndex, JsonOperationContext context, RavenCommand`1 command, Boolean shouldRetry, SessionInfo sessionInfo, CancellationToken token)
   at Raven.Client.ServerWide.Operations.ServerOperationExecutor.SendAsync[TResult](IServerOperation`1 operation, CancellationToken token)
   at Raven.Client.Util.AsyncHelpers.<>c__DisplayClass4_0`1.<<RunSync>b__0>d.MoveNext()
--- End of stack trace from previous location ---
   at Raven.Client.Util.AsyncHelpers.HandleException(AggregateException ex, Stopwatch sw)
   at Raven.Client.Util.AsyncHelpers.RunSync[T](Func`1 task)
   at Raven.TestDriver.RavenTestDriver.GetDocumentStore(GetDocumentStoreOptions options, String database)
   at Aero.Identity.Tests.RavenTestBase.CreateStore(String database) in C:\Users\bbqch\proj\microbians\piranha\test\Aero.Identity.Tests\RavenTestBase.cs:line 29
   at Aero.Identity.Tests.RavenUserStoreTests.CanGetTwoFactorEnabled() in C:\Users\bbqch\proj\microbians\piranha\test\Aero.Identity.Tests\RavenUserStoreTests.cs:line 811
--- End of stack trace from previous location ---
----- Inner Stack Trace -----

  Failed Aero.Identity.Tests.RavenUserStoreTests.GetUserIdAsync_ReturnsUserId [15 s]
  Error Message:
   Raven.Client.Exceptions.RavenException : System.TimeoutException: Waited for 00:00:15 but didn't get an index notification for 205. Last commit index is: 203. Number of errors is: 0.
Index: 160. Type: RemoveNodeFromDatabaseCommand. ExecutionTime: 00:00:00.0006579. Term: 1. LeaderErrorCount: 0. LeaderShipDuration: 53430. Exception: 
Index: 161. Type: AddDatabaseCommand. ExecutionTime: 00:00:00.0012578. Term: 1. LeaderErrorCount: 0. LeaderShipDuration: 53453. Exception: 
Index: 162. Type: DeleteDatabaseCommand. ExecutionTime: 00:00:00.0012372. Term: 1. LeaderErrorCount: 0. LeaderShipDuration: 53581. Exception: 
Index: 163. Type: RemoveNodeFromDatabaseCommand. ExecutionTime: 00:00:00.0005206. Term: 1. LeaderErrorCount: 0. LeaderShipDuration: 53662. Exception: 
Index: 164. Type: AddDatabaseCommand. ExecutionTime: 00:00:00.0016491. Term: 1. LeaderErrorCount: 0. LeaderShipDuration: 53687. Exception: 
Index: 165. Type: DeleteDatabaseCommand. ExecutionTime: 00:00:00.0009249. Term: 1. LeaderErrorCount: 0. LeaderShipDuration: 53811. Exception: 
Index: 166. Type: RemoveNodeFromDatabaseCommand. ExecutionTime: 00:00:00.0006232. Term: 1. LeaderErrorCount: 0. LeaderShipDuration: 53851. Exception: 
Index: 167. Type: AddDatabaseCommand. ExecutionTime: 00:00:00.0012253. Term: 1. LeaderErrorCount: 0. LeaderShipDuration: 53878. Exception: 
Index: 168. Type: DeleteDatabaseCommand. ExecutionTime: 00:00:00.0008575. Term: 1. LeaderErrorCount: 0. LeaderShipDuration: 54273. Exception: 
Index: 169. Type: RemoveNodeFromDatabaseCommand. ExecutionTime: 00:00:00.0006451. Term: 1. LeaderErrorCount: 0. LeaderShipDuration: 54327. Exception: 
Index: 170. Type: AddDatabaseCommand. ExecutionTime: 00:00:00.0015937. Term: 1. LeaderErrorCount: 0. LeaderShipDuration: 54359. Exception: 
Index: 171. Type: PutAutoIndexCommand. ExecutionTime: 00:00:00.0012023. Term: 1. LeaderErrorCount: 0. LeaderShipDuration: 54530. Exception: 
Index: 172. Type: DeleteDatabaseCommand. ExecutionTime: 00:00:00.0011078. Term: 1. LeaderErrorCount: 0. LeaderShipDuration: 54593. Exception: 
Index: 173. Type: RemoveNodeFromDatabaseCommand. ExecutionTime: 00:00:00.0006514. Term: 1. LeaderErrorCount: 0. LeaderShipDuration: 54629. Exception: 
Index: 174. Type: AddDatabaseCommand. ExecutionTime: 00:00:00.0012430. Term: 1. LeaderErrorCount: 0. LeaderShipDuration: 54645. Exception: 
Index: 175. Type: DeleteDatabaseCommand. ExecutionTime: 00:00:00.0012952. Term: 1. LeaderErrorCount: 0. LeaderShipDuration: 54733. Exception: 
Index: 176. Type: RemoveNodeFromDatabaseCommand. ExecutionTime: 00:00:00.0006057. Term: 1. LeaderErrorCount: 0. LeaderShipDuration: 54754. Exception: 
Index: 177. Type: AddDatabaseCommand. ExecutionTime: 00:00:00.0013221. Term: 1. LeaderErrorCount: 0. LeaderShipDuration: 54770. Exception: 
Index: 178. Type: DeleteDatabaseCommand. ExecutionTime: 00:00:00.0008978. Term: 1. LeaderErrorCount: 0. LeaderShipDuration: 55017. Exception: 
Index: 179. Type: RemoveNodeFromDatabaseCommand. ExecutionTime: 00:00:00.0005666. Term: 1. LeaderErrorCount: 0. LeaderShipDuration: 55055. Exception: 
Index: 180. Type: AddDatabaseCommand. ExecutionTime: 00:00:00.0012667. Term: 1. LeaderErrorCount: 0. LeaderShipDuration: 55074. Exception: 
Index: 181. Type: DeleteDatabaseCommand. ExecutionTime: 00:00:00.0009205. Term: 1. LeaderErrorCount: 0. LeaderShipDuration: 55149. Exception: 
Index: 182. Type: RemoveNodeFromDatabaseCommand. ExecutionTime: 00:00:00.0006103. Term: 1. LeaderErrorCount: 0. LeaderShipDuration: 55183. Exception: 
Index: 183. Type: AddDatabaseCommand. ExecutionTime: 00:00:00.0013188. Term: 1. LeaderErrorCount: 0. LeaderShipDuration: 55204. Exception: 
Index: 184. Type: DeleteDatabaseCommand. ExecutionTime: 00:00:00.0009297. Term: 1. LeaderErrorCount: 0. LeaderShipDuration: 55393. Exception: 
Index: 185. Type: RemoveNodeFromDatabaseCommand. ExecutionTime: 00:00:00.0006730. Term: 1. LeaderErrorCount: 0. LeaderShipDuration: 55428. Exception: 
Index: 186. Type: AddDatabaseCommand. ExecutionTime: 00:00:00.0013756. Term: 1. LeaderErrorCount: 0. LeaderShipDuration: 55444. Exception: 
Index: 187. Type: DeleteDatabaseCommand. ExecutionTime: 00:00:00.0010006. Term: 1. LeaderErrorCount: 0. LeaderShipDuration: 55543. Exception: 
Index: 188. Type: RemoveNodeFromDatabaseCommand. ExecutionTime: 00:00:00.0005000. Term: 1. LeaderErrorCount: 0. LeaderShipDuration: 55573. Exception: 
Index: 189. Type: AddDatabaseCommand. ExecutionTime: 00:00:00.0013062. Term: 1. LeaderErrorCount: 0. LeaderShipDuration: 55595. Exception: 
Index: 190. Type: DeleteDatabaseCommand. ExecutionTime: 00:00:00.0008826. Term: 1. LeaderErrorCount: 0. LeaderShipDuration: 55747. Exception: 
Index: 191. Type: RemoveNodeFromDatabaseCommand. ExecutionTime: 00:00:00.0005553. Term: 1. LeaderErrorCount: 0. LeaderShipDuration: 55885. Exception: 
Index: 192. Type: AddDatabaseCommand. ExecutionTime: 00:00:00.0012625. Term: 1. LeaderErrorCount: 0. LeaderShipDuration: 55904. Exception: 
Index: 193. Type: DeleteDatabaseCommand. ExecutionTime: 00:00:00.0009144. Term: 1. LeaderErrorCount: 0. LeaderShipDuration: 55982. Exception: 
Index: 194. Type: RemoveNodeFromDatabaseCommand. ExecutionTime: 00:00:00.0005237. Term: 1. LeaderErrorCount: 0. LeaderShipDuration: 56009. Exception: 
Index: 195. Type: AddDatabaseCommand. ExecutionTime: 00:00:00.0017578. Term: 1. LeaderErrorCount: 0. LeaderShipDuration: 56024. Exception: 
Index: 196. Type: Error. ExecutionTime: 00:00:00. Term: 1. LeaderErrorCount: 0. LeaderShipDuration: 73351. Exception: Raven.Client.Exceptions.Database.DatabaseDoesNotExistException: Database 'UserManager_CanHandleRoles_45' does not exist. Could not execute update command of type 'DeleteIndexCommand'.
   at Raven.Server.ServerWide.ClusterStateMachine.UpdateDatabase(ClusterOperationContext context, String type, BlittableJsonReaderObject cmd, Int64 index, ServerStore serverStore) in /_/72003/src/Raven.Server/ServerWide/ClusterStateMachine.cs:line 2724
   at Raven.Server.ServerWide.ClusterStateMachine.Apply(ClusterOperationContext context, BlittableJsonReaderObject cmd, Int64 index, Leader leader, ServerStore serverStore) in /_/72003/src/Raven.Server/ServerWide/ClusterStateMachine.cs:line 507
--- End of stack trace from previous location ---
   at Raven.Server.Rachis.Leader.RachisMergedCommand.WaitForCommit() in /_/72003/src/Raven.Server/Rachis/Commands/Leader.RachisMergedCommand.cs:line 70
   at Raven.Server.Rachis.Leader.RachisMergedCommand.Result() in /_/72003/src/Raven.Server/Rachis/Commands/Leader.RachisMergedCommand.cs:line 53
   at Raven.Server.Rachis.Leader.PutAsync(CommandBase command, TimeSpan timeout) in /_/72003/src/Raven.Server/Rachis/Leader.cs:line 675
   at Raven.Server.Rachis.RachisConsensus.SendToLeaderAsync(CommandBase cmd, CancellationToken token) in /_/72003/src/Raven.Server/Rachis/RachisConsensus.cs:line 977
   at Raven.Server.ServerWide.ServerStore.SendToLeaderAsync(CommandBase cmd, Nullable`1 token) in /_/72003/src/Raven.Server/ServerWide/ServerStore.cs:line 3490
   at Raven.Server.Documents.Indexes.AbstractIndexDeleteController.DeleteIndexAsync(String name, String raftRequestId) in /_/72003/src/Raven.Server/Documents/Indexes/AbstractIndexDeleteController.cs:line 65
Index: 196. Type: DeleteIndexCommand. ExecutionTime: 00:00:00.0003530. Term: 1. LeaderErrorCount: 0. LeaderShipDuration: 73351. Exception: 
Index: 197. Type: Error. ExecutionTime: 00:00:00. Term: 1. LeaderErrorCount: 0. LeaderShipDuration: 73351. Exception: Raven.Client.Exceptions.Database.DatabaseDoesNotExistException: Database 'UserManager_CanHandleRoles_45' does not exist. Could not execute update command of type 'DeleteIndexCommand'.
   at Raven.Server.ServerWide.ClusterStateMachine.UpdateDatabase(ClusterOperationContext context, String type, BlittableJsonReaderObject cmd, Int64 index, ServerStore serverStore) in /_/72003/src/Raven.Server/ServerWide/ClusterStateMachine.cs:line 2724
   at Raven.Server.ServerWide.ClusterStateMachine.Apply(ClusterOperationContext context, BlittableJsonReaderObject cmd, Int64 index, Leader leader, ServerStore serverStore) in /_/72003/src/Raven.Server/ServerWide/ClusterStateMachine.cs:line 507
--- End of stack trace from previous location ---
   at Raven.Server.Rachis.Leader.RachisMergedCommand.WaitForCommit() in /_/72003/src/Raven.Server/Rachis/Commands/Leader.RachisMergedCommand.cs:line 70
   at Raven.Server.Rachis.Leader.RachisMergedCommand.Result() in /_/72003/src/Raven.Server/Rachis/Commands/Leader.RachisMergedCommand.cs:line 53
   at Raven.Server.Rachis.Leader.PutAsync(CommandBase command, TimeSpan timeout) in /_/72003/src/Raven.Server/Rachis/Leader.cs:line 675
   at Raven.Server.Rachis.RachisConsensus.SendToLeaderAsync(CommandBase cmd, CancellationToken token) in /_/72003/src/Raven.Server/Rachis/RachisConsensus.cs:line 977
   at Raven.Server.ServerWide.ServerStore.SendToLeaderAsync(CommandBase cmd, Nullable`1 token) in /_/72003/src/Raven.Server/ServerWide/ServerStore.cs:line 3490
   at Raven.Server.Documents.Indexes.AbstractIndexDeleteController.DeleteIndexAsync(String name, String raftRequestId) in /_/72003/src/Raven.Server/Documents/Indexes/AbstractIndexDeleteController.cs:line 65
Index: 197. Type: DeleteIndexCommand. ExecutionTime: 00:00:00.0001295. Term: 1. LeaderErrorCount: 0. LeaderShipDuration: 73351. Exception: 
Index: 198. Type: Error. ExecutionTime: 00:00:00. Term: 1. LeaderErrorCount: 0. LeaderShipDuration: 73351. Exception: Raven.Client.Exceptions.Database.DatabaseDoesNotExistException: Database 'UserManager_ScaleAndSearchTest_32' does not exist. Could not execute update command of type 'DeleteIndexCommand'.
   at Raven.Server.ServerWide.ClusterStateMachine.UpdateDatabase(ClusterOperationContext context, String type, BlittableJsonReaderObject cmd, Int64 index, ServerStore serverStore) in /_/72003/src/Raven.Server/ServerWide/ClusterStateMachine.cs:line 2724
   at Raven.Server.ServerWide.ClusterStateMachine.Apply(ClusterOperationContext context, BlittableJsonReaderObject cmd, Int64 index, Leader leader, ServerStore serverStore) in /_/72003/src/Raven.Server/ServerWide/ClusterStateMachine.cs:line 507
--- End of stack trace from previous location ---
   at Raven.Server.Rachis.Leader.RachisMergedCommand.WaitForCommit() in /_/72003/src/Raven.Server/Rachis/Commands/Leader.RachisMergedCommand.cs:line 70
   at Raven.Server.Rachis.Leader.RachisMergedCommand.Result() in /_/72003/src/Raven.Server/Rachis/Commands/Leader.RachisMergedCommand.cs:line 53
   at Raven.Server.Rachis.Leader.PutAsync(CommandBase command, TimeSpan timeout) in /_/72003/src/Raven.Server/Rachis/Leader.cs:line 675
   at Raven.Server.Rachis.RachisConsensus.SendToLeaderAsync(CommandBase cmd, CancellationToken token) in /_/72003/src/Raven.Server/Rachis/RachisConsensus.cs:line 977
   at Raven.Server.ServerWide.ServerStore.SendToLeaderAsync(CommandBase cmd, Nullable`1 token) in /_/72003/src/Raven.Server/ServerWide/ServerStore.cs:line 3490
   at Raven.Server.Documents.Indexes.AbstractIndexDeleteController.DeleteIndexAsync(String name, String raftRequestId) in /_/72003/src/Raven.Server/Documents/Indexes/AbstractIndexDeleteController.cs:line 65
Index: 198. Type: DeleteIndexCommand. ExecutionTime: 00:00:00.0001613. Term: 1. LeaderErrorCount: 0. LeaderShipDuration: 73351. Exception: 
Index: 199. Type: Error. ExecutionTime: 00:00:00. Term: 1. LeaderErrorCount: 0. LeaderShipDuration: 73351. Exception: Raven.Client.Exceptions.Database.DatabaseDoesNotExistException: Database 'UserManager_ScaleAndSearchTest_32' does not exist. Could not execute update command of type 'DeleteIndexCommand'.
   at Raven.Server.ServerWide.ClusterStateMachine.UpdateDatabase(ClusterOperationContext context, String type, BlittableJsonReaderObject cmd, Int64 index, ServerStore serverStore) in /_/72003/src/Raven.Server/ServerWide/ClusterStateMachine.cs:line 2724
   at Raven.Server.ServerWide.ClusterStateMachine.Apply(ClusterOperationContext context, BlittableJsonReaderObject cmd, Int64 index, Leader leader, ServerStore serverStore) in /_/72003/src/Raven.Server/ServerWide/ClusterStateMachine.cs:line 507
--- End of stack trace from previous location ---
   at Raven.Server.Rachis.Leader.RachisMergedCommand.WaitForCommit() in /_/72003/src/Raven.Server/Rachis/Commands/Leader.RachisMergedCommand.cs:line 70
   at Raven.Server.Rachis.Leader.RachisMergedCommand.Result() in /_/72003/src/Raven.Server/Rachis/Commands/Leader.RachisMergedCommand.cs:line 53
   at Raven.Server.Rachis.Leader.PutAsync(CommandBase command, TimeSpan timeout) in /_/72003/src/Raven.Server/Rachis/Leader.cs:line 675
   at Raven.Server.Rachis.RachisConsensus.SendToLeaderAsync(CommandBase cmd, CancellationToken token) in /_/72003/src/Raven.Server/Rachis/RachisConsensus.cs:line 977
   at Raven.Server.ServerWide.ServerStore.SendToLeaderAsync(CommandBase cmd, Nullable`1 token) in /_/72003/src/Raven.Server/ServerWide/ServerStore.cs:line 3490
   at Raven.Server.Documents.Indexes.AbstractIndexDeleteController.DeleteIndexAsync(String name, String raftRequestId) in /_/72003/src/Raven.Server/Documents/Indexes/AbstractIndexDeleteController.cs:line 65
Index: 199. Type: DeleteIndexCommand. ExecutionTime: 00:00:00.0001693. Term: 1. LeaderErrorCount: 0. LeaderShipDuration: 73351. Exception: 
Index: 200. Type: UpdateLicenseLimitsCommand. ExecutionTime: 00:00:00.0086566. Term: 1. LeaderErrorCount: 0. LeaderShipDuration: 73365. Exception: 
Index: 201. Type: DeleteDatabaseCommand. ExecutionTime: 00:00:00.0010604. Term: 1. LeaderErrorCount: 0. LeaderShipDuration: 87071. Exception: 
Index: 202. Type: AddDatabaseCommand. ExecutionTime: 00:00:00.0067502. Term: 1. LeaderErrorCount: 0. LeaderShipDuration: 102451. Exception: 
Index: 203. Type: RemoveNodeFromDatabaseCommand. ExecutionTime: 00:00:00.0005832. Term: 1. LeaderErrorCount: 0. LeaderShipDuration: 105445. Exception: 
Index: 204. Type: AddDatabaseCommand. ExecutionTime: 00:00:00.0022586. Term: 1. LeaderErrorCount: 0. LeaderShipDuration: 124195. Exception: 
Index: 205. Type: AddDatabaseCommand. ExecutionTime: 00:00:00.0021748. Term: 1. LeaderErrorCount: 0. LeaderShipDuration: 138953. Exception: 

   at Raven.Server.ServerWide.AbstractRaftIndexNotifications`1.ThrowTimeoutException(TimeSpan value, Int64 index, Int64 lastModifiedIndex, Boolean isExecution) in /_/72003/src/Raven.Server/ServerWide/AbstractRaftIndexNotifications.cs:line 132
   at Raven.Server.ServerWide.AbstractRaftIndexNotifications`1.WaitForIndexNotification(Int64 index, TimeSpan timeout) in /_/72003/src/Raven.Server/ServerWide/AbstractRaftIndexNotifications.cs:line 62
   at Raven.Server.ServerWide.ClusterStateMachine.WaitForIndexNotification(Int64 index, Nullable`1 timeout) in /_/72003/src/Raven.Server/ServerWide/ClusterStateMachine.cs:line 1551
   at Raven.Server.ServerWide.ServerStore.WaitForExecutionOnRelevantNodesAsync(JsonOperationContext context, List`1 members, Int64 index) in /_/72003/src/Raven.Server/ServerWide/ServerStore.cs:line 3529
   at Raven.Server.Web.System.AdminDatabasesHandler.CreateDatabase(String name, DatabaseRecord databaseRecord, TransactionOperationContext context, Int32 replicationFactor, Nullable`1 index, String raftRequestId) in /_/72003/src/Raven.Server/Web/System/AdminDatabasesHandler.cs:line 459
   at Raven.Server.Web.System.AdminDatabasesHandler.Put() in /_/72003/src/Raven.Server/Web/System/AdminDatabasesHandler.cs:line 295
   at Raven.Server.Routing.RequestRouter.HandlePath(RequestHandlerContext reqCtx) in /_/72003/src/Raven.Server/Routing/RequestRouter.cs:line 424
   at Raven.Server.RavenServerStartup.RequestHandler(HttpContext context) in /_/72003/src/Raven.Server/RavenServerStartup.cs:line 185
The server at /admin/databases?name=GetUserIdAsync_ReturnsUserId_61&replicationFactor=1&raft-request-id=b7fd8cfa-0778-490c-b4a9-e96515f69052 responded with status code: RequestTimeout.
---- System.TimeoutException : System.TimeoutException: Waited for 00:00:15 but didn't get an index notification for 205. Last commit index is: 203. Number of errors is: 0.
Index: 160. Type: RemoveNodeFromDatabaseCommand. ExecutionTime: 00:00:00.0006579. Term: 1. LeaderErrorCount: 0. LeaderShipDuration: 53430. Exception: 
Index: 161. Type: AddDatabaseCommand. ExecutionTime: 00:00:00.0012578. Term: 1. LeaderErrorCount: 0. LeaderShipDuration: 53453. Exception: 
Index: 162. Type: DeleteDatabaseCommand. ExecutionTime: 00:00:00.0012372. Term: 1. LeaderErrorCount: 0. LeaderShipDuration: 53581. Exception: 
Index: 163. Type: RemoveNodeFromDatabaseCommand. ExecutionTime: 00:00:00.0005206. Term: 1. LeaderErrorCount: 0. LeaderShipDuration: 53662. Exception: 
Index: 164. Type: AddDatabaseCommand. ExecutionTime: 00:00:00.0016491. Term: 1. LeaderErrorCount: 0. LeaderShipDuration: 53687. Exception: 
Index: 165. Type: DeleteDatabaseCommand. ExecutionTime: 00:00:00.0009249. Term: 1. LeaderErrorCount: 0. LeaderShipDuration: 53811. Exception: 
Index: 166. Type: RemoveNodeFromDatabaseCommand. ExecutionTime: 00:00:00.0006232. Term: 1. LeaderErrorCount: 0. LeaderShipDuration: 53851. Exception: 
Index: 167. Type: AddDatabaseCommand. ExecutionTime: 00:00:00.0012253. Term: 1. LeaderErrorCount: 0. LeaderShipDuration: 53878. Exception: 
Index: 168. Type: DeleteDatabaseCommand. ExecutionTime: 00:00:00.0008575. Term: 1. LeaderErrorCount: 0. LeaderShipDuration: 54273. Exception: 
Index: 169. Type: RemoveNodeFromDatabaseCommand. ExecutionTime: 00:00:00.0006451. Term: 1. LeaderErrorCount: 0. LeaderShipDuration: 54327. Exception: 
Index: 170. Type: AddDatabaseCommand. ExecutionTime: 00:00:00.0015937. Term: 1. LeaderErrorCount: 0. LeaderShipDuration: 54359. Exception: 
Index: 171. Type: PutAutoIndexCommand. ExecutionTime: 00:00:00.0012023. Term: 1. LeaderErrorCount: 0. LeaderShipDuration: 54530. Exception: 
Index: 172. Type: DeleteDatabaseCommand. ExecutionTime: 00:00:00.0011078. Term: 1. LeaderErrorCount: 0. LeaderShipDuration: 54593. Exception: 
Index: 173. Type: RemoveNodeFromDatabaseCommand. ExecutionTime: 00:00:00.0006514. Term: 1. LeaderErrorCount: 0. LeaderShipDuration: 54629. Exception: 
Index: 174. Type: AddDatabaseCommand. ExecutionTime: 00:00:00.0012430. Term: 1. LeaderErrorCount: 0. LeaderShipDuration: 54645. Exception: 
Index: 175. Type: DeleteDatabaseCommand. ExecutionTime: 00:00:00.0012952. Term: 1. LeaderErrorCount: 0. LeaderShipDuration: 54733. Exception: 
Index: 176. Type: RemoveNodeFromDatabaseCommand. ExecutionTime: 00:00:00.0006057. Term: 1. LeaderErrorCount: 0. LeaderShipDuration: 54754. Exception: 
Index: 177. Type: AddDatabaseCommand. ExecutionTime: 00:00:00.0013221. Term: 1. LeaderErrorCount: 0. LeaderShipDuration: 54770. Exception: 
Index: 178. Type: DeleteDatabaseCommand. ExecutionTime: 00:00:00.0008978. Term: 1. LeaderErrorCount: 0. LeaderShipDuration: 55017. Exception: 
Index: 179. Type: RemoveNodeFromDatabaseCommand. ExecutionTime: 00:00:00.0005666. Term: 1. LeaderErrorCount: 0. LeaderShipDuration: 55055. Exception: 
Index: 180. Type: AddDatabaseCommand. ExecutionTime: 00:00:00.0012667. Term: 1. LeaderErrorCount: 0. LeaderShipDuration: 55074. Exception: 
Index: 181. Type: DeleteDatabaseCommand. ExecutionTime: 00:00:00.0009205. Term: 1. LeaderErrorCount: 0. LeaderShipDuration: 55149. Exception: 
Index: 182. Type: RemoveNodeFromDatabaseCommand. ExecutionTime: 00:00:00.0006103. Term: 1. LeaderErrorCount: 0. LeaderShipDuration: 55183. Exception: 
Index: 183. Type: AddDatabaseCommand. ExecutionTime: 00:00:00.0013188. Term: 1. LeaderErrorCount: 0. LeaderShipDuration: 55204. Exception: 
Index: 184. Type: DeleteDatabaseCommand. ExecutionTime: 00:00:00.0009297. Term: 1. LeaderErrorCount: 0. LeaderShipDuration: 55393. Exception: 
Index: 185. Type: RemoveNodeFromDatabaseCommand. ExecutionTime: 00:00:00.0006730. Term: 1. LeaderErrorCount: 0. LeaderShipDuration: 55428. Exception: 
Index: 186. Type: AddDatabaseCommand. ExecutionTime: 00:00:00.0013756. Term: 1. LeaderErrorCount: 0. LeaderShipDuration: 55444. Exception: 
Index: 187. Type: DeleteDatabaseCommand. ExecutionTime: 00:00:00.0010006. Term: 1. LeaderErrorCount: 0. LeaderShipDuration: 55543. Exception: 
Index: 188. Type: RemoveNodeFromDatabaseCommand. ExecutionTime: 00:00:00.0005000. Term: 1. LeaderErrorCount: 0. LeaderShipDuration: 55573. Exception: 
Index: 189. Type: AddDatabaseCommand. ExecutionTime: 00:00:00.0013062. Term: 1. LeaderErrorCount: 0. LeaderShipDuration: 55595. Exception: 
Index: 190. Type: DeleteDatabaseCommand. ExecutionTime: 00:00:00.0008826. Term: 1. LeaderErrorCount: 0. LeaderShipDuration: 55747. Exception: 
Index: 191. Type: RemoveNodeFromDatabaseCommand. ExecutionTime: 00:00:00.0005553. Term: 1. LeaderErrorCount: 0. LeaderShipDuration: 55885. Exception: 
Index: 192. Type: AddDatabaseCommand. ExecutionTime: 00:00:00.0012625. Term: 1. LeaderErrorCount: 0. LeaderShipDuration: 55904. Exception: 
Index: 193. Type: DeleteDatabaseCommand. ExecutionTime: 00:00:00.0009144. Term: 1. LeaderErrorCount: 0. LeaderShipDuration: 55982. Exception: 
Index: 194. Type: RemoveNodeFromDatabaseCommand. ExecutionTime: 00:00:00.0005237. Term: 1. LeaderErrorCount: 0. LeaderShipDuration: 56009. Exception: 
Index: 195. Type: AddDatabaseCommand. ExecutionTime: 00:00:00.0017578. Term: 1. LeaderErrorCount: 0. LeaderShipDuration: 56024. Exception: 
Index: 196. Type: Error. ExecutionTime: 00:00:00. Term: 1. LeaderErrorCount: 0. LeaderShipDuration: 73351. Exception: Raven.Client.Exceptions.Database.DatabaseDoesNotExistException: Database 'UserManager_CanHandleRoles_45' does not exist. Could not execute update command of type 'DeleteIndexCommand'.
   at Raven.Server.ServerWide.ClusterStateMachine.UpdateDatabase(ClusterOperationContext context, String type, BlittableJsonReaderObject cmd, Int64 index, ServerStore serverStore) in /_/72003/src/Raven.Server/ServerWide/ClusterStateMachine.cs:line 2724
   at Raven.Server.ServerWide.ClusterStateMachine.Apply(ClusterOperationContext context, BlittableJsonReaderObject cmd, Int64 index, Leader leader, ServerStore serverStore) in /_/72003/src/Raven.Server/ServerWide/ClusterStateMachine.cs:line 507
--- End of stack trace from previous location ---
   at Raven.Server.Rachis.Leader.RachisMergedCommand.WaitForCommit() in /_/72003/src/Raven.Server/Rachis/Commands/Leader.RachisMergedCommand.cs:line 70
   at Raven.Server.Rachis.Leader.RachisMergedCommand.Result() in /_/72003/src/Raven.Server/Rachis/Commands/Leader.RachisMergedCommand.cs:line 53
   at Raven.Server.Rachis.Leader.PutAsync(CommandBase command, TimeSpan timeout) in /_/72003/src/Raven.Server/Rachis/Leader.cs:line 675
   at Raven.Server.Rachis.RachisConsensus.SendToLeaderAsync(CommandBase cmd, CancellationToken token) in /_/72003/src/Raven.Server/Rachis/RachisConsensus.cs:line 977
   at Raven.Server.ServerWide.ServerStore.SendToLeaderAsync(CommandBase cmd, Nullable`1 token) in /_/72003/src/Raven.Server/ServerWide/ServerStore.cs:line 3490
   at Raven.Server.Documents.Indexes.AbstractIndexDeleteController.DeleteIndexAsync(String name, String raftRequestId) in /_/72003/src/Raven.Server/Documents/Indexes/AbstractIndexDeleteController.cs:line 65
Index: 196. Type: DeleteIndexCommand. ExecutionTime: 00:00:00.0003530. Term: 1. LeaderErrorCount: 0. LeaderShipDuration: 73351. Exception: 
Index: 197. Type: Error. ExecutionTime: 00:00:00. Term: 1. LeaderErrorCount: 0. LeaderShipDuration: 73351. Exception: Raven.Client.Exceptions.Database.DatabaseDoesNotExistException: Database 'UserManager_CanHandleRoles_45' does not exist. Could not execute update command of type 'DeleteIndexCommand'.
   at Raven.Server.ServerWide.ClusterStateMachine.UpdateDatabase(ClusterOperationContext context, String type, BlittableJsonReaderObject cmd, Int64 index, ServerStore serverStore) in /_/72003/src/Raven.Server/ServerWide/ClusterStateMachine.cs:line 2724
   at Raven.Server.ServerWide.ClusterStateMachine.Apply(ClusterOperationContext context, BlittableJsonReaderObject cmd, Int64 index, Leader leader, ServerStore serverStore) in /_/72003/src/Raven.Server/ServerWide/ClusterStateMachine.cs:line 507
--- End of stack trace from previous location ---
   at Raven.Server.Rachis.Leader.RachisMergedCommand.WaitForCommit() in /_/72003/src/Raven.Server/Rachis/Commands/Leader.RachisMergedCommand.cs:line 70
   at Raven.Server.Rachis.Leader.RachisMergedCommand.Result() in /_/72003/src/Raven.Server/Rachis/Commands/Leader.RachisMergedCommand.cs:line 53
   at Raven.Server.Rachis.Leader.PutAsync(CommandBase command, TimeSpan timeout) in /_/72003/src/Raven.Server/Rachis/Leader.cs:line 675
   at Raven.Server.Rachis.RachisConsensus.SendToLeaderAsync(CommandBase cmd, CancellationToken token) in /_/72003/src/Raven.Server/Rachis/RachisConsensus.cs:line 977
   at Raven.Server.ServerWide.ServerStore.SendToLeaderAsync(CommandBase cmd, Nullable`1 token) in /_/72003/src/Raven.Server/ServerWide/ServerStore.cs:line 3490
   at Raven.Server.Documents.Indexes.AbstractIndexDeleteController.DeleteIndexAsync(String name, String raftRequestId) in /_/72003/src/Raven.Server/Documents/Indexes/AbstractIndexDeleteController.cs:line 65
Index: 197. Type: DeleteIndexCommand. ExecutionTime: 00:00:00.0001295. Term: 1. LeaderErrorCount: 0. LeaderShipDuration: 73351. Exception: 
Index: 198. Type: Error. ExecutionTime: 00:00:00. Term: 1. LeaderErrorCount: 0. LeaderShipDuration: 73351. Exception: Raven.Client.Exceptions.Database.DatabaseDoesNotExistException: Database 'UserManager_ScaleAndSearchTest_32' does not exist. Could not execute update command of type 'DeleteIndexCommand'.
   at Raven.Server.ServerWide.ClusterStateMachine.UpdateDatabase(ClusterOperationContext context, String type, BlittableJsonReaderObject cmd, Int64 index, ServerStore serverStore) in /_/72003/src/Raven.Server/ServerWide/ClusterStateMachine.cs:line 2724
   at Raven.Server.ServerWide.ClusterStateMachine.Apply(ClusterOperationContext context, BlittableJsonReaderObject cmd, Int64 index, Leader leader, ServerStore serverStore) in /_/72003/src/Raven.Server/ServerWide/ClusterStateMachine.cs:line 507
--- End of stack trace from previous location ---
   at Raven.Server.Rachis.Leader.RachisMergedCommand.WaitForCommit() in /_/72003/src/Raven.Server/Rachis/Commands/Leader.RachisMergedCommand.cs:line 70
   at Raven.Server.Rachis.Leader.RachisMergedCommand.Result() in /_/72003/src/Raven.Server/Rachis/Commands/Leader.RachisMergedCommand.cs:line 53
   at Raven.Server.Rachis.Leader.PutAsync(CommandBase command, TimeSpan timeout) in /_/72003/src/Raven.Server/Rachis/Leader.cs:line 675
   at Raven.Server.Rachis.RachisConsensus.SendToLeaderAsync(CommandBase cmd, CancellationToken token) in /_/72003/src/Raven.Server/Rachis/RachisConsensus.cs:line 977
   at Raven.Server.ServerWide.ServerStore.SendToLeaderAsync(CommandBase cmd, Nullable`1 token) in /_/72003/src/Raven.Server/ServerWide/ServerStore.cs:line 3490
   at Raven.Server.Documents.Indexes.AbstractIndexDeleteController.DeleteIndexAsync(String name, String raftRequestId) in /_/72003/src/Raven.Server/Documents/Indexes/AbstractIndexDeleteController.cs:line 65
Index: 198. Type: DeleteIndexCommand. ExecutionTime: 00:00:00.0001613. Term: 1. LeaderErrorCount: 0. LeaderShipDuration: 73351. Exception: 
Index: 199. Type: Error. ExecutionTime: 00:00:00. Term: 1. LeaderErrorCount: 0. LeaderShipDuration: 73351. Exception: Raven.Client.Exceptions.Database.DatabaseDoesNotExistException: Database 'UserManager_ScaleAndSearchTest_32' does not exist. Could not execute update command of type 'DeleteIndexCommand'.
   at Raven.Server.ServerWide.ClusterStateMachine.UpdateDatabase(ClusterOperationContext context, String type, BlittableJsonReaderObject cmd, Int64 index, ServerStore serverStore) in /_/72003/src/Raven.Server/ServerWide/ClusterStateMachine.cs:line 2724
   at Raven.Server.ServerWide.ClusterStateMachine.Apply(ClusterOperationContext context, BlittableJsonReaderObject cmd, Int64 index, Leader leader, ServerStore serverStore) in /_/72003/src/Raven.Server/ServerWide/ClusterStateMachine.cs:line 507
--- End of stack trace from previous location ---
   at Raven.Server.Rachis.Leader.RachisMergedCommand.WaitForCommit() in /_/72003/src/Raven.Server/Rachis/Commands/Leader.RachisMergedCommand.cs:line 70
   at Raven.Server.Rachis.Leader.RachisMergedCommand.Result() in /_/72003/src/Raven.Server/Rachis/Commands/Leader.RachisMergedCommand.cs:line 53
   at Raven.Server.Rachis.Leader.PutAsync(CommandBase command, TimeSpan timeout) in /_/72003/src/Raven.Server/Rachis/Leader.cs:line 675
   at Raven.Server.Rachis.RachisConsensus.SendToLeaderAsync(CommandBase cmd, CancellationToken token) in /_/72003/src/Raven.Server/Rachis/RachisConsensus.cs:line 977
   at Raven.Server.ServerWide.ServerStore.SendToLeaderAsync(CommandBase cmd, Nullable`1 token) in /_/72003/src/Raven.Server/ServerWide/ServerStore.cs:line 3490
   at Raven.Server.Documents.Indexes.AbstractIndexDeleteController.DeleteIndexAsync(String name, String raftRequestId) in /_/72003/src/Raven.Server/Documents/Indexes/AbstractIndexDeleteController.cs:line 65
Index: 199. Type: DeleteIndexCommand. ExecutionTime: 00:00:00.0001693. Term: 1. LeaderErrorCount: 0. LeaderShipDuration: 73351. Exception: 
Index: 200. Type: UpdateLicenseLimitsCommand. ExecutionTime: 00:00:00.0086566. Term: 1. LeaderErrorCount: 0. LeaderShipDuration: 73365. Exception: 
Index: 201. Type: DeleteDatabaseCommand. ExecutionTime: 00:00:00.0010604. Term: 1. LeaderErrorCount: 0. LeaderShipDuration: 87071. Exception: 
Index: 202. Type: AddDatabaseCommand. ExecutionTime: 00:00:00.0067502. Term: 1. LeaderErrorCount: 0. LeaderShipDuration: 102451. Exception: 
Index: 203. Type: RemoveNodeFromDatabaseCommand. ExecutionTime: 00:00:00.0005832. Term: 1. LeaderErrorCount: 0. LeaderShipDuration: 105445. Exception: 
Index: 204. Type: AddDatabaseCommand. ExecutionTime: 00:00:00.0022586. Term: 1. LeaderErrorCount: 0. LeaderShipDuration: 124195. Exception: 
Index: 205. Type: AddDatabaseCommand. ExecutionTime: 00:00:00.0021748. Term: 1. LeaderErrorCount: 0. LeaderShipDuration: 138953. Exception: 

   at Raven.Server.ServerWide.AbstractRaftIndexNotifications`1.ThrowTimeoutException(TimeSpan value, Int64 index, Int64 lastModifiedIndex, Boolean isExecution) in /_/72003/src/Raven.Server/ServerWide/AbstractRaftIndexNotifications.cs:line 132
   at Raven.Server.ServerWide.AbstractRaftIndexNotifications`1.WaitForIndexNotification(Int64 index, TimeSpan timeout) in /_/72003/src/Raven.Server/ServerWide/AbstractRaftIndexNotifications.cs:line 62
   at Raven.Server.ServerWide.ClusterStateMachine.WaitForIndexNotification(Int64 index, Nullable`1 timeout) in /_/72003/src/Raven.Server/ServerWide/ClusterStateMachine.cs:line 1551
   at Raven.Server.ServerWide.ServerStore.WaitForExecutionOnRelevantNodesAsync(JsonOperationContext context, List`1 members, Int64 index) in /_/72003/src/Raven.Server/ServerWide/ServerStore.cs:line 3529
   at Raven.Server.Web.System.AdminDatabasesHandler.CreateDatabase(String name, DatabaseRecord databaseRecord, TransactionOperationContext context, Int32 replicationFactor, Nullable`1 index, String raftRequestId) in /_/72003/src/Raven.Server/Web/System/AdminDatabasesHandler.cs:line 459
   at Raven.Server.Web.System.AdminDatabasesHandler.Put() in /_/72003/src/Raven.Server/Web/System/AdminDatabasesHandler.cs:line 295
   at Raven.Server.Routing.RequestRouter.HandlePath(RequestHandlerContext reqCtx) in /_/72003/src/Raven.Server/Routing/RequestRouter.cs:line 424
   at Raven.Server.RavenServerStartup.RequestHandler(HttpContext context) in /_/72003/src/Raven.Server/RavenServerStartup.cs:line 185
The server at /admin/databases?name=GetUserIdAsync_ReturnsUserId_61&replicationFactor=1&raft-request-id=b7fd8cfa-0778-490c-b4a9-e96515f69052 responded with status code: RequestTimeout.
  Stack Trace:
     at Raven.Client.Http.RequestExecutor.ThrowFailedToContactAllNodes[TResult](RavenCommand`1 command, HttpRequestMessage request)
   at Raven.Client.Http.RequestExecutor.ExecuteAsync[TResult](ServerNode chosenNode, Nullable`1 nodeIndex, JsonOperationContext context, RavenCommand`1 command, Boolean shouldRetry, SessionInfo sessionInfo, CancellationToken token)
   at Raven.Client.Http.RequestExecutor.ExecuteAsync[TResult](ServerNode chosenNode, Nullable`1 nodeIndex, JsonOperationContext context, RavenCommand`1 command, Boolean shouldRetry, SessionInfo sessionInfo, CancellationToken token)
   at Raven.Client.ServerWide.Operations.ServerOperationExecutor.SendAsync[TResult](IServerOperation`1 operation, CancellationToken token)
   at Raven.Client.Util.AsyncHelpers.<>c__DisplayClass4_0`1.<<RunSync>b__0>d.MoveNext()
--- End of stack trace from previous location ---
   at Raven.Client.Util.AsyncHelpers.HandleException(AggregateException ex, Stopwatch sw)
   at Raven.Client.Util.AsyncHelpers.RunSync[T](Func`1 task)
   at Raven.TestDriver.RavenTestDriver.GetDocumentStore(GetDocumentStoreOptions options, String database)
   at Aero.Identity.Tests.RavenTestBase.CreateStore(String database) in C:\Users\bbqch\proj\microbians\piranha\test\Aero.Identity.Tests\RavenTestBase.cs:line 29
   at Aero.Identity.Tests.RavenUserStoreTests.GetUserIdAsync_ReturnsUserId() in C:\Users\bbqch\proj\microbians\piranha\test\Aero.Identity.Tests\RavenUserStoreTests.cs:line 127
--- End of stack trace from previous location ---
----- Inner Stack Trace -----

  Failed Aero.Identity.Tests.RavenUserStoreTests.CreateAsync_ThrowsOnCancelledToken [31 s]
  Error Message:
   Raven.Client.Exceptions.RavenException : System.TimeoutException: Waited for 00:00:15 but didn't get an index notification for 206. Last commit index is: 204. Number of errors is: 0.
Index: 161. Type: AddDatabaseCommand. ExecutionTime: 00:00:00.0012578. Term: 1. LeaderErrorCount: 0. LeaderShipDuration: 53453. Exception: 
Index: 162. Type: DeleteDatabaseCommand. ExecutionTime: 00:00:00.0012372. Term: 1. LeaderErrorCount: 0. LeaderShipDuration: 53581. Exception: 
Index: 163. Type: RemoveNodeFromDatabaseCommand. ExecutionTime: 00:00:00.0005206. Term: 1. LeaderErrorCount: 0. LeaderShipDuration: 53662. Exception: 
Index: 164. Type: AddDatabaseCommand. ExecutionTime: 00:00:00.0016491. Term: 1. LeaderErrorCount: 0. LeaderShipDuration: 53687. Exception: 
Index: 165. Type: DeleteDatabaseCommand. ExecutionTime: 00:00:00.0009249. Term: 1. LeaderErrorCount: 0. LeaderShipDuration: 53811. Exception: 
Index: 166. Type: RemoveNodeFromDatabaseCommand. ExecutionTime: 00:00:00.0006232. Term: 1. LeaderErrorCount: 0. LeaderShipDuration: 53851. Exception: 
Index: 167. Type: AddDatabaseCommand. ExecutionTime: 00:00:00.0012253. Term: 1. LeaderErrorCount: 0. LeaderShipDuration: 53878. Exception: 
Index: 168. Type: DeleteDatabaseCommand. ExecutionTime: 00:00:00.0008575. Term: 1. LeaderErrorCount: 0. LeaderShipDuration: 54273. Exception: 
Index: 169. Type: RemoveNodeFromDatabaseCommand. ExecutionTime: 00:00:00.0006451. Term: 1. LeaderErrorCount: 0. LeaderShipDuration: 54327. Exception: 
Index: 170. Type: AddDatabaseCommand. ExecutionTime: 00:00:00.0015937. Term: 1. LeaderErrorCount: 0. LeaderShipDuration: 54359. Exception: 
Index: 171. Type: PutAutoIndexCommand. ExecutionTime: 00:00:00.0012023. Term: 1. LeaderErrorCount: 0. LeaderShipDuration: 54530. Exception: 
Index: 172. Type: DeleteDatabaseCommand. ExecutionTime: 00:00:00.0011078. Term: 1. LeaderErrorCount: 0. LeaderShipDuration: 54593. Exception: 
Index: 173. Type: RemoveNodeFromDatabaseCommand. ExecutionTime: 00:00:00.0006514. Term: 1. LeaderErrorCount: 0. LeaderShipDuration: 54629. Exception: 
Index: 174. Type: AddDatabaseCommand. ExecutionTime: 00:00:00.0012430. Term: 1. LeaderErrorCount: 0. LeaderShipDuration: 54645. Exception: 
Index: 175. Type: DeleteDatabaseCommand. ExecutionTime: 00:00:00.0012952. Term: 1. LeaderErrorCount: 0. LeaderShipDuration: 54733. Exception: 
Index: 176. Type: RemoveNodeFromDatabaseCommand. ExecutionTime: 00:00:00.0006057. Term: 1. LeaderErrorCount: 0. LeaderShipDuration: 54754. Exception: 
Index: 177. Type: AddDatabaseCommand. ExecutionTime: 00:00:00.0013221. Term: 1. LeaderErrorCount: 0. LeaderShipDuration: 54770. Exception: 
Index: 178. Type: DeleteDatabaseCommand. ExecutionTime: 00:00:00.0008978. Term: 1. LeaderErrorCount: 0. LeaderShipDuration: 55017. Exception: 
Index: 179. Type: RemoveNodeFromDatabaseCommand. ExecutionTime: 00:00:00.0005666. Term: 1. LeaderErrorCount: 0. LeaderShipDuration: 55055. Exception: 
Index: 180. Type: AddDatabaseCommand. ExecutionTime: 00:00:00.0012667. Term: 1. LeaderErrorCount: 0. LeaderShipDuration: 55074. Exception: 
Index: 181. Type: DeleteDatabaseCommand. ExecutionTime: 00:00:00.0009205. Term: 1. LeaderErrorCount: 0. LeaderShipDuration: 55149. Exception: 
Index: 182. Type: RemoveNodeFromDatabaseCommand. ExecutionTime: 00:00:00.0006103. Term: 1. LeaderErrorCount: 0. LeaderShipDuration: 55183. Exception: 
Index: 183. Type: AddDatabaseCommand. ExecutionTime: 00:00:00.0013188. Term: 1. LeaderErrorCount: 0. LeaderShipDuration: 55204. Exception: 
Index: 184. Type: DeleteDatabaseCommand. ExecutionTime: 00:00:00.0009297. Term: 1. LeaderErrorCount: 0. LeaderShipDuration: 55393. Exception: 
Index: 185. Type: RemoveNodeFromDatabaseCommand. ExecutionTime: 00:00:00.0006730. Term: 1. LeaderErrorCount: 0. LeaderShipDuration: 55428. Exception: 
Index: 186. Type: AddDatabaseCommand. ExecutionTime: 00:00:00.0013756. Term: 1. LeaderErrorCount: 0. LeaderShipDuration: 55444. Exception: 
Index: 187. Type: DeleteDatabaseCommand. ExecutionTime: 00:00:00.0010006. Term: 1. LeaderErrorCount: 0. LeaderShipDuration: 55543. Exception: 
Index: 188. Type: RemoveNodeFromDatabaseCommand. ExecutionTime: 00:00:00.0005000. Term: 1. LeaderErrorCount: 0. LeaderShipDuration: 55573. Exception: 
Index: 189. Type: AddDatabaseCommand. ExecutionTime: 00:00:00.0013062. Term: 1. LeaderErrorCount: 0. LeaderShipDuration: 55595. Exception: 
Index: 190. Type: DeleteDatabaseCommand. ExecutionTime: 00:00:00.0008826. Term: 1. LeaderErrorCount: 0. LeaderShipDuration: 55747. Exception: 
Index: 191. Type: RemoveNodeFromDatabaseCommand. ExecutionTime: 00:00:00.0005553. Term: 1. LeaderErrorCount: 0. LeaderShipDuration: 55885. Exception: 
Index: 192. Type: AddDatabaseCommand. ExecutionTime: 00:00:00.0012625. Term: 1. LeaderErrorCount: 0. LeaderShipDuration: 55904. Exception: 
Index: 193. Type: DeleteDatabaseCommand. ExecutionTime: 00:00:00.0009144. Term: 1. LeaderErrorCount: 0. LeaderShipDuration: 55982. Exception: 
Index: 194. Type: RemoveNodeFromDatabaseCommand. ExecutionTime: 00:00:00.0005237. Term: 1. LeaderErrorCount: 0. LeaderShipDuration: 56009. Exception: 
Index: 195. Type: AddDatabaseCommand. ExecutionTime: 00:00:00.0017578. Term: 1. LeaderErrorCount: 0. LeaderShipDuration: 56024. Exception: 
Index: 196. Type: Error. ExecutionTime: 00:00:00. Term: 1. LeaderErrorCount: 0. LeaderShipDuration: 73351. Exception: Raven.Client.Exceptions.Database.DatabaseDoesNotExistException: Database 'UserManager_CanHandleRoles_45' does not exist. Could not execute update command of type 'DeleteIndexCommand'.
   at Raven.Server.ServerWide.ClusterStateMachine.UpdateDatabase(ClusterOperationContext context, String type, BlittableJsonReaderObject cmd, Int64 index, ServerStore serverStore) in /_/72003/src/Raven.Server/ServerWide/ClusterStateMachine.cs:line 2724
   at Raven.Server.ServerWide.ClusterStateMachine.Apply(ClusterOperationContext context, BlittableJsonReaderObject cmd, Int64 index, Leader leader, ServerStore serverStore) in /_/72003/src/Raven.Server/ServerWide/ClusterStateMachine.cs:line 507
--- End of stack trace from previous location ---
   at Raven.Server.Rachis.Leader.RachisMergedCommand.WaitForCommit() in /_/72003/src/Raven.Server/Rachis/Commands/Leader.RachisMergedCommand.cs:line 70
   at Raven.Server.Rachis.Leader.RachisMergedCommand.Result() in /_/72003/src/Raven.Server/Rachis/Commands/Leader.RachisMergedCommand.cs:line 53
   at Raven.Server.Rachis.Leader.PutAsync(CommandBase command, TimeSpan timeout) in /_/72003/src/Raven.Server/Rachis/Leader.cs:line 675
   at Raven.Server.Rachis.RachisConsensus.SendToLeaderAsync(CommandBase cmd, CancellationToken token) in /_/72003/src/Raven.Server/Rachis/RachisConsensus.cs:line 977
   at Raven.Server.ServerWide.ServerStore.SendToLeaderAsync(CommandBase cmd, Nullable`1 token) in /_/72003/src/Raven.Server/ServerWide/ServerStore.cs:line 3490
   at Raven.Server.Documents.Indexes.AbstractIndexDeleteController.DeleteIndexAsync(String name, String raftRequestId) in /_/72003/src/Raven.Server/Documents/Indexes/AbstractIndexDeleteController.cs:line 65
Index: 196. Type: DeleteIndexCommand. ExecutionTime: 00:00:00.0003530. Term: 1. LeaderErrorCount: 0. LeaderShipDuration: 73351. Exception: 
Index: 197. Type: Error. ExecutionTime: 00:00:00. Term: 1. LeaderErrorCount: 0. LeaderShipDuration: 73351. Exception: Raven.Client.Exceptions.Database.DatabaseDoesNotExistException: Database 'UserManager_CanHandleRoles_45' does not exist. Could not execute update command of type 'DeleteIndexCommand'.
   at Raven.Server.ServerWide.ClusterStateMachine.UpdateDatabase(ClusterOperationContext context, String type, BlittableJsonReaderObject cmd, Int64 index, ServerStore serverStore) in /_/72003/src/Raven.Server/ServerWide/ClusterStateMachine.cs:line 2724
   at Raven.Server.ServerWide.ClusterStateMachine.Apply(ClusterOperationContext context, BlittableJsonReaderObject cmd, Int64 index, Leader leader, ServerStore serverStore) in /_/72003/src/Raven.Server/ServerWide/ClusterStateMachine.cs:line 507
--- End of stack trace from previous location ---
   at Raven.Server.Rachis.Leader.RachisMergedCommand.WaitForCommit() in /_/72003/src/Raven.Server/Rachis/Commands/Leader.RachisMergedCommand.cs:line 70
   at Raven.Server.Rachis.Leader.RachisMergedCommand.Result() in /_/72003/src/Raven.Server/Rachis/Commands/Leader.RachisMergedCommand.cs:line 53
   at Raven.Server.Rachis.Leader.PutAsync(CommandBase command, TimeSpan timeout) in /_/72003/src/Raven.Server/Rachis/Leader.cs:line 675
   at Raven.Server.Rachis.RachisConsensus.SendToLeaderAsync(CommandBase cmd, CancellationToken token) in /_/72003/src/Raven.Server/Rachis/RachisConsensus.cs:line 977
   at Raven.Server.ServerWide.ServerStore.SendToLeaderAsync(CommandBase cmd, Nullable`1 token) in /_/72003/src/Raven.Server/ServerWide/ServerStore.cs:line 3490
   at Raven.Server.Documents.Indexes.AbstractIndexDeleteController.DeleteIndexAsync(String name, String raftRequestId) in /_/72003/src/Raven.Server/Documents/Indexes/AbstractIndexDeleteController.cs:line 65
Index: 197. Type: DeleteIndexCommand. ExecutionTime: 00:00:00.0001295. Term: 1. LeaderErrorCount: 0. LeaderShipDuration: 73351. Exception: 
Index: 198. Type: Error. ExecutionTime: 00:00:00. Term: 1. LeaderErrorCount: 0. LeaderShipDuration: 73351. Exception: Raven.Client.Exceptions.Database.DatabaseDoesNotExistException: Database 'UserManager_ScaleAndSearchTest_32' does not exist. Could not execute update command of type 'DeleteIndexCommand'.
   at Raven.Server.ServerWide.ClusterStateMachine.UpdateDatabase(ClusterOperationContext context, String type, BlittableJsonReaderObject cmd, Int64 index, ServerStore serverStore) in /_/72003/src/Raven.Server/ServerWide/ClusterStateMachine.cs:line 2724
   at Raven.Server.ServerWide.ClusterStateMachine.Apply(ClusterOperationContext context, BlittableJsonReaderObject cmd, Int64 index, Leader leader, ServerStore serverStore) in /_/72003/src/Raven.Server/ServerWide/ClusterStateMachine.cs:line 507
--- End of stack trace from previous location ---
   at Raven.Server.Rachis.Leader.RachisMergedCommand.WaitForCommit() in /_/72003/src/Raven.Server/Rachis/Commands/Leader.RachisMergedCommand.cs:line 70
   at Raven.Server.Rachis.Leader.RachisMergedCommand.Result() in /_/72003/src/Raven.Server/Rachis/Commands/Leader.RachisMergedCommand.cs:line 53
   at Raven.Server.Rachis.Leader.PutAsync(CommandBase command, TimeSpan timeout) in /_/72003/src/Raven.Server/Rachis/Leader.cs:line 675
   at Raven.Server.Rachis.RachisConsensus.SendToLeaderAsync(CommandBase cmd, CancellationToken token) in /_/72003/src/Raven.Server/Rachis/RachisConsensus.cs:line 977
   at Raven.Server.ServerWide.ServerStore.SendToLeaderAsync(CommandBase cmd, Nullable`1 token) in /_/72003/src/Raven.Server/ServerWide/ServerStore.cs:line 3490
   at Raven.Server.Documents.Indexes.AbstractIndexDeleteController.DeleteIndexAsync(String name, String raftRequestId) in /_/72003/src/Raven.Server/Documents/Indexes/AbstractIndexDeleteController.cs:line 65
Index: 198. Type: DeleteIndexCommand. ExecutionTime: 00:00:00.0001613. Term: 1. LeaderErrorCount: 0. LeaderShipDuration: 73351. Exception: 
Index: 199. Type: Error. ExecutionTime: 00:00:00. Term: 1. LeaderErrorCount: 0. LeaderShipDuration: 73351. Exception: Raven.Client.Exceptions.Database.DatabaseDoesNotExistException: Database 'UserManager_ScaleAndSearchTest_32' does not exist. Could not execute update command of type 'DeleteIndexCommand'.
   at Raven.Server.ServerWide.ClusterStateMachine.UpdateDatabase(ClusterOperationContext context, String type, BlittableJsonReaderObject cmd, Int64 index, ServerStore serverStore) in /_/72003/src/Raven.Server/ServerWide/ClusterStateMachine.cs:line 2724
   at Raven.Server.ServerWide.ClusterStateMachine.Apply(ClusterOperationContext context, BlittableJsonReaderObject cmd, Int64 index, Leader leader, ServerStore serverStore) in /_/72003/src/Raven.Server/ServerWide/ClusterStateMachine.cs:line 507
--- End of stack trace from previous location ---
   at Raven.Server.Rachis.Leader.RachisMergedCommand.WaitForCommit() in /_/72003/src/Raven.Server/Rachis/Commands/Leader.RachisMergedCommand.cs:line 70
   at Raven.Server.Rachis.Leader.RachisMergedCommand.Result() in /_/72003/src/Raven.Server/Rachis/Commands/Leader.RachisMergedCommand.cs:line 53
   at Raven.Server.Rachis.Leader.PutAsync(CommandBase command, TimeSpan timeout) in /_/72003/src/Raven.Server/Rachis/Leader.cs:line 675
   at Raven.Server.Rachis.RachisConsensus.SendToLeaderAsync(CommandBase cmd, CancellationToken token) in /_/72003/src/Raven.Server/Rachis/RachisConsensus.cs:line 977
   at Raven.Server.ServerWide.ServerStore.SendToLeaderAsync(CommandBase cmd, Nullable`1 token) in /_/72003/src/Raven.Server/ServerWide/ServerStore.cs:line 3490
   at Raven.Server.Documents.Indexes.AbstractIndexDeleteController.DeleteIndexAsync(String name, String raftRequestId) in /_/72003/src/Raven.Server/Documents/Indexes/AbstractIndexDeleteController.cs:line 65
Index: 199. Type: DeleteIndexCommand. ExecutionTime: 00:00:00.0001693. Term: 1. LeaderErrorCount: 0. LeaderShipDuration: 73351. Exception: 
Index: 200. Type: UpdateLicenseLimitsCommand. ExecutionTime: 00:00:00.0086566. Term: 1. LeaderErrorCount: 0. LeaderShipDuration: 73365. Exception: 
Index: 201. Type: DeleteDatabaseCommand. ExecutionTime: 00:00:00.0010604. Term: 1. LeaderErrorCount: 0. LeaderShipDuration: 87071. Exception: 
Index: 202. Type: AddDatabaseCommand. ExecutionTime: 00:00:00.0067502. Term: 1. LeaderErrorCount: 0. LeaderShipDuration: 102451. Exception: 
Index: 203. Type: RemoveNodeFromDatabaseCommand. ExecutionTime: 00:00:00.0005832. Term: 1. LeaderErrorCount: 0. LeaderShipDuration: 105445. Exception: 
Index: 204. Type: AddDatabaseCommand. ExecutionTime: 00:00:00.0022586. Term: 1. LeaderErrorCount: 0. LeaderShipDuration: 124195. Exception: 
Index: 205. Type: AddDatabaseCommand. ExecutionTime: 00:00:00.0021748. Term: 1. LeaderErrorCount: 0. LeaderShipDuration: 138953. Exception: 
Index: 206. Type: AddDatabaseCommand. ExecutionTime: 00:00:00.0021999. Term: 1. LeaderErrorCount: 0. LeaderShipDuration: 155201. Exception: 

   at Raven.Server.ServerWide.AbstractRaftIndexNotifications`1.ThrowTimeoutException(TimeSpan value, Int64 index, Int64 lastModifiedIndex, Boolean isExecution) in /_/72003/src/Raven.Server/ServerWide/AbstractRaftIndexNotifications.cs:line 132
   at Raven.Server.ServerWide.AbstractRaftIndexNotifications`1.WaitForIndexNotification(Int64 index, TimeSpan timeout) in /_/72003/src/Raven.Server/ServerWide/AbstractRaftIndexNotifications.cs:line 62
   at Raven.Server.ServerWide.ClusterStateMachine.WaitForIndexNotification(Int64 index, Nullable`1 timeout) in /_/72003/src/Raven.Server/ServerWide/ClusterStateMachine.cs:line 1551
   at Raven.Server.ServerWide.ServerStore.WaitForExecutionOnRelevantNodesAsync(JsonOperationContext context, List`1 members, Int64 index) in /_/72003/src/Raven.Server/ServerWide/ServerStore.cs:line 3529
   at Raven.Server.Web.System.AdminDatabasesHandler.CreateDatabase(String name, DatabaseRecord databaseRecord, TransactionOperationContext context, Int32 replicationFactor, Nullable`1 index, String raftRequestId) in /_/72003/src/Raven.Server/Web/System/AdminDatabasesHandler.cs:line 459
   at Raven.Server.Web.System.AdminDatabasesHandler.Put() in /_/72003/src/Raven.Server/Web/System/AdminDatabasesHandler.cs:line 295
   at Raven.Server.Routing.RequestRouter.HandlePath(RequestHandlerContext reqCtx) in /_/72003/src/Raven.Server/Routing/RequestRouter.cs:line 424
   at Raven.Server.RavenServerStartup.RequestHandler(HttpContext context) in /_/72003/src/Raven.Server/RavenServerStartup.cs:line 185
The server at /admin/databases?name=CreateAsync_ThrowsOnCancelledToken_62&replicationFactor=1&raft-request-id=f3d06eaf-f256-4d72-9436-32d3184bc2c5 responded with status code: RequestTimeout.
---- System.TimeoutException : System.TimeoutException: Waited for 00:00:15 but didn't get an index notification for 206. Last commit index is: 204. Number of errors is: 0.
Index: 161. Type: AddDatabaseCommand. ExecutionTime: 00:00:00.0012578. Term: 1. LeaderErrorCount: 0. LeaderShipDuration: 53453. Exception: 
Index: 162. Type: DeleteDatabaseCommand. ExecutionTime: 00:00:00.0012372. Term: 1. LeaderErrorCount: 0. LeaderShipDuration: 53581. Exception: 
Index: 163. Type: RemoveNodeFromDatabaseCommand. ExecutionTime: 00:00:00.0005206. Term: 1. LeaderErrorCount: 0. LeaderShipDuration: 53662. Exception: 
Index: 164. Type: AddDatabaseCommand. ExecutionTime: 00:00:00.0016491. Term: 1. LeaderErrorCount: 0. LeaderShipDuration: 53687. Exception: 
Index: 165. Type: DeleteDatabaseCommand. ExecutionTime: 00:00:00.0009249. Term: 1. LeaderErrorCount: 0. LeaderShipDuration: 53811. Exception: 
Index: 166. Type: RemoveNodeFromDatabaseCommand. ExecutionTime: 00:00:00.0006232. Term: 1. LeaderErrorCount: 0. LeaderShipDuration: 53851. Exception: 
Index: 167. Type: AddDatabaseCommand. ExecutionTime: 00:00:00.0012253. Term: 1. LeaderErrorCount: 0. LeaderShipDuration: 53878. Exception: 
Index: 168. Type: DeleteDatabaseCommand. ExecutionTime: 00:00:00.0008575. Term: 1. LeaderErrorCount: 0. LeaderShipDuration: 54273. Exception: 
Index: 169. Type: RemoveNodeFromDatabaseCommand. ExecutionTime: 00:00:00.0006451. Term: 1. LeaderErrorCount: 0. LeaderShipDuration: 54327. Exception: 
Index: 170. Type: AddDatabaseCommand. ExecutionTime: 00:00:00.0015937. Term: 1. LeaderErrorCount: 0. LeaderShipDuration: 54359. Exception: 
Index: 171. Type: PutAutoIndexCommand. ExecutionTime: 00:00:00.0012023. Term: 1. LeaderErrorCount: 0. LeaderShipDuration: 54530. Exception: 
Index: 172. Type: DeleteDatabaseCommand. ExecutionTime: 00:00:00.0011078. Term: 1. LeaderErrorCount: 0. LeaderShipDuration: 54593. Exception: 
Index: 173. Type: RemoveNodeFromDatabaseCommand. ExecutionTime: 00:00:00.0006514. Term: 1. LeaderErrorCount: 0. LeaderShipDuration: 54629. Exception: 
Index: 174. Type: AddDatabaseCommand. ExecutionTime: 00:00:00.0012430. Term: 1. LeaderErrorCount: 0. LeaderShipDuration: 54645. Exception: 
Index: 175. Type: DeleteDatabaseCommand. ExecutionTime: 00:00:00.0012952. Term: 1. LeaderErrorCount: 0. LeaderShipDuration: 54733. Exception: 
Index: 176. Type: RemoveNodeFromDatabaseCommand. ExecutionTime: 00:00:00.0006057. Term: 1. LeaderErrorCount: 0. LeaderShipDuration: 54754. Exception: 
Index: 177. Type: AddDatabaseCommand. ExecutionTime: 00:00:00.0013221. Term: 1. LeaderErrorCount: 0. LeaderShipDuration: 54770. Exception: 
Index: 178. Type: DeleteDatabaseCommand. ExecutionTime: 00:00:00.0008978. Term: 1. LeaderErrorCount: 0. LeaderShipDuration: 55017. Exception: 
Index: 179. Type: RemoveNodeFromDatabaseCommand. ExecutionTime: 00:00:00.0005666. Term: 1. LeaderErrorCount: 0. LeaderShipDuration: 55055. Exception: 
Index: 180. Type: AddDatabaseCommand. ExecutionTime: 00:00:00.0012667. Term: 1. LeaderErrorCount: 0. LeaderShipDuration: 55074. Exception: 
Index: 181. Type: DeleteDatabaseCommand. ExecutionTime: 00:00:00.0009205. Term: 1. LeaderErrorCount: 0. LeaderShipDuration: 55149. Exception: 
Index: 182. Type: RemoveNodeFromDatabaseCommand. ExecutionTime: 00:00:00.0006103. Term: 1. LeaderErrorCount: 0. LeaderShipDuration: 55183. Exception: 
Index: 183. Type: AddDatabaseCommand. ExecutionTime: 00:00:00.0013188. Term: 1. LeaderErrorCount: 0. LeaderShipDuration: 55204. Exception: 
Index: 184. Type: DeleteDatabaseCommand. ExecutionTime: 00:00:00.0009297. Term: 1. LeaderErrorCount: 0. LeaderShipDuration: 55393. Exception: 
Index: 185. Type: RemoveNodeFromDatabaseCommand. ExecutionTime: 00:00:00.0006730. Term: 1. LeaderErrorCount: 0. LeaderShipDuration: 55428. Exception: 
Index: 186. Type: AddDatabaseCommand. ExecutionTime: 00:00:00.0013756. Term: 1. LeaderErrorCount: 0. LeaderShipDuration: 55444. Exception: 
Index: 187. Type: DeleteDatabaseCommand. ExecutionTime: 00:00:00.0010006. Term: 1. LeaderErrorCount: 0. LeaderShipDuration: 55543. Exception: 
Index: 188. Type: RemoveNodeFromDatabaseCommand. ExecutionTime: 00:00:00.0005000. Term: 1. LeaderErrorCount: 0. LeaderShipDuration: 55573. Exception: 
Index: 189. Type: AddDatabaseCommand. ExecutionTime: 00:00:00.0013062. Term: 1. LeaderErrorCount: 0. LeaderShipDuration: 55595. Exception: 
Index: 190. Type: DeleteDatabaseCommand. ExecutionTime: 00:00:00.0008826. Term: 1. LeaderErrorCount: 0. LeaderShipDuration: 55747. Exception: 
Index: 191. Type: RemoveNodeFromDatabaseCommand. ExecutionTime: 00:00:00.0005553. Term: 1. LeaderErrorCount: 0. LeaderShipDuration: 55885. Exception: 
Index: 192. Type: AddDatabaseCommand. ExecutionTime: 00:00:00.0012625. Term: 1. LeaderErrorCount: 0. LeaderShipDuration: 55904. Exception: 
Index: 193. Type: DeleteDatabaseCommand. ExecutionTime: 00:00:00.0009144. Term: 1. LeaderErrorCount: 0. LeaderShipDuration: 55982. Exception: 
Index: 194. Type: RemoveNodeFromDatabaseCommand. ExecutionTime: 00:00:00.0005237. Term: 1. LeaderErrorCount: 0. LeaderShipDuration: 56009. Exception: 
Index: 195. Type: AddDatabaseCommand. ExecutionTime: 00:00:00.0017578. Term: 1. LeaderErrorCount: 0. LeaderShipDuration: 56024. Exception: 
Index: 196. Type: Error. ExecutionTime: 00:00:00. Term: 1. LeaderErrorCount: 0. LeaderShipDuration: 73351. Exception: Raven.Client.Exceptions.Database.DatabaseDoesNotExistException: Database 'UserManager_CanHandleRoles_45' does not exist. Could not execute update command of type 'DeleteIndexCommand'.
   at Raven.Server.ServerWide.ClusterStateMachine.UpdateDatabase(ClusterOperationContext context, String type, BlittableJsonReaderObject cmd, Int64 index, ServerStore serverStore) in /_/72003/src/Raven.Server/ServerWide/ClusterStateMachine.cs:line 2724
   at Raven.Server.ServerWide.ClusterStateMachine.Apply(ClusterOperationContext context, BlittableJsonReaderObject cmd, Int64 index, Leader leader, ServerStore serverStore) in /_/72003/src/Raven.Server/ServerWide/ClusterStateMachine.cs:line 507
--- End of stack trace from previous location ---
   at Raven.Server.Rachis.Leader.RachisMergedCommand.WaitForCommit() in /_/72003/src/Raven.Server/Rachis/Commands/Leader.RachisMergedCommand.cs:line 70
   at Raven.Server.Rachis.Leader.RachisMergedCommand.Result() in /_/72003/src/Raven.Server/Rachis/Commands/Leader.RachisMergedCommand.cs:line 53
   at Raven.Server.Rachis.Leader.PutAsync(CommandBase command, TimeSpan timeout) in /_/72003/src/Raven.Server/Rachis/Leader.cs:line 675
   at Raven.Server.Rachis.RachisConsensus.SendToLeaderAsync(CommandBase cmd, CancellationToken token) in /_/72003/src/Raven.Server/Rachis/RachisConsensus.cs:line 977
   at Raven.Server.ServerWide.ServerStore.SendToLeaderAsync(CommandBase cmd, Nullable`1 token) in /_/72003/src/Raven.Server/ServerWide/ServerStore.cs:line 3490
   at Raven.Server.Documents.Indexes.AbstractIndexDeleteController.DeleteIndexAsync(String name, String raftRequestId) in /_/72003/src/Raven.Server/Documents/Indexes/AbstractIndexDeleteController.cs:line 65
Index: 196. Type: DeleteIndexCommand. ExecutionTime: 00:00:00.0003530. Term: 1. LeaderErrorCount: 0. LeaderShipDuration: 73351. Exception: 
Index: 197. Type: Error. ExecutionTime: 00:00:00. Term: 1. LeaderErrorCount: 0. LeaderShipDuration: 73351. Exception: Raven.Client.Exceptions.Database.DatabaseDoesNotExistException: Database 'UserManager_CanHandleRoles_45' does not exist. Could not execute update command of type 'DeleteIndexCommand'.
   at Raven.Server.ServerWide.ClusterStateMachine.UpdateDatabase(ClusterOperationContext context, String type, BlittableJsonReaderObject cmd, Int64 index, ServerStore serverStore) in /_/72003/src/Raven.Server/ServerWide/ClusterStateMachine.cs:line 2724
   at Raven.Server.ServerWide.ClusterStateMachine.Apply(ClusterOperationContext context, BlittableJsonReaderObject cmd, Int64 index, Leader leader, ServerStore serverStore) in /_/72003/src/Raven.Server/ServerWide/ClusterStateMachine.cs:line 507
--- End of stack trace from previous location ---
   at Raven.Server.Rachis.Leader.RachisMergedCommand.WaitForCommit() in /_/72003/src/Raven.Server/Rachis/Commands/Leader.RachisMergedCommand.cs:line 70
   at Raven.Server.Rachis.Leader.RachisMergedCommand.Result() in /_/72003/src/Raven.Server/Rachis/Commands/Leader.RachisMergedCommand.cs:line 53
   at Raven.Server.Rachis.Leader.PutAsync(CommandBase command, TimeSpan timeout) in /_/72003/src/Raven.Server/Rachis/Leader.cs:line 675
   at Raven.Server.Rachis.RachisConsensus.SendToLeaderAsync(CommandBase cmd, CancellationToken token) in /_/72003/src/Raven.Server/Rachis/RachisConsensus.cs:line 977
   at Raven.Server.ServerWide.ServerStore.SendToLeaderAsync(CommandBase cmd, Nullable`1 token) in /_/72003/src/Raven.Server/ServerWide/ServerStore.cs:line 3490
   at Raven.Server.Documents.Indexes.AbstractIndexDeleteController.DeleteIndexAsync(String name, String raftRequestId) in /_/72003/src/Raven.Server/Documents/Indexes/AbstractIndexDeleteController.cs:line 65
Index: 197. Type: DeleteIndexCommand. ExecutionTime: 00:00:00.0001295. Term: 1. LeaderErrorCount: 0. LeaderShipDuration: 73351. Exception: 
Index: 198. Type: Error. ExecutionTime: 00:00:00. Term: 1. LeaderErrorCount: 0. LeaderShipDuration: 73351. Exception: Raven.Client.Exceptions.Database.DatabaseDoesNotExistException: Database 'UserManager_ScaleAndSearchTest_32' does not exist. Could not execute update command of type 'DeleteIndexCommand'.
   at Raven.Server.ServerWide.ClusterStateMachine.UpdateDatabase(ClusterOperationContext context, String type, BlittableJsonReaderObject cmd, Int64 index, ServerStore serverStore) in /_/72003/src/Raven.Server/ServerWide/ClusterStateMachine.cs:line 2724
   at Raven.Server.ServerWide.ClusterStateMachine.Apply(ClusterOperationContext context, BlittableJsonReaderObject cmd, Int64 index, Leader leader, ServerStore serverStore) in /_/72003/src/Raven.Server/ServerWide/ClusterStateMachine.cs:line 507
--- End of stack trace from previous location ---
   at Raven.Server.Rachis.Leader.RachisMergedCommand.WaitForCommit() in /_/72003/src/Raven.Server/Rachis/Commands/Leader.RachisMergedCommand.cs:line 70
   at Raven.Server.Rachis.Leader.RachisMergedCommand.Result() in /_/72003/src/Raven.Server/Rachis/Commands/Leader.RachisMergedCommand.cs:line 53
   at Raven.Server.Rachis.Leader.PutAsync(CommandBase command, TimeSpan timeout) in /_/72003/src/Raven.Server/Rachis/Leader.cs:line 675
   at Raven.Server.Rachis.RachisConsensus.SendToLeaderAsync(CommandBase cmd, CancellationToken token) in /_/72003/src/Raven.Server/Rachis/RachisConsensus.cs:line 977
   at Raven.Server.ServerWide.ServerStore.SendToLeaderAsync(CommandBase cmd, Nullable`1 token) in /_/72003/src/Raven.Server/ServerWide/ServerStore.cs:line 3490
   at Raven.Server.Documents.Indexes.AbstractIndexDeleteController.DeleteIndexAsync(String name, String raftRequestId) in /_/72003/src/Raven.Server/Documents/Indexes/AbstractIndexDeleteController.cs:line 65
Index: 198. Type: DeleteIndexCommand. ExecutionTime: 00:00:00.0001613. Term: 1. LeaderErrorCount: 0. LeaderShipDuration: 73351. Exception: 
Index: 199. Type: Error. ExecutionTime: 00:00:00. Term: 1. LeaderErrorCount: 0. LeaderShipDuration: 73351. Exception: Raven.Client.Exceptions.Database.DatabaseDoesNotExistException: Database 'UserManager_ScaleAndSearchTest_32' does not exist. Could not execute update command of type 'DeleteIndexCommand'.
   at Raven.Server.ServerWide.ClusterStateMachine.UpdateDatabase(ClusterOperationContext context, String type, BlittableJsonReaderObject cmd, Int64 index, ServerStore serverStore) in /_/72003/src/Raven.Server/ServerWide/ClusterStateMachine.cs:line 2724
   at Raven.Server.ServerWide.ClusterStateMachine.Apply(ClusterOperationContext context, BlittableJsonReaderObject cmd, Int64 index, Leader leader, ServerStore serverStore) in /_/72003/src/Raven.Server/ServerWide/ClusterStateMachine.cs:line 507
--- End of stack trace from previous location ---
   at Raven.Server.Rachis.Leader.RachisMergedCommand.WaitForCommit() in /_/72003/src/Raven.Server/Rachis/Commands/Leader.RachisMergedCommand.cs:line 70
   at Raven.Server.Rachis.Leader.RachisMergedCommand.Result() in /_/72003/src/Raven.Server/Rachis/Commands/Leader.RachisMergedCommand.cs:line 53
   at Raven.Server.Rachis.Leader.PutAsync(CommandBase command, TimeSpan timeout) in /_/72003/src/Raven.Server/Rachis/Leader.cs:line 675
   at Raven.Server.Rachis.RachisConsensus.SendToLeaderAsync(CommandBase cmd, CancellationToken token) in /_/72003/src/Raven.Server/Rachis/RachisConsensus.cs:line 977
   at Raven.Server.ServerWide.ServerStore.SendToLeaderAsync(CommandBase cmd, Nullable`1 token) in /_/72003/src/Raven.Server/ServerWide/ServerStore.cs:line 3490
   at Raven.Server.Documents.Indexes.AbstractIndexDeleteController.DeleteIndexAsync(String name, String raftRequestId) in /_/72003/src/Raven.Server/Documents/Indexes/AbstractIndexDeleteController.cs:line 65
Index: 199. Type: DeleteIndexCommand. ExecutionTime: 00:00:00.0001693. Term: 1. LeaderErrorCount: 0. LeaderShipDuration: 73351. Exception: 
Index: 200. Type: UpdateLicenseLimitsCommand. ExecutionTime: 00:00:00.0086566. Term: 1. LeaderErrorCount: 0. LeaderShipDuration: 73365. Exception: 
Index: 201. Type: DeleteDatabaseCommand. ExecutionTime: 00:00:00.0010604. Term: 1. LeaderErrorCount: 0. LeaderShipDuration: 87071. Exception: 
Index: 202. Type: AddDatabaseCommand. ExecutionTime: 00:00:00.0067502. Term: 1. LeaderErrorCount: 0. LeaderShipDuration: 102451. Exception: 
Index: 203. Type: RemoveNodeFromDatabaseCommand. ExecutionTime: 00:00:00.0005832. Term: 1. LeaderErrorCount: 0. LeaderShipDuration: 105445. Exception: 
Index: 204. Type: AddDatabaseCommand. ExecutionTime: 00:00:00.0022586. Term: 1. LeaderErrorCount: 0. LeaderShipDuration: 124195. Exception: 
Index: 205. Type: AddDatabaseCommand. ExecutionTime: 00:00:00.0021748. Term: 1. LeaderErrorCount: 0. LeaderShipDuration: 138953. Exception: 
Index: 206. Type: AddDatabaseCommand. ExecutionTime: 00:00:00.0021999. Term: 1. LeaderErrorCount: 0. LeaderShipDuration: 155201. Exception: 

   at Raven.Server.ServerWide.AbstractRaftIndexNotifications`1.ThrowTimeoutException(TimeSpan value, Int64 index, Int64 lastModifiedIndex, Boolean isExecution) in /_/72003/src/Raven.Server/ServerWide/AbstractRaftIndexNotifications.cs:line 132
   at Raven.Server.ServerWide.AbstractRaftIndexNotifications`1.WaitForIndexNotification(Int64 index, TimeSpan timeout) in /_/72003/src/Raven.Server/ServerWide/AbstractRaftIndexNotifications.cs:line 62
   at Raven.Server.ServerWide.ClusterStateMachine.WaitForIndexNotification(Int64 index, Nullable`1 timeout) in /_/72003/src/Raven.Server/ServerWide/ClusterStateMachine.cs:line 1551
   at Raven.Server.ServerWide.ServerStore.WaitForExecutionOnRelevantNodesAsync(JsonOperationContext context, List`1 members, Int64 index) in /_/72003/src/Raven.Server/ServerWide/ServerStore.cs:line 3529
   at Raven.Server.Web.System.AdminDatabasesHandler.CreateDatabase(String name, DatabaseRecord databaseRecord, TransactionOperationContext context, Int32 replicationFactor, Nullable`1 index, String raftRequestId) in /_/72003/src/Raven.Server/Web/System/AdminDatabasesHandler.cs:line 459
   at Raven.Server.Web.System.AdminDatabasesHandler.Put() in /_/72003/src/Raven.Server/Web/System/AdminDatabasesHandler.cs:line 295
   at Raven.Server.Routing.RequestRouter.HandlePath(RequestHandlerContext reqCtx) in /_/72003/src/Raven.Server/Routing/RequestRouter.cs:line 424
   at Raven.Server.RavenServerStartup.RequestHandler(HttpContext context) in /_/72003/src/Raven.Server/RavenServerStartup.cs:line 185
The server at /admin/databases?name=CreateAsync_ThrowsOnCancelledToken_62&replicationFactor=1&raft-request-id=f3d06eaf-f256-4d72-9436-32d3184bc2c5 responded with status code: RequestTimeout.
  Stack Trace:
     at Raven.Client.Http.RequestExecutor.ThrowFailedToContactAllNodes[TResult](RavenCommand`1 command, HttpRequestMessage request)
   at Raven.Client.Http.RequestExecutor.ExecuteAsync[TResult](ServerNode chosenNode, Nullable`1 nodeIndex, JsonOperationContext context, RavenCommand`1 command, Boolean shouldRetry, SessionInfo sessionInfo, CancellationToken token)
   at Raven.Client.Http.RequestExecutor.ExecuteAsync[TResult](ServerNode chosenNode, Nullable`1 nodeIndex, JsonOperationContext context, RavenCommand`1 command, Boolean shouldRetry, SessionInfo sessionInfo, CancellationToken token)
   at Raven.Client.ServerWide.Operations.ServerOperationExecutor.SendAsync[TResult](IServerOperation`1 operation, CancellationToken token)
   at Raven.Client.Util.AsyncHelpers.<>c__DisplayClass4_0`1.<<RunSync>b__0>d.MoveNext()
--- End of stack trace from previous location ---
   at Raven.Client.Util.AsyncHelpers.HandleException(AggregateException ex, Stopwatch sw)
   at Raven.Client.Util.AsyncHelpers.RunSync[T](Func`1 task)
   at Raven.TestDriver.RavenTestDriver.GetDocumentStore(GetDocumentStoreOptions options, String database)
   at Aero.Identity.Tests.RavenTestBase.CreateStore(String database) in C:\Users\bbqch\proj\microbians\piranha\test\Aero.Identity.Tests\RavenTestBase.cs:line 29
   at Aero.Identity.Tests.RavenUserStoreTests.CreateAsync_ThrowsOnCancelledToken() in C:\Users\bbqch\proj\microbians\piranha\test\Aero.Identity.Tests\RavenUserStoreTests.cs:line 330
--- End of stack trace from previous location ---
----- Inner Stack Trace -----

  Failed Piranha.Tests.Fields.VideoFieldConversionsNullVideo [1 ms]
  Error Message:
   Raven.Client.Exceptions.RavenException : System.TimeoutException: Waited for 00:00:15 but didn't get an index notification for 407. Last commit index is: 406. Number of errors is: 0.
Index: 359. Type: DeleteDatabaseCommand. ExecutionTime: 00:00:00.0007053. Term: 1. LeaderErrorCount: 0. LeaderShipDuration: 57438. Exception: 
Index: 360. Type: PutAutoIndexCommand. ExecutionTime: 00:00:00.0010296. Term: 1. LeaderErrorCount: 0. LeaderShipDuration: 57490. Exception: 
Index: 361. Type: RemoveNodeFromDatabaseCommand. ExecutionTime: 00:00:00.0005631. Term: 1. LeaderErrorCount: 0. LeaderShipDuration: 57497. Exception: 
Index: 362. Type: RemoveNodeFromDatabaseCommand. ExecutionTime: 00:00:00.0004790. Term: 1. LeaderErrorCount: 0. LeaderShipDuration: 57499. Exception: 
Index: 363. Type: AddDatabaseCommand. ExecutionTime: 00:00:00.0012260. Term: 1. LeaderErrorCount: 0. LeaderShipDuration: 57529. Exception: 
Index: 364. Type: AddDatabaseCommand. ExecutionTime: 00:00:00.0014373. Term: 1. LeaderErrorCount: 0. LeaderShipDuration: 57533. Exception: 
Index: 365. Type: DeleteDatabaseCommand. ExecutionTime: 00:00:00.0013181. Term: 1. LeaderErrorCount: 0. LeaderShipDuration: 57567. Exception: 
Index: 366. Type: DeleteDatabaseCommand. ExecutionTime: 00:00:00.0014377. Term: 1. LeaderErrorCount: 0. LeaderShipDuration: 57644. Exception: 
Index: 367. Type: RemoveNodeFromDatabaseCommand. ExecutionTime: 00:00:00.0005517. Term: 1. LeaderErrorCount: 0. LeaderShipDuration: 57673. Exception: 
Index: 368. Type: PutAutoIndexCommand. ExecutionTime: 00:00:00.0009995. Term: 1. LeaderErrorCount: 0. LeaderShipDuration: 57701. Exception: 
Index: 369. Type: RemoveNodeFromDatabaseCommand. ExecutionTime: 00:00:00.0005578. Term: 1. LeaderErrorCount: 0. LeaderShipDuration: 57712. Exception: 
Index: 370. Type: AddDatabaseCommand. ExecutionTime: 00:00:00.0012385. Term: 1. LeaderErrorCount: 0. LeaderShipDuration: 57729. Exception: 
Index: 371. Type: AddDatabaseCommand. ExecutionTime: 00:00:00.0015053. Term: 1. LeaderErrorCount: 0. LeaderShipDuration: 57762. Exception: 
Index: 372. Type: DeleteDatabaseCommand. ExecutionTime: 00:00:00.0010180. Term: 1. LeaderErrorCount: 0. LeaderShipDuration: 57809. Exception: 
Index: 373. Type: DeleteDatabaseCommand. ExecutionTime: 00:00:00.0007814. Term: 1. LeaderErrorCount: 0. LeaderShipDuration: 57845. Exception: 
Index: 374. Type: RemoveNodeFromDatabaseCommand. ExecutionTime: 00:00:00.0005239. Term: 1. LeaderErrorCount: 0. LeaderShipDuration: 57868. Exception: 
Index: 375. Type: RemoveNodeFromDatabaseCommand. ExecutionTime: 00:00:00.0004648. Term: 1. LeaderErrorCount: 0. LeaderShipDuration: 57894. Exception: 
Index: 376. Type: AddDatabaseCommand. ExecutionTime: 00:00:00.0011413. Term: 1. LeaderErrorCount: 0. LeaderShipDuration: 57905. Exception: 
Index: 377. Type: AddDatabaseCommand. ExecutionTime: 00:00:00.0009228. Term: 1. LeaderErrorCount: 0. LeaderShipDuration: 57907. Exception: 
Index: 378. Type: PutAutoIndexCommand. ExecutionTime: 00:00:00.0013865. Term: 1. LeaderErrorCount: 0. LeaderShipDuration: 57964. Exception: 
Index: 379. Type: DeleteDatabaseCommand. ExecutionTime: 00:00:00.0008451. Term: 1. LeaderErrorCount: 0. LeaderShipDuration: 57999. Exception: 
Index: 380. Type: DeleteDatabaseCommand. ExecutionTime: 00:00:00.0011758. Term: 1. LeaderErrorCount: 0. LeaderShipDuration: 58018. Exception: 
Index: 381. Type: PutAutoIndexCommand. ExecutionTime: 00:00:00.0009232. Term: 1. LeaderErrorCount: 0. LeaderShipDuration: 58051. Exception: 
Index: 382. Type: RemoveNodeFromDatabaseCommand. ExecutionTime: 00:00:00.0005972. Term: 1. LeaderErrorCount: 0. LeaderShipDuration: 58115. Exception: 
Index: 383. Type: RemoveNodeFromDatabaseCommand. ExecutionTime: 00:00:00.0005422. Term: 1. LeaderErrorCount: 0. LeaderShipDuration: 58118. Exception: 
Index: 384. Type: AddDatabaseCommand. ExecutionTime: 00:00:00.0011550. Term: 1. LeaderErrorCount: 0. LeaderShipDuration: 58131. Exception: 
Index: 385. Type: AddDatabaseCommand. ExecutionTime: 00:00:00.0013122. Term: 1. LeaderErrorCount: 0. LeaderShipDuration: 58136. Exception: 
Index: 386. Type: DeleteDatabaseCommand. ExecutionTime: 00:00:00.0009618. Term: 1. LeaderErrorCount: 0. LeaderShipDuration: 58202. Exception: 
Index: 387. Type: DeleteDatabaseCommand. ExecutionTime: 00:00:00.0008514. Term: 1. LeaderErrorCount: 0. LeaderShipDuration: 58263. Exception: 
Index: 388. Type: RemoveNodeFromDatabaseCommand. ExecutionTime: 00:00:00.0005528. Term: 1. LeaderErrorCount: 0. LeaderShipDuration: 58289. Exception: 
Index: 389. Type: RemoveNodeFromDatabaseCommand. ExecutionTime: 00:00:00.0004401. Term: 1. LeaderErrorCount: 0. LeaderShipDuration: 58309. Exception: 
Index: 390. Type: AddDatabaseCommand. ExecutionTime: 00:00:00.0016774. Term: 1. LeaderErrorCount: 0. LeaderShipDuration: 58318. Exception: 
Index: 391. Type: AddDatabaseCommand. ExecutionTime: 00:00:00.0011539. Term: 1. LeaderErrorCount: 0. LeaderShipDuration: 58321. Exception: 
Index: 392. Type: PutAutoIndexCommand. ExecutionTime: 00:00:00.0008411. Term: 1. LeaderErrorCount: 0. LeaderShipDuration: 58351. Exception: 
Index: 393. Type: UpdateLicenseLimitsCommand. ExecutionTime: 00:00:00.0071756. Term: 1. LeaderErrorCount: 0. LeaderShipDuration: 58379. Exception: 
Index: 394. Type: PutAutoIndexCommand. ExecutionTime: 00:00:00.0010625. Term: 1. LeaderErrorCount: 0. LeaderShipDuration: 58418. Exception: 
Index: 395. Type: DeleteDatabaseCommand. ExecutionTime: 00:00:00.0011445. Term: 1. LeaderErrorCount: 0. LeaderShipDuration: 58467. Exception: 
Index: 396. Type: PutAutoIndexCommand. ExecutionTime: 00:00:00.0008731. Term: 1. LeaderErrorCount: 0. LeaderShipDuration: 58478. Exception: 
Index: 397. Type: DeleteDatabaseCommand. ExecutionTime: 00:00:00.0009012. Term: 1. LeaderErrorCount: 0. LeaderShipDuration: 58523. Exception: 
Index: 398. Type: DeleteDatabaseCommand. ExecutionTime: 00:00:00.0009584. Term: 1. LeaderErrorCount: 0. LeaderShipDuration: 58630. Exception: 
Index: 399. Type: RemoveNodeFromDatabaseCommand. ExecutionTime: 00:00:00.0005704. Term: 1. LeaderErrorCount: 0. LeaderShipDuration: 58647. Exception: 
Index: 400. Type: RemoveNodeFromDatabaseCommand. ExecutionTime: 00:00:00.0005629. Term: 1. LeaderErrorCount: 0. LeaderShipDuration: 58703. Exception: 
Index: 401. Type: RemoveNodeFromDatabaseCommand. ExecutionTime: 00:00:00.0004050. Term: 1. LeaderErrorCount: 0. LeaderShipDuration: 58703. Exception: 
Index: 402. Type: AddDatabaseCommand. ExecutionTime: 00:00:00.0072769. Term: 1. LeaderErrorCount: 0. LeaderShipDuration: 58723. Exception: 
Index: 403. Type: AddDatabaseCommand. ExecutionTime: 00:00:00.0027289. Term: 1. LeaderErrorCount: 0. LeaderShipDuration: 58736. Exception: 
Index: 404. Type: AddDatabaseCommand. ExecutionTime: 00:00:00.0020052. Term: 1. LeaderErrorCount: 0. LeaderShipDuration: 58740. Exception: 
Index: 405. Type: DeleteDatabaseCommand. ExecutionTime: 00:00:00.0008958. Term: 1. LeaderErrorCount: 0. LeaderShipDuration: 73976. Exception: 
Index: 406. Type: RemoveNodeFromDatabaseCommand. ExecutionTime: 00:00:00.0006433. Term: 1. LeaderErrorCount: 0. LeaderShipDuration: 76150. Exception: 
Index: 407. Type: AddDatabaseCommand. ExecutionTime: 00:00:00.0021771. Term: 1. LeaderErrorCount: 0. LeaderShipDuration: 76182. Exception: 
Index: 408. Type: PutAutoIndexCommand. ExecutionTime: 00:00:00.0008826. Term: 1. LeaderErrorCount: 0. LeaderShipDuration: 76189. Exception: 

   at Raven.Server.ServerWide.AbstractRaftIndexNotifications`1.ThrowTimeoutException(TimeSpan value, Int64 index, Int64 lastModifiedIndex, Boolean isExecution) in /_/72003/src/Raven.Server/ServerWide/AbstractRaftIndexNotifications.cs:line 132
   at Raven.Server.ServerWide.AbstractRaftIndexNotifications`1.WaitForIndexNotification(Int64 index, TimeSpan timeout) in /_/72003/src/Raven.Server/ServerWide/AbstractRaftIndexNotifications.cs:line 62
   at Raven.Server.ServerWide.ClusterStateMachine.WaitForIndexNotification(Int64 index, Nullable`1 timeout) in /_/72003/src/Raven.Server/ServerWide/ClusterStateMachine.cs:line 1551
   at Raven.Server.ServerWide.ServerStore.WaitForExecutionOnRelevantNodesAsync(JsonOperationContext context, List`1 members, Int64 index) in /_/72003/src/Raven.Server/ServerWide/ServerStore.cs:line 3529
   at Raven.Server.Web.System.AdminDatabasesHandler.CreateDatabase(String name, DatabaseRecord databaseRecord, TransactionOperationContext context, Int32 replicationFactor, Nullable`1 index, String raftRequestId) in /_/72003/src/Raven.Server/Web/System/AdminDatabasesHandler.cs:line 459
   at Raven.Server.Web.System.AdminDatabasesHandler.Put() in /_/72003/src/Raven.Server/Web/System/AdminDatabasesHandler.cs:line 295
   at Raven.Server.Routing.RequestRouter.HandlePath(RequestHandlerContext reqCtx) in /_/72003/src/Raven.Server/Routing/RequestRouter.cs:line 424
   at Raven.Server.RavenServerStartup.RequestHandler(HttpContext context) in /_/72003/src/Raven.Server/RavenServerStartup.cs:line 185
The server at /admin/databases?name=Fields_ctor_120&replicationFactor=1&raft-request-id=73166d50-c1c2-4c4f-8466-89b796f7b390 responded with status code: RequestTimeout.
---- System.TimeoutException : System.TimeoutException: Waited for 00:00:15 but didn't get an index notification for 407. Last commit index is: 406. Number of errors is: 0.
Index: 359. Type: DeleteDatabaseCommand. ExecutionTime: 00:00:00.0007053. Term: 1. LeaderErrorCount: 0. LeaderShipDuration: 57438. Exception: 
Index: 360. Type: PutAutoIndexCommand. ExecutionTime: 00:00:00.0010296. Term: 1. LeaderErrorCount: 0. LeaderShipDuration: 57490. Exception: 
Index: 361. Type: RemoveNodeFromDatabaseCommand. ExecutionTime: 00:00:00.0005631. Term: 1. LeaderErrorCount: 0. LeaderShipDuration: 57497. Exception: 
Index: 362. Type: RemoveNodeFromDatabaseCommand. ExecutionTime: 00:00:00.0004790. Term: 1. LeaderErrorCount: 0. LeaderShipDuration: 57499. Exception: 
Index: 363. Type: AddDatabaseCommand. ExecutionTime: 00:00:00.0012260. Term: 1. LeaderErrorCount: 0. LeaderShipDuration: 57529. Exception: 
Index: 364. Type: AddDatabaseCommand. ExecutionTime: 00:00:00.0014373. Term: 1. LeaderErrorCount: 0. LeaderShipDuration: 57533. Exception: 
Index: 365. Type: DeleteDatabaseCommand. ExecutionTime: 00:00:00.0013181. Term: 1. LeaderErrorCount: 0. LeaderShipDuration: 57567. Exception: 
Index: 366. Type: DeleteDatabaseCommand. ExecutionTime: 00:00:00.0014377. Term: 1. LeaderErrorCount: 0. LeaderShipDuration: 57644. Exception: 
Index: 367. Type: RemoveNodeFromDatabaseCommand. ExecutionTime: 00:00:00.0005517. Term: 1. LeaderErrorCount: 0. LeaderShipDuration: 57673. Exception: 
Index: 368. Type: PutAutoIndexCommand. ExecutionTime: 00:00:00.0009995. Term: 1. LeaderErrorCount: 0. LeaderShipDuration: 57701. Exception: 
Index: 369. Type: RemoveNodeFromDatabaseCommand. ExecutionTime: 00:00:00.0005578. Term: 1. LeaderErrorCount: 0. LeaderShipDuration: 57712. Exception: 
Index: 370. Type: AddDatabaseCommand. ExecutionTime: 00:00:00.0012385. Term: 1. LeaderErrorCount: 0. LeaderShipDuration: 57729. Exception: 
Index: 371. Type: AddDatabaseCommand. ExecutionTime: 00:00:00.0015053. Term: 1. LeaderErrorCount: 0. LeaderShipDuration: 57762. Exception: 
Index: 372. Type: DeleteDatabaseCommand. ExecutionTime: 00:00:00.0010180. Term: 1. LeaderErrorCount: 0. LeaderShipDuration: 57809. Exception: 
Index: 373. Type: DeleteDatabaseCommand. ExecutionTime: 00:00:00.0007814. Term: 1. LeaderErrorCount: 0. LeaderShipDuration: 57845. Exception: 
Index: 374. Type: RemoveNodeFromDatabaseCommand. ExecutionTime: 00:00:00.0005239. Term: 1. LeaderErrorCount: 0. LeaderShipDuration: 57868. Exception: 
Index: 375. Type: RemoveNodeFromDatabaseCommand. ExecutionTime: 00:00:00.0004648. Term: 1. LeaderErrorCount: 0. LeaderShipDuration: 57894. Exception: 
Index: 376. Type: AddDatabaseCommand. ExecutionTime: 00:00:00.0011413. Term: 1. LeaderErrorCount: 0. LeaderShipDuration: 57905. Exception: 
Index: 377. Type: AddDatabaseCommand. ExecutionTime: 00:00:00.0009228. Term: 1. LeaderErrorCount: 0. LeaderShipDuration: 57907. Exception: 
Index: 378. Type: PutAutoIndexCommand. ExecutionTime: 00:00:00.0013865. Term: 1. LeaderErrorCount: 0. LeaderShipDuration: 57964. Exception: 
Index: 379. Type: DeleteDatabaseCommand. ExecutionTime: 00:00:00.0008451. Term: 1. LeaderErrorCount: 0. LeaderShipDuration: 57999. Exception: 
Index: 380. Type: DeleteDatabaseCommand. ExecutionTime: 00:00:00.0011758. Term: 1. LeaderErrorCount: 0. LeaderShipDuration: 58018. Exception: 
Index: 381. Type: PutAutoIndexCommand. ExecutionTime: 00:00:00.0009232. Term: 1. LeaderErrorCount: 0. LeaderShipDuration: 58051. Exception: 
Index: 382. Type: RemoveNodeFromDatabaseCommand. ExecutionTime: 00:00:00.0005972. Term: 1. LeaderErrorCount: 0. LeaderShipDuration: 58115. Exception: 
Index: 383. Type: RemoveNodeFromDatabaseCommand. ExecutionTime: 00:00:00.0005422. Term: 1. LeaderErrorCount: 0. LeaderShipDuration: 58118. Exception: 
Index: 384. Type: AddDatabaseCommand. ExecutionTime: 00:00:00.0011550. Term: 1. LeaderErrorCount: 0. LeaderShipDuration: 58131. Exception: 
Index: 385. Type: AddDatabaseCommand. ExecutionTime: 00:00:00.0013122. Term: 1. LeaderErrorCount: 0. LeaderShipDuration: 58136. Exception: 
Index: 386. Type: DeleteDatabaseCommand. ExecutionTime: 00:00:00.0009618. Term: 1. LeaderErrorCount: 0. LeaderShipDuration: 58202. Exception: 
Index: 387. Type: DeleteDatabaseCommand. ExecutionTime: 00:00:00.0008514. Term: 1. LeaderErrorCount: 0. LeaderShipDuration: 58263. Exception: 
Index: 388. Type: RemoveNodeFromDatabaseCommand. ExecutionTime: 00:00:00.0005528. Term: 1. LeaderErrorCount: 0. LeaderShipDuration: 58289. Exception: 
Index: 389. Type: RemoveNodeFromDatabaseCommand. ExecutionTime: 00:00:00.0004401. Term: 1. LeaderErrorCount: 0. LeaderShipDuration: 58309. Exception: 
Index: 390. Type: AddDatabaseCommand. ExecutionTime: 00:00:00.0016774. Term: 1. LeaderErrorCount: 0. LeaderShipDuration: 58318. Exception: 
Index: 391. Type: AddDatabaseCommand. ExecutionTime: 00:00:00.0011539. Term: 1. LeaderErrorCount: 0. LeaderShipDuration: 58321. Exception: 
Index: 392. Type: PutAutoIndexCommand. ExecutionTime: 00:00:00.0008411. Term: 1. LeaderErrorCount: 0. LeaderShipDuration: 58351. Exception: 
Index: 393. Type: UpdateLicenseLimitsCommand. ExecutionTime: 00:00:00.0071756. Term: 1. LeaderErrorCount: 0. LeaderShipDuration: 58379. Exception: 
Index: 394. Type: PutAutoIndexCommand. ExecutionTime: 00:00:00.0010625. Term: 1. LeaderErrorCount: 0. LeaderShipDuration: 58418. Exception: 
Index: 395. Type: DeleteDatabaseCommand. ExecutionTime: 00:00:00.0011445. Term: 1. LeaderErrorCount: 0. LeaderShipDuration: 58467. Exception: 
Index: 396. Type: PutAutoIndexCommand. ExecutionTime: 00:00:00.0008731. Term: 1. LeaderErrorCount: 0. LeaderShipDuration: 58478. Exception: 
Index: 397. Type: DeleteDatabaseCommand. ExecutionTime: 00:00:00.0009012. Term: 1. LeaderErrorCount: 0. LeaderShipDuration: 58523. Exception: 
Index: 398. Type: DeleteDatabaseCommand. ExecutionTime: 00:00:00.0009584. Term: 1. LeaderErrorCount: 0. LeaderShipDuration: 58630. Exception: 
Index: 399. Type: RemoveNodeFromDatabaseCommand. ExecutionTime: 00:00:00.0005704. Term: 1. LeaderErrorCount: 0. LeaderShipDuration: 58647. Exception: 
Index: 400. Type: RemoveNodeFromDatabaseCommand. ExecutionTime: 00:00:00.0005629. Term: 1. LeaderErrorCount: 0. LeaderShipDuration: 58703. Exception: 
Index: 401. Type: RemoveNodeFromDatabaseCommand. ExecutionTime: 00:00:00.0004050. Term: 1. LeaderErrorCount: 0. LeaderShipDuration: 58703. Exception: 
Index: 402. Type: AddDatabaseCommand. ExecutionTime: 00:00:00.0072769. Term: 1. LeaderErrorCount: 0. LeaderShipDuration: 58723. Exception: 
Index: 403. Type: AddDatabaseCommand. ExecutionTime: 00:00:00.0027289. Term: 1. LeaderErrorCount: 0. LeaderShipDuration: 58736. Exception: 
Index: 404. Type: AddDatabaseCommand. ExecutionTime: 00:00:00.0020052. Term: 1. LeaderErrorCount: 0. LeaderShipDuration: 58740. Exception: 
Index: 405. Type: DeleteDatabaseCommand. ExecutionTime: 00:00:00.0008958. Term: 1. LeaderErrorCount: 0. LeaderShipDuration: 73976. Exception: 
Index: 406. Type: RemoveNodeFromDatabaseCommand. ExecutionTime: 00:00:00.0006433. Term: 1. LeaderErrorCount: 0. LeaderShipDuration: 76150. Exception: 
Index: 407. Type: AddDatabaseCommand. ExecutionTime: 00:00:00.0021771. Term: 1. LeaderErrorCount: 0. LeaderShipDuration: 76182. Exception: 
Index: 408. Type: PutAutoIndexCommand. ExecutionTime: 00:00:00.0008826. Term: 1. LeaderErrorCount: 0. LeaderShipDuration: 76189. Exception: 

   at Raven.Server.ServerWide.AbstractRaftIndexNotifications`1.ThrowTimeoutException(TimeSpan value, Int64 index, Int64 lastModifiedIndex, Boolean isExecution) in /_/72003/src/Raven.Server/ServerWide/AbstractRaftIndexNotifications.cs:line 132
   at Raven.Server.ServerWide.AbstractRaftIndexNotifications`1.WaitForIndexNotification(Int64 index, TimeSpan timeout) in /_/72003/src/Raven.Server/ServerWide/AbstractRaftIndexNotifications.cs:line 62
   at Raven.Server.ServerWide.ClusterStateMachine.WaitForIndexNotification(Int64 index, Nullable`1 timeout) in /_/72003/src/Raven.Server/ServerWide/ClusterStateMachine.cs:line 1551
   at Raven.Server.ServerWide.ServerStore.WaitForExecutionOnRelevantNodesAsync(JsonOperationContext context, List`1 members, Int64 index) in /_/72003/src/Raven.Server/ServerWide/ServerStore.cs:line 3529
   at Raven.Server.Web.System.AdminDatabasesHandler.CreateDatabase(String name, DatabaseRecord databaseRecord, TransactionOperationContext context, Int32 replicationFactor, Nullable`1 index, String raftRequestId) in /_/72003/src/Raven.Server/Web/System/AdminDatabasesHandler.cs:line 459
   at Raven.Server.Web.System.AdminDatabasesHandler.Put() in /_/72003/src/Raven.Server/Web/System/AdminDatabasesHandler.cs:line 295
   at Raven.Server.Routing.RequestRouter.HandlePath(RequestHandlerContext reqCtx) in /_/72003/src/Raven.Server/Routing/RequestRouter.cs:line 424
   at Raven.Server.RavenServerStartup.RequestHandler(HttpContext context) in /_/72003/src/Raven.Server/RavenServerStartup.cs:line 185
The server at /admin/databases?name=Fields_ctor_120&replicationFactor=1&raft-request-id=73166d50-c1c2-4c4f-8466-89b796f7b390 responded with status code: RequestTimeout.
  Stack Trace:
     at Raven.Client.Http.RequestExecutor.ThrowFailedToContactAllNodes[TResult](RavenCommand`1 command, HttpRequestMessage request)
   at Raven.Client.Http.RequestExecutor.ExecuteAsync[TResult](ServerNode chosenNode, Nullable`1 nodeIndex, JsonOperationContext context, RavenCommand`1 command, Boolean shouldRetry, SessionInfo sessionInfo, CancellationToken token)
   at Raven.Client.Http.RequestExecutor.ExecuteAsync[TResult](ServerNode chosenNode, Nullable`1 nodeIndex, JsonOperationContext context, RavenCommand`1 command, Boolean shouldRetry, SessionInfo sessionInfo, CancellationToken token)
   at Raven.Client.ServerWide.Operations.ServerOperationExecutor.SendAsync[TResult](IServerOperation`1 operation, CancellationToken token)
   at Raven.Client.Util.AsyncHelpers.<>c__DisplayClass4_0`1.<<RunSync>b__0>d.MoveNext()
--- End of stack trace from previous location ---
   at Raven.Client.Util.AsyncHelpers.HandleException(AggregateException ex, Stopwatch sw)
   at Raven.Client.Util.AsyncHelpers.RunSync[T](Func`1 task)
   at Raven.TestDriver.RavenTestDriver.GetDocumentStore(GetDocumentStoreOptions options, String database)
   at Piranha.Tests.RavenTestBase.CreateStore(String database) in C:\Users\bbqch\proj\microbians\piranha\test\Piranha.Tests\RavenTestBase.cs:line 38
   at Piranha.Tests.BaseTests..ctor() in C:\Users\bbqch\proj\microbians\piranha\test\Piranha.Tests\BaseTests.cs:line 34
   at Piranha.Tests.Fields..ctor() in C:\Users\bbqch\proj\microbians\piranha\test\Piranha.Tests\Fields.cs:line 32
   at System.RuntimeType.CreateInstanceImpl(BindingFlags bindingAttr, Binder binder, Object[] args, CultureInfo culture)
----- Inner Stack Trace -----

  Failed Piranha.Tests.Blocks.SerializeQuoteBlock [157 ms]
  Error Message:
   System.NotSupportedException : Could not understand expression: from 'Medias'.Where(m => op_Implicit(value(Piranha.Repositories.MediaRepository+<>c__DisplayClass6_0).ids).Contains(m.Id)).OrderBy(m => m.Filename)
---- System.NotSupportedException : Expression type not supported: System.Linq.Expressions.TypedParameterExpression
  Stack Trace:
     at Raven.Client.Documents.Linq.RavenQueryProviderProcessor`1.GetAsyncDocumentQueryFor(Expression expression, Action`1 customization)
   at Raven.Client.Documents.Linq.RavenQueryProvider`1.ToAsyncDocumentQuery[TResult](Expression expression)
   at Raven.Client.Documents.LinqExtensions.ToArrayAsync[T](IQueryable`1 source, CancellationToken token)
   at Piranha.Repositories.MediaRepository.GetById(String[] ids) in C:\Users\bbqch\proj\microbians\piranha\data\Piranha.Data.EF\Repositories\MediaRepository.cs:line 78
   at Piranha.Services.MediaService._getFast(IEnumerable`1 ids) in C:\Users\bbqch\proj\microbians\piranha\core\Piranha\Services\Internal\MediaService.cs:line 58
   at Piranha.Tests.Blocks.DisposeAsync() in C:\Users\bbqch\proj\microbians\piranha\test\Piranha.Tests\Blocks.cs:line 59
----- Inner Stack Trace -----
   at Raven.Client.Documents.Linq.LinqPathProvider.GetMemberValue(MemberExpression memberExpression)
   at Raven.Client.Documents.Linq.LinqPathProvider.GetValueFromExpressionWithoutConversion(Expression expression, Object& value)
   at Raven.Client.Documents.Linq.RavenQueryProviderProcessor`1.GetValueFromExpression(Expression expression, Type type)
   at Raven.Client.Documents.Linq.RavenQueryProviderProcessor`1.VisitContains(MethodCallExpression expression)
   at Raven.Client.Documents.Linq.RavenQueryProviderProcessor`1.VisitMemoryExtensionsMethodCall(MethodCallExpression expression)
   at Raven.Client.Documents.Linq.RavenQueryProviderProcessor`1.VisitMethodCall(MethodCallExpression expression)
   at Raven.Client.Documents.Linq.RavenQueryProviderProcessor`1.VisitQueryableMethodCall(MethodCallExpression expression)
   at Raven.Client.Documents.Linq.RavenQueryProviderProcessor`1.VisitMethodCall(MethodCallExpression expression)
   at Raven.Client.Documents.Linq.RavenQueryProviderProcessor`1.VisitQueryableMethodCall(MethodCallExpression expression)
   at Raven.Client.Documents.Linq.RavenQueryProviderProcessor`1.VisitMethodCall(MethodCallExpression expression)
   at Raven.Client.Documents.Linq.RavenQueryProviderProcessor`1.GetAsyncDocumentQueryFor(Expression expression, Action`1 customization)
  Failed Piranha.Tests.Repositories.PostTypeTestsDistributedCache.Delete [2 m 3 s]
  Error Message:
   Raven.Client.Exceptions.Documents.Indexes.IndexCreationException : Raven.Client.Exceptions.Documents.Indexes.IndexCreationException: Failed to create auto index 'Auto/PostTypes/ById()', the cluster is probably down. Node A state is Leader, I'm the only one in the cluster, so I'm the leader (at 02/25/2026 01:31:21)
 ---> System.TimeoutException: Waited for 00:00:15 but the command  was not applied in this time.
   at Raven.Server.Rachis.Leader.RachisMergedCommand.WaitForCommit() in /_/72003/src/Raven.Server/Rachis/Commands/Leader.RachisMergedCommand.cs:line 67
   at Raven.Server.Rachis.Leader.RachisMergedCommand.Result() in /_/72003/src/Raven.Server/Rachis/Commands/Leader.RachisMergedCommand.cs:line 53
   at Raven.Server.Rachis.Leader.PutAsync(CommandBase command, TimeSpan timeout) in /_/72003/src/Raven.Server/Rachis/Leader.cs:line 675
   at Raven.Server.Rachis.RachisConsensus.SendToLeaderAsync(CommandBase cmd, CancellationToken token) in /_/72003/src/Raven.Server/Rachis/RachisConsensus.cs:line 977
   at Raven.Server.ServerWide.ServerStore.SendToLeaderAsync(CommandBase cmd, Nullable`1 token) in /_/72003/src/Raven.Server/ServerWide/ServerStore.cs:line 3490
   at Raven.Server.Documents.Indexes.AbstractIndexCreateController.CreateIndexAsync(IndexDefinitionBaseServerSide definition, String raftRequestId) in /_/72003/src/Raven.Server/Documents/Indexes/AbstractIndexCreateController.cs:line 177
   --- End of inner exception stack trace ---
   at Raven.Server.Documents.Indexes.IndexStore.ThrowIndexCreationException(String indexType, String indexName, Exception exception, String reason, ServerStore serverStore) in /_/72003/src/Raven.Server/Documents/Indexes/IndexStore.cs:line 2210
   at Raven.Server.Documents.Indexes.AbstractIndexCreateController.CreateIndexAsync(IndexDefinitionBaseServerSide definition, String raftRequestId) in /_/72003/src/Raven.Server/Documents/Indexes/AbstractIndexCreateController.cs:line 185
   at Raven.Server.Documents.Indexes.IndexStore.CreateIndex(IndexDefinitionBaseServerSide definition, String raftRequestId) in /_/72003/src/Raven.Server/Documents/Indexes/IndexStore.cs:line 932
   at Raven.Server.Documents.Queries.Dynamic.DynamicQueryRunner.CreateAutoIndexIfNeeded(IndexQueryServerSide query, Boolean createAutoIndexIfNoMatchIsFound, Nullable`1 customStalenessWaitTimeout, CancellationToken token) in /_/72003/src/Raven.Server/Documents/Queries/Dynamic/DynamicQueryRunner.cs:line 180
   at Raven.Server.Documents.Queries.Dynamic.DynamicQueryRunner.MatchIndex(IndexQueryServerSide query, Boolean createAutoIndexIfNoMatchIsFound, Nullable`1 customStalenessWaitTimeout, CancellationToken token) in /_/72003/src/Raven.Server/Documents/Queries/Dynamic/DynamicQueryRunner.cs:line 157
   at Raven.Server.Documents.Queries.Dynamic.DynamicQueryRunner.ExecuteQuery(IndexQueryServerSide query, QueryOperationContext queryContext, Nullable`1 existingResultEtag, OperationCancelToken token) in /_/72003/src/Raven.Server/Documents/Queries/Dynamic/DynamicQueryRunner.cs:line 52
   at Raven.Server.Documents.Queries.QueryRunner.ExecuteQuery(IndexQueryServerSide query, QueryOperationContext queryContext, Nullable`1 existingResultEtag, OperationCancelToken token) in /_/72003/src/Raven.Server/Documents/Queries/QueryRunner.cs:line 68
   at Raven.Server.Documents.Handlers.Processors.Queries.DatabaseQueriesHandlerProcessorForGet.GetQueryResultsAsync(IndexQueryServerSide query, QueryOperationContext queryContext, Nullable`1 existingResultEtag, Boolean metadataOnly, OperationCancelToken token) in /_/72003/src/Raven.Server/Documents/Handlers/Processors/Queries/DatabaseQueriesHandlerProcessorForGet.cs:line 52
   at Raven.Server.Documents.Handlers.Processors.Queries.AbstractQueriesHandlerProcessorForGet`4.ExecuteAsync() in /_/72003/src/Raven.Server/Documents/Handlers/Processors/Queries/AbstractQueriesHandlerProcessorForGet.cs:line 146
   at Raven.Server.Documents.Handlers.QueriesHandler.Post() in /_/72003/src/Raven.Server/Documents/Handlers/QueriesHandler.cs:line 14
   at Raven.Server.Routing.RequestRouter.HandlePath(RequestHandlerContext reqCtx) in /_/72003/src/Raven.Server/Routing/RequestRouter.cs:line 419
   at Raven.Server.RavenServerStartup.RequestHandler(HttpContext context) in /_/72003/src/Raven.Server/RavenServerStartup.cs:line 185
  Stack Trace:
     at Raven.Client.Exceptions.ExceptionDispatcher.Throw(JsonOperationContext context, HttpResponseMessage response, CommandUnsuccessfulResponseBehavior unsuccessfulResponseBehavior)
   at Raven.Client.Exceptions.ExceptionDispatcher.Throw(JsonOperationContext context, HttpResponseMessage response, CommandUnsuccessfulResponseBehavior unsuccessfulResponseBehavior)
   at Raven.Client.Http.Behaviors.DefaultCommandResponseBehavior.TryHandleUnsuccessfulResponseAsync[TResult](JsonOperationContext context, RavenCommand`1 command, HttpResponseMessage response, CommandUnsuccessfulResponseBehavior unsuccessfulResponseBehavior)
   at Raven.Client.Http.RequestExecutor.HandleUnsuccessfulResponse[TResult](ServerNode chosenNode, Nullable`1 nodeIndex, JsonOperationContext context, RavenCommand`1 command, HttpRequestMessage request, HttpResponseMessage response, String url, SessionInfo sessionInfo, Boolean shouldRetry, CancellationToken token)
   at Raven.Client.Http.RequestExecutor.ExecuteAsync[TResult](ServerNode chosenNode, Nullable`1 nodeIndex, JsonOperationContext context, RavenCommand`1 command, Boolean shouldRetry, SessionInfo sessionInfo, CancellationToken token)
   at Raven.Client.Http.RequestExecutor.ExecuteAsync[TResult](ServerNode chosenNode, Nullable`1 nodeIndex, JsonOperationContext context, RavenCommand`1 command, Boolean shouldRetry, SessionInfo sessionInfo, CancellationToken token)
   at Raven.Client.Documents.Session.AsyncDocumentQuery`1.ExecuteActualQueryAsync(CancellationToken token)
   at Raven.Client.Documents.Session.AsyncDocumentQuery`1.InitAsync(CancellationToken token)
   at Raven.Client.Documents.Session.AsyncDocumentQuery`1.ExecuteQueryOperationInternal(Nullable`1 take, CancellationToken token)
   at Raven.Client.Documents.Session.AsyncDocumentQuery`1.ExecuteQueryOperation(Nullable`1 take, CancellationToken token)
   at Piranha.Repositories.PostTypeRepository.GetAll() in C:\Users\bbqch\proj\microbians\piranha\data\Piranha.Data.EF\Repositories\PostTypeRepository.cs:line 38
   at Piranha.Services.PostTypeService.GetTypes() in C:\Users\bbqch\proj\microbians\piranha\core\Piranha\Services\Internal\PostTypeService.cs:line 153
   at Piranha.Services.PostTypeService.GetByIdAsync(String id) in C:\Users\bbqch\proj\microbians\piranha\core\Piranha\Services\Internal\PostTypeService.cs:line 55
   at Piranha.Tests.Repositories.PostTypeTests.Delete() in C:\Users\bbqch\proj\microbians\piranha\test\Piranha.Tests\Services\PostTypeTests.cs:line 240
--- End of stack trace from previous location ---
  Failed Piranha.Tests.Blocks.HtmlBlockNoTitle [93 ms]
  Error Message:
   System.NotSupportedException : Could not understand expression: from 'Medias'.Where(m => op_Implicit(value(Piranha.Repositories.MediaRepository+<>c__DisplayClass6_0).ids).Contains(m.Id)).OrderBy(m => m.Filename)
---- System.NotSupportedException : Expression type not supported: System.Linq.Expressions.TypedParameterExpression
  Stack Trace:
     at Raven.Client.Documents.Linq.RavenQueryProviderProcessor`1.GetAsyncDocumentQueryFor(Expression expression, Action`1 customization)
   at Raven.Client.Documents.Linq.RavenQueryProvider`1.ToAsyncDocumentQuery[TResult](Expression expression)
   at Raven.Client.Documents.LinqExtensions.ToArrayAsync[T](IQueryable`1 source, CancellationToken token)
   at Piranha.Repositories.MediaRepository.GetById(String[] ids) in C:\Users\bbqch\proj\microbians\piranha\data\Piranha.Data.EF\Repositories\MediaRepository.cs:line 78
   at Piranha.Services.MediaService._getFast(IEnumerable`1 ids) in C:\Users\bbqch\proj\microbians\piranha\core\Piranha\Services\Internal\MediaService.cs:line 58
   at Piranha.Tests.Blocks.DisposeAsync() in C:\Users\bbqch\proj\microbians\piranha\test\Piranha.Tests\Blocks.cs:line 59
----- Inner Stack Trace -----
   at Raven.Client.Documents.Linq.LinqPathProvider.GetMemberValue(MemberExpression memberExpression)
   at Raven.Client.Documents.Linq.LinqPathProvider.GetValueFromExpressionWithoutConversion(Expression expression, Object& value)
   at Raven.Client.Documents.Linq.RavenQueryProviderProcessor`1.GetValueFromExpression(Expression expression, Type type)
   at Raven.Client.Documents.Linq.RavenQueryProviderProcessor`1.VisitContains(MethodCallExpression expression)
   at Raven.Client.Documents.Linq.RavenQueryProviderProcessor`1.VisitMemoryExtensionsMethodCall(MethodCallExpression expression)
   at Raven.Client.Documents.Linq.RavenQueryProviderProcessor`1.VisitMethodCall(MethodCallExpression expression)
   at Raven.Client.Documents.Linq.RavenQueryProviderProcessor`1.VisitQueryableMethodCall(MethodCallExpression expression)
   at Raven.Client.Documents.Linq.RavenQueryProviderProcessor`1.VisitMethodCall(MethodCallExpression expression)
   at Raven.Client.Documents.Linq.RavenQueryProviderProcessor`1.VisitQueryableMethodCall(MethodCallExpression expression)
   at Raven.Client.Documents.Linq.RavenQueryProviderProcessor`1.VisitMethodCall(MethodCallExpression expression)
   at Raven.Client.Documents.Linq.RavenQueryProviderProcessor`1.GetAsyncDocumentQueryFor(Expression expression, Action`1 customization)
  Failed Piranha.Tests.Blocks.AudioBlockNoTitle [716 ms]
  Error Message:
   System.NotSupportedException : Could not understand expression: from 'Medias'.Where(m => op_Implicit(value(Piranha.Repositories.MediaRepository+<>c__DisplayClass6_0).ids).Contains(m.Id)).OrderBy(m => m.Filename)
---- System.NotSupportedException : Expression type not supported: System.Linq.Expressions.TypedParameterExpression
  Stack Trace:
     at Raven.Client.Documents.Linq.RavenQueryProviderProcessor`1.GetAsyncDocumentQueryFor(Expression expression, Action`1 customization)
   at Raven.Client.Documents.Linq.RavenQueryProvider`1.ToAsyncDocumentQuery[TResult](Expression expression)
   at Raven.Client.Documents.LinqExtensions.ToArrayAsync[T](IQueryable`1 source, CancellationToken token)
   at Piranha.Repositories.MediaRepository.GetById(String[] ids) in C:\Users\bbqch\proj\microbians\piranha\data\Piranha.Data.EF\Repositories\MediaRepository.cs:line 78
   at Piranha.Services.MediaService._getFast(IEnumerable`1 ids) in C:\Users\bbqch\proj\microbians\piranha\core\Piranha\Services\Internal\MediaService.cs:line 58
   at Piranha.Tests.Blocks.DisposeAsync() in C:\Users\bbqch\proj\microbians\piranha\test\Piranha.Tests\Blocks.cs:line 59
----- Inner Stack Trace -----
   at Raven.Client.Documents.Linq.LinqPathProvider.GetMemberValue(MemberExpression memberExpression)
   at Raven.Client.Documents.Linq.LinqPathProvider.GetValueFromExpressionWithoutConversion(Expression expression, Object& value)
   at Raven.Client.Documents.Linq.RavenQueryProviderProcessor`1.GetValueFromExpression(Expression expression, Type type)
   at Raven.Client.Documents.Linq.RavenQueryProviderProcessor`1.VisitContains(MethodCallExpression expression)
   at Raven.Client.Documents.Linq.RavenQueryProviderProcessor`1.VisitMemoryExtensionsMethodCall(MethodCallExpression expression)
   at Raven.Client.Documents.Linq.RavenQueryProviderProcessor`1.VisitMethodCall(MethodCallExpression expression)
   at Raven.Client.Documents.Linq.RavenQueryProviderProcessor`1.VisitQueryableMethodCall(MethodCallExpression expression)
   at Raven.Client.Documents.Linq.RavenQueryProviderProcessor`1.VisitMethodCall(MethodCallExpression expression)
   at Raven.Client.Documents.Linq.RavenQueryProviderProcessor`1.VisitQueryableMethodCall(MethodCallExpression expression)
   at Raven.Client.Documents.Linq.RavenQueryProviderProcessor`1.VisitMethodCall(MethodCallExpression expression)
   at Raven.Client.Documents.Linq.RavenQueryProviderProcessor`1.GetAsyncDocumentQueryFor(Expression expression, Action`1 customization)
  Failed Piranha.Tests.Blocks.SeparatorBlockTitle [238 ms]
  Error Message:
   System.NotSupportedException : Could not understand expression: from 'Medias'.Where(m => op_Implicit(value(Piranha.Repositories.MediaRepository+<>c__DisplayClass6_0).ids).Contains(m.Id)).OrderBy(m => m.Filename)
---- System.NotSupportedException : Expression type not supported: System.Linq.Expressions.TypedParameterExpression
  Stack Trace:
     at Raven.Client.Documents.Linq.RavenQueryProviderProcessor`1.GetAsyncDocumentQueryFor(Expression expression, Action`1 customization)
   at Raven.Client.Documents.Linq.RavenQueryProvider`1.ToAsyncDocumentQuery[TResult](Expression expression)
   at Raven.Client.Documents.LinqExtensions.ToArrayAsync[T](IQueryable`1 source, CancellationToken token)
   at Piranha.Repositories.MediaRepository.GetById(String[] ids) in C:\Users\bbqch\proj\microbians\piranha\data\Piranha.Data.EF\Repositories\MediaRepository.cs:line 78
   at Piranha.Services.MediaService._getFast(IEnumerable`1 ids) in C:\Users\bbqch\proj\microbians\piranha\core\Piranha\Services\Internal\MediaService.cs:line 58
   at Piranha.Tests.Blocks.DisposeAsync() in C:\Users\bbqch\proj\microbians\piranha\test\Piranha.Tests\Blocks.cs:line 59
----- Inner Stack Trace -----
   at Raven.Client.Documents.Linq.LinqPathProvider.GetMemberValue(MemberExpression memberExpression)
   at Raven.Client.Documents.Linq.LinqPathProvider.GetValueFromExpressionWithoutConversion(Expression expression, Object& value)
   at Raven.Client.Documents.Linq.RavenQueryProviderProcessor`1.GetValueFromExpression(Expression expression, Type type)
   at Raven.Client.Documents.Linq.RavenQueryProviderProcessor`1.VisitContains(MethodCallExpression expression)
   at Raven.Client.Documents.Linq.RavenQueryProviderProcessor`1.VisitMemoryExtensionsMethodCall(MethodCallExpression expression)
   at Raven.Client.Documents.Linq.RavenQueryProviderProcessor`1.VisitMethodCall(MethodCallExpression expression)
   at Raven.Client.Documents.Linq.RavenQueryProviderProcessor`1.VisitQueryableMethodCall(MethodCallExpression expression)
   at Raven.Client.Documents.Linq.RavenQueryProviderProcessor`1.VisitMethodCall(MethodCallExpression expression)
   at Raven.Client.Documents.Linq.RavenQueryProviderProcessor`1.VisitQueryableMethodCall(MethodCallExpression expression)
   at Raven.Client.Documents.Linq.RavenQueryProviderProcessor`1.VisitMethodCall(MethodCallExpression expression)
   at Raven.Client.Documents.Linq.RavenQueryProviderProcessor`1.GetAsyncDocumentQueryFor(Expression expression, Action`1 customization)

Failed!  - Failed:     6, Passed:    81, Skipped:     0, Total:    87, Duration: 3 m 33 s - Aero.Identity.Tests.dll (net10.0)
  Failed Piranha.Tests.Services.AliasTestsMemoryCache.AllowHttpsUrl [1 ms]
  Error Message:
   System.NotSupportedException : Could not understand expression: from 'Aliases'.Where(a => ((a.SiteId == value(Piranha.Repositories.AliasRepository+<>c__DisplayClass4_0).siteId) AndAlso (a.AliasUrl.ToLower() == value(Piranha.Repositories.AliasRepository+<>c__DisplayClass4_0).url.ToLower()))).Select(a => new Alias() {Id = a.Id, SiteId = a.SiteId, AliasUrl = a.AliasUrl, RedirectUrl = a.RedirectUrl, Type = a.Type, Created = a.Created, LastModified = a.LastModified})
---- System.NotSupportedException : Cannot understand how to translate method 'ToLower' of 'System.String' type. a.AliasUrl.ToLower()
  Stack Trace:
     at Raven.Client.Documents.Linq.RavenQueryProviderProcessor`1.GetAsyncDocumentQueryFor(Expression expression, Action`1 customization)
   at Raven.Client.Documents.Linq.RavenQueryProvider`1.ToAsyncDocumentQuery[TResult](Expression expression)
   at Raven.Client.Documents.LinqExtensions.FirstOrDefaultAsync[TSource](IQueryable`1 source, CancellationToken token)
   at Piranha.Repositories.AliasRepository.GetByAliasUrl(String url, String siteId) in C:\Users\bbqch\proj\microbians\piranha\data\Piranha.Data.EF\Repositories\AliasRepository.cs:line 83
   at Piranha.Services.AliasService.SaveAsync(Alias model) in C:\Users\bbqch\proj\microbians\piranha\core\Piranha\Services\Internal\AliasService.cs:line 180
   at Piranha.Tests.Services.AliasTests.InitializeAsync() in C:\Users\bbqch\proj\microbians\piranha\test\Piranha.Tests\Services\AliasTests.cs:line 67
   at Piranha.Tests.Services.AliasTestsMemoryCache.InitializeAsync() in C:\Users\bbqch\proj\microbians\piranha\test\Piranha.Tests\Services\AliasTests.cs:line 23
----- Inner Stack Trace -----
   at Raven.Client.Documents.Linq.LinqPathProvider.GetPath(Expression expression, Boolean isFilterActive)
   at Raven.Client.Documents.Linq.RavenQueryProviderProcessor`1.GetMemberDirect(Expression expression)
   at Raven.Client.Documents.Linq.RavenQueryProviderProcessor`1.VisitEquals(BinaryExpression expression)
   at Raven.Client.Documents.Linq.RavenQueryProviderProcessor`1.VisitBinaryExpression(BinaryExpression expression)
   at Raven.Client.Documents.Linq.RavenQueryProviderProcessor`1.VisitAndAlso(BinaryExpression andAlso)
   at Raven.Client.Documents.Linq.RavenQueryProviderProcessor`1.VisitBinaryExpression(BinaryExpression expression)
   at Raven.Client.Documents.Linq.RavenQueryProviderProcessor`1.VisitQueryableMethodCall(MethodCallExpression expression)
   at Raven.Client.Documents.Linq.RavenQueryProviderProcessor`1.VisitMethodCall(MethodCallExpression expression)
   at Raven.Client.Documents.Linq.RavenQueryProviderProcessor`1.VisitQueryableMethodCall(MethodCallExpression expression)
   at Raven.Client.Documents.Linq.RavenQueryProviderProcessor`1.VisitMethodCall(MethodCallExpression expression)
   at Raven.Client.Documents.Linq.RavenQueryProviderProcessor`1.GetAsyncDocumentQueryFor(Expression expression, Action`1 customization)
  Failed Piranha.Tests.Services.AliasTestsMemoryCache.AddDuplicateKey [1 ms]
  Error Message:
   System.NotSupportedException : Could not understand expression: from 'Aliases'.Where(a => ((a.SiteId == value(Piranha.Repositories.AliasRepository+<>c__DisplayClass4_0).siteId) AndAlso (a.AliasUrl.ToLower() == value(Piranha.Repositories.AliasRepository+<>c__DisplayClass4_0).url.ToLower()))).Select(a => new Alias() {Id = a.Id, SiteId = a.SiteId, AliasUrl = a.AliasUrl, RedirectUrl = a.RedirectUrl, Type = a.Type, Created = a.Created, LastModified = a.LastModified})
---- System.NotSupportedException : Cannot understand how to translate method 'ToLower' of 'System.String' type. a.AliasUrl.ToLower()
  Stack Trace:
     at Raven.Client.Documents.Linq.RavenQueryProviderProcessor`1.GetAsyncDocumentQueryFor(Expression expression, Action`1 customization)
   at Raven.Client.Documents.Linq.RavenQueryProvider`1.ToAsyncDocumentQuery[TResult](Expression expression)
   at Raven.Client.Documents.LinqExtensions.FirstOrDefaultAsync[TSource](IQueryable`1 source, CancellationToken token)
   at Piranha.Repositories.AliasRepository.GetByAliasUrl(String url, String siteId) in C:\Users\bbqch\proj\microbians\piranha\data\Piranha.Data.EF\Repositories\AliasRepository.cs:line 83
   at Piranha.Services.AliasService.SaveAsync(Alias model) in C:\Users\bbqch\proj\microbians\piranha\core\Piranha\Services\Internal\AliasService.cs:line 180
   at Piranha.Tests.Services.AliasTests.InitializeAsync() in C:\Users\bbqch\proj\microbians\piranha\test\Piranha.Tests\Services\AliasTests.cs:line 67
   at Piranha.Tests.Services.AliasTestsMemoryCache.InitializeAsync() in C:\Users\bbqch\proj\microbians\piranha\test\Piranha.Tests\Services\AliasTests.cs:line 23
----- Inner Stack Trace -----
   at Raven.Client.Documents.Linq.LinqPathProvider.GetPath(Expression expression, Boolean isFilterActive)
   at Raven.Client.Documents.Linq.RavenQueryProviderProcessor`1.GetMemberDirect(Expression expression)
   at Raven.Client.Documents.Linq.RavenQueryProviderProcessor`1.VisitEquals(BinaryExpression expression)
   at Raven.Client.Documents.Linq.RavenQueryProviderProcessor`1.VisitBinaryExpression(BinaryExpression expression)
   at Raven.Client.Documents.Linq.RavenQueryProviderProcessor`1.VisitAndAlso(BinaryExpression andAlso)
   at Raven.Client.Documents.Linq.RavenQueryProviderProcessor`1.VisitBinaryExpression(BinaryExpression expression)
   at Raven.Client.Documents.Linq.RavenQueryProviderProcessor`1.VisitQueryableMethodCall(MethodCallExpression expression)
   at Raven.Client.Documents.Linq.RavenQueryProviderProcessor`1.VisitMethodCall(MethodCallExpression expression)
   at Raven.Client.Documents.Linq.RavenQueryProviderProcessor`1.VisitQueryableMethodCall(MethodCallExpression expression)
   at Raven.Client.Documents.Linq.RavenQueryProviderProcessor`1.VisitMethodCall(MethodCallExpression expression)
   at Raven.Client.Documents.Linq.RavenQueryProviderProcessor`1.GetAsyncDocumentQueryFor(Expression expression, Action`1 customization)
  Failed Piranha.Tests.Services.AliasTestsMemoryCache.Add [1 ms]
  Error Message:
   System.NotSupportedException : Could not understand expression: from 'Aliases'.Where(a => ((a.SiteId == value(Piranha.Repositories.AliasRepository+<>c__DisplayClass4_0).siteId) AndAlso (a.AliasUrl.ToLower() == value(Piranha.Repositories.AliasRepository+<>c__DisplayClass4_0).url.ToLower()))).Select(a => new Alias() {Id = a.Id, SiteId = a.SiteId, AliasUrl = a.AliasUrl, RedirectUrl = a.RedirectUrl, Type = a.Type, Created = a.Created, LastModified = a.LastModified})
---- System.NotSupportedException : Cannot understand how to translate method 'ToLower' of 'System.String' type. a.AliasUrl.ToLower()
  Stack Trace:
     at Raven.Client.Documents.Linq.RavenQueryProviderProcessor`1.GetAsyncDocumentQueryFor(Expression expression, Action`1 customization)
   at Raven.Client.Documents.Linq.RavenQueryProvider`1.ToAsyncDocumentQuery[TResult](Expression expression)
   at Raven.Client.Documents.LinqExtensions.FirstOrDefaultAsync[TSource](IQueryable`1 source, CancellationToken token)
   at Piranha.Repositories.AliasRepository.GetByAliasUrl(String url, String siteId) in C:\Users\bbqch\proj\microbians\piranha\data\Piranha.Data.EF\Repositories\AliasRepository.cs:line 83
   at Piranha.Services.AliasService.SaveAsync(Alias model) in C:\Users\bbqch\proj\microbians\piranha\core\Piranha\Services\Internal\AliasService.cs:line 180
   at Piranha.Tests.Services.AliasTests.InitializeAsync() in C:\Users\bbqch\proj\microbians\piranha\test\Piranha.Tests\Services\AliasTests.cs:line 67
   at Piranha.Tests.Services.AliasTestsMemoryCache.InitializeAsync() in C:\Users\bbqch\proj\microbians\piranha\test\Piranha.Tests\Services\AliasTests.cs:line 23
----- Inner Stack Trace -----
   at Raven.Client.Documents.Linq.LinqPathProvider.GetPath(Expression expression, Boolean isFilterActive)
   at Raven.Client.Documents.Linq.RavenQueryProviderProcessor`1.GetMemberDirect(Expression expression)
   at Raven.Client.Documents.Linq.RavenQueryProviderProcessor`1.VisitEquals(BinaryExpression expression)
   at Raven.Client.Documents.Linq.RavenQueryProviderProcessor`1.VisitBinaryExpression(BinaryExpression expression)
   at Raven.Client.Documents.Linq.RavenQueryProviderProcessor`1.VisitAndAlso(BinaryExpression andAlso)
   at Raven.Client.Documents.Linq.RavenQueryProviderProcessor`1.VisitBinaryExpression(BinaryExpression expression)
   at Raven.Client.Documents.Linq.RavenQueryProviderProcessor`1.VisitQueryableMethodCall(MethodCallExpression expression)
   at Raven.Client.Documents.Linq.RavenQueryProviderProcessor`1.VisitMethodCall(MethodCallExpression expression)
   at Raven.Client.Documents.Linq.RavenQueryProviderProcessor`1.VisitQueryableMethodCall(MethodCallExpression expression)
   at Raven.Client.Documents.Linq.RavenQueryProviderProcessor`1.VisitMethodCall(MethodCallExpression expression)
   at Raven.Client.Documents.Linq.RavenQueryProviderProcessor`1.GetAsyncDocumentQueryFor(Expression expression, Action`1 customization)
  Failed Piranha.Tests.Services.AliasTestsMemoryCache.GetByRedirectUrlWithDifferentCase [1 ms]
  Error Message:
   System.NotSupportedException : Could not understand expression: from 'Aliases'.Where(a => ((a.SiteId == value(Piranha.Repositories.AliasRepository+<>c__DisplayClass4_0).siteId) AndAlso (a.AliasUrl.ToLower() == value(Piranha.Repositories.AliasRepository+<>c__DisplayClass4_0).url.ToLower()))).Select(a => new Alias() {Id = a.Id, SiteId = a.SiteId, AliasUrl = a.AliasUrl, RedirectUrl = a.RedirectUrl, Type = a.Type, Created = a.Created, LastModified = a.LastModified})
---- System.NotSupportedException : Cannot understand how to translate method 'ToLower' of 'System.String' type. a.AliasUrl.ToLower()
  Stack Trace:
     at Raven.Client.Documents.Linq.RavenQueryProviderProcessor`1.GetAsyncDocumentQueryFor(Expression expression, Action`1 customization)
   at Raven.Client.Documents.Linq.RavenQueryProvider`1.ToAsyncDocumentQuery[TResult](Expression expression)
   at Raven.Client.Documents.LinqExtensions.FirstOrDefaultAsync[TSource](IQueryable`1 source, CancellationToken token)
   at Piranha.Repositories.AliasRepository.GetByAliasUrl(String url, String siteId) in C:\Users\bbqch\proj\microbians\piranha\data\Piranha.Data.EF\Repositories\AliasRepository.cs:line 83
   at Piranha.Services.AliasService.SaveAsync(Alias model) in C:\Users\bbqch\proj\microbians\piranha\core\Piranha\Services\Internal\AliasService.cs:line 180
   at Piranha.Tests.Services.AliasTests.InitializeAsync() in C:\Users\bbqch\proj\microbians\piranha\test\Piranha.Tests\Services\AliasTests.cs:line 67
   at Piranha.Tests.Services.AliasTestsMemoryCache.InitializeAsync() in C:\Users\bbqch\proj\microbians\piranha\test\Piranha.Tests\Services\AliasTests.cs:line 23
----- Inner Stack Trace -----
   at Raven.Client.Documents.Linq.LinqPathProvider.GetPath(Expression expression, Boolean isFilterActive)
   at Raven.Client.Documents.Linq.RavenQueryProviderProcessor`1.GetMemberDirect(Expression expression)
   at Raven.Client.Documents.Linq.RavenQueryProviderProcessor`1.VisitEquals(BinaryExpression expression)
   at Raven.Client.Documents.Linq.RavenQueryProviderProcessor`1.VisitBinaryExpression(BinaryExpression expression)
   at Raven.Client.Documents.Linq.RavenQueryProviderProcessor`1.VisitAndAlso(BinaryExpression andAlso)
   at Raven.Client.Documents.Linq.RavenQueryProviderProcessor`1.VisitBinaryExpression(BinaryExpression expression)
   at Raven.Client.Documents.Linq.RavenQueryProviderProcessor`1.VisitQueryableMethodCall(MethodCallExpression expression)
   at Raven.Client.Documents.Linq.RavenQueryProviderProcessor`1.VisitMethodCall(MethodCallExpression expression)
   at Raven.Client.Documents.Linq.RavenQueryProviderProcessor`1.VisitQueryableMethodCall(MethodCallExpression expression)
   at Raven.Client.Documents.Linq.RavenQueryProviderProcessor`1.VisitMethodCall(MethodCallExpression expression)
   at Raven.Client.Documents.Linq.RavenQueryProviderProcessor`1.GetAsyncDocumentQueryFor(Expression expression, Action`1 customization)
  Failed Piranha.Tests.Services.AliasTestsMemoryCache.Update [1 ms]
  Error Message:
   System.NotSupportedException : Could not understand expression: from 'Aliases'.Where(a => ((a.SiteId == value(Piranha.Repositories.AliasRepository+<>c__DisplayClass4_0).siteId) AndAlso (a.AliasUrl.ToLower() == value(Piranha.Repositories.AliasRepository+<>c__DisplayClass4_0).url.ToLower()))).Select(a => new Alias() {Id = a.Id, SiteId = a.SiteId, AliasUrl = a.AliasUrl, RedirectUrl = a.RedirectUrl, Type = a.Type, Created = a.Created, LastModified = a.LastModified})
---- System.NotSupportedException : Cannot understand how to translate method 'ToLower' of 'System.String' type. a.AliasUrl.ToLower()
  Stack Trace:
     at Raven.Client.Documents.Linq.RavenQueryProviderProcessor`1.GetAsyncDocumentQueryFor(Expression expression, Action`1 customization)
   at Raven.Client.Documents.Linq.RavenQueryProvider`1.ToAsyncDocumentQuery[TResult](Expression expression)
   at Raven.Client.Documents.LinqExtensions.FirstOrDefaultAsync[TSource](IQueryable`1 source, CancellationToken token)
   at Piranha.Repositories.AliasRepository.GetByAliasUrl(String url, String siteId) in C:\Users\bbqch\proj\microbians\piranha\data\Piranha.Data.EF\Repositories\AliasRepository.cs:line 83
   at Piranha.Services.AliasService.SaveAsync(Alias model) in C:\Users\bbqch\proj\microbians\piranha\core\Piranha\Services\Internal\AliasService.cs:line 180
   at Piranha.Tests.Services.AliasTests.InitializeAsync() in C:\Users\bbqch\proj\microbians\piranha\test\Piranha.Tests\Services\AliasTests.cs:line 67
   at Piranha.Tests.Services.AliasTestsMemoryCache.InitializeAsync() in C:\Users\bbqch\proj\microbians\piranha\test\Piranha.Tests\Services\AliasTests.cs:line 23
----- Inner Stack Trace -----
   at Raven.Client.Documents.Linq.LinqPathProvider.GetPath(Expression expression, Boolean isFilterActive)
   at Raven.Client.Documents.Linq.RavenQueryProviderProcessor`1.GetMemberDirect(Expression expression)
   at Raven.Client.Documents.Linq.RavenQueryProviderProcessor`1.VisitEquals(BinaryExpression expression)
   at Raven.Client.Documents.Linq.RavenQueryProviderProcessor`1.VisitBinaryExpression(BinaryExpression expression)
   at Raven.Client.Documents.Linq.RavenQueryProviderProcessor`1.VisitAndAlso(BinaryExpression andAlso)
   at Raven.Client.Documents.Linq.RavenQueryProviderProcessor`1.VisitBinaryExpression(BinaryExpression expression)
   at Raven.Client.Documents.Linq.RavenQueryProviderProcessor`1.VisitQueryableMethodCall(MethodCallExpression expression)
   at Raven.Client.Documents.Linq.RavenQueryProviderProcessor`1.VisitMethodCall(MethodCallExpression expression)
   at Raven.Client.Documents.Linq.RavenQueryProviderProcessor`1.VisitQueryableMethodCall(MethodCallExpression expression)
   at Raven.Client.Documents.Linq.RavenQueryProviderProcessor`1.VisitMethodCall(MethodCallExpression expression)
   at Raven.Client.Documents.Linq.RavenQueryProviderProcessor`1.GetAsyncDocumentQueryFor(Expression expression, Action`1 customization)
  Failed Piranha.Tests.Services.AliasTestsMemoryCache.GetAll [1 ms]
  Error Message:
   System.NotSupportedException : Could not understand expression: from 'Aliases'.Where(a => ((a.SiteId == value(Piranha.Repositories.AliasRepository+<>c__DisplayClass4_0).siteId) AndAlso (a.AliasUrl.ToLower() == value(Piranha.Repositories.AliasRepository+<>c__DisplayClass4_0).url.ToLower()))).Select(a => new Alias() {Id = a.Id, SiteId = a.SiteId, AliasUrl = a.AliasUrl, RedirectUrl = a.RedirectUrl, Type = a.Type, Created = a.Created, LastModified = a.LastModified})
---- System.NotSupportedException : Cannot understand how to translate method 'ToLower' of 'System.String' type. a.AliasUrl.ToLower()
  Stack Trace:
     at Raven.Client.Documents.Linq.RavenQueryProviderProcessor`1.GetAsyncDocumentQueryFor(Expression expression, Action`1 customization)
   at Raven.Client.Documents.Linq.RavenQueryProvider`1.ToAsyncDocumentQuery[TResult](Expression expression)
   at Raven.Client.Documents.LinqExtensions.FirstOrDefaultAsync[TSource](IQueryable`1 source, CancellationToken token)
   at Piranha.Repositories.AliasRepository.GetByAliasUrl(String url, String siteId) in C:\Users\bbqch\proj\microbians\piranha\data\Piranha.Data.EF\Repositories\AliasRepository.cs:line 83
   at Piranha.Services.AliasService.SaveAsync(Alias model) in C:\Users\bbqch\proj\microbians\piranha\core\Piranha\Services\Internal\AliasService.cs:line 180
   at Piranha.Tests.Services.AliasTests.InitializeAsync() in C:\Users\bbqch\proj\microbians\piranha\test\Piranha.Tests\Services\AliasTests.cs:line 67
   at Piranha.Tests.Services.AliasTestsMemoryCache.InitializeAsync() in C:\Users\bbqch\proj\microbians\piranha\test\Piranha.Tests\Services\AliasTests.cs:line 23
----- Inner Stack Trace -----
   at Raven.Client.Documents.Linq.LinqPathProvider.GetPath(Expression expression, Boolean isFilterActive)
   at Raven.Client.Documents.Linq.RavenQueryProviderProcessor`1.GetMemberDirect(Expression expression)
   at Raven.Client.Documents.Linq.RavenQueryProviderProcessor`1.VisitEquals(BinaryExpression expression)
   at Raven.Client.Documents.Linq.RavenQueryProviderProcessor`1.VisitBinaryExpression(BinaryExpression expression)
   at Raven.Client.Documents.Linq.RavenQueryProviderProcessor`1.VisitAndAlso(BinaryExpression andAlso)
   at Raven.Client.Documents.Linq.RavenQueryProviderProcessor`1.VisitBinaryExpression(BinaryExpression expression)
   at Raven.Client.Documents.Linq.RavenQueryProviderProcessor`1.VisitQueryableMethodCall(MethodCallExpression expression)
   at Raven.Client.Documents.Linq.RavenQueryProviderProcessor`1.VisitMethodCall(MethodCallExpression expression)
   at Raven.Client.Documents.Linq.RavenQueryProviderProcessor`1.VisitQueryableMethodCall(MethodCallExpression expression)
   at Raven.Client.Documents.Linq.RavenQueryProviderProcessor`1.VisitMethodCall(MethodCallExpression expression)
   at Raven.Client.Documents.Linq.RavenQueryProviderProcessor`1.GetAsyncDocumentQueryFor(Expression expression, Action`1 customization)
  Failed Piranha.Tests.Services.AliasTestsMemoryCache.IsCached [1 ms]
  Error Message:
   System.NotSupportedException : Could not understand expression: from 'Aliases'.Where(a => ((a.SiteId == value(Piranha.Repositories.AliasRepository+<>c__DisplayClass4_0).siteId) AndAlso (a.AliasUrl.ToLower() == value(Piranha.Repositories.AliasRepository+<>c__DisplayClass4_0).url.ToLower()))).Select(a => new Alias() {Id = a.Id, SiteId = a.SiteId, AliasUrl = a.AliasUrl, RedirectUrl = a.RedirectUrl, Type = a.Type, Created = a.Created, LastModified = a.LastModified})
---- System.NotSupportedException : Cannot understand how to translate method 'ToLower' of 'System.String' type. a.AliasUrl.ToLower()
  Stack Trace:
     at Raven.Client.Documents.Linq.RavenQueryProviderProcessor`1.GetAsyncDocumentQueryFor(Expression expression, Action`1 customization)
   at Raven.Client.Documents.Linq.RavenQueryProvider`1.ToAsyncDocumentQuery[TResult](Expression expression)
   at Raven.Client.Documents.LinqExtensions.FirstOrDefaultAsync[TSource](IQueryable`1 source, CancellationToken token)
   at Piranha.Repositories.AliasRepository.GetByAliasUrl(String url, String siteId) in C:\Users\bbqch\proj\microbians\piranha\data\Piranha.Data.EF\Repositories\AliasRepository.cs:line 83
   at Piranha.Services.AliasService.SaveAsync(Alias model) in C:\Users\bbqch\proj\microbians\piranha\core\Piranha\Services\Internal\AliasService.cs:line 180
   at Piranha.Tests.Services.AliasTests.InitializeAsync() in C:\Users\bbqch\proj\microbians\piranha\test\Piranha.Tests\Services\AliasTests.cs:line 67
   at Piranha.Tests.Services.AliasTestsMemoryCache.InitializeAsync() in C:\Users\bbqch\proj\microbians\piranha\test\Piranha.Tests\Services\AliasTests.cs:line 23
----- Inner Stack Trace -----
   at Raven.Client.Documents.Linq.LinqPathProvider.GetPath(Expression expression, Boolean isFilterActive)
   at Raven.Client.Documents.Linq.RavenQueryProviderProcessor`1.GetMemberDirect(Expression expression)
   at Raven.Client.Documents.Linq.RavenQueryProviderProcessor`1.VisitEquals(BinaryExpression expression)
   at Raven.Client.Documents.Linq.RavenQueryProviderProcessor`1.VisitBinaryExpression(BinaryExpression expression)
   at Raven.Client.Documents.Linq.RavenQueryProviderProcessor`1.VisitAndAlso(BinaryExpression andAlso)
   at Raven.Client.Documents.Linq.RavenQueryProviderProcessor`1.VisitBinaryExpression(BinaryExpression expression)
   at Raven.Client.Documents.Linq.RavenQueryProviderProcessor`1.VisitQueryableMethodCall(MethodCallExpression expression)
   at Raven.Client.Documents.Linq.RavenQueryProviderProcessor`1.VisitMethodCall(MethodCallExpression expression)
   at Raven.Client.Documents.Linq.RavenQueryProviderProcessor`1.VisitQueryableMethodCall(MethodCallExpression expression)
   at Raven.Client.Documents.Linq.RavenQueryProviderProcessor`1.VisitMethodCall(MethodCallExpression expression)
   at Raven.Client.Documents.Linq.RavenQueryProviderProcessor`1.GetAsyncDocumentQueryFor(Expression expression, Action`1 customization)
  Failed Piranha.Tests.Services.AliasTestsMemoryCache.FixRedirectUrl [1 ms]
  Error Message:
   System.NotSupportedException : Could not understand expression: from 'Aliases'.Where(a => ((a.SiteId == value(Piranha.Repositories.AliasRepository+<>c__DisplayClass4_0).siteId) AndAlso (a.AliasUrl.ToLower() == value(Piranha.Repositories.AliasRepository+<>c__DisplayClass4_0).url.ToLower()))).Select(a => new Alias() {Id = a.Id, SiteId = a.SiteId, AliasUrl = a.AliasUrl, RedirectUrl = a.RedirectUrl, Type = a.Type, Created = a.Created, LastModified = a.LastModified})
---- System.NotSupportedException : Cannot understand how to translate method 'ToLower' of 'System.String' type. a.AliasUrl.ToLower()
  Stack Trace:
     at Raven.Client.Documents.Linq.RavenQueryProviderProcessor`1.GetAsyncDocumentQueryFor(Expression expression, Action`1 customization)
   at Raven.Client.Documents.Linq.RavenQueryProvider`1.ToAsyncDocumentQuery[TResult](Expression expression)
   at Raven.Client.Documents.LinqExtensions.FirstOrDefaultAsync[TSource](IQueryable`1 source, CancellationToken token)
   at Piranha.Repositories.AliasRepository.GetByAliasUrl(String url, String siteId) in C:\Users\bbqch\proj\microbians\piranha\data\Piranha.Data.EF\Repositories\AliasRepository.cs:line 83
   at Piranha.Services.AliasService.SaveAsync(Alias model) in C:\Users\bbqch\proj\microbians\piranha\core\Piranha\Services\Internal\AliasService.cs:line 180
   at Piranha.Tests.Services.AliasTests.InitializeAsync() in C:\Users\bbqch\proj\microbians\piranha\test\Piranha.Tests\Services\AliasTests.cs:line 67
   at Piranha.Tests.Services.AliasTestsMemoryCache.InitializeAsync() in C:\Users\bbqch\proj\microbians\piranha\test\Piranha.Tests\Services\AliasTests.cs:line 23
----- Inner Stack Trace -----
   at Raven.Client.Documents.Linq.LinqPathProvider.GetPath(Expression expression, Boolean isFilterActive)
   at Raven.Client.Documents.Linq.RavenQueryProviderProcessor`1.GetMemberDirect(Expression expression)
   at Raven.Client.Documents.Linq.RavenQueryProviderProcessor`1.VisitEquals(BinaryExpression expression)
   at Raven.Client.Documents.Linq.RavenQueryProviderProcessor`1.VisitBinaryExpression(BinaryExpression expression)
   at Raven.Client.Documents.Linq.RavenQueryProviderProcessor`1.VisitAndAlso(BinaryExpression andAlso)
   at Raven.Client.Documents.Linq.RavenQueryProviderProcessor`1.VisitBinaryExpression(BinaryExpression expression)
   at Raven.Client.Documents.Linq.RavenQueryProviderProcessor`1.VisitQueryableMethodCall(MethodCallExpression expression)
   at Raven.Client.Documents.Linq.RavenQueryProviderProcessor`1.VisitMethodCall(MethodCallExpression expression)
   at Raven.Client.Documents.Linq.RavenQueryProviderProcessor`1.VisitQueryableMethodCall(MethodCallExpression expression)
   at Raven.Client.Documents.Linq.RavenQueryProviderProcessor`1.VisitMethodCall(MethodCallExpression expression)
   at Raven.Client.Documents.Linq.RavenQueryProviderProcessor`1.GetAsyncDocumentQueryFor(Expression expression, Action`1 customization)
  Failed Piranha.Tests.Services.AliasTestsMemoryCache.FixAliasUrl [1 ms]
  Error Message:
   System.NotSupportedException : Could not understand expression: from 'Aliases'.Where(a => ((a.SiteId == value(Piranha.Repositories.AliasRepository+<>c__DisplayClass4_0).siteId) AndAlso (a.AliasUrl.ToLower() == value(Piranha.Repositories.AliasRepository+<>c__DisplayClass4_0).url.ToLower()))).Select(a => new Alias() {Id = a.Id, SiteId = a.SiteId, AliasUrl = a.AliasUrl, RedirectUrl = a.RedirectUrl, Type = a.Type, Created = a.Created, LastModified = a.LastModified})
---- System.NotSupportedException : Cannot understand how to translate method 'ToLower' of 'System.String' type. a.AliasUrl.ToLower()
  Stack Trace:
     at Raven.Client.Documents.Linq.RavenQueryProviderProcessor`1.GetAsyncDocumentQueryFor(Expression expression, Action`1 customization)
   at Raven.Client.Documents.Linq.RavenQueryProvider`1.ToAsyncDocumentQuery[TResult](Expression expression)
   at Raven.Client.Documents.LinqExtensions.FirstOrDefaultAsync[TSource](IQueryable`1 source, CancellationToken token)
   at Piranha.Repositories.AliasRepository.GetByAliasUrl(String url, String siteId) in C:\Users\bbqch\proj\microbians\piranha\data\Piranha.Data.EF\Repositories\AliasRepository.cs:line 83
   at Piranha.Services.AliasService.SaveAsync(Alias model) in C:\Users\bbqch\proj\microbians\piranha\core\Piranha\Services\Internal\AliasService.cs:line 180
   at Piranha.Tests.Services.AliasTests.InitializeAsync() in C:\Users\bbqch\proj\microbians\piranha\test\Piranha.Tests\Services\AliasTests.cs:line 67
   at Piranha.Tests.Services.AliasTestsMemoryCache.InitializeAsync() in C:\Users\bbqch\proj\microbians\piranha\test\Piranha.Tests\Services\AliasTests.cs:line 23
----- Inner Stack Trace -----
   at Raven.Client.Documents.Linq.LinqPathProvider.GetPath(Expression expression, Boolean isFilterActive)
   at Raven.Client.Documents.Linq.RavenQueryProviderProcessor`1.GetMemberDirect(Expression expression)
   at Raven.Client.Documents.Linq.RavenQueryProviderProcessor`1.VisitEquals(BinaryExpression expression)
   at Raven.Client.Documents.Linq.RavenQueryProviderProcessor`1.VisitBinaryExpression(BinaryExpression expression)
   at Raven.Client.Documents.Linq.RavenQueryProviderProcessor`1.VisitAndAlso(BinaryExpression andAlso)
   at Raven.Client.Documents.Linq.RavenQueryProviderProcessor`1.VisitBinaryExpression(BinaryExpression expression)
   at Raven.Client.Documents.Linq.RavenQueryProviderProcessor`1.VisitQueryableMethodCall(MethodCallExpression expression)
   at Raven.Client.Documents.Linq.RavenQueryProviderProcessor`1.VisitMethodCall(MethodCallExpression expression)
   at Raven.Client.Documents.Linq.RavenQueryProviderProcessor`1.VisitQueryableMethodCall(MethodCallExpression expression)
   at Raven.Client.Documents.Linq.RavenQueryProviderProcessor`1.VisitMethodCall(MethodCallExpression expression)
   at Raven.Client.Documents.Linq.RavenQueryProviderProcessor`1.GetAsyncDocumentQueryFor(Expression expression, Action`1 customization)
  Failed Piranha.Tests.Services.AliasTestsMemoryCache.GetById [1 ms]
  Error Message:
   System.NotSupportedException : Could not understand expression: from 'Aliases'.Where(a => ((a.SiteId == value(Piranha.Repositories.AliasRepository+<>c__DisplayClass4_0).siteId) AndAlso (a.AliasUrl.ToLower() == value(Piranha.Repositories.AliasRepository+<>c__DisplayClass4_0).url.ToLower()))).Select(a => new Alias() {Id = a.Id, SiteId = a.SiteId, AliasUrl = a.AliasUrl, RedirectUrl = a.RedirectUrl, Type = a.Type, Created = a.Created, LastModified = a.LastModified})
---- System.NotSupportedException : Cannot understand how to translate method 'ToLower' of 'System.String' type. a.AliasUrl.ToLower()
  Stack Trace:
     at Raven.Client.Documents.Linq.RavenQueryProviderProcessor`1.GetAsyncDocumentQueryFor(Expression expression, Action`1 customization)
   at Raven.Client.Documents.Linq.RavenQueryProvider`1.ToAsyncDocumentQuery[TResult](Expression expression)
   at Raven.Client.Documents.LinqExtensions.FirstOrDefaultAsync[TSource](IQueryable`1 source, CancellationToken token)
   at Piranha.Repositories.AliasRepository.GetByAliasUrl(String url, String siteId) in C:\Users\bbqch\proj\microbians\piranha\data\Piranha.Data.EF\Repositories\AliasRepository.cs:line 83
   at Piranha.Services.AliasService.SaveAsync(Alias model) in C:\Users\bbqch\proj\microbians\piranha\core\Piranha\Services\Internal\AliasService.cs:line 180
   at Piranha.Tests.Services.AliasTests.InitializeAsync() in C:\Users\bbqch\proj\microbians\piranha\test\Piranha.Tests\Services\AliasTests.cs:line 67
   at Piranha.Tests.Services.AliasTestsMemoryCache.InitializeAsync() in C:\Users\bbqch\proj\microbians\piranha\test\Piranha.Tests\Services\AliasTests.cs:line 23
----- Inner Stack Trace -----
   at Raven.Client.Documents.Linq.LinqPathProvider.GetPath(Expression expression, Boolean isFilterActive)
   at Raven.Client.Documents.Linq.RavenQueryProviderProcessor`1.GetMemberDirect(Expression expression)
   at Raven.Client.Documents.Linq.RavenQueryProviderProcessor`1.VisitEquals(BinaryExpression expression)
   at Raven.Client.Documents.Linq.RavenQueryProviderProcessor`1.VisitBinaryExpression(BinaryExpression expression)
   at Raven.Client.Documents.Linq.RavenQueryProviderProcessor`1.VisitAndAlso(BinaryExpression andAlso)
   at Raven.Client.Documents.Linq.RavenQueryProviderProcessor`1.VisitBinaryExpression(BinaryExpression expression)
   at Raven.Client.Documents.Linq.RavenQueryProviderProcessor`1.VisitQueryableMethodCall(MethodCallExpression expression)
   at Raven.Client.Documents.Linq.RavenQueryProviderProcessor`1.VisitMethodCall(MethodCallExpression expression)
   at Raven.Client.Documents.Linq.RavenQueryProviderProcessor`1.VisitQueryableMethodCall(MethodCallExpression expression)
   at Raven.Client.Documents.Linq.RavenQueryProviderProcessor`1.VisitMethodCall(MethodCallExpression expression)
   at Raven.Client.Documents.Linq.RavenQueryProviderProcessor`1.GetAsyncDocumentQueryFor(Expression expression, Action`1 customization)
  Failed Piranha.Tests.Services.AliasTestsMemoryCache.GetByRedirectUrl [1 ms]
  Error Message:
   System.NotSupportedException : Could not understand expression: from 'Aliases'.Where(a => ((a.SiteId == value(Piranha.Repositories.AliasRepository+<>c__DisplayClass4_0).siteId) AndAlso (a.AliasUrl.ToLower() == value(Piranha.Repositories.AliasRepository+<>c__DisplayClass4_0).url.ToLower()))).Select(a => new Alias() {Id = a.Id, SiteId = a.SiteId, AliasUrl = a.AliasUrl, RedirectUrl = a.RedirectUrl, Type = a.Type, Created = a.Created, LastModified = a.LastModified})
---- System.NotSupportedException : Cannot understand how to translate method 'ToLower' of 'System.String' type. a.AliasUrl.ToLower()
  Stack Trace:
     at Raven.Client.Documents.Linq.RavenQueryProviderProcessor`1.GetAsyncDocumentQueryFor(Expression expression, Action`1 customization)
   at Raven.Client.Documents.Linq.RavenQueryProvider`1.ToAsyncDocumentQuery[TResult](Expression expression)
   at Raven.Client.Documents.LinqExtensions.FirstOrDefaultAsync[TSource](IQueryable`1 source, CancellationToken token)
   at Piranha.Repositories.AliasRepository.GetByAliasUrl(String url, String siteId) in C:\Users\bbqch\proj\microbians\piranha\data\Piranha.Data.EF\Repositories\AliasRepository.cs:line 83
   at Piranha.Services.AliasService.SaveAsync(Alias model) in C:\Users\bbqch\proj\microbians\piranha\core\Piranha\Services\Internal\AliasService.cs:line 180
   at Piranha.Tests.Services.AliasTests.InitializeAsync() in C:\Users\bbqch\proj\microbians\piranha\test\Piranha.Tests\Services\AliasTests.cs:line 67
   at Piranha.Tests.Services.AliasTestsMemoryCache.InitializeAsync() in C:\Users\bbqch\proj\microbians\piranha\test\Piranha.Tests\Services\AliasTests.cs:line 23
----- Inner Stack Trace -----
   at Raven.Client.Documents.Linq.LinqPathProvider.GetPath(Expression expression, Boolean isFilterActive)
   at Raven.Client.Documents.Linq.RavenQueryProviderProcessor`1.GetMemberDirect(Expression expression)
   at Raven.Client.Documents.Linq.RavenQueryProviderProcessor`1.VisitEquals(BinaryExpression expression)
   at Raven.Client.Documents.Linq.RavenQueryProviderProcessor`1.VisitBinaryExpression(BinaryExpression expression)
   at Raven.Client.Documents.Linq.RavenQueryProviderProcessor`1.VisitAndAlso(BinaryExpression andAlso)
   at Raven.Client.Documents.Linq.RavenQueryProviderProcessor`1.VisitBinaryExpression(BinaryExpression expression)
   at Raven.Client.Documents.Linq.RavenQueryProviderProcessor`1.VisitQueryableMethodCall(MethodCallExpression expression)
   at Raven.Client.Documents.Linq.RavenQueryProviderProcessor`1.VisitMethodCall(MethodCallExpression expression)
   at Raven.Client.Documents.Linq.RavenQueryProviderProcessor`1.VisitQueryableMethodCall(MethodCallExpression expression)
   at Raven.Client.Documents.Linq.RavenQueryProviderProcessor`1.VisitMethodCall(MethodCallExpression expression)
   at Raven.Client.Documents.Linq.RavenQueryProviderProcessor`1.GetAsyncDocumentQueryFor(Expression expression, Action`1 customization)
  Failed Piranha.Tests.Services.AliasTestsMemoryCache.GetNoneByAliasUrl [1 ms]
  Error Message:
   System.NotSupportedException : Could not understand expression: from 'Aliases'.Where(a => ((a.SiteId == value(Piranha.Repositories.AliasRepository+<>c__DisplayClass4_0).siteId) AndAlso (a.AliasUrl.ToLower() == value(Piranha.Repositories.AliasRepository+<>c__DisplayClass4_0).url.ToLower()))).Select(a => new Alias() {Id = a.Id, SiteId = a.SiteId, AliasUrl = a.AliasUrl, RedirectUrl = a.RedirectUrl, Type = a.Type, Created = a.Created, LastModified = a.LastModified})
---- System.NotSupportedException : Cannot understand how to translate method 'ToLower' of 'System.String' type. a.AliasUrl.ToLower()
  Stack Trace:
     at Raven.Client.Documents.Linq.RavenQueryProviderProcessor`1.GetAsyncDocumentQueryFor(Expression expression, Action`1 customization)
   at Raven.Client.Documents.Linq.RavenQueryProvider`1.ToAsyncDocumentQuery[TResult](Expression expression)
   at Raven.Client.Documents.LinqExtensions.FirstOrDefaultAsync[TSource](IQueryable`1 source, CancellationToken token)
   at Piranha.Repositories.AliasRepository.GetByAliasUrl(String url, String siteId) in C:\Users\bbqch\proj\microbians\piranha\data\Piranha.Data.EF\Repositories\AliasRepository.cs:line 83
   at Piranha.Services.AliasService.SaveAsync(Alias model) in C:\Users\bbqch\proj\microbians\piranha\core\Piranha\Services\Internal\AliasService.cs:line 180
   at Piranha.Tests.Services.AliasTests.InitializeAsync() in C:\Users\bbqch\proj\microbians\piranha\test\Piranha.Tests\Services\AliasTests.cs:line 67
   at Piranha.Tests.Services.AliasTestsMemoryCache.InitializeAsync() in C:\Users\bbqch\proj\microbians\piranha\test\Piranha.Tests\Services\AliasTests.cs:line 23
----- Inner Stack Trace -----
   at Raven.Client.Documents.Linq.LinqPathProvider.GetPath(Expression expression, Boolean isFilterActive)
   at Raven.Client.Documents.Linq.RavenQueryProviderProcessor`1.GetMemberDirect(Expression expression)
   at Raven.Client.Documents.Linq.RavenQueryProviderProcessor`1.VisitEquals(BinaryExpression expression)
   at Raven.Client.Documents.Linq.RavenQueryProviderProcessor`1.VisitBinaryExpression(BinaryExpression expression)
   at Raven.Client.Documents.Linq.RavenQueryProviderProcessor`1.VisitAndAlso(BinaryExpression andAlso)
   at Raven.Client.Documents.Linq.RavenQueryProviderProcessor`1.VisitBinaryExpression(BinaryExpression expression)
   at Raven.Client.Documents.Linq.RavenQueryProviderProcessor`1.VisitQueryableMethodCall(MethodCallExpression expression)
   at Raven.Client.Documents.Linq.RavenQueryProviderProcessor`1.VisitMethodCall(MethodCallExpression expression)
   at Raven.Client.Documents.Linq.RavenQueryProviderProcessor`1.VisitQueryableMethodCall(MethodCallExpression expression)
   at Raven.Client.Documents.Linq.RavenQueryProviderProcessor`1.VisitMethodCall(MethodCallExpression expression)
   at Raven.Client.Documents.Linq.RavenQueryProviderProcessor`1.GetAsyncDocumentQueryFor(Expression expression, Action`1 customization)
  Failed Piranha.Tests.Services.AliasTestsMemoryCache.GetNoneByRedirectUrl [1 ms]
  Error Message:
   System.NotSupportedException : Could not understand expression: from 'Aliases'.Where(a => ((a.SiteId == value(Piranha.Repositories.AliasRepository+<>c__DisplayClass4_0).siteId) AndAlso (a.AliasUrl.ToLower() == value(Piranha.Repositories.AliasRepository+<>c__DisplayClass4_0).url.ToLower()))).Select(a => new Alias() {Id = a.Id, SiteId = a.SiteId, AliasUrl = a.AliasUrl, RedirectUrl = a.RedirectUrl, Type = a.Type, Created = a.Created, LastModified = a.LastModified})
---- System.NotSupportedException : Cannot understand how to translate method 'ToLower' of 'System.String' type. a.AliasUrl.ToLower()
  Stack Trace:
     at Raven.Client.Documents.Linq.RavenQueryProviderProcessor`1.GetAsyncDocumentQueryFor(Expression expression, Action`1 customization)
   at Raven.Client.Documents.Linq.RavenQueryProvider`1.ToAsyncDocumentQuery[TResult](Expression expression)
   at Raven.Client.Documents.LinqExtensions.FirstOrDefaultAsync[TSource](IQueryable`1 source, CancellationToken token)
   at Piranha.Repositories.AliasRepository.GetByAliasUrl(String url, String siteId) in C:\Users\bbqch\proj\microbians\piranha\data\Piranha.Data.EF\Repositories\AliasRepository.cs:line 83
   at Piranha.Services.AliasService.SaveAsync(Alias model) in C:\Users\bbqch\proj\microbians\piranha\core\Piranha\Services\Internal\AliasService.cs:line 180
   at Piranha.Tests.Services.AliasTests.InitializeAsync() in C:\Users\bbqch\proj\microbians\piranha\test\Piranha.Tests\Services\AliasTests.cs:line 67
   at Piranha.Tests.Services.AliasTestsMemoryCache.InitializeAsync() in C:\Users\bbqch\proj\microbians\piranha\test\Piranha.Tests\Services\AliasTests.cs:line 23
----- Inner Stack Trace -----
   at Raven.Client.Documents.Linq.LinqPathProvider.GetPath(Expression expression, Boolean isFilterActive)
   at Raven.Client.Documents.Linq.RavenQueryProviderProcessor`1.GetMemberDirect(Expression expression)
   at Raven.Client.Documents.Linq.RavenQueryProviderProcessor`1.VisitEquals(BinaryExpression expression)
   at Raven.Client.Documents.Linq.RavenQueryProviderProcessor`1.VisitBinaryExpression(BinaryExpression expression)
   at Raven.Client.Documents.Linq.RavenQueryProviderProcessor`1.VisitAndAlso(BinaryExpression andAlso)
   at Raven.Client.Documents.Linq.RavenQueryProviderProcessor`1.VisitBinaryExpression(BinaryExpression expression)
   at Raven.Client.Documents.Linq.RavenQueryProviderProcessor`1.VisitQueryableMethodCall(MethodCallExpression expression)
   at Raven.Client.Documents.Linq.RavenQueryProviderProcessor`1.VisitMethodCall(MethodCallExpression expression)
   at Raven.Client.Documents.Linq.RavenQueryProviderProcessor`1.VisitQueryableMethodCall(MethodCallExpression expression)
   at Raven.Client.Documents.Linq.RavenQueryProviderProcessor`1.VisitMethodCall(MethodCallExpression expression)
   at Raven.Client.Documents.Linq.RavenQueryProviderProcessor`1.GetAsyncDocumentQueryFor(Expression expression, Action`1 customization)
  Failed Piranha.Tests.Services.AliasTestsMemoryCache.Delete [1 ms]
  Error Message:
   System.NotSupportedException : Could not understand expression: from 'Aliases'.Where(a => ((a.SiteId == value(Piranha.Repositories.AliasRepository+<>c__DisplayClass4_0).siteId) AndAlso (a.AliasUrl.ToLower() == value(Piranha.Repositories.AliasRepository+<>c__DisplayClass4_0).url.ToLower()))).Select(a => new Alias() {Id = a.Id, SiteId = a.SiteId, AliasUrl = a.AliasUrl, RedirectUrl = a.RedirectUrl, Type = a.Type, Created = a.Created, LastModified = a.LastModified})
---- System.NotSupportedException : Cannot understand how to translate method 'ToLower' of 'System.String' type. a.AliasUrl.ToLower()
  Stack Trace:
     at Raven.Client.Documents.Linq.RavenQueryProviderProcessor`1.GetAsyncDocumentQueryFor(Expression expression, Action`1 customization)
   at Raven.Client.Documents.Linq.RavenQueryProvider`1.ToAsyncDocumentQuery[TResult](Expression expression)
   at Raven.Client.Documents.LinqExtensions.FirstOrDefaultAsync[TSource](IQueryable`1 source, CancellationToken token)
   at Piranha.Repositories.AliasRepository.GetByAliasUrl(String url, String siteId) in C:\Users\bbqch\proj\microbians\piranha\data\Piranha.Data.EF\Repositories\AliasRepository.cs:line 83
   at Piranha.Services.AliasService.SaveAsync(Alias model) in C:\Users\bbqch\proj\microbians\piranha\core\Piranha\Services\Internal\AliasService.cs:line 180
   at Piranha.Tests.Services.AliasTests.InitializeAsync() in C:\Users\bbqch\proj\microbians\piranha\test\Piranha.Tests\Services\AliasTests.cs:line 67
   at Piranha.Tests.Services.AliasTestsMemoryCache.InitializeAsync() in C:\Users\bbqch\proj\microbians\piranha\test\Piranha.Tests\Services\AliasTests.cs:line 23
----- Inner Stack Trace -----
   at Raven.Client.Documents.Linq.LinqPathProvider.GetPath(Expression expression, Boolean isFilterActive)
   at Raven.Client.Documents.Linq.RavenQueryProviderProcessor`1.GetMemberDirect(Expression expression)
   at Raven.Client.Documents.Linq.RavenQueryProviderProcessor`1.VisitEquals(BinaryExpression expression)
   at Raven.Client.Documents.Linq.RavenQueryProviderProcessor`1.VisitBinaryExpression(BinaryExpression expression)
   at Raven.Client.Documents.Linq.RavenQueryProviderProcessor`1.VisitAndAlso(BinaryExpression andAlso)
   at Raven.Client.Documents.Linq.RavenQueryProviderProcessor`1.VisitBinaryExpression(BinaryExpression expression)
   at Raven.Client.Documents.Linq.RavenQueryProviderProcessor`1.VisitQueryableMethodCall(MethodCallExpression expression)
   at Raven.Client.Documents.Linq.RavenQueryProviderProcessor`1.VisitMethodCall(MethodCallExpression expression)
   at Raven.Client.Documents.Linq.RavenQueryProviderProcessor`1.VisitQueryableMethodCall(MethodCallExpression expression)
   at Raven.Client.Documents.Linq.RavenQueryProviderProcessor`1.VisitMethodCall(MethodCallExpression expression)
   at Raven.Client.Documents.Linq.RavenQueryProviderProcessor`1.GetAsyncDocumentQueryFor(Expression expression, Action`1 customization)
  Failed Piranha.Tests.Services.AliasTestsMemoryCache.GetByAliasUrl [1 ms]
  Error Message:
   System.NotSupportedException : Could not understand expression: from 'Aliases'.Where(a => ((a.SiteId == value(Piranha.Repositories.AliasRepository+<>c__DisplayClass4_0).siteId) AndAlso (a.AliasUrl.ToLower() == value(Piranha.Repositories.AliasRepository+<>c__DisplayClass4_0).url.ToLower()))).Select(a => new Alias() {Id = a.Id, SiteId = a.SiteId, AliasUrl = a.AliasUrl, RedirectUrl = a.RedirectUrl, Type = a.Type, Created = a.Created, LastModified = a.LastModified})
---- System.NotSupportedException : Cannot understand how to translate method 'ToLower' of 'System.String' type. a.AliasUrl.ToLower()
  Stack Trace:
     at Raven.Client.Documents.Linq.RavenQueryProviderProcessor`1.GetAsyncDocumentQueryFor(Expression expression, Action`1 customization)
   at Raven.Client.Documents.Linq.RavenQueryProvider`1.ToAsyncDocumentQuery[TResult](Expression expression)
   at Raven.Client.Documents.LinqExtensions.FirstOrDefaultAsync[TSource](IQueryable`1 source, CancellationToken token)
   at Piranha.Repositories.AliasRepository.GetByAliasUrl(String url, String siteId) in C:\Users\bbqch\proj\microbians\piranha\data\Piranha.Data.EF\Repositories\AliasRepository.cs:line 83
   at Piranha.Services.AliasService.SaveAsync(Alias model) in C:\Users\bbqch\proj\microbians\piranha\core\Piranha\Services\Internal\AliasService.cs:line 180
   at Piranha.Tests.Services.AliasTests.InitializeAsync() in C:\Users\bbqch\proj\microbians\piranha\test\Piranha.Tests\Services\AliasTests.cs:line 67
   at Piranha.Tests.Services.AliasTestsMemoryCache.InitializeAsync() in C:\Users\bbqch\proj\microbians\piranha\test\Piranha.Tests\Services\AliasTests.cs:line 23
----- Inner Stack Trace -----
   at Raven.Client.Documents.Linq.LinqPathProvider.GetPath(Expression expression, Boolean isFilterActive)
   at Raven.Client.Documents.Linq.RavenQueryProviderProcessor`1.GetMemberDirect(Expression expression)
   at Raven.Client.Documents.Linq.RavenQueryProviderProcessor`1.VisitEquals(BinaryExpression expression)
   at Raven.Client.Documents.Linq.RavenQueryProviderProcessor`1.VisitBinaryExpression(BinaryExpression expression)
   at Raven.Client.Documents.Linq.RavenQueryProviderProcessor`1.VisitAndAlso(BinaryExpression andAlso)
   at Raven.Client.Documents.Linq.RavenQueryProviderProcessor`1.VisitBinaryExpression(BinaryExpression expression)
   at Raven.Client.Documents.Linq.RavenQueryProviderProcessor`1.VisitQueryableMethodCall(MethodCallExpression expression)
   at Raven.Client.Documents.Linq.RavenQueryProviderProcessor`1.VisitMethodCall(MethodCallExpression expression)
   at Raven.Client.Documents.Linq.RavenQueryProviderProcessor`1.VisitQueryableMethodCall(MethodCallExpression expression)
   at Raven.Client.Documents.Linq.RavenQueryProviderProcessor`1.VisitMethodCall(MethodCallExpression expression)
   at Raven.Client.Documents.Linq.RavenQueryProviderProcessor`1.GetAsyncDocumentQueryFor(Expression expression, Action`1 customization)
  Failed Piranha.Tests.Services.AliasTestsMemoryCache.DeleteById [1 ms]
  Error Message:
   System.NotSupportedException : Could not understand expression: from 'Aliases'.Where(a => ((a.SiteId == value(Piranha.Repositories.AliasRepository+<>c__DisplayClass4_0).siteId) AndAlso (a.AliasUrl.ToLower() == value(Piranha.Repositories.AliasRepository+<>c__DisplayClass4_0).url.ToLower()))).Select(a => new Alias() {Id = a.Id, SiteId = a.SiteId, AliasUrl = a.AliasUrl, RedirectUrl = a.RedirectUrl, Type = a.Type, Created = a.Created, LastModified = a.LastModified})
---- System.NotSupportedException : Cannot understand how to translate method 'ToLower' of 'System.String' type. a.AliasUrl.ToLower()
  Stack Trace:
     at Raven.Client.Documents.Linq.RavenQueryProviderProcessor`1.GetAsyncDocumentQueryFor(Expression expression, Action`1 customization)
   at Raven.Client.Documents.Linq.RavenQueryProvider`1.ToAsyncDocumentQuery[TResult](Expression expression)
   at Raven.Client.Documents.LinqExtensions.FirstOrDefaultAsync[TSource](IQueryable`1 source, CancellationToken token)
   at Piranha.Repositories.AliasRepository.GetByAliasUrl(String url, String siteId) in C:\Users\bbqch\proj\microbians\piranha\data\Piranha.Data.EF\Repositories\AliasRepository.cs:line 83
   at Piranha.Services.AliasService.SaveAsync(Alias model) in C:\Users\bbqch\proj\microbians\piranha\core\Piranha\Services\Internal\AliasService.cs:line 180
   at Piranha.Tests.Services.AliasTests.InitializeAsync() in C:\Users\bbqch\proj\microbians\piranha\test\Piranha.Tests\Services\AliasTests.cs:line 67
   at Piranha.Tests.Services.AliasTestsMemoryCache.InitializeAsync() in C:\Users\bbqch\proj\microbians\piranha\test\Piranha.Tests\Services\AliasTests.cs:line 23
----- Inner Stack Trace -----
   at Raven.Client.Documents.Linq.LinqPathProvider.GetPath(Expression expression, Boolean isFilterActive)
   at Raven.Client.Documents.Linq.RavenQueryProviderProcessor`1.GetMemberDirect(Expression expression)
   at Raven.Client.Documents.Linq.RavenQueryProviderProcessor`1.VisitEquals(BinaryExpression expression)
   at Raven.Client.Documents.Linq.RavenQueryProviderProcessor`1.VisitBinaryExpression(BinaryExpression expression)
   at Raven.Client.Documents.Linq.RavenQueryProviderProcessor`1.VisitAndAlso(BinaryExpression andAlso)
   at Raven.Client.Documents.Linq.RavenQueryProviderProcessor`1.VisitBinaryExpression(BinaryExpression expression)
   at Raven.Client.Documents.Linq.RavenQueryProviderProcessor`1.VisitQueryableMethodCall(MethodCallExpression expression)
   at Raven.Client.Documents.Linq.RavenQueryProviderProcessor`1.VisitMethodCall(MethodCallExpression expression)
   at Raven.Client.Documents.Linq.RavenQueryProviderProcessor`1.VisitQueryableMethodCall(MethodCallExpression expression)
   at Raven.Client.Documents.Linq.RavenQueryProviderProcessor`1.VisitMethodCall(MethodCallExpression expression)
   at Raven.Client.Documents.Linq.RavenQueryProviderProcessor`1.GetAsyncDocumentQueryFor(Expression expression, Action`1 customization)
  Failed Piranha.Tests.Services.AliasTestsMemoryCache.AllowHttpUrl [1 ms]
  Error Message:
   System.NotSupportedException : Could not understand expression: from 'Aliases'.Where(a => ((a.SiteId == value(Piranha.Repositories.AliasRepository+<>c__DisplayClass4_0).siteId) AndAlso (a.AliasUrl.ToLower() == value(Piranha.Repositories.AliasRepository+<>c__DisplayClass4_0).url.ToLower()))).Select(a => new Alias() {Id = a.Id, SiteId = a.SiteId, AliasUrl = a.AliasUrl, RedirectUrl = a.RedirectUrl, Type = a.Type, Created = a.Created, LastModified = a.LastModified})
---- System.NotSupportedException : Cannot understand how to translate method 'ToLower' of 'System.String' type. a.AliasUrl.ToLower()
  Stack Trace:
     at Raven.Client.Documents.Linq.RavenQueryProviderProcessor`1.GetAsyncDocumentQueryFor(Expression expression, Action`1 customization)
   at Raven.Client.Documents.Linq.RavenQueryProvider`1.ToAsyncDocumentQuery[TResult](Expression expression)
   at Raven.Client.Documents.LinqExtensions.FirstOrDefaultAsync[TSource](IQueryable`1 source, CancellationToken token)
   at Piranha.Repositories.AliasRepository.GetByAliasUrl(String url, String siteId) in C:\Users\bbqch\proj\microbians\piranha\data\Piranha.Data.EF\Repositories\AliasRepository.cs:line 83
   at Piranha.Services.AliasService.SaveAsync(Alias model) in C:\Users\bbqch\proj\microbians\piranha\core\Piranha\Services\Internal\AliasService.cs:line 180
   at Piranha.Tests.Services.AliasTests.InitializeAsync() in C:\Users\bbqch\proj\microbians\piranha\test\Piranha.Tests\Services\AliasTests.cs:line 67
   at Piranha.Tests.Services.AliasTestsMemoryCache.InitializeAsync() in C:\Users\bbqch\proj\microbians\piranha\test\Piranha.Tests\Services\AliasTests.cs:line 23
----- Inner Stack Trace -----
   at Raven.Client.Documents.Linq.LinqPathProvider.GetPath(Expression expression, Boolean isFilterActive)
   at Raven.Client.Documents.Linq.RavenQueryProviderProcessor`1.GetMemberDirect(Expression expression)
   at Raven.Client.Documents.Linq.RavenQueryProviderProcessor`1.VisitEquals(BinaryExpression expression)
   at Raven.Client.Documents.Linq.RavenQueryProviderProcessor`1.VisitBinaryExpression(BinaryExpression expression)
   at Raven.Client.Documents.Linq.RavenQueryProviderProcessor`1.VisitAndAlso(BinaryExpression andAlso)
   at Raven.Client.Documents.Linq.RavenQueryProviderProcessor`1.VisitBinaryExpression(BinaryExpression expression)
   at Raven.Client.Documents.Linq.RavenQueryProviderProcessor`1.VisitQueryableMethodCall(MethodCallExpression expression)
   at Raven.Client.Documents.Linq.RavenQueryProviderProcessor`1.VisitMethodCall(MethodCallExpression expression)
   at Raven.Client.Documents.Linq.RavenQueryProviderProcessor`1.VisitQueryableMethodCall(MethodCallExpression expression)
   at Raven.Client.Documents.Linq.RavenQueryProviderProcessor`1.VisitMethodCall(MethodCallExpression expression)
   at Raven.Client.Documents.Linq.RavenQueryProviderProcessor`1.GetAsyncDocumentQueryFor(Expression expression, Action`1 customization)
  Failed Piranha.Tests.Services.AliasTestsMemoryCache.GetByAliasUrlWithDifferentCase [1 ms]
  Error Message:
   System.NotSupportedException : Could not understand expression: from 'Aliases'.Where(a => ((a.SiteId == value(Piranha.Repositories.AliasRepository+<>c__DisplayClass4_0).siteId) AndAlso (a.AliasUrl.ToLower() == value(Piranha.Repositories.AliasRepository+<>c__DisplayClass4_0).url.ToLower()))).Select(a => new Alias() {Id = a.Id, SiteId = a.SiteId, AliasUrl = a.AliasUrl, RedirectUrl = a.RedirectUrl, Type = a.Type, Created = a.Created, LastModified = a.LastModified})
---- System.NotSupportedException : Cannot understand how to translate method 'ToLower' of 'System.String' type. a.AliasUrl.ToLower()
  Stack Trace:
     at Raven.Client.Documents.Linq.RavenQueryProviderProcessor`1.GetAsyncDocumentQueryFor(Expression expression, Action`1 customization)
   at Raven.Client.Documents.Linq.RavenQueryProvider`1.ToAsyncDocumentQuery[TResult](Expression expression)
   at Raven.Client.Documents.LinqExtensions.FirstOrDefaultAsync[TSource](IQueryable`1 source, CancellationToken token)
   at Piranha.Repositories.AliasRepository.GetByAliasUrl(String url, String siteId) in C:\Users\bbqch\proj\microbians\piranha\data\Piranha.Data.EF\Repositories\AliasRepository.cs:line 83
   at Piranha.Services.AliasService.SaveAsync(Alias model) in C:\Users\bbqch\proj\microbians\piranha\core\Piranha\Services\Internal\AliasService.cs:line 180
   at Piranha.Tests.Services.AliasTests.InitializeAsync() in C:\Users\bbqch\proj\microbians\piranha\test\Piranha.Tests\Services\AliasTests.cs:line 67
   at Piranha.Tests.Services.AliasTestsMemoryCache.InitializeAsync() in C:\Users\bbqch\proj\microbians\piranha\test\Piranha.Tests\Services\AliasTests.cs:line 23
----- Inner Stack Trace -----
   at Raven.Client.Documents.Linq.LinqPathProvider.GetPath(Expression expression, Boolean isFilterActive)
   at Raven.Client.Documents.Linq.RavenQueryProviderProcessor`1.GetMemberDirect(Expression expression)
   at Raven.Client.Documents.Linq.RavenQueryProviderProcessor`1.VisitEquals(BinaryExpression expression)
   at Raven.Client.Documents.Linq.RavenQueryProviderProcessor`1.VisitBinaryExpression(BinaryExpression expression)
   at Raven.Client.Documents.Linq.RavenQueryProviderProcessor`1.VisitAndAlso(BinaryExpression andAlso)
   at Raven.Client.Documents.Linq.RavenQueryProviderProcessor`1.VisitBinaryExpression(BinaryExpression expression)
   at Raven.Client.Documents.Linq.RavenQueryProviderProcessor`1.VisitQueryableMethodCall(MethodCallExpression expression)
   at Raven.Client.Documents.Linq.RavenQueryProviderProcessor`1.VisitMethodCall(MethodCallExpression expression)
   at Raven.Client.Documents.Linq.RavenQueryProviderProcessor`1.VisitQueryableMethodCall(MethodCallExpression expression)
   at Raven.Client.Documents.Linq.RavenQueryProviderProcessor`1.VisitMethodCall(MethodCallExpression expression)
   at Raven.Client.Documents.Linq.RavenQueryProviderProcessor`1.GetAsyncDocumentQueryFor(Expression expression, Action`1 customization)
  Failed Piranha.Tests.Services.AliasTestsMemoryCache.GetNoneById [1 ms]
  Error Message:
   System.NotSupportedException : Could not understand expression: from 'Aliases'.Where(a => ((a.SiteId == value(Piranha.Repositories.AliasRepository+<>c__DisplayClass4_0).siteId) AndAlso (a.AliasUrl.ToLower() == value(Piranha.Repositories.AliasRepository+<>c__DisplayClass4_0).url.ToLower()))).Select(a => new Alias() {Id = a.Id, SiteId = a.SiteId, AliasUrl = a.AliasUrl, RedirectUrl = a.RedirectUrl, Type = a.Type, Created = a.Created, LastModified = a.LastModified})
---- System.NotSupportedException : Cannot understand how to translate method 'ToLower' of 'System.String' type. a.AliasUrl.ToLower()
  Stack Trace:
     at Raven.Client.Documents.Linq.RavenQueryProviderProcessor`1.GetAsyncDocumentQueryFor(Expression expression, Action`1 customization)
   at Raven.Client.Documents.Linq.RavenQueryProvider`1.ToAsyncDocumentQuery[TResult](Expression expression)
   at Raven.Client.Documents.LinqExtensions.FirstOrDefaultAsync[TSource](IQueryable`1 source, CancellationToken token)
   at Piranha.Repositories.AliasRepository.GetByAliasUrl(String url, String siteId) in C:\Users\bbqch\proj\microbians\piranha\data\Piranha.Data.EF\Repositories\AliasRepository.cs:line 83
   at Piranha.Services.AliasService.SaveAsync(Alias model) in C:\Users\bbqch\proj\microbians\piranha\core\Piranha\Services\Internal\AliasService.cs:line 180
   at Piranha.Tests.Services.AliasTests.InitializeAsync() in C:\Users\bbqch\proj\microbians\piranha\test\Piranha.Tests\Services\AliasTests.cs:line 67
   at Piranha.Tests.Services.AliasTestsMemoryCache.InitializeAsync() in C:\Users\bbqch\proj\microbians\piranha\test\Piranha.Tests\Services\AliasTests.cs:line 23
----- Inner Stack Trace -----
   at Raven.Client.Documents.Linq.LinqPathProvider.GetPath(Expression expression, Boolean isFilterActive)
   at Raven.Client.Documents.Linq.RavenQueryProviderProcessor`1.GetMemberDirect(Expression expression)
   at Raven.Client.Documents.Linq.RavenQueryProviderProcessor`1.VisitEquals(BinaryExpression expression)
   at Raven.Client.Documents.Linq.RavenQueryProviderProcessor`1.VisitBinaryExpression(BinaryExpression expression)
   at Raven.Client.Documents.Linq.RavenQueryProviderProcessor`1.VisitAndAlso(BinaryExpression andAlso)
   at Raven.Client.Documents.Linq.RavenQueryProviderProcessor`1.VisitBinaryExpression(BinaryExpression expression)
   at Raven.Client.Documents.Linq.RavenQueryProviderProcessor`1.VisitQueryableMethodCall(MethodCallExpression expression)
   at Raven.Client.Documents.Linq.RavenQueryProviderProcessor`1.VisitMethodCall(MethodCallExpression expression)
   at Raven.Client.Documents.Linq.RavenQueryProviderProcessor`1.VisitQueryableMethodCall(MethodCallExpression expression)
   at Raven.Client.Documents.Linq.RavenQueryProviderProcessor`1.VisitMethodCall(MethodCallExpression expression)
   at Raven.Client.Documents.Linq.RavenQueryProviderProcessor`1.GetAsyncDocumentQueryFor(Expression expression, Action`1 customization)
  Failed Piranha.Tests.Services.AliasTestsDistributedCache.DeleteById [1 ms]
  Error Message:
   System.NotSupportedException : Could not understand expression: from 'Aliases'.Where(a => ((a.SiteId == value(Piranha.Repositories.AliasRepository+<>c__DisplayClass4_0).siteId) AndAlso (a.AliasUrl.ToLower() == value(Piranha.Repositories.AliasRepository+<>c__DisplayClass4_0).url.ToLower()))).Select(a => new Alias() {Id = a.Id, SiteId = a.SiteId, AliasUrl = a.AliasUrl, RedirectUrl = a.RedirectUrl, Type = a.Type, Created = a.Created, LastModified = a.LastModified})
---- System.NotSupportedException : Cannot understand how to translate method 'ToLower' of 'System.String' type. a.AliasUrl.ToLower()
  Stack Trace:
     at Raven.Client.Documents.Linq.RavenQueryProviderProcessor`1.GetAsyncDocumentQueryFor(Expression expression, Action`1 customization)
   at Raven.Client.Documents.Linq.RavenQueryProvider`1.ToAsyncDocumentQuery[TResult](Expression expression)
   at Raven.Client.Documents.LinqExtensions.FirstOrDefaultAsync[TSource](IQueryable`1 source, CancellationToken token)
   at Piranha.Repositories.AliasRepository.GetByAliasUrl(String url, String siteId) in C:\Users\bbqch\proj\microbians\piranha\data\Piranha.Data.EF\Repositories\AliasRepository.cs:line 83
   at Piranha.Services.AliasService.SaveAsync(Alias model) in C:\Users\bbqch\proj\microbians\piranha\core\Piranha\Services\Internal\AliasService.cs:line 180
   at Piranha.Tests.Services.AliasTests.InitializeAsync() in C:\Users\bbqch\proj\microbians\piranha\test\Piranha.Tests\Services\AliasTests.cs:line 67
   at Piranha.Tests.Services.AliasTestsDistributedCache.InitializeAsync() in C:\Users\bbqch\proj\microbians\piranha\test\Piranha.Tests\Services\AliasTests.cs:line 33
----- Inner Stack Trace -----
   at Raven.Client.Documents.Linq.LinqPathProvider.GetPath(Expression expression, Boolean isFilterActive)
   at Raven.Client.Documents.Linq.RavenQueryProviderProcessor`1.GetMemberDirect(Expression expression)
   at Raven.Client.Documents.Linq.RavenQueryProviderProcessor`1.VisitEquals(BinaryExpression expression)
   at Raven.Client.Documents.Linq.RavenQueryProviderProcessor`1.VisitBinaryExpression(BinaryExpression expression)
   at Raven.Client.Documents.Linq.RavenQueryProviderProcessor`1.VisitAndAlso(BinaryExpression andAlso)
   at Raven.Client.Documents.Linq.RavenQueryProviderProcessor`1.VisitBinaryExpression(BinaryExpression expression)
   at Raven.Client.Documents.Linq.RavenQueryProviderProcessor`1.VisitQueryableMethodCall(MethodCallExpression expression)
   at Raven.Client.Documents.Linq.RavenQueryProviderProcessor`1.VisitMethodCall(MethodCallExpression expression)
   at Raven.Client.Documents.Linq.RavenQueryProviderProcessor`1.VisitQueryableMethodCall(MethodCallExpression expression)
   at Raven.Client.Documents.Linq.RavenQueryProviderProcessor`1.VisitMethodCall(MethodCallExpression expression)
   at Raven.Client.Documents.Linq.RavenQueryProviderProcessor`1.GetAsyncDocumentQueryFor(Expression expression, Action`1 customization)
  Failed Piranha.Tests.Services.AliasTestsDistributedCache.Update [1 ms]
  Error Message:
   System.NotSupportedException : Could not understand expression: from 'Aliases'.Where(a => ((a.SiteId == value(Piranha.Repositories.AliasRepository+<>c__DisplayClass4_0).siteId) AndAlso (a.AliasUrl.ToLower() == value(Piranha.Repositories.AliasRepository+<>c__DisplayClass4_0).url.ToLower()))).Select(a => new Alias() {Id = a.Id, SiteId = a.SiteId, AliasUrl = a.AliasUrl, RedirectUrl = a.RedirectUrl, Type = a.Type, Created = a.Created, LastModified = a.LastModified})
---- System.NotSupportedException : Cannot understand how to translate method 'ToLower' of 'System.String' type. a.AliasUrl.ToLower()
  Stack Trace:
     at Raven.Client.Documents.Linq.RavenQueryProviderProcessor`1.GetAsyncDocumentQueryFor(Expression expression, Action`1 customization)
   at Raven.Client.Documents.Linq.RavenQueryProvider`1.ToAsyncDocumentQuery[TResult](Expression expression)
   at Raven.Client.Documents.LinqExtensions.FirstOrDefaultAsync[TSource](IQueryable`1 source, CancellationToken token)
   at Piranha.Repositories.AliasRepository.GetByAliasUrl(String url, String siteId) in C:\Users\bbqch\proj\microbians\piranha\data\Piranha.Data.EF\Repositories\AliasRepository.cs:line 83
   at Piranha.Services.AliasService.SaveAsync(Alias model) in C:\Users\bbqch\proj\microbians\piranha\core\Piranha\Services\Internal\AliasService.cs:line 180
   at Piranha.Tests.Services.AliasTests.InitializeAsync() in C:\Users\bbqch\proj\microbians\piranha\test\Piranha.Tests\Services\AliasTests.cs:line 67
   at Piranha.Tests.Services.AliasTestsDistributedCache.InitializeAsync() in C:\Users\bbqch\proj\microbians\piranha\test\Piranha.Tests\Services\AliasTests.cs:line 33
----- Inner Stack Trace -----
   at Raven.Client.Documents.Linq.LinqPathProvider.GetPath(Expression expression, Boolean isFilterActive)
   at Raven.Client.Documents.Linq.RavenQueryProviderProcessor`1.GetMemberDirect(Expression expression)
   at Raven.Client.Documents.Linq.RavenQueryProviderProcessor`1.VisitEquals(BinaryExpression expression)
   at Raven.Client.Documents.Linq.RavenQueryProviderProcessor`1.VisitBinaryExpression(BinaryExpression expression)
   at Raven.Client.Documents.Linq.RavenQueryProviderProcessor`1.VisitAndAlso(BinaryExpression andAlso)
   at Raven.Client.Documents.Linq.RavenQueryProviderProcessor`1.VisitBinaryExpression(BinaryExpression expression)
   at Raven.Client.Documents.Linq.RavenQueryProviderProcessor`1.VisitQueryableMethodCall(MethodCallExpression expression)
   at Raven.Client.Documents.Linq.RavenQueryProviderProcessor`1.VisitMethodCall(MethodCallExpression expression)
   at Raven.Client.Documents.Linq.RavenQueryProviderProcessor`1.VisitQueryableMethodCall(MethodCallExpression expression)
   at Raven.Client.Documents.Linq.RavenQueryProviderProcessor`1.VisitMethodCall(MethodCallExpression expression)
   at Raven.Client.Documents.Linq.RavenQueryProviderProcessor`1.GetAsyncDocumentQueryFor(Expression expression, Action`1 customization)
  Failed Piranha.Tests.Services.AliasTestsDistributedCache.FixRedirectUrl [1 ms]
  Error Message:
   System.NotSupportedException : Could not understand expression: from 'Aliases'.Where(a => ((a.SiteId == value(Piranha.Repositories.AliasRepository+<>c__DisplayClass4_0).siteId) AndAlso (a.AliasUrl.ToLower() == value(Piranha.Repositories.AliasRepository+<>c__DisplayClass4_0).url.ToLower()))).Select(a => new Alias() {Id = a.Id, SiteId = a.SiteId, AliasUrl = a.AliasUrl, RedirectUrl = a.RedirectUrl, Type = a.Type, Created = a.Created, LastModified = a.LastModified})
---- System.NotSupportedException : Cannot understand how to translate method 'ToLower' of 'System.String' type. a.AliasUrl.ToLower()
  Stack Trace:
     at Raven.Client.Documents.Linq.RavenQueryProviderProcessor`1.GetAsyncDocumentQueryFor(Expression expression, Action`1 customization)
   at Raven.Client.Documents.Linq.RavenQueryProvider`1.ToAsyncDocumentQuery[TResult](Expression expression)
   at Raven.Client.Documents.LinqExtensions.FirstOrDefaultAsync[TSource](IQueryable`1 source, CancellationToken token)
   at Piranha.Repositories.AliasRepository.GetByAliasUrl(String url, String siteId) in C:\Users\bbqch\proj\microbians\piranha\data\Piranha.Data.EF\Repositories\AliasRepository.cs:line 83
   at Piranha.Services.AliasService.SaveAsync(Alias model) in C:\Users\bbqch\proj\microbians\piranha\core\Piranha\Services\Internal\AliasService.cs:line 180
   at Piranha.Tests.Services.AliasTests.InitializeAsync() in C:\Users\bbqch\proj\microbians\piranha\test\Piranha.Tests\Services\AliasTests.cs:line 67
   at Piranha.Tests.Services.AliasTestsDistributedCache.InitializeAsync() in C:\Users\bbqch\proj\microbians\piranha\test\Piranha.Tests\Services\AliasTests.cs:line 33
----- Inner Stack Trace -----
   at Raven.Client.Documents.Linq.LinqPathProvider.GetPath(Expression expression, Boolean isFilterActive)
   at Raven.Client.Documents.Linq.RavenQueryProviderProcessor`1.GetMemberDirect(Expression expression)
   at Raven.Client.Documents.Linq.RavenQueryProviderProcessor`1.VisitEquals(BinaryExpression expression)
   at Raven.Client.Documents.Linq.RavenQueryProviderProcessor`1.VisitBinaryExpression(BinaryExpression expression)
   at Raven.Client.Documents.Linq.RavenQueryProviderProcessor`1.VisitAndAlso(BinaryExpression andAlso)
   at Raven.Client.Documents.Linq.RavenQueryProviderProcessor`1.VisitBinaryExpression(BinaryExpression expression)
   at Raven.Client.Documents.Linq.RavenQueryProviderProcessor`1.VisitQueryableMethodCall(MethodCallExpression expression)
   at Raven.Client.Documents.Linq.RavenQueryProviderProcessor`1.VisitMethodCall(MethodCallExpression expression)
   at Raven.Client.Documents.Linq.RavenQueryProviderProcessor`1.VisitQueryableMethodCall(MethodCallExpression expression)
   at Raven.Client.Documents.Linq.RavenQueryProviderProcessor`1.VisitMethodCall(MethodCallExpression expression)
   at Raven.Client.Documents.Linq.RavenQueryProviderProcessor`1.GetAsyncDocumentQueryFor(Expression expression, Action`1 customization)
  Failed Piranha.Tests.Services.AliasTestsDistributedCache.AllowHttpsUrl [1 ms]
  Error Message:
   System.NotSupportedException : Could not understand expression: from 'Aliases'.Where(a => ((a.SiteId == value(Piranha.Repositories.AliasRepository+<>c__DisplayClass4_0).siteId) AndAlso (a.AliasUrl.ToLower() == value(Piranha.Repositories.AliasRepository+<>c__DisplayClass4_0).url.ToLower()))).Select(a => new Alias() {Id = a.Id, SiteId = a.SiteId, AliasUrl = a.AliasUrl, RedirectUrl = a.RedirectUrl, Type = a.Type, Created = a.Created, LastModified = a.LastModified})
---- System.NotSupportedException : Cannot understand how to translate method 'ToLower' of 'System.String' type. a.AliasUrl.ToLower()
  Stack Trace:
     at Raven.Client.Documents.Linq.RavenQueryProviderProcessor`1.GetAsyncDocumentQueryFor(Expression expression, Action`1 customization)
   at Raven.Client.Documents.Linq.RavenQueryProvider`1.ToAsyncDocumentQuery[TResult](Expression expression)
   at Raven.Client.Documents.LinqExtensions.FirstOrDefaultAsync[TSource](IQueryable`1 source, CancellationToken token)
   at Piranha.Repositories.AliasRepository.GetByAliasUrl(String url, String siteId) in C:\Users\bbqch\proj\microbians\piranha\data\Piranha.Data.EF\Repositories\AliasRepository.cs:line 83
   at Piranha.Services.AliasService.SaveAsync(Alias model) in C:\Users\bbqch\proj\microbians\piranha\core\Piranha\Services\Internal\AliasService.cs:line 180
   at Piranha.Tests.Services.AliasTests.InitializeAsync() in C:\Users\bbqch\proj\microbians\piranha\test\Piranha.Tests\Services\AliasTests.cs:line 67
   at Piranha.Tests.Services.AliasTestsDistributedCache.InitializeAsync() in C:\Users\bbqch\proj\microbians\piranha\test\Piranha.Tests\Services\AliasTests.cs:line 33
----- Inner Stack Trace -----
   at Raven.Client.Documents.Linq.LinqPathProvider.GetPath(Expression expression, Boolean isFilterActive)
   at Raven.Client.Documents.Linq.RavenQueryProviderProcessor`1.GetMemberDirect(Expression expression)
   at Raven.Client.Documents.Linq.RavenQueryProviderProcessor`1.VisitEquals(BinaryExpression expression)
   at Raven.Client.Documents.Linq.RavenQueryProviderProcessor`1.VisitBinaryExpression(BinaryExpression expression)
   at Raven.Client.Documents.Linq.RavenQueryProviderProcessor`1.VisitAndAlso(BinaryExpression andAlso)
   at Raven.Client.Documents.Linq.RavenQueryProviderProcessor`1.VisitBinaryExpression(BinaryExpression expression)
   at Raven.Client.Documents.Linq.RavenQueryProviderProcessor`1.VisitQueryableMethodCall(MethodCallExpression expression)
   at Raven.Client.Documents.Linq.RavenQueryProviderProcessor`1.VisitMethodCall(MethodCallExpression expression)
   at Raven.Client.Documents.Linq.RavenQueryProviderProcessor`1.VisitQueryableMethodCall(MethodCallExpression expression)
   at Raven.Client.Documents.Linq.RavenQueryProviderProcessor`1.VisitMethodCall(MethodCallExpression expression)
   at Raven.Client.Documents.Linq.RavenQueryProviderProcessor`1.GetAsyncDocumentQueryFor(Expression expression, Action`1 customization)
  Failed Piranha.Tests.Services.AliasTestsDistributedCache.Delete [1 ms]
  Error Message:
   System.NotSupportedException : Could not understand expression: from 'Aliases'.Where(a => ((a.SiteId == value(Piranha.Repositories.AliasRepository+<>c__DisplayClass4_0).siteId) AndAlso (a.AliasUrl.ToLower() == value(Piranha.Repositories.AliasRepository+<>c__DisplayClass4_0).url.ToLower()))).Select(a => new Alias() {Id = a.Id, SiteId = a.SiteId, AliasUrl = a.AliasUrl, RedirectUrl = a.RedirectUrl, Type = a.Type, Created = a.Created, LastModified = a.LastModified})
---- System.NotSupportedException : Cannot understand how to translate method 'ToLower' of 'System.String' type. a.AliasUrl.ToLower()
  Stack Trace:
     at Raven.Client.Documents.Linq.RavenQueryProviderProcessor`1.GetAsyncDocumentQueryFor(Expression expression, Action`1 customization)
   at Raven.Client.Documents.Linq.RavenQueryProvider`1.ToAsyncDocumentQuery[TResult](Expression expression)
   at Raven.Client.Documents.LinqExtensions.FirstOrDefaultAsync[TSource](IQueryable`1 source, CancellationToken token)
   at Piranha.Repositories.AliasRepository.GetByAliasUrl(String url, String siteId) in C:\Users\bbqch\proj\microbians\piranha\data\Piranha.Data.EF\Repositories\AliasRepository.cs:line 83
   at Piranha.Services.AliasService.SaveAsync(Alias model) in C:\Users\bbqch\proj\microbians\piranha\core\Piranha\Services\Internal\AliasService.cs:line 180
   at Piranha.Tests.Services.AliasTests.InitializeAsync() in C:\Users\bbqch\proj\microbians\piranha\test\Piranha.Tests\Services\AliasTests.cs:line 67
   at Piranha.Tests.Services.AliasTestsDistributedCache.InitializeAsync() in C:\Users\bbqch\proj\microbians\piranha\test\Piranha.Tests\Services\AliasTests.cs:line 33
----- Inner Stack Trace -----
   at Raven.Client.Documents.Linq.LinqPathProvider.GetPath(Expression expression, Boolean isFilterActive)
   at Raven.Client.Documents.Linq.RavenQueryProviderProcessor`1.GetMemberDirect(Expression expression)
   at Raven.Client.Documents.Linq.RavenQueryProviderProcessor`1.VisitEquals(BinaryExpression expression)
   at Raven.Client.Documents.Linq.RavenQueryProviderProcessor`1.VisitBinaryExpression(BinaryExpression expression)
   at Raven.Client.Documents.Linq.RavenQueryProviderProcessor`1.VisitAndAlso(BinaryExpression andAlso)
   at Raven.Client.Documents.Linq.RavenQueryProviderProcessor`1.VisitBinaryExpression(BinaryExpression expression)
   at Raven.Client.Documents.Linq.RavenQueryProviderProcessor`1.VisitQueryableMethodCall(MethodCallExpression expression)
   at Raven.Client.Documents.Linq.RavenQueryProviderProcessor`1.VisitMethodCall(MethodCallExpression expression)
   at Raven.Client.Documents.Linq.RavenQueryProviderProcessor`1.VisitQueryableMethodCall(MethodCallExpression expression)
   at Raven.Client.Documents.Linq.RavenQueryProviderProcessor`1.VisitMethodCall(MethodCallExpression expression)
   at Raven.Client.Documents.Linq.RavenQueryProviderProcessor`1.GetAsyncDocumentQueryFor(Expression expression, Action`1 customization)
  Failed Piranha.Tests.Services.AliasTestsDistributedCache.GetByAliasUrlWithDifferentCase [1 ms]
  Error Message:
   System.NotSupportedException : Could not understand expression: from 'Aliases'.Where(a => ((a.SiteId == value(Piranha.Repositories.AliasRepository+<>c__DisplayClass4_0).siteId) AndAlso (a.AliasUrl.ToLower() == value(Piranha.Repositories.AliasRepository+<>c__DisplayClass4_0).url.ToLower()))).Select(a => new Alias() {Id = a.Id, SiteId = a.SiteId, AliasUrl = a.AliasUrl, RedirectUrl = a.RedirectUrl, Type = a.Type, Created = a.Created, LastModified = a.LastModified})
---- System.NotSupportedException : Cannot understand how to translate method 'ToLower' of 'System.String' type. a.AliasUrl.ToLower()
  Stack Trace:
     at Raven.Client.Documents.Linq.RavenQueryProviderProcessor`1.GetAsyncDocumentQueryFor(Expression expression, Action`1 customization)
   at Raven.Client.Documents.Linq.RavenQueryProvider`1.ToAsyncDocumentQuery[TResult](Expression expression)
   at Raven.Client.Documents.LinqExtensions.FirstOrDefaultAsync[TSource](IQueryable`1 source, CancellationToken token)
   at Piranha.Repositories.AliasRepository.GetByAliasUrl(String url, String siteId) in C:\Users\bbqch\proj\microbians\piranha\data\Piranha.Data.EF\Repositories\AliasRepository.cs:line 83
   at Piranha.Services.AliasService.SaveAsync(Alias model) in C:\Users\bbqch\proj\microbians\piranha\core\Piranha\Services\Internal\AliasService.cs:line 180
   at Piranha.Tests.Services.AliasTests.InitializeAsync() in C:\Users\bbqch\proj\microbians\piranha\test\Piranha.Tests\Services\AliasTests.cs:line 67
   at Piranha.Tests.Services.AliasTestsDistributedCache.InitializeAsync() in C:\Users\bbqch\proj\microbians\piranha\test\Piranha.Tests\Services\AliasTests.cs:line 33
----- Inner Stack Trace -----
   at Raven.Client.Documents.Linq.LinqPathProvider.GetPath(Expression expression, Boolean isFilterActive)
   at Raven.Client.Documents.Linq.RavenQueryProviderProcessor`1.GetMemberDirect(Expression expression)
   at Raven.Client.Documents.Linq.RavenQueryProviderProcessor`1.VisitEquals(BinaryExpression expression)
   at Raven.Client.Documents.Linq.RavenQueryProviderProcessor`1.VisitBinaryExpression(BinaryExpression expression)
   at Raven.Client.Documents.Linq.RavenQueryProviderProcessor`1.VisitAndAlso(BinaryExpression andAlso)
   at Raven.Client.Documents.Linq.RavenQueryProviderProcessor`1.VisitBinaryExpression(BinaryExpression expression)
   at Raven.Client.Documents.Linq.RavenQueryProviderProcessor`1.VisitQueryableMethodCall(MethodCallExpression expression)
   at Raven.Client.Documents.Linq.RavenQueryProviderProcessor`1.VisitMethodCall(MethodCallExpression expression)
   at Raven.Client.Documents.Linq.RavenQueryProviderProcessor`1.VisitQueryableMethodCall(MethodCallExpression expression)
   at Raven.Client.Documents.Linq.RavenQueryProviderProcessor`1.VisitMethodCall(MethodCallExpression expression)
   at Raven.Client.Documents.Linq.RavenQueryProviderProcessor`1.GetAsyncDocumentQueryFor(Expression expression, Action`1 customization)
  Failed Piranha.Tests.Services.AliasTestsDistributedCache.GetAll [1 ms]
  Error Message:
   System.NotSupportedException : Could not understand expression: from 'Aliases'.Where(a => ((a.SiteId == value(Piranha.Repositories.AliasRepository+<>c__DisplayClass4_0).siteId) AndAlso (a.AliasUrl.ToLower() == value(Piranha.Repositories.AliasRepository+<>c__DisplayClass4_0).url.ToLower()))).Select(a => new Alias() {Id = a.Id, SiteId = a.SiteId, AliasUrl = a.AliasUrl, RedirectUrl = a.RedirectUrl, Type = a.Type, Created = a.Created, LastModified = a.LastModified})
---- System.NotSupportedException : Cannot understand how to translate method 'ToLower' of 'System.String' type. a.AliasUrl.ToLower()
  Stack Trace:
     at Raven.Client.Documents.Linq.RavenQueryProviderProcessor`1.GetAsyncDocumentQueryFor(Expression expression, Action`1 customization)
   at Raven.Client.Documents.Linq.RavenQueryProvider`1.ToAsyncDocumentQuery[TResult](Expression expression)
   at Raven.Client.Documents.LinqExtensions.FirstOrDefaultAsync[TSource](IQueryable`1 source, CancellationToken token)
   at Piranha.Repositories.AliasRepository.GetByAliasUrl(String url, String siteId) in C:\Users\bbqch\proj\microbians\piranha\data\Piranha.Data.EF\Repositories\AliasRepository.cs:line 83
   at Piranha.Services.AliasService.SaveAsync(Alias model) in C:\Users\bbqch\proj\microbians\piranha\core\Piranha\Services\Internal\AliasService.cs:line 180
   at Piranha.Tests.Services.AliasTests.InitializeAsync() in C:\Users\bbqch\proj\microbians\piranha\test\Piranha.Tests\Services\AliasTests.cs:line 67
   at Piranha.Tests.Services.AliasTestsDistributedCache.InitializeAsync() in C:\Users\bbqch\proj\microbians\piranha\test\Piranha.Tests\Services\AliasTests.cs:line 33
----- Inner Stack Trace -----
   at Raven.Client.Documents.Linq.LinqPathProvider.GetPath(Expression expression, Boolean isFilterActive)
   at Raven.Client.Documents.Linq.RavenQueryProviderProcessor`1.GetMemberDirect(Expression expression)
   at Raven.Client.Documents.Linq.RavenQueryProviderProcessor`1.VisitEquals(BinaryExpression expression)
   at Raven.Client.Documents.Linq.RavenQueryProviderProcessor`1.VisitBinaryExpression(BinaryExpression expression)
   at Raven.Client.Documents.Linq.RavenQueryProviderProcessor`1.VisitAndAlso(BinaryExpression andAlso)
   at Raven.Client.Documents.Linq.RavenQueryProviderProcessor`1.VisitBinaryExpression(BinaryExpression expression)
   at Raven.Client.Documents.Linq.RavenQueryProviderProcessor`1.VisitQueryableMethodCall(MethodCallExpression expression)
   at Raven.Client.Documents.Linq.RavenQueryProviderProcessor`1.VisitMethodCall(MethodCallExpression expression)
   at Raven.Client.Documents.Linq.RavenQueryProviderProcessor`1.VisitQueryableMethodCall(MethodCallExpression expression)
   at Raven.Client.Documents.Linq.RavenQueryProviderProcessor`1.VisitMethodCall(MethodCallExpression expression)
   at Raven.Client.Documents.Linq.RavenQueryProviderProcessor`1.GetAsyncDocumentQueryFor(Expression expression, Action`1 customization)
  Failed Piranha.Tests.Services.AliasTestsDistributedCache.GetNoneByAliasUrl [1 ms]
  Error Message:
   System.NotSupportedException : Could not understand expression: from 'Aliases'.Where(a => ((a.SiteId == value(Piranha.Repositories.AliasRepository+<>c__DisplayClass4_0).siteId) AndAlso (a.AliasUrl.ToLower() == value(Piranha.Repositories.AliasRepository+<>c__DisplayClass4_0).url.ToLower()))).Select(a => new Alias() {Id = a.Id, SiteId = a.SiteId, AliasUrl = a.AliasUrl, RedirectUrl = a.RedirectUrl, Type = a.Type, Created = a.Created, LastModified = a.LastModified})
---- System.NotSupportedException : Cannot understand how to translate method 'ToLower' of 'System.String' type. a.AliasUrl.ToLower()
  Stack Trace:
     at Raven.Client.Documents.Linq.RavenQueryProviderProcessor`1.GetAsyncDocumentQueryFor(Expression expression, Action`1 customization)
   at Raven.Client.Documents.Linq.RavenQueryProvider`1.ToAsyncDocumentQuery[TResult](Expression expression)
   at Raven.Client.Documents.LinqExtensions.FirstOrDefaultAsync[TSource](IQueryable`1 source, CancellationToken token)
   at Piranha.Repositories.AliasRepository.GetByAliasUrl(String url, String siteId) in C:\Users\bbqch\proj\microbians\piranha\data\Piranha.Data.EF\Repositories\AliasRepository.cs:line 83
   at Piranha.Services.AliasService.SaveAsync(Alias model) in C:\Users\bbqch\proj\microbians\piranha\core\Piranha\Services\Internal\AliasService.cs:line 180
   at Piranha.Tests.Services.AliasTests.InitializeAsync() in C:\Users\bbqch\proj\microbians\piranha\test\Piranha.Tests\Services\AliasTests.cs:line 67
   at Piranha.Tests.Services.AliasTestsDistributedCache.InitializeAsync() in C:\Users\bbqch\proj\microbians\piranha\test\Piranha.Tests\Services\AliasTests.cs:line 33
----- Inner Stack Trace -----
   at Raven.Client.Documents.Linq.LinqPathProvider.GetPath(Expression expression, Boolean isFilterActive)
   at Raven.Client.Documents.Linq.RavenQueryProviderProcessor`1.GetMemberDirect(Expression expression)
   at Raven.Client.Documents.Linq.RavenQueryProviderProcessor`1.VisitEquals(BinaryExpression expression)
   at Raven.Client.Documents.Linq.RavenQueryProviderProcessor`1.VisitBinaryExpression(BinaryExpression expression)
   at Raven.Client.Documents.Linq.RavenQueryProviderProcessor`1.VisitAndAlso(BinaryExpression andAlso)
   at Raven.Client.Documents.Linq.RavenQueryProviderProcessor`1.VisitBinaryExpression(BinaryExpression expression)
   at Raven.Client.Documents.Linq.RavenQueryProviderProcessor`1.VisitQueryableMethodCall(MethodCallExpression expression)
   at Raven.Client.Documents.Linq.RavenQueryProviderProcessor`1.VisitMethodCall(MethodCallExpression expression)
   at Raven.Client.Documents.Linq.RavenQueryProviderProcessor`1.VisitQueryableMethodCall(MethodCallExpression expression)
   at Raven.Client.Documents.Linq.RavenQueryProviderProcessor`1.VisitMethodCall(MethodCallExpression expression)
   at Raven.Client.Documents.Linq.RavenQueryProviderProcessor`1.GetAsyncDocumentQueryFor(Expression expression, Action`1 customization)
  Failed Piranha.Tests.Services.AliasTestsDistributedCache.AllowHttpUrl [1 ms]
  Error Message:
   System.NotSupportedException : Could not understand expression: from 'Aliases'.Where(a => ((a.SiteId == value(Piranha.Repositories.AliasRepository+<>c__DisplayClass4_0).siteId) AndAlso (a.AliasUrl.ToLower() == value(Piranha.Repositories.AliasRepository+<>c__DisplayClass4_0).url.ToLower()))).Select(a => new Alias() {Id = a.Id, SiteId = a.SiteId, AliasUrl = a.AliasUrl, RedirectUrl = a.RedirectUrl, Type = a.Type, Created = a.Created, LastModified = a.LastModified})
---- System.NotSupportedException : Cannot understand how to translate method 'ToLower' of 'System.String' type. a.AliasUrl.ToLower()
  Stack Trace:
     at Raven.Client.Documents.Linq.RavenQueryProviderProcessor`1.GetAsyncDocumentQueryFor(Expression expression, Action`1 customization)
   at Raven.Client.Documents.Linq.RavenQueryProvider`1.ToAsyncDocumentQuery[TResult](Expression expression)
   at Raven.Client.Documents.LinqExtensions.FirstOrDefaultAsync[TSource](IQueryable`1 source, CancellationToken token)
   at Piranha.Repositories.AliasRepository.GetByAliasUrl(String url, String siteId) in C:\Users\bbqch\proj\microbians\piranha\data\Piranha.Data.EF\Repositories\AliasRepository.cs:line 83
   at Piranha.Services.AliasService.SaveAsync(Alias model) in C:\Users\bbqch\proj\microbians\piranha\core\Piranha\Services\Internal\AliasService.cs:line 180
   at Piranha.Tests.Services.AliasTests.InitializeAsync() in C:\Users\bbqch\proj\microbians\piranha\test\Piranha.Tests\Services\AliasTests.cs:line 67
   at Piranha.Tests.Services.AliasTestsDistributedCache.InitializeAsync() in C:\Users\bbqch\proj\microbians\piranha\test\Piranha.Tests\Services\AliasTests.cs:line 33
----- Inner Stack Trace -----
   at Raven.Client.Documents.Linq.LinqPathProvider.GetPath(Expression expression, Boolean isFilterActive)
   at Raven.Client.Documents.Linq.RavenQueryProviderProcessor`1.GetMemberDirect(Expression expression)
   at Raven.Client.Documents.Linq.RavenQueryProviderProcessor`1.VisitEquals(BinaryExpression expression)
   at Raven.Client.Documents.Linq.RavenQueryProviderProcessor`1.VisitBinaryExpression(BinaryExpression expression)
   at Raven.Client.Documents.Linq.RavenQueryProviderProcessor`1.VisitAndAlso(BinaryExpression andAlso)
   at Raven.Client.Documents.Linq.RavenQueryProviderProcessor`1.VisitBinaryExpression(BinaryExpression expression)
   at Raven.Client.Documents.Linq.RavenQueryProviderProcessor`1.VisitQueryableMethodCall(MethodCallExpression expression)
   at Raven.Client.Documents.Linq.RavenQueryProviderProcessor`1.VisitMethodCall(MethodCallExpression expression)
   at Raven.Client.Documents.Linq.RavenQueryProviderProcessor`1.VisitQueryableMethodCall(MethodCallExpression expression)
   at Raven.Client.Documents.Linq.RavenQueryProviderProcessor`1.VisitMethodCall(MethodCallExpression expression)
   at Raven.Client.Documents.Linq.RavenQueryProviderProcessor`1.GetAsyncDocumentQueryFor(Expression expression, Action`1 customization)
  Failed Piranha.Tests.Services.AliasTestsDistributedCache.GetById [1 ms]
  Error Message:
   System.NotSupportedException : Could not understand expression: from 'Aliases'.Where(a => ((a.SiteId == value(Piranha.Repositories.AliasRepository+<>c__DisplayClass4_0).siteId) AndAlso (a.AliasUrl.ToLower() == value(Piranha.Repositories.AliasRepository+<>c__DisplayClass4_0).url.ToLower()))).Select(a => new Alias() {Id = a.Id, SiteId = a.SiteId, AliasUrl = a.AliasUrl, RedirectUrl = a.RedirectUrl, Type = a.Type, Created = a.Created, LastModified = a.LastModified})
---- System.NotSupportedException : Cannot understand how to translate method 'ToLower' of 'System.String' type. a.AliasUrl.ToLower()
  Stack Trace:
     at Raven.Client.Documents.Linq.RavenQueryProviderProcessor`1.GetAsyncDocumentQueryFor(Expression expression, Action`1 customization)
   at Raven.Client.Documents.Linq.RavenQueryProvider`1.ToAsyncDocumentQuery[TResult](Expression expression)
   at Raven.Client.Documents.LinqExtensions.FirstOrDefaultAsync[TSource](IQueryable`1 source, CancellationToken token)
   at Piranha.Repositories.AliasRepository.GetByAliasUrl(String url, String siteId) in C:\Users\bbqch\proj\microbians\piranha\data\Piranha.Data.EF\Repositories\AliasRepository.cs:line 83
   at Piranha.Services.AliasService.SaveAsync(Alias model) in C:\Users\bbqch\proj\microbians\piranha\core\Piranha\Services\Internal\AliasService.cs:line 180
   at Piranha.Tests.Services.AliasTests.InitializeAsync() in C:\Users\bbqch\proj\microbians\piranha\test\Piranha.Tests\Services\AliasTests.cs:line 67
   at Piranha.Tests.Services.AliasTestsDistributedCache.InitializeAsync() in C:\Users\bbqch\proj\microbians\piranha\test\Piranha.Tests\Services\AliasTests.cs:line 33
----- Inner Stack Trace -----
   at Raven.Client.Documents.Linq.LinqPathProvider.GetPath(Expression expression, Boolean isFilterActive)
   at Raven.Client.Documents.Linq.RavenQueryProviderProcessor`1.GetMemberDirect(Expression expression)
   at Raven.Client.Documents.Linq.RavenQueryProviderProcessor`1.VisitEquals(BinaryExpression expression)
   at Raven.Client.Documents.Linq.RavenQueryProviderProcessor`1.VisitBinaryExpression(BinaryExpression expression)
   at Raven.Client.Documents.Linq.RavenQueryProviderProcessor`1.VisitAndAlso(BinaryExpression andAlso)
   at Raven.Client.Documents.Linq.RavenQueryProviderProcessor`1.VisitBinaryExpression(BinaryExpression expression)
   at Raven.Client.Documents.Linq.RavenQueryProviderProcessor`1.VisitQueryableMethodCall(MethodCallExpression expression)
   at Raven.Client.Documents.Linq.RavenQueryProviderProcessor`1.VisitMethodCall(MethodCallExpression expression)
   at Raven.Client.Documents.Linq.RavenQueryProviderProcessor`1.VisitQueryableMethodCall(MethodCallExpression expression)
   at Raven.Client.Documents.Linq.RavenQueryProviderProcessor`1.VisitMethodCall(MethodCallExpression expression)
   at Raven.Client.Documents.Linq.RavenQueryProviderProcessor`1.GetAsyncDocumentQueryFor(Expression expression, Action`1 customization)
  Failed Piranha.Tests.Services.AliasTestsDistributedCache.GetByRedirectUrlWithDifferentCase [1 ms]
  Error Message:
   System.NotSupportedException : Could not understand expression: from 'Aliases'.Where(a => ((a.SiteId == value(Piranha.Repositories.AliasRepository+<>c__DisplayClass4_0).siteId) AndAlso (a.AliasUrl.ToLower() == value(Piranha.Repositories.AliasRepository+<>c__DisplayClass4_0).url.ToLower()))).Select(a => new Alias() {Id = a.Id, SiteId = a.SiteId, AliasUrl = a.AliasUrl, RedirectUrl = a.RedirectUrl, Type = a.Type, Created = a.Created, LastModified = a.LastModified})
---- System.NotSupportedException : Cannot understand how to translate method 'ToLower' of 'System.String' type. a.AliasUrl.ToLower()
  Stack Trace:
     at Raven.Client.Documents.Linq.RavenQueryProviderProcessor`1.GetAsyncDocumentQueryFor(Expression expression, Action`1 customization)
   at Raven.Client.Documents.Linq.RavenQueryProvider`1.ToAsyncDocumentQuery[TResult](Expression expression)
   at Raven.Client.Documents.LinqExtensions.FirstOrDefaultAsync[TSource](IQueryable`1 source, CancellationToken token)
   at Piranha.Repositories.AliasRepository.GetByAliasUrl(String url, String siteId) in C:\Users\bbqch\proj\microbians\piranha\data\Piranha.Data.EF\Repositories\AliasRepository.cs:line 83
   at Piranha.Services.AliasService.SaveAsync(Alias model) in C:\Users\bbqch\proj\microbians\piranha\core\Piranha\Services\Internal\AliasService.cs:line 180
   at Piranha.Tests.Services.AliasTests.InitializeAsync() in C:\Users\bbqch\proj\microbians\piranha\test\Piranha.Tests\Services\AliasTests.cs:line 67
   at Piranha.Tests.Services.AliasTestsDistributedCache.InitializeAsync() in C:\Users\bbqch\proj\microbians\piranha\test\Piranha.Tests\Services\AliasTests.cs:line 33
----- Inner Stack Trace -----
   at Raven.Client.Documents.Linq.LinqPathProvider.GetPath(Expression expression, Boolean isFilterActive)
   at Raven.Client.Documents.Linq.RavenQueryProviderProcessor`1.GetMemberDirect(Expression expression)
   at Raven.Client.Documents.Linq.RavenQueryProviderProcessor`1.VisitEquals(BinaryExpression expression)
   at Raven.Client.Documents.Linq.RavenQueryProviderProcessor`1.VisitBinaryExpression(BinaryExpression expression)
   at Raven.Client.Documents.Linq.RavenQueryProviderProcessor`1.VisitAndAlso(BinaryExpression andAlso)
   at Raven.Client.Documents.Linq.RavenQueryProviderProcessor`1.VisitBinaryExpression(BinaryExpression expression)
   at Raven.Client.Documents.Linq.RavenQueryProviderProcessor`1.VisitQueryableMethodCall(MethodCallExpression expression)
   at Raven.Client.Documents.Linq.RavenQueryProviderProcessor`1.VisitMethodCall(MethodCallExpression expression)
   at Raven.Client.Documents.Linq.RavenQueryProviderProcessor`1.VisitQueryableMethodCall(MethodCallExpression expression)
   at Raven.Client.Documents.Linq.RavenQueryProviderProcessor`1.VisitMethodCall(MethodCallExpression expression)
   at Raven.Client.Documents.Linq.RavenQueryProviderProcessor`1.GetAsyncDocumentQueryFor(Expression expression, Action`1 customization)
  Failed Piranha.Tests.Services.AliasTestsDistributedCache.GetNoneByRedirectUrl [1 ms]
  Error Message:
   System.NotSupportedException : Could not understand expression: from 'Aliases'.Where(a => ((a.SiteId == value(Piranha.Repositories.AliasRepository+<>c__DisplayClass4_0).siteId) AndAlso (a.AliasUrl.ToLower() == value(Piranha.Repositories.AliasRepository+<>c__DisplayClass4_0).url.ToLower()))).Select(a => new Alias() {Id = a.Id, SiteId = a.SiteId, AliasUrl = a.AliasUrl, RedirectUrl = a.RedirectUrl, Type = a.Type, Created = a.Created, LastModified = a.LastModified})
---- System.NotSupportedException : Cannot understand how to translate method 'ToLower' of 'System.String' type. a.AliasUrl.ToLower()
  Stack Trace:
     at Raven.Client.Documents.Linq.RavenQueryProviderProcessor`1.GetAsyncDocumentQueryFor(Expression expression, Action`1 customization)
   at Raven.Client.Documents.Linq.RavenQueryProvider`1.ToAsyncDocumentQuery[TResult](Expression expression)
   at Raven.Client.Documents.LinqExtensions.FirstOrDefaultAsync[TSource](IQueryable`1 source, CancellationToken token)
   at Piranha.Repositories.AliasRepository.GetByAliasUrl(String url, String siteId) in C:\Users\bbqch\proj\microbians\piranha\data\Piranha.Data.EF\Repositories\AliasRepository.cs:line 83
   at Piranha.Services.AliasService.SaveAsync(Alias model) in C:\Users\bbqch\proj\microbians\piranha\core\Piranha\Services\Internal\AliasService.cs:line 180
   at Piranha.Tests.Services.AliasTests.InitializeAsync() in C:\Users\bbqch\proj\microbians\piranha\test\Piranha.Tests\Services\AliasTests.cs:line 67
   at Piranha.Tests.Services.AliasTestsDistributedCache.InitializeAsync() in C:\Users\bbqch\proj\microbians\piranha\test\Piranha.Tests\Services\AliasTests.cs:line 33
----- Inner Stack Trace -----
   at Raven.Client.Documents.Linq.LinqPathProvider.GetPath(Expression expression, Boolean isFilterActive)
   at Raven.Client.Documents.Linq.RavenQueryProviderProcessor`1.GetMemberDirect(Expression expression)
   at Raven.Client.Documents.Linq.RavenQueryProviderProcessor`1.VisitEquals(BinaryExpression expression)
   at Raven.Client.Documents.Linq.RavenQueryProviderProcessor`1.VisitBinaryExpression(BinaryExpression expression)
   at Raven.Client.Documents.Linq.RavenQueryProviderProcessor`1.VisitAndAlso(BinaryExpression andAlso)
   at Raven.Client.Documents.Linq.RavenQueryProviderProcessor`1.VisitBinaryExpression(BinaryExpression expression)
   at Raven.Client.Documents.Linq.RavenQueryProviderProcessor`1.VisitQueryableMethodCall(MethodCallExpression expression)
   at Raven.Client.Documents.Linq.RavenQueryProviderProcessor`1.VisitMethodCall(MethodCallExpression expression)
   at Raven.Client.Documents.Linq.RavenQueryProviderProcessor`1.VisitQueryableMethodCall(MethodCallExpression expression)
   at Raven.Client.Documents.Linq.RavenQueryProviderProcessor`1.VisitMethodCall(MethodCallExpression expression)
   at Raven.Client.Documents.Linq.RavenQueryProviderProcessor`1.GetAsyncDocumentQueryFor(Expression expression, Action`1 customization)
  Failed Piranha.Tests.Services.AliasTestsDistributedCache.AddDuplicateKey [1 ms]
  Error Message:
   System.NotSupportedException : Could not understand expression: from 'Aliases'.Where(a => ((a.SiteId == value(Piranha.Repositories.AliasRepository+<>c__DisplayClass4_0).siteId) AndAlso (a.AliasUrl.ToLower() == value(Piranha.Repositories.AliasRepository+<>c__DisplayClass4_0).url.ToLower()))).Select(a => new Alias() {Id = a.Id, SiteId = a.SiteId, AliasUrl = a.AliasUrl, RedirectUrl = a.RedirectUrl, Type = a.Type, Created = a.Created, LastModified = a.LastModified})
---- System.NotSupportedException : Cannot understand how to translate method 'ToLower' of 'System.String' type. a.AliasUrl.ToLower()
  Stack Trace:
     at Raven.Client.Documents.Linq.RavenQueryProviderProcessor`1.GetAsyncDocumentQueryFor(Expression expression, Action`1 customization)
   at Raven.Client.Documents.Linq.RavenQueryProvider`1.ToAsyncDocumentQuery[TResult](Expression expression)
   at Raven.Client.Documents.LinqExtensions.FirstOrDefaultAsync[TSource](IQueryable`1 source, CancellationToken token)
   at Piranha.Repositories.AliasRepository.GetByAliasUrl(String url, String siteId) in C:\Users\bbqch\proj\microbians\piranha\data\Piranha.Data.EF\Repositories\AliasRepository.cs:line 83
   at Piranha.Services.AliasService.SaveAsync(Alias model) in C:\Users\bbqch\proj\microbians\piranha\core\Piranha\Services\Internal\AliasService.cs:line 180
   at Piranha.Tests.Services.AliasTests.InitializeAsync() in C:\Users\bbqch\proj\microbians\piranha\test\Piranha.Tests\Services\AliasTests.cs:line 67
   at Piranha.Tests.Services.AliasTestsDistributedCache.InitializeAsync() in C:\Users\bbqch\proj\microbians\piranha\test\Piranha.Tests\Services\AliasTests.cs:line 33
----- Inner Stack Trace -----
   at Raven.Client.Documents.Linq.LinqPathProvider.GetPath(Expression expression, Boolean isFilterActive)
   at Raven.Client.Documents.Linq.RavenQueryProviderProcessor`1.GetMemberDirect(Expression expression)
   at Raven.Client.Documents.Linq.RavenQueryProviderProcessor`1.VisitEquals(BinaryExpression expression)
   at Raven.Client.Documents.Linq.RavenQueryProviderProcessor`1.VisitBinaryExpression(BinaryExpression expression)
   at Raven.Client.Documents.Linq.RavenQueryProviderProcessor`1.VisitAndAlso(BinaryExpression andAlso)
   at Raven.Client.Documents.Linq.RavenQueryProviderProcessor`1.VisitBinaryExpression(BinaryExpression expression)
   at Raven.Client.Documents.Linq.RavenQueryProviderProcessor`1.VisitQueryableMethodCall(MethodCallExpression expression)
   at Raven.Client.Documents.Linq.RavenQueryProviderProcessor`1.VisitMethodCall(MethodCallExpression expression)
   at Raven.Client.Documents.Linq.RavenQueryProviderProcessor`1.VisitQueryableMethodCall(MethodCallExpression expression)
   at Raven.Client.Documents.Linq.RavenQueryProviderProcessor`1.VisitMethodCall(MethodCallExpression expression)
   at Raven.Client.Documents.Linq.RavenQueryProviderProcessor`1.GetAsyncDocumentQueryFor(Expression expression, Action`1 customization)
  Failed Piranha.Tests.Services.AliasTestsDistributedCache.FixAliasUrl [1 ms]
  Error Message:
   System.NotSupportedException : Could not understand expression: from 'Aliases'.Where(a => ((a.SiteId == value(Piranha.Repositories.AliasRepository+<>c__DisplayClass4_0).siteId) AndAlso (a.AliasUrl.ToLower() == value(Piranha.Repositories.AliasRepository+<>c__DisplayClass4_0).url.ToLower()))).Select(a => new Alias() {Id = a.Id, SiteId = a.SiteId, AliasUrl = a.AliasUrl, RedirectUrl = a.RedirectUrl, Type = a.Type, Created = a.Created, LastModified = a.LastModified})
---- System.NotSupportedException : Cannot understand how to translate method 'ToLower' of 'System.String' type. a.AliasUrl.ToLower()
  Stack Trace:
     at Raven.Client.Documents.Linq.RavenQueryProviderProcessor`1.GetAsyncDocumentQueryFor(Expression expression, Action`1 customization)
   at Raven.Client.Documents.Linq.RavenQueryProvider`1.ToAsyncDocumentQuery[TResult](Expression expression)
   at Raven.Client.Documents.LinqExtensions.FirstOrDefaultAsync[TSource](IQueryable`1 source, CancellationToken token)
   at Piranha.Repositories.AliasRepository.GetByAliasUrl(String url, String siteId) in C:\Users\bbqch\proj\microbians\piranha\data\Piranha.Data.EF\Repositories\AliasRepository.cs:line 83
   at Piranha.Services.AliasService.SaveAsync(Alias model) in C:\Users\bbqch\proj\microbians\piranha\core\Piranha\Services\Internal\AliasService.cs:line 180
   at Piranha.Tests.Services.AliasTests.InitializeAsync() in C:\Users\bbqch\proj\microbians\piranha\test\Piranha.Tests\Services\AliasTests.cs:line 67
   at Piranha.Tests.Services.AliasTestsDistributedCache.InitializeAsync() in C:\Users\bbqch\proj\microbians\piranha\test\Piranha.Tests\Services\AliasTests.cs:line 33
----- Inner Stack Trace -----
   at Raven.Client.Documents.Linq.LinqPathProvider.GetPath(Expression expression, Boolean isFilterActive)
   at Raven.Client.Documents.Linq.RavenQueryProviderProcessor`1.GetMemberDirect(Expression expression)
   at Raven.Client.Documents.Linq.RavenQueryProviderProcessor`1.VisitEquals(BinaryExpression expression)
   at Raven.Client.Documents.Linq.RavenQueryProviderProcessor`1.VisitBinaryExpression(BinaryExpression expression)
   at Raven.Client.Documents.Linq.RavenQueryProviderProcessor`1.VisitAndAlso(BinaryExpression andAlso)
   at Raven.Client.Documents.Linq.RavenQueryProviderProcessor`1.VisitBinaryExpression(BinaryExpression expression)
   at Raven.Client.Documents.Linq.RavenQueryProviderProcessor`1.VisitQueryableMethodCall(MethodCallExpression expression)
   at Raven.Client.Documents.Linq.RavenQueryProviderProcessor`1.VisitMethodCall(MethodCallExpression expression)
   at Raven.Client.Documents.Linq.RavenQueryProviderProcessor`1.VisitQueryableMethodCall(MethodCallExpression expression)
   at Raven.Client.Documents.Linq.RavenQueryProviderProcessor`1.VisitMethodCall(MethodCallExpression expression)
   at Raven.Client.Documents.Linq.RavenQueryProviderProcessor`1.GetAsyncDocumentQueryFor(Expression expression, Action`1 customization)
  Failed Piranha.Tests.Services.AliasTestsDistributedCache.GetByRedirectUrl [1 ms]
  Error Message:
   System.NotSupportedException : Could not understand expression: from 'Aliases'.Where(a => ((a.SiteId == value(Piranha.Repositories.AliasRepository+<>c__DisplayClass4_0).siteId) AndAlso (a.AliasUrl.ToLower() == value(Piranha.Repositories.AliasRepository+<>c__DisplayClass4_0).url.ToLower()))).Select(a => new Alias() {Id = a.Id, SiteId = a.SiteId, AliasUrl = a.AliasUrl, RedirectUrl = a.RedirectUrl, Type = a.Type, Created = a.Created, LastModified = a.LastModified})
---- System.NotSupportedException : Cannot understand how to translate method 'ToLower' of 'System.String' type. a.AliasUrl.ToLower()
  Stack Trace:
     at Raven.Client.Documents.Linq.RavenQueryProviderProcessor`1.GetAsyncDocumentQueryFor(Expression expression, Action`1 customization)
   at Raven.Client.Documents.Linq.RavenQueryProvider`1.ToAsyncDocumentQuery[TResult](Expression expression)
   at Raven.Client.Documents.LinqExtensions.FirstOrDefaultAsync[TSource](IQueryable`1 source, CancellationToken token)
   at Piranha.Repositories.AliasRepository.GetByAliasUrl(String url, String siteId) in C:\Users\bbqch\proj\microbians\piranha\data\Piranha.Data.EF\Repositories\AliasRepository.cs:line 83
   at Piranha.Services.AliasService.SaveAsync(Alias model) in C:\Users\bbqch\proj\microbians\piranha\core\Piranha\Services\Internal\AliasService.cs:line 180
   at Piranha.Tests.Services.AliasTests.InitializeAsync() in C:\Users\bbqch\proj\microbians\piranha\test\Piranha.Tests\Services\AliasTests.cs:line 67
   at Piranha.Tests.Services.AliasTestsDistributedCache.InitializeAsync() in C:\Users\bbqch\proj\microbians\piranha\test\Piranha.Tests\Services\AliasTests.cs:line 33
----- Inner Stack Trace -----
   at Raven.Client.Documents.Linq.LinqPathProvider.GetPath(Expression expression, Boolean isFilterActive)
   at Raven.Client.Documents.Linq.RavenQueryProviderProcessor`1.GetMemberDirect(Expression expression)
   at Raven.Client.Documents.Linq.RavenQueryProviderProcessor`1.VisitEquals(BinaryExpression expression)
   at Raven.Client.Documents.Linq.RavenQueryProviderProcessor`1.VisitBinaryExpression(BinaryExpression expression)
   at Raven.Client.Documents.Linq.RavenQueryProviderProcessor`1.VisitAndAlso(BinaryExpression andAlso)
   at Raven.Client.Documents.Linq.RavenQueryProviderProcessor`1.VisitBinaryExpression(BinaryExpression expression)
   at Raven.Client.Documents.Linq.RavenQueryProviderProcessor`1.VisitQueryableMethodCall(MethodCallExpression expression)
   at Raven.Client.Documents.Linq.RavenQueryProviderProcessor`1.VisitMethodCall(MethodCallExpression expression)
   at Raven.Client.Documents.Linq.RavenQueryProviderProcessor`1.VisitQueryableMethodCall(MethodCallExpression expression)
   at Raven.Client.Documents.Linq.RavenQueryProviderProcessor`1.VisitMethodCall(MethodCallExpression expression)
   at Raven.Client.Documents.Linq.RavenQueryProviderProcessor`1.GetAsyncDocumentQueryFor(Expression expression, Action`1 customization)
  Failed Piranha.Tests.Services.AliasTestsDistributedCache.Add [1 ms]
  Error Message:
   System.NotSupportedException : Could not understand expression: from 'Aliases'.Where(a => ((a.SiteId == value(Piranha.Repositories.AliasRepository+<>c__DisplayClass4_0).siteId) AndAlso (a.AliasUrl.ToLower() == value(Piranha.Repositories.AliasRepository+<>c__DisplayClass4_0).url.ToLower()))).Select(a => new Alias() {Id = a.Id, SiteId = a.SiteId, AliasUrl = a.AliasUrl, RedirectUrl = a.RedirectUrl, Type = a.Type, Created = a.Created, LastModified = a.LastModified})
---- System.NotSupportedException : Cannot understand how to translate method 'ToLower' of 'System.String' type. a.AliasUrl.ToLower()
  Stack Trace:
     at Raven.Client.Documents.Linq.RavenQueryProviderProcessor`1.GetAsyncDocumentQueryFor(Expression expression, Action`1 customization)
   at Raven.Client.Documents.Linq.RavenQueryProvider`1.ToAsyncDocumentQuery[TResult](Expression expression)
   at Raven.Client.Documents.LinqExtensions.FirstOrDefaultAsync[TSource](IQueryable`1 source, CancellationToken token)
   at Piranha.Repositories.AliasRepository.GetByAliasUrl(String url, String siteId) in C:\Users\bbqch\proj\microbians\piranha\data\Piranha.Data.EF\Repositories\AliasRepository.cs:line 83
   at Piranha.Services.AliasService.SaveAsync(Alias model) in C:\Users\bbqch\proj\microbians\piranha\core\Piranha\Services\Internal\AliasService.cs:line 180
   at Piranha.Tests.Services.AliasTests.InitializeAsync() in C:\Users\bbqch\proj\microbians\piranha\test\Piranha.Tests\Services\AliasTests.cs:line 67
   at Piranha.Tests.Services.AliasTestsDistributedCache.InitializeAsync() in C:\Users\bbqch\proj\microbians\piranha\test\Piranha.Tests\Services\AliasTests.cs:line 33
----- Inner Stack Trace -----
   at Raven.Client.Documents.Linq.LinqPathProvider.GetPath(Expression expression, Boolean isFilterActive)
   at Raven.Client.Documents.Linq.RavenQueryProviderProcessor`1.GetMemberDirect(Expression expression)
   at Raven.Client.Documents.Linq.RavenQueryProviderProcessor`1.VisitEquals(BinaryExpression expression)
   at Raven.Client.Documents.Linq.RavenQueryProviderProcessor`1.VisitBinaryExpression(BinaryExpression expression)
   at Raven.Client.Documents.Linq.RavenQueryProviderProcessor`1.VisitAndAlso(BinaryExpression andAlso)
   at Raven.Client.Documents.Linq.RavenQueryProviderProcessor`1.VisitBinaryExpression(BinaryExpression expression)
   at Raven.Client.Documents.Linq.RavenQueryProviderProcessor`1.VisitQueryableMethodCall(MethodCallExpression expression)
   at Raven.Client.Documents.Linq.RavenQueryProviderProcessor`1.VisitMethodCall(MethodCallExpression expression)
   at Raven.Client.Documents.Linq.RavenQueryProviderProcessor`1.VisitQueryableMethodCall(MethodCallExpression expression)
   at Raven.Client.Documents.Linq.RavenQueryProviderProcessor`1.VisitMethodCall(MethodCallExpression expression)
   at Raven.Client.Documents.Linq.RavenQueryProviderProcessor`1.GetAsyncDocumentQueryFor(Expression expression, Action`1 customization)
  Failed Piranha.Tests.Services.AliasTestsDistributedCache.GetByAliasUrl [1 ms]
  Error Message:
   System.NotSupportedException : Could not understand expression: from 'Aliases'.Where(a => ((a.SiteId == value(Piranha.Repositories.AliasRepository+<>c__DisplayClass4_0).siteId) AndAlso (a.AliasUrl.ToLower() == value(Piranha.Repositories.AliasRepository+<>c__DisplayClass4_0).url.ToLower()))).Select(a => new Alias() {Id = a.Id, SiteId = a.SiteId, AliasUrl = a.AliasUrl, RedirectUrl = a.RedirectUrl, Type = a.Type, Created = a.Created, LastModified = a.LastModified})
---- System.NotSupportedException : Cannot understand how to translate method 'ToLower' of 'System.String' type. a.AliasUrl.ToLower()
  Stack Trace:
     at Raven.Client.Documents.Linq.RavenQueryProviderProcessor`1.GetAsyncDocumentQueryFor(Expression expression, Action`1 customization)
   at Raven.Client.Documents.Linq.RavenQueryProvider`1.ToAsyncDocumentQuery[TResult](Expression expression)
   at Raven.Client.Documents.LinqExtensions.FirstOrDefaultAsync[TSource](IQueryable`1 source, CancellationToken token)
   at Piranha.Repositories.AliasRepository.GetByAliasUrl(String url, String siteId) in C:\Users\bbqch\proj\microbians\piranha\data\Piranha.Data.EF\Repositories\AliasRepository.cs:line 83
   at Piranha.Services.AliasService.SaveAsync(Alias model) in C:\Users\bbqch\proj\microbians\piranha\core\Piranha\Services\Internal\AliasService.cs:line 180
   at Piranha.Tests.Services.AliasTests.InitializeAsync() in C:\Users\bbqch\proj\microbians\piranha\test\Piranha.Tests\Services\AliasTests.cs:line 67
   at Piranha.Tests.Services.AliasTestsDistributedCache.InitializeAsync() in C:\Users\bbqch\proj\microbians\piranha\test\Piranha.Tests\Services\AliasTests.cs:line 33
----- Inner Stack Trace -----
   at Raven.Client.Documents.Linq.LinqPathProvider.GetPath(Expression expression, Boolean isFilterActive)
   at Raven.Client.Documents.Linq.RavenQueryProviderProcessor`1.GetMemberDirect(Expression expression)
   at Raven.Client.Documents.Linq.RavenQueryProviderProcessor`1.VisitEquals(BinaryExpression expression)
   at Raven.Client.Documents.Linq.RavenQueryProviderProcessor`1.VisitBinaryExpression(BinaryExpression expression)
   at Raven.Client.Documents.Linq.RavenQueryProviderProcessor`1.VisitAndAlso(BinaryExpression andAlso)
   at Raven.Client.Documents.Linq.RavenQueryProviderProcessor`1.VisitBinaryExpression(BinaryExpression expression)
   at Raven.Client.Documents.Linq.RavenQueryProviderProcessor`1.VisitQueryableMethodCall(MethodCallExpression expression)
   at Raven.Client.Documents.Linq.RavenQueryProviderProcessor`1.VisitMethodCall(MethodCallExpression expression)
   at Raven.Client.Documents.Linq.RavenQueryProviderProcessor`1.VisitQueryableMethodCall(MethodCallExpression expression)
   at Raven.Client.Documents.Linq.RavenQueryProviderProcessor`1.VisitMethodCall(MethodCallExpression expression)
   at Raven.Client.Documents.Linq.RavenQueryProviderProcessor`1.GetAsyncDocumentQueryFor(Expression expression, Action`1 customization)
  Failed Piranha.Tests.Services.AliasTestsDistributedCache.IsCached [1 ms]
  Error Message:
   System.NotSupportedException : Could not understand expression: from 'Aliases'.Where(a => ((a.SiteId == value(Piranha.Repositories.AliasRepository+<>c__DisplayClass4_0).siteId) AndAlso (a.AliasUrl.ToLower() == value(Piranha.Repositories.AliasRepository+<>c__DisplayClass4_0).url.ToLower()))).Select(a => new Alias() {Id = a.Id, SiteId = a.SiteId, AliasUrl = a.AliasUrl, RedirectUrl = a.RedirectUrl, Type = a.Type, Created = a.Created, LastModified = a.LastModified})
---- System.NotSupportedException : Cannot understand how to translate method 'ToLower' of 'System.String' type. a.AliasUrl.ToLower()
  Stack Trace:
     at Raven.Client.Documents.Linq.RavenQueryProviderProcessor`1.GetAsyncDocumentQueryFor(Expression expression, Action`1 customization)
   at Raven.Client.Documents.Linq.RavenQueryProvider`1.ToAsyncDocumentQuery[TResult](Expression expression)
   at Raven.Client.Documents.LinqExtensions.FirstOrDefaultAsync[TSource](IQueryable`1 source, CancellationToken token)
   at Piranha.Repositories.AliasRepository.GetByAliasUrl(String url, String siteId) in C:\Users\bbqch\proj\microbians\piranha\data\Piranha.Data.EF\Repositories\AliasRepository.cs:line 83
   at Piranha.Services.AliasService.SaveAsync(Alias model) in C:\Users\bbqch\proj\microbians\piranha\core\Piranha\Services\Internal\AliasService.cs:line 180
   at Piranha.Tests.Services.AliasTests.InitializeAsync() in C:\Users\bbqch\proj\microbians\piranha\test\Piranha.Tests\Services\AliasTests.cs:line 67
   at Piranha.Tests.Services.AliasTestsDistributedCache.InitializeAsync() in C:\Users\bbqch\proj\microbians\piranha\test\Piranha.Tests\Services\AliasTests.cs:line 33
----- Inner Stack Trace -----
   at Raven.Client.Documents.Linq.LinqPathProvider.GetPath(Expression expression, Boolean isFilterActive)
   at Raven.Client.Documents.Linq.RavenQueryProviderProcessor`1.GetMemberDirect(Expression expression)
   at Raven.Client.Documents.Linq.RavenQueryProviderProcessor`1.VisitEquals(BinaryExpression expression)
   at Raven.Client.Documents.Linq.RavenQueryProviderProcessor`1.VisitBinaryExpression(BinaryExpression expression)
   at Raven.Client.Documents.Linq.RavenQueryProviderProcessor`1.VisitAndAlso(BinaryExpression andAlso)
   at Raven.Client.Documents.Linq.RavenQueryProviderProcessor`1.VisitBinaryExpression(BinaryExpression expression)
   at Raven.Client.Documents.Linq.RavenQueryProviderProcessor`1.VisitQueryableMethodCall(MethodCallExpression expression)
   at Raven.Client.Documents.Linq.RavenQueryProviderProcessor`1.VisitMethodCall(MethodCallExpression expression)
   at Raven.Client.Documents.Linq.RavenQueryProviderProcessor`1.VisitQueryableMethodCall(MethodCallExpression expression)
   at Raven.Client.Documents.Linq.RavenQueryProviderProcessor`1.VisitMethodCall(MethodCallExpression expression)
   at Raven.Client.Documents.Linq.RavenQueryProviderProcessor`1.GetAsyncDocumentQueryFor(Expression expression, Action`1 customization)
  Failed Piranha.Tests.Services.AliasTestsDistributedCache.GetNoneById [1 ms]
  Error Message:
   System.NotSupportedException : Could not understand expression: from 'Aliases'.Where(a => ((a.SiteId == value(Piranha.Repositories.AliasRepository+<>c__DisplayClass4_0).siteId) AndAlso (a.AliasUrl.ToLower() == value(Piranha.Repositories.AliasRepository+<>c__DisplayClass4_0).url.ToLower()))).Select(a => new Alias() {Id = a.Id, SiteId = a.SiteId, AliasUrl = a.AliasUrl, RedirectUrl = a.RedirectUrl, Type = a.Type, Created = a.Created, LastModified = a.LastModified})
---- System.NotSupportedException : Cannot understand how to translate method 'ToLower' of 'System.String' type. a.AliasUrl.ToLower()
  Stack Trace:
     at Raven.Client.Documents.Linq.RavenQueryProviderProcessor`1.GetAsyncDocumentQueryFor(Expression expression, Action`1 customization)
   at Raven.Client.Documents.Linq.RavenQueryProvider`1.ToAsyncDocumentQuery[TResult](Expression expression)
   at Raven.Client.Documents.LinqExtensions.FirstOrDefaultAsync[TSource](IQueryable`1 source, CancellationToken token)
   at Piranha.Repositories.AliasRepository.GetByAliasUrl(String url, String siteId) in C:\Users\bbqch\proj\microbians\piranha\data\Piranha.Data.EF\Repositories\AliasRepository.cs:line 83
   at Piranha.Services.AliasService.SaveAsync(Alias model) in C:\Users\bbqch\proj\microbians\piranha\core\Piranha\Services\Internal\AliasService.cs:line 180
   at Piranha.Tests.Services.AliasTests.InitializeAsync() in C:\Users\bbqch\proj\microbians\piranha\test\Piranha.Tests\Services\AliasTests.cs:line 67
   at Piranha.Tests.Services.AliasTestsDistributedCache.InitializeAsync() in C:\Users\bbqch\proj\microbians\piranha\test\Piranha.Tests\Services\AliasTests.cs:line 33
----- Inner Stack Trace -----
   at Raven.Client.Documents.Linq.LinqPathProvider.GetPath(Expression expression, Boolean isFilterActive)
   at Raven.Client.Documents.Linq.RavenQueryProviderProcessor`1.GetMemberDirect(Expression expression)
   at Raven.Client.Documents.Linq.RavenQueryProviderProcessor`1.VisitEquals(BinaryExpression expression)
   at Raven.Client.Documents.Linq.RavenQueryProviderProcessor`1.VisitBinaryExpression(BinaryExpression expression)
   at Raven.Client.Documents.Linq.RavenQueryProviderProcessor`1.VisitAndAlso(BinaryExpression andAlso)
   at Raven.Client.Documents.Linq.RavenQueryProviderProcessor`1.VisitBinaryExpression(BinaryExpression expression)
   at Raven.Client.Documents.Linq.RavenQueryProviderProcessor`1.VisitQueryableMethodCall(MethodCallExpression expression)
   at Raven.Client.Documents.Linq.RavenQueryProviderProcessor`1.VisitMethodCall(MethodCallExpression expression)
   at Raven.Client.Documents.Linq.RavenQueryProviderProcessor`1.VisitQueryableMethodCall(MethodCallExpression expression)
   at Raven.Client.Documents.Linq.RavenQueryProviderProcessor`1.VisitMethodCall(MethodCallExpression expression)
   at Raven.Client.Documents.Linq.RavenQueryProviderProcessor`1.GetAsyncDocumentQueryFor(Expression expression, Action`1 customization)
  Failed Piranha.Tests.Services.AliasTests.GetNoneById [1 ms]
  Error Message:
   System.NotSupportedException : Could not understand expression: from 'Aliases'.Where(a => ((a.SiteId == value(Piranha.Repositories.AliasRepository+<>c__DisplayClass4_0).siteId) AndAlso (a.AliasUrl.ToLower() == value(Piranha.Repositories.AliasRepository+<>c__DisplayClass4_0).url.ToLower()))).Select(a => new Alias() {Id = a.Id, SiteId = a.SiteId, AliasUrl = a.AliasUrl, RedirectUrl = a.RedirectUrl, Type = a.Type, Created = a.Created, LastModified = a.LastModified})
---- System.NotSupportedException : Cannot understand how to translate method 'ToLower' of 'System.String' type. a.AliasUrl.ToLower()
  Stack Trace:
     at Raven.Client.Documents.Linq.RavenQueryProviderProcessor`1.GetAsyncDocumentQueryFor(Expression expression, Action`1 customization)
   at Raven.Client.Documents.Linq.RavenQueryProvider`1.ToAsyncDocumentQuery[TResult](Expression expression)
   at Raven.Client.Documents.LinqExtensions.FirstOrDefaultAsync[TSource](IQueryable`1 source, CancellationToken token)
   at Piranha.Repositories.AliasRepository.GetByAliasUrl(String url, String siteId) in C:\Users\bbqch\proj\microbians\piranha\data\Piranha.Data.EF\Repositories\AliasRepository.cs:line 83
   at Piranha.Services.AliasService.SaveAsync(Alias model) in C:\Users\bbqch\proj\microbians\piranha\core\Piranha\Services\Internal\AliasService.cs:line 180
   at Piranha.Tests.Services.AliasTests.InitializeAsync() in C:\Users\bbqch\proj\microbians\piranha\test\Piranha.Tests\Services\AliasTests.cs:line 67
----- Inner Stack Trace -----
   at Raven.Client.Documents.Linq.LinqPathProvider.GetPath(Expression expression, Boolean isFilterActive)
   at Raven.Client.Documents.Linq.RavenQueryProviderProcessor`1.GetMemberDirect(Expression expression)
   at Raven.Client.Documents.Linq.RavenQueryProviderProcessor`1.VisitEquals(BinaryExpression expression)
   at Raven.Client.Documents.Linq.RavenQueryProviderProcessor`1.VisitBinaryExpression(BinaryExpression expression)
   at Raven.Client.Documents.Linq.RavenQueryProviderProcessor`1.VisitAndAlso(BinaryExpression andAlso)
   at Raven.Client.Documents.Linq.RavenQueryProviderProcessor`1.VisitBinaryExpression(BinaryExpression expression)
   at Raven.Client.Documents.Linq.RavenQueryProviderProcessor`1.VisitQueryableMethodCall(MethodCallExpression expression)
   at Raven.Client.Documents.Linq.RavenQueryProviderProcessor`1.VisitMethodCall(MethodCallExpression expression)
   at Raven.Client.Documents.Linq.RavenQueryProviderProcessor`1.VisitQueryableMethodCall(MethodCallExpression expression)
   at Raven.Client.Documents.Linq.RavenQueryProviderProcessor`1.VisitMethodCall(MethodCallExpression expression)
   at Raven.Client.Documents.Linq.RavenQueryProviderProcessor`1.GetAsyncDocumentQueryFor(Expression expression, Action`1 customization)
  Failed Piranha.Tests.Services.AliasTests.GetNoneByAliasUrl [1 ms]
  Error Message:
   System.NotSupportedException : Could not understand expression: from 'Aliases'.Where(a => ((a.SiteId == value(Piranha.Repositories.AliasRepository+<>c__DisplayClass4_0).siteId) AndAlso (a.AliasUrl.ToLower() == value(Piranha.Repositories.AliasRepository+<>c__DisplayClass4_0).url.ToLower()))).Select(a => new Alias() {Id = a.Id, SiteId = a.SiteId, AliasUrl = a.AliasUrl, RedirectUrl = a.RedirectUrl, Type = a.Type, Created = a.Created, LastModified = a.LastModified})
---- System.NotSupportedException : Cannot understand how to translate method 'ToLower' of 'System.String' type. a.AliasUrl.ToLower()
  Stack Trace:
     at Raven.Client.Documents.Linq.RavenQueryProviderProcessor`1.GetAsyncDocumentQueryFor(Expression expression, Action`1 customization)
   at Raven.Client.Documents.Linq.RavenQueryProvider`1.ToAsyncDocumentQuery[TResult](Expression expression)
   at Raven.Client.Documents.LinqExtensions.FirstOrDefaultAsync[TSource](IQueryable`1 source, CancellationToken token)
   at Piranha.Repositories.AliasRepository.GetByAliasUrl(String url, String siteId) in C:\Users\bbqch\proj\microbians\piranha\data\Piranha.Data.EF\Repositories\AliasRepository.cs:line 83
   at Piranha.Services.AliasService.SaveAsync(Alias model) in C:\Users\bbqch\proj\microbians\piranha\core\Piranha\Services\Internal\AliasService.cs:line 180
   at Piranha.Tests.Services.AliasTests.InitializeAsync() in C:\Users\bbqch\proj\microbians\piranha\test\Piranha.Tests\Services\AliasTests.cs:line 67
----- Inner Stack Trace -----
   at Raven.Client.Documents.Linq.LinqPathProvider.GetPath(Expression expression, Boolean isFilterActive)
   at Raven.Client.Documents.Linq.RavenQueryProviderProcessor`1.GetMemberDirect(Expression expression)
   at Raven.Client.Documents.Linq.RavenQueryProviderProcessor`1.VisitEquals(BinaryExpression expression)
   at Raven.Client.Documents.Linq.RavenQueryProviderProcessor`1.VisitBinaryExpression(BinaryExpression expression)
   at Raven.Client.Documents.Linq.RavenQueryProviderProcessor`1.VisitAndAlso(BinaryExpression andAlso)
   at Raven.Client.Documents.Linq.RavenQueryProviderProcessor`1.VisitBinaryExpression(BinaryExpression expression)
   at Raven.Client.Documents.Linq.RavenQueryProviderProcessor`1.VisitQueryableMethodCall(MethodCallExpression expression)
   at Raven.Client.Documents.Linq.RavenQueryProviderProcessor`1.VisitMethodCall(MethodCallExpression expression)
   at Raven.Client.Documents.Linq.RavenQueryProviderProcessor`1.VisitQueryableMethodCall(MethodCallExpression expression)
   at Raven.Client.Documents.Linq.RavenQueryProviderProcessor`1.VisitMethodCall(MethodCallExpression expression)
   at Raven.Client.Documents.Linq.RavenQueryProviderProcessor`1.GetAsyncDocumentQueryFor(Expression expression, Action`1 customization)
  Failed Piranha.Tests.Services.AliasTests.Update [1 ms]
  Error Message:
   System.NotSupportedException : Could not understand expression: from 'Aliases'.Where(a => ((a.SiteId == value(Piranha.Repositories.AliasRepository+<>c__DisplayClass4_0).siteId) AndAlso (a.AliasUrl.ToLower() == value(Piranha.Repositories.AliasRepository+<>c__DisplayClass4_0).url.ToLower()))).Select(a => new Alias() {Id = a.Id, SiteId = a.SiteId, AliasUrl = a.AliasUrl, RedirectUrl = a.RedirectUrl, Type = a.Type, Created = a.Created, LastModified = a.LastModified})
---- System.NotSupportedException : Cannot understand how to translate method 'ToLower' of 'System.String' type. a.AliasUrl.ToLower()
  Stack Trace:
     at Raven.Client.Documents.Linq.RavenQueryProviderProcessor`1.GetAsyncDocumentQueryFor(Expression expression, Action`1 customization)
   at Raven.Client.Documents.Linq.RavenQueryProvider`1.ToAsyncDocumentQuery[TResult](Expression expression)
   at Raven.Client.Documents.LinqExtensions.FirstOrDefaultAsync[TSource](IQueryable`1 source, CancellationToken token)
   at Piranha.Repositories.AliasRepository.GetByAliasUrl(String url, String siteId) in C:\Users\bbqch\proj\microbians\piranha\data\Piranha.Data.EF\Repositories\AliasRepository.cs:line 83
   at Piranha.Services.AliasService.SaveAsync(Alias model) in C:\Users\bbqch\proj\microbians\piranha\core\Piranha\Services\Internal\AliasService.cs:line 180
   at Piranha.Tests.Services.AliasTests.InitializeAsync() in C:\Users\bbqch\proj\microbians\piranha\test\Piranha.Tests\Services\AliasTests.cs:line 67
----- Inner Stack Trace -----
   at Raven.Client.Documents.Linq.LinqPathProvider.GetPath(Expression expression, Boolean isFilterActive)
   at Raven.Client.Documents.Linq.RavenQueryProviderProcessor`1.GetMemberDirect(Expression expression)
   at Raven.Client.Documents.Linq.RavenQueryProviderProcessor`1.VisitEquals(BinaryExpression expression)
   at Raven.Client.Documents.Linq.RavenQueryProviderProcessor`1.VisitBinaryExpression(BinaryExpression expression)
   at Raven.Client.Documents.Linq.RavenQueryProviderProcessor`1.VisitAndAlso(BinaryExpression andAlso)
   at Raven.Client.Documents.Linq.RavenQueryProviderProcessor`1.VisitBinaryExpression(BinaryExpression expression)
   at Raven.Client.Documents.Linq.RavenQueryProviderProcessor`1.VisitQueryableMethodCall(MethodCallExpression expression)
   at Raven.Client.Documents.Linq.RavenQueryProviderProcessor`1.VisitMethodCall(MethodCallExpression expression)
   at Raven.Client.Documents.Linq.RavenQueryProviderProcessor`1.VisitQueryableMethodCall(MethodCallExpression expression)
   at Raven.Client.Documents.Linq.RavenQueryProviderProcessor`1.VisitMethodCall(MethodCallExpression expression)
   at Raven.Client.Documents.Linq.RavenQueryProviderProcessor`1.GetAsyncDocumentQueryFor(Expression expression, Action`1 customization)
  Failed Piranha.Tests.Services.AliasTests.AllowHttpUrl [1 ms]
  Error Message:
   System.NotSupportedException : Could not understand expression: from 'Aliases'.Where(a => ((a.SiteId == value(Piranha.Repositories.AliasRepository+<>c__DisplayClass4_0).siteId) AndAlso (a.AliasUrl.ToLower() == value(Piranha.Repositories.AliasRepository+<>c__DisplayClass4_0).url.ToLower()))).Select(a => new Alias() {Id = a.Id, SiteId = a.SiteId, AliasUrl = a.AliasUrl, RedirectUrl = a.RedirectUrl, Type = a.Type, Created = a.Created, LastModified = a.LastModified})
---- System.NotSupportedException : Cannot understand how to translate method 'ToLower' of 'System.String' type. a.AliasUrl.ToLower()
  Stack Trace:
     at Raven.Client.Documents.Linq.RavenQueryProviderProcessor`1.GetAsyncDocumentQueryFor(Expression expression, Action`1 customization)
   at Raven.Client.Documents.Linq.RavenQueryProvider`1.ToAsyncDocumentQuery[TResult](Expression expression)
   at Raven.Client.Documents.LinqExtensions.FirstOrDefaultAsync[TSource](IQueryable`1 source, CancellationToken token)
   at Piranha.Repositories.AliasRepository.GetByAliasUrl(String url, String siteId) in C:\Users\bbqch\proj\microbians\piranha\data\Piranha.Data.EF\Repositories\AliasRepository.cs:line 83
   at Piranha.Services.AliasService.SaveAsync(Alias model) in C:\Users\bbqch\proj\microbians\piranha\core\Piranha\Services\Internal\AliasService.cs:line 180
   at Piranha.Tests.Services.AliasTests.InitializeAsync() in C:\Users\bbqch\proj\microbians\piranha\test\Piranha.Tests\Services\AliasTests.cs:line 67
----- Inner Stack Trace -----
   at Raven.Client.Documents.Linq.LinqPathProvider.GetPath(Expression expression, Boolean isFilterActive)
   at Raven.Client.Documents.Linq.RavenQueryProviderProcessor`1.GetMemberDirect(Expression expression)
   at Raven.Client.Documents.Linq.RavenQueryProviderProcessor`1.VisitEquals(BinaryExpression expression)
   at Raven.Client.Documents.Linq.RavenQueryProviderProcessor`1.VisitBinaryExpression(BinaryExpression expression)
   at Raven.Client.Documents.Linq.RavenQueryProviderProcessor`1.VisitAndAlso(BinaryExpression andAlso)
   at Raven.Client.Documents.Linq.RavenQueryProviderProcessor`1.VisitBinaryExpression(BinaryExpression expression)
   at Raven.Client.Documents.Linq.RavenQueryProviderProcessor`1.VisitQueryableMethodCall(MethodCallExpression expression)
   at Raven.Client.Documents.Linq.RavenQueryProviderProcessor`1.VisitMethodCall(MethodCallExpression expression)
   at Raven.Client.Documents.Linq.RavenQueryProviderProcessor`1.VisitQueryableMethodCall(MethodCallExpression expression)
   at Raven.Client.Documents.Linq.RavenQueryProviderProcessor`1.VisitMethodCall(MethodCallExpression expression)
   at Raven.Client.Documents.Linq.RavenQueryProviderProcessor`1.GetAsyncDocumentQueryFor(Expression expression, Action`1 customization)
  Failed Piranha.Tests.Services.AliasTests.GetNoneByRedirectUrl [1 ms]
  Error Message:
   System.NotSupportedException : Could not understand expression: from 'Aliases'.Where(a => ((a.SiteId == value(Piranha.Repositories.AliasRepository+<>c__DisplayClass4_0).siteId) AndAlso (a.AliasUrl.ToLower() == value(Piranha.Repositories.AliasRepository+<>c__DisplayClass4_0).url.ToLower()))).Select(a => new Alias() {Id = a.Id, SiteId = a.SiteId, AliasUrl = a.AliasUrl, RedirectUrl = a.RedirectUrl, Type = a.Type, Created = a.Created, LastModified = a.LastModified})
---- System.NotSupportedException : Cannot understand how to translate method 'ToLower' of 'System.String' type. a.AliasUrl.ToLower()
  Stack Trace:
     at Raven.Client.Documents.Linq.RavenQueryProviderProcessor`1.GetAsyncDocumentQueryFor(Expression expression, Action`1 customization)
   at Raven.Client.Documents.Linq.RavenQueryProvider`1.ToAsyncDocumentQuery[TResult](Expression expression)
   at Raven.Client.Documents.LinqExtensions.FirstOrDefaultAsync[TSource](IQueryable`1 source, CancellationToken token)
   at Piranha.Repositories.AliasRepository.GetByAliasUrl(String url, String siteId) in C:\Users\bbqch\proj\microbians\piranha\data\Piranha.Data.EF\Repositories\AliasRepository.cs:line 83
   at Piranha.Services.AliasService.SaveAsync(Alias model) in C:\Users\bbqch\proj\microbians\piranha\core\Piranha\Services\Internal\AliasService.cs:line 180
   at Piranha.Tests.Services.AliasTests.InitializeAsync() in C:\Users\bbqch\proj\microbians\piranha\test\Piranha.Tests\Services\AliasTests.cs:line 67
----- Inner Stack Trace -----
   at Raven.Client.Documents.Linq.LinqPathProvider.GetPath(Expression expression, Boolean isFilterActive)
   at Raven.Client.Documents.Linq.RavenQueryProviderProcessor`1.GetMemberDirect(Expression expression)
   at Raven.Client.Documents.Linq.RavenQueryProviderProcessor`1.VisitEquals(BinaryExpression expression)
   at Raven.Client.Documents.Linq.RavenQueryProviderProcessor`1.VisitBinaryExpression(BinaryExpression expression)
   at Raven.Client.Documents.Linq.RavenQueryProviderProcessor`1.VisitAndAlso(BinaryExpression andAlso)
   at Raven.Client.Documents.Linq.RavenQueryProviderProcessor`1.VisitBinaryExpression(BinaryExpression expression)
   at Raven.Client.Documents.Linq.RavenQueryProviderProcessor`1.VisitQueryableMethodCall(MethodCallExpression expression)
   at Raven.Client.Documents.Linq.RavenQueryProviderProcessor`1.VisitMethodCall(MethodCallExpression expression)
   at Raven.Client.Documents.Linq.RavenQueryProviderProcessor`1.VisitQueryableMethodCall(MethodCallExpression expression)
   at Raven.Client.Documents.Linq.RavenQueryProviderProcessor`1.VisitMethodCall(MethodCallExpression expression)
   at Raven.Client.Documents.Linq.RavenQueryProviderProcessor`1.GetAsyncDocumentQueryFor(Expression expression, Action`1 customization)
  Failed Piranha.Tests.Services.AliasTests.FixAliasUrl [1 ms]
  Error Message:
   System.NotSupportedException : Could not understand expression: from 'Aliases'.Where(a => ((a.SiteId == value(Piranha.Repositories.AliasRepository+<>c__DisplayClass4_0).siteId) AndAlso (a.AliasUrl.ToLower() == value(Piranha.Repositories.AliasRepository+<>c__DisplayClass4_0).url.ToLower()))).Select(a => new Alias() {Id = a.Id, SiteId = a.SiteId, AliasUrl = a.AliasUrl, RedirectUrl = a.RedirectUrl, Type = a.Type, Created = a.Created, LastModified = a.LastModified})
---- System.NotSupportedException : Cannot understand how to translate method 'ToLower' of 'System.String' type. a.AliasUrl.ToLower()
  Stack Trace:
     at Raven.Client.Documents.Linq.RavenQueryProviderProcessor`1.GetAsyncDocumentQueryFor(Expression expression, Action`1 customization)
   at Raven.Client.Documents.Linq.RavenQueryProvider`1.ToAsyncDocumentQuery[TResult](Expression expression)
   at Raven.Client.Documents.LinqExtensions.FirstOrDefaultAsync[TSource](IQueryable`1 source, CancellationToken token)
   at Piranha.Repositories.AliasRepository.GetByAliasUrl(String url, String siteId) in C:\Users\bbqch\proj\microbians\piranha\data\Piranha.Data.EF\Repositories\AliasRepository.cs:line 83
   at Piranha.Services.AliasService.SaveAsync(Alias model) in C:\Users\bbqch\proj\microbians\piranha\core\Piranha\Services\Internal\AliasService.cs:line 180
   at Piranha.Tests.Services.AliasTests.InitializeAsync() in C:\Users\bbqch\proj\microbians\piranha\test\Piranha.Tests\Services\AliasTests.cs:line 67
----- Inner Stack Trace -----
   at Raven.Client.Documents.Linq.LinqPathProvider.GetPath(Expression expression, Boolean isFilterActive)
   at Raven.Client.Documents.Linq.RavenQueryProviderProcessor`1.GetMemberDirect(Expression expression)
   at Raven.Client.Documents.Linq.RavenQueryProviderProcessor`1.VisitEquals(BinaryExpression expression)
   at Raven.Client.Documents.Linq.RavenQueryProviderProcessor`1.VisitBinaryExpression(BinaryExpression expression)
   at Raven.Client.Documents.Linq.RavenQueryProviderProcessor`1.VisitAndAlso(BinaryExpression andAlso)
   at Raven.Client.Documents.Linq.RavenQueryProviderProcessor`1.VisitBinaryExpression(BinaryExpression expression)
   at Raven.Client.Documents.Linq.RavenQueryProviderProcessor`1.VisitQueryableMethodCall(MethodCallExpression expression)
   at Raven.Client.Documents.Linq.RavenQueryProviderProcessor`1.VisitMethodCall(MethodCallExpression expression)
   at Raven.Client.Documents.Linq.RavenQueryProviderProcessor`1.VisitQueryableMethodCall(MethodCallExpression expression)
   at Raven.Client.Documents.Linq.RavenQueryProviderProcessor`1.VisitMethodCall(MethodCallExpression expression)
   at Raven.Client.Documents.Linq.RavenQueryProviderProcessor`1.GetAsyncDocumentQueryFor(Expression expression, Action`1 customization)
  Failed Piranha.Tests.Services.AliasTests.AddDuplicateKey [1 ms]
  Error Message:
   System.NotSupportedException : Could not understand expression: from 'Aliases'.Where(a => ((a.SiteId == value(Piranha.Repositories.AliasRepository+<>c__DisplayClass4_0).siteId) AndAlso (a.AliasUrl.ToLower() == value(Piranha.Repositories.AliasRepository+<>c__DisplayClass4_0).url.ToLower()))).Select(a => new Alias() {Id = a.Id, SiteId = a.SiteId, AliasUrl = a.AliasUrl, RedirectUrl = a.RedirectUrl, Type = a.Type, Created = a.Created, LastModified = a.LastModified})
---- System.NotSupportedException : Cannot understand how to translate method 'ToLower' of 'System.String' type. a.AliasUrl.ToLower()
  Stack Trace:
     at Raven.Client.Documents.Linq.RavenQueryProviderProcessor`1.GetAsyncDocumentQueryFor(Expression expression, Action`1 customization)
   at Raven.Client.Documents.Linq.RavenQueryProvider`1.ToAsyncDocumentQuery[TResult](Expression expression)
   at Raven.Client.Documents.LinqExtensions.FirstOrDefaultAsync[TSource](IQueryable`1 source, CancellationToken token)
   at Piranha.Repositories.AliasRepository.GetByAliasUrl(String url, String siteId) in C:\Users\bbqch\proj\microbians\piranha\data\Piranha.Data.EF\Repositories\AliasRepository.cs:line 83
   at Piranha.Services.AliasService.SaveAsync(Alias model) in C:\Users\bbqch\proj\microbians\piranha\core\Piranha\Services\Internal\AliasService.cs:line 180
   at Piranha.Tests.Services.AliasTests.InitializeAsync() in C:\Users\bbqch\proj\microbians\piranha\test\Piranha.Tests\Services\AliasTests.cs:line 67
----- Inner Stack Trace -----
   at Raven.Client.Documents.Linq.LinqPathProvider.GetPath(Expression expression, Boolean isFilterActive)
   at Raven.Client.Documents.Linq.RavenQueryProviderProcessor`1.GetMemberDirect(Expression expression)
   at Raven.Client.Documents.Linq.RavenQueryProviderProcessor`1.VisitEquals(BinaryExpression expression)
   at Raven.Client.Documents.Linq.RavenQueryProviderProcessor`1.VisitBinaryExpression(BinaryExpression expression)
   at Raven.Client.Documents.Linq.RavenQueryProviderProcessor`1.VisitAndAlso(BinaryExpression andAlso)
   at Raven.Client.Documents.Linq.RavenQueryProviderProcessor`1.VisitBinaryExpression(BinaryExpression expression)
   at Raven.Client.Documents.Linq.RavenQueryProviderProcessor`1.VisitQueryableMethodCall(MethodCallExpression expression)
   at Raven.Client.Documents.Linq.RavenQueryProviderProcessor`1.VisitMethodCall(MethodCallExpression expression)
   at Raven.Client.Documents.Linq.RavenQueryProviderProcessor`1.VisitQueryableMethodCall(MethodCallExpression expression)
   at Raven.Client.Documents.Linq.RavenQueryProviderProcessor`1.VisitMethodCall(MethodCallExpression expression)
   at Raven.Client.Documents.Linq.RavenQueryProviderProcessor`1.GetAsyncDocumentQueryFor(Expression expression, Action`1 customization)
  Failed Piranha.Tests.Services.AliasTests.DeleteById [1 ms]
  Error Message:
   System.NotSupportedException : Could not understand expression: from 'Aliases'.Where(a => ((a.SiteId == value(Piranha.Repositories.AliasRepository+<>c__DisplayClass4_0).siteId) AndAlso (a.AliasUrl.ToLower() == value(Piranha.Repositories.AliasRepository+<>c__DisplayClass4_0).url.ToLower()))).Select(a => new Alias() {Id = a.Id, SiteId = a.SiteId, AliasUrl = a.AliasUrl, RedirectUrl = a.RedirectUrl, Type = a.Type, Created = a.Created, LastModified = a.LastModified})
---- System.NotSupportedException : Cannot understand how to translate method 'ToLower' of 'System.String' type. a.AliasUrl.ToLower()
  Stack Trace:
     at Raven.Client.Documents.Linq.RavenQueryProviderProcessor`1.GetAsyncDocumentQueryFor(Expression expression, Action`1 customization)
   at Raven.Client.Documents.Linq.RavenQueryProvider`1.ToAsyncDocumentQuery[TResult](Expression expression)
   at Raven.Client.Documents.LinqExtensions.FirstOrDefaultAsync[TSource](IQueryable`1 source, CancellationToken token)
   at Piranha.Repositories.AliasRepository.GetByAliasUrl(String url, String siteId) in C:\Users\bbqch\proj\microbians\piranha\data\Piranha.Data.EF\Repositories\AliasRepository.cs:line 83
   at Piranha.Services.AliasService.SaveAsync(Alias model) in C:\Users\bbqch\proj\microbians\piranha\core\Piranha\Services\Internal\AliasService.cs:line 180
   at Piranha.Tests.Services.AliasTests.InitializeAsync() in C:\Users\bbqch\proj\microbians\piranha\test\Piranha.Tests\Services\AliasTests.cs:line 67
----- Inner Stack Trace -----
   at Raven.Client.Documents.Linq.LinqPathProvider.GetPath(Expression expression, Boolean isFilterActive)
   at Raven.Client.Documents.Linq.RavenQueryProviderProcessor`1.GetMemberDirect(Expression expression)
   at Raven.Client.Documents.Linq.RavenQueryProviderProcessor`1.VisitEquals(BinaryExpression expression)
   at Raven.Client.Documents.Linq.RavenQueryProviderProcessor`1.VisitBinaryExpression(BinaryExpression expression)
   at Raven.Client.Documents.Linq.RavenQueryProviderProcessor`1.VisitAndAlso(BinaryExpression andAlso)
   at Raven.Client.Documents.Linq.RavenQueryProviderProcessor`1.VisitBinaryExpression(BinaryExpression expression)
   at Raven.Client.Documents.Linq.RavenQueryProviderProcessor`1.VisitQueryableMethodCall(MethodCallExpression expression)
   at Raven.Client.Documents.Linq.RavenQueryProviderProcessor`1.VisitMethodCall(MethodCallExpression expression)
   at Raven.Client.Documents.Linq.RavenQueryProviderProcessor`1.VisitQueryableMethodCall(MethodCallExpression expression)
   at Raven.Client.Documents.Linq.RavenQueryProviderProcessor`1.VisitMethodCall(MethodCallExpression expression)
   at Raven.Client.Documents.Linq.RavenQueryProviderProcessor`1.GetAsyncDocumentQueryFor(Expression expression, Action`1 customization)
  Failed Piranha.Tests.Services.AliasTests.Delete [1 ms]
  Error Message:
   System.NotSupportedException : Could not understand expression: from 'Aliases'.Where(a => ((a.SiteId == value(Piranha.Repositories.AliasRepository+<>c__DisplayClass4_0).siteId) AndAlso (a.AliasUrl.ToLower() == value(Piranha.Repositories.AliasRepository+<>c__DisplayClass4_0).url.ToLower()))).Select(a => new Alias() {Id = a.Id, SiteId = a.SiteId, AliasUrl = a.AliasUrl, RedirectUrl = a.RedirectUrl, Type = a.Type, Created = a.Created, LastModified = a.LastModified})
---- System.NotSupportedException : Cannot understand how to translate method 'ToLower' of 'System.String' type. a.AliasUrl.ToLower()
  Stack Trace:
     at Raven.Client.Documents.Linq.RavenQueryProviderProcessor`1.GetAsyncDocumentQueryFor(Expression expression, Action`1 customization)
   at Raven.Client.Documents.Linq.RavenQueryProvider`1.ToAsyncDocumentQuery[TResult](Expression expression)
   at Raven.Client.Documents.LinqExtensions.FirstOrDefaultAsync[TSource](IQueryable`1 source, CancellationToken token)
   at Piranha.Repositories.AliasRepository.GetByAliasUrl(String url, String siteId) in C:\Users\bbqch\proj\microbians\piranha\data\Piranha.Data.EF\Repositories\AliasRepository.cs:line 83
   at Piranha.Services.AliasService.SaveAsync(Alias model) in C:\Users\bbqch\proj\microbians\piranha\core\Piranha\Services\Internal\AliasService.cs:line 180
   at Piranha.Tests.Services.AliasTests.InitializeAsync() in C:\Users\bbqch\proj\microbians\piranha\test\Piranha.Tests\Services\AliasTests.cs:line 67
----- Inner Stack Trace -----
   at Raven.Client.Documents.Linq.LinqPathProvider.GetPath(Expression expression, Boolean isFilterActive)
   at Raven.Client.Documents.Linq.RavenQueryProviderProcessor`1.GetMemberDirect(Expression expression)
   at Raven.Client.Documents.Linq.RavenQueryProviderProcessor`1.VisitEquals(BinaryExpression expression)
   at Raven.Client.Documents.Linq.RavenQueryProviderProcessor`1.VisitBinaryExpression(BinaryExpression expression)
   at Raven.Client.Documents.Linq.RavenQueryProviderProcessor`1.VisitAndAlso(BinaryExpression andAlso)
   at Raven.Client.Documents.Linq.RavenQueryProviderProcessor`1.VisitBinaryExpression(BinaryExpression expression)
   at Raven.Client.Documents.Linq.RavenQueryProviderProcessor`1.VisitQueryableMethodCall(MethodCallExpression expression)
   at Raven.Client.Documents.Linq.RavenQueryProviderProcessor`1.VisitMethodCall(MethodCallExpression expression)
   at Raven.Client.Documents.Linq.RavenQueryProviderProcessor`1.VisitQueryableMethodCall(MethodCallExpression expression)
   at Raven.Client.Documents.Linq.RavenQueryProviderProcessor`1.VisitMethodCall(MethodCallExpression expression)
   at Raven.Client.Documents.Linq.RavenQueryProviderProcessor`1.GetAsyncDocumentQueryFor(Expression expression, Action`1 customization)
  Failed Piranha.Tests.Services.AliasTests.GetByAliasUrl [1 ms]
  Error Message:
   System.NotSupportedException : Could not understand expression: from 'Aliases'.Where(a => ((a.SiteId == value(Piranha.Repositories.AliasRepository+<>c__DisplayClass4_0).siteId) AndAlso (a.AliasUrl.ToLower() == value(Piranha.Repositories.AliasRepository+<>c__DisplayClass4_0).url.ToLower()))).Select(a => new Alias() {Id = a.Id, SiteId = a.SiteId, AliasUrl = a.AliasUrl, RedirectUrl = a.RedirectUrl, Type = a.Type, Created = a.Created, LastModified = a.LastModified})
---- System.NotSupportedException : Cannot understand how to translate method 'ToLower' of 'System.String' type. a.AliasUrl.ToLower()
  Stack Trace:
     at Raven.Client.Documents.Linq.RavenQueryProviderProcessor`1.GetAsyncDocumentQueryFor(Expression expression, Action`1 customization)
   at Raven.Client.Documents.Linq.RavenQueryProvider`1.ToAsyncDocumentQuery[TResult](Expression expression)
   at Raven.Client.Documents.LinqExtensions.FirstOrDefaultAsync[TSource](IQueryable`1 source, CancellationToken token)
   at Piranha.Repositories.AliasRepository.GetByAliasUrl(String url, String siteId) in C:\Users\bbqch\proj\microbians\piranha\data\Piranha.Data.EF\Repositories\AliasRepository.cs:line 83
   at Piranha.Services.AliasService.SaveAsync(Alias model) in C:\Users\bbqch\proj\microbians\piranha\core\Piranha\Services\Internal\AliasService.cs:line 180
   at Piranha.Tests.Services.AliasTests.InitializeAsync() in C:\Users\bbqch\proj\microbians\piranha\test\Piranha.Tests\Services\AliasTests.cs:line 67
----- Inner Stack Trace -----
   at Raven.Client.Documents.Linq.LinqPathProvider.GetPath(Expression expression, Boolean isFilterActive)
   at Raven.Client.Documents.Linq.RavenQueryProviderProcessor`1.GetMemberDirect(Expression expression)
   at Raven.Client.Documents.Linq.RavenQueryProviderProcessor`1.VisitEquals(BinaryExpression expression)
   at Raven.Client.Documents.Linq.RavenQueryProviderProcessor`1.VisitBinaryExpression(BinaryExpression expression)
   at Raven.Client.Documents.Linq.RavenQueryProviderProcessor`1.VisitAndAlso(BinaryExpression andAlso)
   at Raven.Client.Documents.Linq.RavenQueryProviderProcessor`1.VisitBinaryExpression(BinaryExpression expression)
   at Raven.Client.Documents.Linq.RavenQueryProviderProcessor`1.VisitQueryableMethodCall(MethodCallExpression expression)
   at Raven.Client.Documents.Linq.RavenQueryProviderProcessor`1.VisitMethodCall(MethodCallExpression expression)
   at Raven.Client.Documents.Linq.RavenQueryProviderProcessor`1.VisitQueryableMethodCall(MethodCallExpression expression)
   at Raven.Client.Documents.Linq.RavenQueryProviderProcessor`1.VisitMethodCall(MethodCallExpression expression)
   at Raven.Client.Documents.Linq.RavenQueryProviderProcessor`1.GetAsyncDocumentQueryFor(Expression expression, Action`1 customization)
  Failed Piranha.Tests.Services.AliasTests.GetById [1 ms]
  Error Message:
   System.NotSupportedException : Could not understand expression: from 'Aliases'.Where(a => ((a.SiteId == value(Piranha.Repositories.AliasRepository+<>c__DisplayClass4_0).siteId) AndAlso (a.AliasUrl.ToLower() == value(Piranha.Repositories.AliasRepository+<>c__DisplayClass4_0).url.ToLower()))).Select(a => new Alias() {Id = a.Id, SiteId = a.SiteId, AliasUrl = a.AliasUrl, RedirectUrl = a.RedirectUrl, Type = a.Type, Created = a.Created, LastModified = a.LastModified})
---- System.NotSupportedException : Cannot understand how to translate method 'ToLower' of 'System.String' type. a.AliasUrl.ToLower()
  Stack Trace:
     at Raven.Client.Documents.Linq.RavenQueryProviderProcessor`1.GetAsyncDocumentQueryFor(Expression expression, Action`1 customization)
   at Raven.Client.Documents.Linq.RavenQueryProvider`1.ToAsyncDocumentQuery[TResult](Expression expression)
   at Raven.Client.Documents.LinqExtensions.FirstOrDefaultAsync[TSource](IQueryable`1 source, CancellationToken token)
   at Piranha.Repositories.AliasRepository.GetByAliasUrl(String url, String siteId) in C:\Users\bbqch\proj\microbians\piranha\data\Piranha.Data.EF\Repositories\AliasRepository.cs:line 83
   at Piranha.Services.AliasService.SaveAsync(Alias model) in C:\Users\bbqch\proj\microbians\piranha\core\Piranha\Services\Internal\AliasService.cs:line 180
   at Piranha.Tests.Services.AliasTests.InitializeAsync() in C:\Users\bbqch\proj\microbians\piranha\test\Piranha.Tests\Services\AliasTests.cs:line 67
----- Inner Stack Trace -----
   at Raven.Client.Documents.Linq.LinqPathProvider.GetPath(Expression expression, Boolean isFilterActive)
   at Raven.Client.Documents.Linq.RavenQueryProviderProcessor`1.GetMemberDirect(Expression expression)
   at Raven.Client.Documents.Linq.RavenQueryProviderProcessor`1.VisitEquals(BinaryExpression expression)
   at Raven.Client.Documents.Linq.RavenQueryProviderProcessor`1.VisitBinaryExpression(BinaryExpression expression)
   at Raven.Client.Documents.Linq.RavenQueryProviderProcessor`1.VisitAndAlso(BinaryExpression andAlso)
   at Raven.Client.Documents.Linq.RavenQueryProviderProcessor`1.VisitBinaryExpression(BinaryExpression expression)
   at Raven.Client.Documents.Linq.RavenQueryProviderProcessor`1.VisitQueryableMethodCall(MethodCallExpression expression)
   at Raven.Client.Documents.Linq.RavenQueryProviderProcessor`1.VisitMethodCall(MethodCallExpression expression)
   at Raven.Client.Documents.Linq.RavenQueryProviderProcessor`1.VisitQueryableMethodCall(MethodCallExpression expression)
   at Raven.Client.Documents.Linq.RavenQueryProviderProcessor`1.VisitMethodCall(MethodCallExpression expression)
   at Raven.Client.Documents.Linq.RavenQueryProviderProcessor`1.GetAsyncDocumentQueryFor(Expression expression, Action`1 customization)
  Failed Piranha.Tests.Services.AliasTests.FixRedirectUrl [1 ms]
  Error Message:
   System.NotSupportedException : Could not understand expression: from 'Aliases'.Where(a => ((a.SiteId == value(Piranha.Repositories.AliasRepository+<>c__DisplayClass4_0).siteId) AndAlso (a.AliasUrl.ToLower() == value(Piranha.Repositories.AliasRepository+<>c__DisplayClass4_0).url.ToLower()))).Select(a => new Alias() {Id = a.Id, SiteId = a.SiteId, AliasUrl = a.AliasUrl, RedirectUrl = a.RedirectUrl, Type = a.Type, Created = a.Created, LastModified = a.LastModified})
---- System.NotSupportedException : Cannot understand how to translate method 'ToLower' of 'System.String' type. a.AliasUrl.ToLower()
  Stack Trace:
     at Raven.Client.Documents.Linq.RavenQueryProviderProcessor`1.GetAsyncDocumentQueryFor(Expression expression, Action`1 customization)
   at Raven.Client.Documents.Linq.RavenQueryProvider`1.ToAsyncDocumentQuery[TResult](Expression expression)
   at Raven.Client.Documents.LinqExtensions.FirstOrDefaultAsync[TSource](IQueryable`1 source, CancellationToken token)
   at Piranha.Repositories.AliasRepository.GetByAliasUrl(String url, String siteId) in C:\Users\bbqch\proj\microbians\piranha\data\Piranha.Data.EF\Repositories\AliasRepository.cs:line 83
   at Piranha.Services.AliasService.SaveAsync(Alias model) in C:\Users\bbqch\proj\microbians\piranha\core\Piranha\Services\Internal\AliasService.cs:line 180
   at Piranha.Tests.Services.AliasTests.InitializeAsync() in C:\Users\bbqch\proj\microbians\piranha\test\Piranha.Tests\Services\AliasTests.cs:line 67
----- Inner Stack Trace -----
   at Raven.Client.Documents.Linq.LinqPathProvider.GetPath(Expression expression, Boolean isFilterActive)
   at Raven.Client.Documents.Linq.RavenQueryProviderProcessor`1.GetMemberDirect(Expression expression)
   at Raven.Client.Documents.Linq.RavenQueryProviderProcessor`1.VisitEquals(BinaryExpression expression)
   at Raven.Client.Documents.Linq.RavenQueryProviderProcessor`1.VisitBinaryExpression(BinaryExpression expression)
   at Raven.Client.Documents.Linq.RavenQueryProviderProcessor`1.VisitAndAlso(BinaryExpression andAlso)
   at Raven.Client.Documents.Linq.RavenQueryProviderProcessor`1.VisitBinaryExpression(BinaryExpression expression)
   at Raven.Client.Documents.Linq.RavenQueryProviderProcessor`1.VisitQueryableMethodCall(MethodCallExpression expression)
   at Raven.Client.Documents.Linq.RavenQueryProviderProcessor`1.VisitMethodCall(MethodCallExpression expression)
   at Raven.Client.Documents.Linq.RavenQueryProviderProcessor`1.VisitQueryableMethodCall(MethodCallExpression expression)
   at Raven.Client.Documents.Linq.RavenQueryProviderProcessor`1.VisitMethodCall(MethodCallExpression expression)
   at Raven.Client.Documents.Linq.RavenQueryProviderProcessor`1.GetAsyncDocumentQueryFor(Expression expression, Action`1 customization)
  Failed Piranha.Tests.Services.AliasTests.IsCached [1 ms]
  Error Message:
   System.NotSupportedException : Could not understand expression: from 'Aliases'.Where(a => ((a.SiteId == value(Piranha.Repositories.AliasRepository+<>c__DisplayClass4_0).siteId) AndAlso (a.AliasUrl.ToLower() == value(Piranha.Repositories.AliasRepository+<>c__DisplayClass4_0).url.ToLower()))).Select(a => new Alias() {Id = a.Id, SiteId = a.SiteId, AliasUrl = a.AliasUrl, RedirectUrl = a.RedirectUrl, Type = a.Type, Created = a.Created, LastModified = a.LastModified})
---- System.NotSupportedException : Cannot understand how to translate method 'ToLower' of 'System.String' type. a.AliasUrl.ToLower()
  Stack Trace:
     at Raven.Client.Documents.Linq.RavenQueryProviderProcessor`1.GetAsyncDocumentQueryFor(Expression expression, Action`1 customization)
   at Raven.Client.Documents.Linq.RavenQueryProvider`1.ToAsyncDocumentQuery[TResult](Expression expression)
   at Raven.Client.Documents.LinqExtensions.FirstOrDefaultAsync[TSource](IQueryable`1 source, CancellationToken token)
   at Piranha.Repositories.AliasRepository.GetByAliasUrl(String url, String siteId) in C:\Users\bbqch\proj\microbians\piranha\data\Piranha.Data.EF\Repositories\AliasRepository.cs:line 83
   at Piranha.Services.AliasService.SaveAsync(Alias model) in C:\Users\bbqch\proj\microbians\piranha\core\Piranha\Services\Internal\AliasService.cs:line 180
   at Piranha.Tests.Services.AliasTests.InitializeAsync() in C:\Users\bbqch\proj\microbians\piranha\test\Piranha.Tests\Services\AliasTests.cs:line 67
----- Inner Stack Trace -----
   at Raven.Client.Documents.Linq.LinqPathProvider.GetPath(Expression expression, Boolean isFilterActive)
   at Raven.Client.Documents.Linq.RavenQueryProviderProcessor`1.GetMemberDirect(Expression expression)
   at Raven.Client.Documents.Linq.RavenQueryProviderProcessor`1.VisitEquals(BinaryExpression expression)
   at Raven.Client.Documents.Linq.RavenQueryProviderProcessor`1.VisitBinaryExpression(BinaryExpression expression)
   at Raven.Client.Documents.Linq.RavenQueryProviderProcessor`1.VisitAndAlso(BinaryExpression andAlso)
   at Raven.Client.Documents.Linq.RavenQueryProviderProcessor`1.VisitBinaryExpression(BinaryExpression expression)
   at Raven.Client.Documents.Linq.RavenQueryProviderProcessor`1.VisitQueryableMethodCall(MethodCallExpression expression)
   at Raven.Client.Documents.Linq.RavenQueryProviderProcessor`1.VisitMethodCall(MethodCallExpression expression)
   at Raven.Client.Documents.Linq.RavenQueryProviderProcessor`1.VisitQueryableMethodCall(MethodCallExpression expression)
   at Raven.Client.Documents.Linq.RavenQueryProviderProcessor`1.VisitMethodCall(MethodCallExpression expression)
   at Raven.Client.Documents.Linq.RavenQueryProviderProcessor`1.GetAsyncDocumentQueryFor(Expression expression, Action`1 customization)
  Failed Piranha.Tests.Services.AliasTests.AllowHttpsUrl [1 ms]
  Error Message:
   System.NotSupportedException : Could not understand expression: from 'Aliases'.Where(a => ((a.SiteId == value(Piranha.Repositories.AliasRepository+<>c__DisplayClass4_0).siteId) AndAlso (a.AliasUrl.ToLower() == value(Piranha.Repositories.AliasRepository+<>c__DisplayClass4_0).url.ToLower()))).Select(a => new Alias() {Id = a.Id, SiteId = a.SiteId, AliasUrl = a.AliasUrl, RedirectUrl = a.RedirectUrl, Type = a.Type, Created = a.Created, LastModified = a.LastModified})
---- System.NotSupportedException : Cannot understand how to translate method 'ToLower' of 'System.String' type. a.AliasUrl.ToLower()
  Stack Trace:
     at Raven.Client.Documents.Linq.RavenQueryProviderProcessor`1.GetAsyncDocumentQueryFor(Expression expression, Action`1 customization)
   at Raven.Client.Documents.Linq.RavenQueryProvider`1.ToAsyncDocumentQuery[TResult](Expression expression)
   at Raven.Client.Documents.LinqExtensions.FirstOrDefaultAsync[TSource](IQueryable`1 source, CancellationToken token)
   at Piranha.Repositories.AliasRepository.GetByAliasUrl(String url, String siteId) in C:\Users\bbqch\proj\microbians\piranha\data\Piranha.Data.EF\Repositories\AliasRepository.cs:line 83
   at Piranha.Services.AliasService.SaveAsync(Alias model) in C:\Users\bbqch\proj\microbians\piranha\core\Piranha\Services\Internal\AliasService.cs:line 180
   at Piranha.Tests.Services.AliasTests.InitializeAsync() in C:\Users\bbqch\proj\microbians\piranha\test\Piranha.Tests\Services\AliasTests.cs:line 67
----- Inner Stack Trace -----
   at Raven.Client.Documents.Linq.LinqPathProvider.GetPath(Expression expression, Boolean isFilterActive)
   at Raven.Client.Documents.Linq.RavenQueryProviderProcessor`1.GetMemberDirect(Expression expression)
   at Raven.Client.Documents.Linq.RavenQueryProviderProcessor`1.VisitEquals(BinaryExpression expression)
   at Raven.Client.Documents.Linq.RavenQueryProviderProcessor`1.VisitBinaryExpression(BinaryExpression expression)
   at Raven.Client.Documents.Linq.RavenQueryProviderProcessor`1.VisitAndAlso(BinaryExpression andAlso)
   at Raven.Client.Documents.Linq.RavenQueryProviderProcessor`1.VisitBinaryExpression(BinaryExpression expression)
   at Raven.Client.Documents.Linq.RavenQueryProviderProcessor`1.VisitQueryableMethodCall(MethodCallExpression expression)
   at Raven.Client.Documents.Linq.RavenQueryProviderProcessor`1.VisitMethodCall(MethodCallExpression expression)
   at Raven.Client.Documents.Linq.RavenQueryProviderProcessor`1.VisitQueryableMethodCall(MethodCallExpression expression)
   at Raven.Client.Documents.Linq.RavenQueryProviderProcessor`1.VisitMethodCall(MethodCallExpression expression)
   at Raven.Client.Documents.Linq.RavenQueryProviderProcessor`1.GetAsyncDocumentQueryFor(Expression expression, Action`1 customization)
  Failed Piranha.Tests.Services.AliasTests.GetByRedirectUrl [1 ms]
  Error Message:
   System.NotSupportedException : Could not understand expression: from 'Aliases'.Where(a => ((a.SiteId == value(Piranha.Repositories.AliasRepository+<>c__DisplayClass4_0).siteId) AndAlso (a.AliasUrl.ToLower() == value(Piranha.Repositories.AliasRepository+<>c__DisplayClass4_0).url.ToLower()))).Select(a => new Alias() {Id = a.Id, SiteId = a.SiteId, AliasUrl = a.AliasUrl, RedirectUrl = a.RedirectUrl, Type = a.Type, Created = a.Created, LastModified = a.LastModified})
---- System.NotSupportedException : Cannot understand how to translate method 'ToLower' of 'System.String' type. a.AliasUrl.ToLower()
  Stack Trace:
     at Raven.Client.Documents.Linq.RavenQueryProviderProcessor`1.GetAsyncDocumentQueryFor(Expression expression, Action`1 customization)
   at Raven.Client.Documents.Linq.RavenQueryProvider`1.ToAsyncDocumentQuery[TResult](Expression expression)
   at Raven.Client.Documents.LinqExtensions.FirstOrDefaultAsync[TSource](IQueryable`1 source, CancellationToken token)
   at Piranha.Repositories.AliasRepository.GetByAliasUrl(String url, String siteId) in C:\Users\bbqch\proj\microbians\piranha\data\Piranha.Data.EF\Repositories\AliasRepository.cs:line 83
   at Piranha.Services.AliasService.SaveAsync(Alias model) in C:\Users\bbqch\proj\microbians\piranha\core\Piranha\Services\Internal\AliasService.cs:line 180
   at Piranha.Tests.Services.AliasTests.InitializeAsync() in C:\Users\bbqch\proj\microbians\piranha\test\Piranha.Tests\Services\AliasTests.cs:line 67
----- Inner Stack Trace -----
   at Raven.Client.Documents.Linq.LinqPathProvider.GetPath(Expression expression, Boolean isFilterActive)
   at Raven.Client.Documents.Linq.RavenQueryProviderProcessor`1.GetMemberDirect(Expression expression)
   at Raven.Client.Documents.Linq.RavenQueryProviderProcessor`1.VisitEquals(BinaryExpression expression)
   at Raven.Client.Documents.Linq.RavenQueryProviderProcessor`1.VisitBinaryExpression(BinaryExpression expression)
   at Raven.Client.Documents.Linq.RavenQueryProviderProcessor`1.VisitAndAlso(BinaryExpression andAlso)
   at Raven.Client.Documents.Linq.RavenQueryProviderProcessor`1.VisitBinaryExpression(BinaryExpression expression)
   at Raven.Client.Documents.Linq.RavenQueryProviderProcessor`1.VisitQueryableMethodCall(MethodCallExpression expression)
   at Raven.Client.Documents.Linq.RavenQueryProviderProcessor`1.VisitMethodCall(MethodCallExpression expression)
   at Raven.Client.Documents.Linq.RavenQueryProviderProcessor`1.VisitQueryableMethodCall(MethodCallExpression expression)
   at Raven.Client.Documents.Linq.RavenQueryProviderProcessor`1.VisitMethodCall(MethodCallExpression expression)
   at Raven.Client.Documents.Linq.RavenQueryProviderProcessor`1.GetAsyncDocumentQueryFor(Expression expression, Action`1 customization)
  Failed Piranha.Tests.Services.AliasTests.GetByRedirectUrlWithDifferentCase [1 ms]
  Error Message:
   System.NotSupportedException : Could not understand expression: from 'Aliases'.Where(a => ((a.SiteId == value(Piranha.Repositories.AliasRepository+<>c__DisplayClass4_0).siteId) AndAlso (a.AliasUrl.ToLower() == value(Piranha.Repositories.AliasRepository+<>c__DisplayClass4_0).url.ToLower()))).Select(a => new Alias() {Id = a.Id, SiteId = a.SiteId, AliasUrl = a.AliasUrl, RedirectUrl = a.RedirectUrl, Type = a.Type, Created = a.Created, LastModified = a.LastModified})
---- System.NotSupportedException : Cannot understand how to translate method 'ToLower' of 'System.String' type. a.AliasUrl.ToLower()
  Stack Trace:
     at Raven.Client.Documents.Linq.RavenQueryProviderProcessor`1.GetAsyncDocumentQueryFor(Expression expression, Action`1 customization)
   at Raven.Client.Documents.Linq.RavenQueryProvider`1.ToAsyncDocumentQuery[TResult](Expression expression)
   at Raven.Client.Documents.LinqExtensions.FirstOrDefaultAsync[TSource](IQueryable`1 source, CancellationToken token)
   at Piranha.Repositories.AliasRepository.GetByAliasUrl(String url, String siteId) in C:\Users\bbqch\proj\microbians\piranha\data\Piranha.Data.EF\Repositories\AliasRepository.cs:line 83
   at Piranha.Services.AliasService.SaveAsync(Alias model) in C:\Users\bbqch\proj\microbians\piranha\core\Piranha\Services\Internal\AliasService.cs:line 180
   at Piranha.Tests.Services.AliasTests.InitializeAsync() in C:\Users\bbqch\proj\microbians\piranha\test\Piranha.Tests\Services\AliasTests.cs:line 67
----- Inner Stack Trace -----
   at Raven.Client.Documents.Linq.LinqPathProvider.GetPath(Expression expression, Boolean isFilterActive)
   at Raven.Client.Documents.Linq.RavenQueryProviderProcessor`1.GetMemberDirect(Expression expression)
   at Raven.Client.Documents.Linq.RavenQueryProviderProcessor`1.VisitEquals(BinaryExpression expression)
   at Raven.Client.Documents.Linq.RavenQueryProviderProcessor`1.VisitBinaryExpression(BinaryExpression expression)
   at Raven.Client.Documents.Linq.RavenQueryProviderProcessor`1.VisitAndAlso(BinaryExpression andAlso)
   at Raven.Client.Documents.Linq.RavenQueryProviderProcessor`1.VisitBinaryExpression(BinaryExpression expression)
   at Raven.Client.Documents.Linq.RavenQueryProviderProcessor`1.VisitQueryableMethodCall(MethodCallExpression expression)
   at Raven.Client.Documents.Linq.RavenQueryProviderProcessor`1.VisitMethodCall(MethodCallExpression expression)
   at Raven.Client.Documents.Linq.RavenQueryProviderProcessor`1.VisitQueryableMethodCall(MethodCallExpression expression)
   at Raven.Client.Documents.Linq.RavenQueryProviderProcessor`1.VisitMethodCall(MethodCallExpression expression)
   at Raven.Client.Documents.Linq.RavenQueryProviderProcessor`1.GetAsyncDocumentQueryFor(Expression expression, Action`1 customization)
  Failed Piranha.Tests.Services.AliasTests.Add [1 ms]
  Error Message:
   System.NotSupportedException : Could not understand expression: from 'Aliases'.Where(a => ((a.SiteId == value(Piranha.Repositories.AliasRepository+<>c__DisplayClass4_0).siteId) AndAlso (a.AliasUrl.ToLower() == value(Piranha.Repositories.AliasRepository+<>c__DisplayClass4_0).url.ToLower()))).Select(a => new Alias() {Id = a.Id, SiteId = a.SiteId, AliasUrl = a.AliasUrl, RedirectUrl = a.RedirectUrl, Type = a.Type, Created = a.Created, LastModified = a.LastModified})
---- System.NotSupportedException : Cannot understand how to translate method 'ToLower' of 'System.String' type. a.AliasUrl.ToLower()
  Stack Trace:
     at Raven.Client.Documents.Linq.RavenQueryProviderProcessor`1.GetAsyncDocumentQueryFor(Expression expression, Action`1 customization)
   at Raven.Client.Documents.Linq.RavenQueryProvider`1.ToAsyncDocumentQuery[TResult](Expression expression)
   at Raven.Client.Documents.LinqExtensions.FirstOrDefaultAsync[TSource](IQueryable`1 source, CancellationToken token)
   at Piranha.Repositories.AliasRepository.GetByAliasUrl(String url, String siteId) in C:\Users\bbqch\proj\microbians\piranha\data\Piranha.Data.EF\Repositories\AliasRepository.cs:line 83
   at Piranha.Services.AliasService.SaveAsync(Alias model) in C:\Users\bbqch\proj\microbians\piranha\core\Piranha\Services\Internal\AliasService.cs:line 180
   at Piranha.Tests.Services.AliasTests.InitializeAsync() in C:\Users\bbqch\proj\microbians\piranha\test\Piranha.Tests\Services\AliasTests.cs:line 67
----- Inner Stack Trace -----
   at Raven.Client.Documents.Linq.LinqPathProvider.GetPath(Expression expression, Boolean isFilterActive)
   at Raven.Client.Documents.Linq.RavenQueryProviderProcessor`1.GetMemberDirect(Expression expression)
   at Raven.Client.Documents.Linq.RavenQueryProviderProcessor`1.VisitEquals(BinaryExpression expression)
   at Raven.Client.Documents.Linq.RavenQueryProviderProcessor`1.VisitBinaryExpression(BinaryExpression expression)
   at Raven.Client.Documents.Linq.RavenQueryProviderProcessor`1.VisitAndAlso(BinaryExpression andAlso)
   at Raven.Client.Documents.Linq.RavenQueryProviderProcessor`1.VisitBinaryExpression(BinaryExpression expression)
   at Raven.Client.Documents.Linq.RavenQueryProviderProcessor`1.VisitQueryableMethodCall(MethodCallExpression expression)
   at Raven.Client.Documents.Linq.RavenQueryProviderProcessor`1.VisitMethodCall(MethodCallExpression expression)
   at Raven.Client.Documents.Linq.RavenQueryProviderProcessor`1.VisitQueryableMethodCall(MethodCallExpression expression)
   at Raven.Client.Documents.Linq.RavenQueryProviderProcessor`1.VisitMethodCall(MethodCallExpression expression)
   at Raven.Client.Documents.Linq.RavenQueryProviderProcessor`1.GetAsyncDocumentQueryFor(Expression expression, Action`1 customization)
  Failed Piranha.Tests.Services.AliasTests.GetByAliasUrlWithDifferentCase [1 ms]
  Error Message:
   System.NotSupportedException : Could not understand expression: from 'Aliases'.Where(a => ((a.SiteId == value(Piranha.Repositories.AliasRepository+<>c__DisplayClass4_0).siteId) AndAlso (a.AliasUrl.ToLower() == value(Piranha.Repositories.AliasRepository+<>c__DisplayClass4_0).url.ToLower()))).Select(a => new Alias() {Id = a.Id, SiteId = a.SiteId, AliasUrl = a.AliasUrl, RedirectUrl = a.RedirectUrl, Type = a.Type, Created = a.Created, LastModified = a.LastModified})
---- System.NotSupportedException : Cannot understand how to translate method 'ToLower' of 'System.String' type. a.AliasUrl.ToLower()
  Stack Trace:
     at Raven.Client.Documents.Linq.RavenQueryProviderProcessor`1.GetAsyncDocumentQueryFor(Expression expression, Action`1 customization)
   at Raven.Client.Documents.Linq.RavenQueryProvider`1.ToAsyncDocumentQuery[TResult](Expression expression)
   at Raven.Client.Documents.LinqExtensions.FirstOrDefaultAsync[TSource](IQueryable`1 source, CancellationToken token)
   at Piranha.Repositories.AliasRepository.GetByAliasUrl(String url, String siteId) in C:\Users\bbqch\proj\microbians\piranha\data\Piranha.Data.EF\Repositories\AliasRepository.cs:line 83
   at Piranha.Services.AliasService.SaveAsync(Alias model) in C:\Users\bbqch\proj\microbians\piranha\core\Piranha\Services\Internal\AliasService.cs:line 180
   at Piranha.Tests.Services.AliasTests.InitializeAsync() in C:\Users\bbqch\proj\microbians\piranha\test\Piranha.Tests\Services\AliasTests.cs:line 67
----- Inner Stack Trace -----
   at Raven.Client.Documents.Linq.LinqPathProvider.GetPath(Expression expression, Boolean isFilterActive)
   at Raven.Client.Documents.Linq.RavenQueryProviderProcessor`1.GetMemberDirect(Expression expression)
   at Raven.Client.Documents.Linq.RavenQueryProviderProcessor`1.VisitEquals(BinaryExpression expression)
   at Raven.Client.Documents.Linq.RavenQueryProviderProcessor`1.VisitBinaryExpression(BinaryExpression expression)
   at Raven.Client.Documents.Linq.RavenQueryProviderProcessor`1.VisitAndAlso(BinaryExpression andAlso)
   at Raven.Client.Documents.Linq.RavenQueryProviderProcessor`1.VisitBinaryExpression(BinaryExpression expression)
   at Raven.Client.Documents.Linq.RavenQueryProviderProcessor`1.VisitQueryableMethodCall(MethodCallExpression expression)
   at Raven.Client.Documents.Linq.RavenQueryProviderProcessor`1.VisitMethodCall(MethodCallExpression expression)
   at Raven.Client.Documents.Linq.RavenQueryProviderProcessor`1.VisitQueryableMethodCall(MethodCallExpression expression)
   at Raven.Client.Documents.Linq.RavenQueryProviderProcessor`1.VisitMethodCall(MethodCallExpression expression)
   at Raven.Client.Documents.Linq.RavenQueryProviderProcessor`1.GetAsyncDocumentQueryFor(Expression expression, Action`1 customization)
  Failed Piranha.Tests.Services.AliasTests.GetAll [1 ms]
  Error Message:
   System.NotSupportedException : Could not understand expression: from 'Aliases'.Where(a => ((a.SiteId == value(Piranha.Repositories.AliasRepository+<>c__DisplayClass4_0).siteId) AndAlso (a.AliasUrl.ToLower() == value(Piranha.Repositories.AliasRepository+<>c__DisplayClass4_0).url.ToLower()))).Select(a => new Alias() {Id = a.Id, SiteId = a.SiteId, AliasUrl = a.AliasUrl, RedirectUrl = a.RedirectUrl, Type = a.Type, Created = a.Created, LastModified = a.LastModified})
---- System.NotSupportedException : Cannot understand how to translate method 'ToLower' of 'System.String' type. a.AliasUrl.ToLower()
  Stack Trace:
     at Raven.Client.Documents.Linq.RavenQueryProviderProcessor`1.GetAsyncDocumentQueryFor(Expression expression, Action`1 customization)
   at Raven.Client.Documents.Linq.RavenQueryProvider`1.ToAsyncDocumentQuery[TResult](Expression expression)
   at Raven.Client.Documents.LinqExtensions.FirstOrDefaultAsync[TSource](IQueryable`1 source, CancellationToken token)
   at Piranha.Repositories.AliasRepository.GetByAliasUrl(String url, String siteId) in C:\Users\bbqch\proj\microbians\piranha\data\Piranha.Data.EF\Repositories\AliasRepository.cs:line 83
   at Piranha.Services.AliasService.SaveAsync(Alias model) in C:\Users\bbqch\proj\microbians\piranha\core\Piranha\Services\Internal\AliasService.cs:line 180
   at Piranha.Tests.Services.AliasTests.InitializeAsync() in C:\Users\bbqch\proj\microbians\piranha\test\Piranha.Tests\Services\AliasTests.cs:line 67
----- Inner Stack Trace -----
   at Raven.Client.Documents.Linq.LinqPathProvider.GetPath(Expression expression, Boolean isFilterActive)
   at Raven.Client.Documents.Linq.RavenQueryProviderProcessor`1.GetMemberDirect(Expression expression)
   at Raven.Client.Documents.Linq.RavenQueryProviderProcessor`1.VisitEquals(BinaryExpression expression)
   at Raven.Client.Documents.Linq.RavenQueryProviderProcessor`1.VisitBinaryExpression(BinaryExpression expression)
   at Raven.Client.Documents.Linq.RavenQueryProviderProcessor`1.VisitAndAlso(BinaryExpression andAlso)
   at Raven.Client.Documents.Linq.RavenQueryProviderProcessor`1.VisitBinaryExpression(BinaryExpression expression)
   at Raven.Client.Documents.Linq.RavenQueryProviderProcessor`1.VisitQueryableMethodCall(MethodCallExpression expression)
   at Raven.Client.Documents.Linq.RavenQueryProviderProcessor`1.VisitMethodCall(MethodCallExpression expression)
   at Raven.Client.Documents.Linq.RavenQueryProviderProcessor`1.VisitQueryableMethodCall(MethodCallExpression expression)
   at Raven.Client.Documents.Linq.RavenQueryProviderProcessor`1.VisitMethodCall(MethodCallExpression expression)
   at Raven.Client.Documents.Linq.RavenQueryProviderProcessor`1.GetAsyncDocumentQueryFor(Expression expression, Action`1 customization)
  Failed Piranha.Tests.Services.CommentTestsMemoryCache.AddPageCommentAutoUnApprove [1 ms]
  Error Message:
   System.NullReferenceException : Object reference not set to an instance of an object.
  Stack Trace:
     at Piranha.Repositories.SiteRepository.GetById(String id) in C:\Users\bbqch\proj\microbians\piranha\data\Piranha.Data.EF\Repositories\SiteRepository.cs:line 97
   at Piranha.Services.SiteService.GetByIdAsync(String id) in C:\Users\bbqch\proj\microbians\piranha\core\Piranha\Services\Internal\SiteService.cs:line 85
   at Piranha.Services.SiteService.InvalidateSitemapAsync(String id, Boolean updateLastModified) in C:\Users\bbqch\proj\microbians\piranha\core\Piranha\Services\Internal\SiteService.cs:line 434
   at Piranha.Services.PageService.SaveAsync[T](T model, Boolean isDraft) in C:\Users\bbqch\proj\microbians\piranha\core\Piranha\Services\Internal\PageService.cs:line 763
   at Piranha.Tests.Services.CommentTests.InitializeAsync() in C:\Users\bbqch\proj\microbians\piranha\test\Piranha.Tests\Services\CommentTests.cs:line 86
   at Piranha.Tests.Services.CommentTestsMemoryCache.InitializeAsync() in C:\Users\bbqch\proj\microbians\piranha\test\Piranha.Tests\Services\CommentTests.cs:line 25
  Failed Piranha.Tests.Services.CommentTestsMemoryCache.AddPageCommentNoAuthor [1 ms]
  Error Message:
   System.NullReferenceException : Object reference not set to an instance of an object.
  Stack Trace:
     at Piranha.Repositories.SiteRepository.GetById(String id) in C:\Users\bbqch\proj\microbians\piranha\data\Piranha.Data.EF\Repositories\SiteRepository.cs:line 97
   at Piranha.Services.SiteService.GetByIdAsync(String id) in C:\Users\bbqch\proj\microbians\piranha\core\Piranha\Services\Internal\SiteService.cs:line 85
   at Piranha.Services.SiteService.InvalidateSitemapAsync(String id, Boolean updateLastModified) in C:\Users\bbqch\proj\microbians\piranha\core\Piranha\Services\Internal\SiteService.cs:line 434
   at Piranha.Services.PageService.SaveAsync[T](T model, Boolean isDraft) in C:\Users\bbqch\proj\microbians\piranha\core\Piranha\Services\Internal\PageService.cs:line 763
   at Piranha.Tests.Services.CommentTests.InitializeAsync() in C:\Users\bbqch\proj\microbians\piranha\test\Piranha.Tests\Services\CommentTests.cs:line 86
   at Piranha.Tests.Services.CommentTestsMemoryCache.InitializeAsync() in C:\Users\bbqch\proj\microbians\piranha\test\Piranha.Tests\Services\CommentTests.cs:line 25
  Failed Piranha.Tests.Services.CommentTestsMemoryCache.AddPostCommentAutoUnApprove [1 ms]
  Error Message:
   System.NullReferenceException : Object reference not set to an instance of an object.
  Stack Trace:
     at Piranha.Repositories.SiteRepository.GetById(String id) in C:\Users\bbqch\proj\microbians\piranha\data\Piranha.Data.EF\Repositories\SiteRepository.cs:line 97
   at Piranha.Services.SiteService.GetByIdAsync(String id) in C:\Users\bbqch\proj\microbians\piranha\core\Piranha\Services\Internal\SiteService.cs:line 85
   at Piranha.Services.SiteService.InvalidateSitemapAsync(String id, Boolean updateLastModified) in C:\Users\bbqch\proj\microbians\piranha\core\Piranha\Services\Internal\SiteService.cs:line 434
   at Piranha.Services.PageService.SaveAsync[T](T model, Boolean isDraft) in C:\Users\bbqch\proj\microbians\piranha\core\Piranha\Services\Internal\PageService.cs:line 763
   at Piranha.Tests.Services.CommentTests.InitializeAsync() in C:\Users\bbqch\proj\microbians\piranha\test\Piranha.Tests\Services\CommentTests.cs:line 86
   at Piranha.Tests.Services.CommentTestsMemoryCache.InitializeAsync() in C:\Users\bbqch\proj\microbians\piranha\test\Piranha.Tests\Services\CommentTests.cs:line 25
  Failed Piranha.Tests.Services.CommentTestsMemoryCache.AddPageCommentNoEmail [1 ms]
  Error Message:
   System.NullReferenceException : Object reference not set to an instance of an object.
  Stack Trace:
     at Piranha.Repositories.SiteRepository.GetById(String id) in C:\Users\bbqch\proj\microbians\piranha\data\Piranha.Data.EF\Repositories\SiteRepository.cs:line 97
   at Piranha.Services.SiteService.GetByIdAsync(String id) in C:\Users\bbqch\proj\microbians\piranha\core\Piranha\Services\Internal\SiteService.cs:line 85
   at Piranha.Services.SiteService.InvalidateSitemapAsync(String id, Boolean updateLastModified) in C:\Users\bbqch\proj\microbians\piranha\core\Piranha\Services\Internal\SiteService.cs:line 434
   at Piranha.Services.PageService.SaveAsync[T](T model, Boolean isDraft) in C:\Users\bbqch\proj\microbians\piranha\core\Piranha\Services\Internal\PageService.cs:line 763
   at Piranha.Tests.Services.CommentTests.InitializeAsync() in C:\Users\bbqch\proj\microbians\piranha\test\Piranha.Tests\Services\CommentTests.cs:line 86
   at Piranha.Tests.Services.CommentTestsMemoryCache.InitializeAsync() in C:\Users\bbqch\proj\microbians\piranha\test\Piranha.Tests\Services\CommentTests.cs:line 25
  Failed Piranha.Tests.Services.CommentTestsMemoryCache.CheckPageCommentType [1 ms]
  Error Message:
   System.NullReferenceException : Object reference not set to an instance of an object.
  Stack Trace:
     at Piranha.Repositories.SiteRepository.GetById(String id) in C:\Users\bbqch\proj\microbians\piranha\data\Piranha.Data.EF\Repositories\SiteRepository.cs:line 97
   at Piranha.Services.SiteService.GetByIdAsync(String id) in C:\Users\bbqch\proj\microbians\piranha\core\Piranha\Services\Internal\SiteService.cs:line 85
   at Piranha.Services.SiteService.InvalidateSitemapAsync(String id, Boolean updateLastModified) in C:\Users\bbqch\proj\microbians\piranha\core\Piranha\Services\Internal\SiteService.cs:line 434
   at Piranha.Services.PageService.SaveAsync[T](T model, Boolean isDraft) in C:\Users\bbqch\proj\microbians\piranha\core\Piranha\Services\Internal\PageService.cs:line 763
   at Piranha.Tests.Services.CommentTests.InitializeAsync() in C:\Users\bbqch\proj\microbians\piranha\test\Piranha.Tests\Services\CommentTests.cs:line 86
   at Piranha.Tests.Services.CommentTestsMemoryCache.InitializeAsync() in C:\Users\bbqch\proj\microbians\piranha\test\Piranha.Tests\Services\CommentTests.cs:line 25
  Failed Piranha.Tests.Services.CommentTestsMemoryCache.CheckPostCommentType [1 ms]
  Error Message:
   System.NullReferenceException : Object reference not set to an instance of an object.
  Stack Trace:
     at Piranha.Repositories.SiteRepository.GetById(String id) in C:\Users\bbqch\proj\microbians\piranha\data\Piranha.Data.EF\Repositories\SiteRepository.cs:line 97
   at Piranha.Services.SiteService.GetByIdAsync(String id) in C:\Users\bbqch\proj\microbians\piranha\core\Piranha\Services\Internal\SiteService.cs:line 85
   at Piranha.Services.SiteService.InvalidateSitemapAsync(String id, Boolean updateLastModified) in C:\Users\bbqch\proj\microbians\piranha\core\Piranha\Services\Internal\SiteService.cs:line 434
   at Piranha.Services.PageService.SaveAsync[T](T model, Boolean isDraft) in C:\Users\bbqch\proj\microbians\piranha\core\Piranha\Services\Internal\PageService.cs:line 763
   at Piranha.Tests.Services.CommentTests.InitializeAsync() in C:\Users\bbqch\proj\microbians\piranha\test\Piranha.Tests\Services\CommentTests.cs:line 86
   at Piranha.Tests.Services.CommentTestsMemoryCache.InitializeAsync() in C:\Users\bbqch\proj\microbians\piranha\test\Piranha.Tests\Services\CommentTests.cs:line 25
  Failed Piranha.Tests.Services.CommentTestsMemoryCache.AddPostComment [1 ms]
  Error Message:
   System.NullReferenceException : Object reference not set to an instance of an object.
  Stack Trace:
     at Piranha.Repositories.SiteRepository.GetById(String id) in C:\Users\bbqch\proj\microbians\piranha\data\Piranha.Data.EF\Repositories\SiteRepository.cs:line 97
   at Piranha.Services.SiteService.GetByIdAsync(String id) in C:\Users\bbqch\proj\microbians\piranha\core\Piranha\Services\Internal\SiteService.cs:line 85
   at Piranha.Services.SiteService.InvalidateSitemapAsync(String id, Boolean updateLastModified) in C:\Users\bbqch\proj\microbians\piranha\core\Piranha\Services\Internal\SiteService.cs:line 434
   at Piranha.Services.PageService.SaveAsync[T](T model, Boolean isDraft) in C:\Users\bbqch\proj\microbians\piranha\core\Piranha\Services\Internal\PageService.cs:line 763
   at Piranha.Tests.Services.CommentTests.InitializeAsync() in C:\Users\bbqch\proj\microbians\piranha\test\Piranha.Tests\Services\CommentTests.cs:line 86
   at Piranha.Tests.Services.CommentTestsMemoryCache.InitializeAsync() in C:\Users\bbqch\proj\microbians\piranha\test\Piranha.Tests\Services\CommentTests.cs:line 25
  Failed Piranha.Tests.Services.CommentTestsMemoryCache.AddPostCommentBadEmail [1 ms]
  Error Message:
   System.NullReferenceException : Object reference not set to an instance of an object.
  Stack Trace:
     at Piranha.Repositories.SiteRepository.GetById(String id) in C:\Users\bbqch\proj\microbians\piranha\data\Piranha.Data.EF\Repositories\SiteRepository.cs:line 97
   at Piranha.Services.SiteService.GetByIdAsync(String id) in C:\Users\bbqch\proj\microbians\piranha\core\Piranha\Services\Internal\SiteService.cs:line 85
   at Piranha.Services.SiteService.InvalidateSitemapAsync(String id, Boolean updateLastModified) in C:\Users\bbqch\proj\microbians\piranha\core\Piranha\Services\Internal\SiteService.cs:line 434
   at Piranha.Services.PageService.SaveAsync[T](T model, Boolean isDraft) in C:\Users\bbqch\proj\microbians\piranha\core\Piranha\Services\Internal\PageService.cs:line 763
   at Piranha.Tests.Services.CommentTests.InitializeAsync() in C:\Users\bbqch\proj\microbians\piranha\test\Piranha.Tests\Services\CommentTests.cs:line 86
   at Piranha.Tests.Services.CommentTestsMemoryCache.InitializeAsync() in C:\Users\bbqch\proj\microbians\piranha\test\Piranha.Tests\Services\CommentTests.cs:line 25
  Failed Piranha.Tests.Services.CommentTestsMemoryCache.AddPostCommentAutoApprove [1 ms]
  Error Message:
   System.NullReferenceException : Object reference not set to an instance of an object.
  Stack Trace:
     at Piranha.Repositories.SiteRepository.GetById(String id) in C:\Users\bbqch\proj\microbians\piranha\data\Piranha.Data.EF\Repositories\SiteRepository.cs:line 97
   at Piranha.Services.SiteService.GetByIdAsync(String id) in C:\Users\bbqch\proj\microbians\piranha\core\Piranha\Services\Internal\SiteService.cs:line 85
   at Piranha.Services.SiteService.InvalidateSitemapAsync(String id, Boolean updateLastModified) in C:\Users\bbqch\proj\microbians\piranha\core\Piranha\Services\Internal\SiteService.cs:line 434
   at Piranha.Services.PageService.SaveAsync[T](T model, Boolean isDraft) in C:\Users\bbqch\proj\microbians\piranha\core\Piranha\Services\Internal\PageService.cs:line 763
   at Piranha.Tests.Services.CommentTests.InitializeAsync() in C:\Users\bbqch\proj\microbians\piranha\test\Piranha.Tests\Services\CommentTests.cs:line 86
   at Piranha.Tests.Services.CommentTestsMemoryCache.InitializeAsync() in C:\Users\bbqch\proj\microbians\piranha\test\Piranha.Tests\Services\CommentTests.cs:line 25
  Failed Piranha.Tests.Services.CommentTestsMemoryCache.AddPostCommentNoAuthor [1 ms]
  Error Message:
   System.NullReferenceException : Object reference not set to an instance of an object.
  Stack Trace:
     at Piranha.Repositories.SiteRepository.GetById(String id) in C:\Users\bbqch\proj\microbians\piranha\data\Piranha.Data.EF\Repositories\SiteRepository.cs:line 97
   at Piranha.Services.SiteService.GetByIdAsync(String id) in C:\Users\bbqch\proj\microbians\piranha\core\Piranha\Services\Internal\SiteService.cs:line 85
   at Piranha.Services.SiteService.InvalidateSitemapAsync(String id, Boolean updateLastModified) in C:\Users\bbqch\proj\microbians\piranha\core\Piranha\Services\Internal\SiteService.cs:line 434
   at Piranha.Services.PageService.SaveAsync[T](T model, Boolean isDraft) in C:\Users\bbqch\proj\microbians\piranha\core\Piranha\Services\Internal\PageService.cs:line 763
   at Piranha.Tests.Services.CommentTests.InitializeAsync() in C:\Users\bbqch\proj\microbians\piranha\test\Piranha.Tests\Services\CommentTests.cs:line 86
   at Piranha.Tests.Services.CommentTestsMemoryCache.InitializeAsync() in C:\Users\bbqch\proj\microbians\piranha\test\Piranha.Tests\Services\CommentTests.cs:line 25
  Failed Piranha.Tests.Services.CommentTestsMemoryCache.AddPageCommentAutoApprove [1 ms]
  Error Message:
   System.NullReferenceException : Object reference not set to an instance of an object.
  Stack Trace:
     at Piranha.Repositories.SiteRepository.GetById(String id) in C:\Users\bbqch\proj\microbians\piranha\data\Piranha.Data.EF\Repositories\SiteRepository.cs:line 97
   at Piranha.Services.SiteService.GetByIdAsync(String id) in C:\Users\bbqch\proj\microbians\piranha\core\Piranha\Services\Internal\SiteService.cs:line 85
   at Piranha.Services.SiteService.InvalidateSitemapAsync(String id, Boolean updateLastModified) in C:\Users\bbqch\proj\microbians\piranha\core\Piranha\Services\Internal\SiteService.cs:line 434
   at Piranha.Services.PageService.SaveAsync[T](T model, Boolean isDraft) in C:\Users\bbqch\proj\microbians\piranha\core\Piranha\Services\Internal\PageService.cs:line 763
   at Piranha.Tests.Services.CommentTests.InitializeAsync() in C:\Users\bbqch\proj\microbians\piranha\test\Piranha.Tests\Services\CommentTests.cs:line 86
   at Piranha.Tests.Services.CommentTestsMemoryCache.InitializeAsync() in C:\Users\bbqch\proj\microbians\piranha\test\Piranha.Tests\Services\CommentTests.cs:line 25
  Failed Piranha.Tests.Services.CommentTestsMemoryCache.AddPostCommentNoEmail [1 ms]
  Error Message:
   System.NullReferenceException : Object reference not set to an instance of an object.
  Stack Trace:
     at Piranha.Repositories.SiteRepository.GetById(String id) in C:\Users\bbqch\proj\microbians\piranha\data\Piranha.Data.EF\Repositories\SiteRepository.cs:line 97
   at Piranha.Services.SiteService.GetByIdAsync(String id) in C:\Users\bbqch\proj\microbians\piranha\core\Piranha\Services\Internal\SiteService.cs:line 85
   at Piranha.Services.SiteService.InvalidateSitemapAsync(String id, Boolean updateLastModified) in C:\Users\bbqch\proj\microbians\piranha\core\Piranha\Services\Internal\SiteService.cs:line 434
   at Piranha.Services.PageService.SaveAsync[T](T model, Boolean isDraft) in C:\Users\bbqch\proj\microbians\piranha\core\Piranha\Services\Internal\PageService.cs:line 763
   at Piranha.Tests.Services.CommentTests.InitializeAsync() in C:\Users\bbqch\proj\microbians\piranha\test\Piranha.Tests\Services\CommentTests.cs:line 86
   at Piranha.Tests.Services.CommentTestsMemoryCache.InitializeAsync() in C:\Users\bbqch\proj\microbians\piranha\test\Piranha.Tests\Services\CommentTests.cs:line 25
  Failed Piranha.Tests.Services.CommentTestsMemoryCache.AddPageCommentBadEmail [1 ms]
  Error Message:
   System.NullReferenceException : Object reference not set to an instance of an object.
  Stack Trace:
     at Piranha.Repositories.SiteRepository.GetById(String id) in C:\Users\bbqch\proj\microbians\piranha\data\Piranha.Data.EF\Repositories\SiteRepository.cs:line 97
   at Piranha.Services.SiteService.GetByIdAsync(String id) in C:\Users\bbqch\proj\microbians\piranha\core\Piranha\Services\Internal\SiteService.cs:line 85
   at Piranha.Services.SiteService.InvalidateSitemapAsync(String id, Boolean updateLastModified) in C:\Users\bbqch\proj\microbians\piranha\core\Piranha\Services\Internal\SiteService.cs:line 434
   at Piranha.Services.PageService.SaveAsync[T](T model, Boolean isDraft) in C:\Users\bbqch\proj\microbians\piranha\core\Piranha\Services\Internal\PageService.cs:line 763
   at Piranha.Tests.Services.CommentTests.InitializeAsync() in C:\Users\bbqch\proj\microbians\piranha\test\Piranha.Tests\Services\CommentTests.cs:line 86
   at Piranha.Tests.Services.CommentTestsMemoryCache.InitializeAsync() in C:\Users\bbqch\proj\microbians\piranha\test\Piranha.Tests\Services\CommentTests.cs:line 25
  Failed Piranha.Tests.Services.CommentTestsMemoryCache.AddPageComment [1 ms]
  Error Message:
   System.NullReferenceException : Object reference not set to an instance of an object.
  Stack Trace:
     at Piranha.Repositories.SiteRepository.GetById(String id) in C:\Users\bbqch\proj\microbians\piranha\data\Piranha.Data.EF\Repositories\SiteRepository.cs:line 97
   at Piranha.Services.SiteService.GetByIdAsync(String id) in C:\Users\bbqch\proj\microbians\piranha\core\Piranha\Services\Internal\SiteService.cs:line 85
   at Piranha.Services.SiteService.InvalidateSitemapAsync(String id, Boolean updateLastModified) in C:\Users\bbqch\proj\microbians\piranha\core\Piranha\Services\Internal\SiteService.cs:line 434
   at Piranha.Services.PageService.SaveAsync[T](T model, Boolean isDraft) in C:\Users\bbqch\proj\microbians\piranha\core\Piranha\Services\Internal\PageService.cs:line 763
   at Piranha.Tests.Services.CommentTests.InitializeAsync() in C:\Users\bbqch\proj\microbians\piranha\test\Piranha.Tests\Services\CommentTests.cs:line 86
   at Piranha.Tests.Services.CommentTestsMemoryCache.InitializeAsync() in C:\Users\bbqch\proj\microbians\piranha\test\Piranha.Tests\Services\CommentTests.cs:line 25
  Failed Piranha.Tests.Services.CommentTestsMemoryCache.IsCached [1 ms]
  Error Message:
   System.NullReferenceException : Object reference not set to an instance of an object.
  Stack Trace:
     at Piranha.Repositories.SiteRepository.GetById(String id) in C:\Users\bbqch\proj\microbians\piranha\data\Piranha.Data.EF\Repositories\SiteRepository.cs:line 97
   at Piranha.Services.SiteService.GetByIdAsync(String id) in C:\Users\bbqch\proj\microbians\piranha\core\Piranha\Services\Internal\SiteService.cs:line 85
   at Piranha.Services.SiteService.InvalidateSitemapAsync(String id, Boolean updateLastModified) in C:\Users\bbqch\proj\microbians\piranha\core\Piranha\Services\Internal\SiteService.cs:line 434
   at Piranha.Services.PageService.SaveAsync[T](T model, Boolean isDraft) in C:\Users\bbqch\proj\microbians\piranha\core\Piranha\Services\Internal\PageService.cs:line 763
   at Piranha.Tests.Services.CommentTests.InitializeAsync() in C:\Users\bbqch\proj\microbians\piranha\test\Piranha.Tests\Services\CommentTests.cs:line 86
   at Piranha.Tests.Services.CommentTestsMemoryCache.InitializeAsync() in C:\Users\bbqch\proj\microbians\piranha\test\Piranha.Tests\Services\CommentTests.cs:line 25
  Failed Piranha.Tests.Services.CommentTestsDistributedCache.AddPostCommentNoEmail [1 ms]
  Error Message:
   System.NullReferenceException : Object reference not set to an instance of an object.
  Stack Trace:
     at Piranha.Repositories.SiteRepository.GetById(String id) in C:\Users\bbqch\proj\microbians\piranha\data\Piranha.Data.EF\Repositories\SiteRepository.cs:line 97
   at Piranha.Services.SiteService.GetByIdAsync(String id) in C:\Users\bbqch\proj\microbians\piranha\core\Piranha\Services\Internal\SiteService.cs:line 85
   at Piranha.Services.SiteService.InvalidateSitemapAsync(String id, Boolean updateLastModified) in C:\Users\bbqch\proj\microbians\piranha\core\Piranha\Services\Internal\SiteService.cs:line 434
   at Piranha.Services.PageService.SaveAsync[T](T model, Boolean isDraft) in C:\Users\bbqch\proj\microbians\piranha\core\Piranha\Services\Internal\PageService.cs:line 763
   at Piranha.Tests.Services.CommentTests.InitializeAsync() in C:\Users\bbqch\proj\microbians\piranha\test\Piranha.Tests\Services\CommentTests.cs:line 86
   at Piranha.Tests.Services.CommentTestsDistributedCache.InitializeAsync() in C:\Users\bbqch\proj\microbians\piranha\test\Piranha.Tests\Services\CommentTests.cs:line 35
  Failed Piranha.Tests.Services.CommentTestsDistributedCache.AddPageCommentNoEmail [1 ms]
  Error Message:
   System.NullReferenceException : Object reference not set to an instance of an object.
  Stack Trace:
     at Piranha.Repositories.SiteRepository.GetById(String id) in C:\Users\bbqch\proj\microbians\piranha\data\Piranha.Data.EF\Repositories\SiteRepository.cs:line 97
   at Piranha.Services.SiteService.GetByIdAsync(String id) in C:\Users\bbqch\proj\microbians\piranha\core\Piranha\Services\Internal\SiteService.cs:line 85
   at Piranha.Services.SiteService.InvalidateSitemapAsync(String id, Boolean updateLastModified) in C:\Users\bbqch\proj\microbians\piranha\core\Piranha\Services\Internal\SiteService.cs:line 434
   at Piranha.Services.PageService.SaveAsync[T](T model, Boolean isDraft) in C:\Users\bbqch\proj\microbians\piranha\core\Piranha\Services\Internal\PageService.cs:line 763
   at Piranha.Tests.Services.CommentTests.InitializeAsync() in C:\Users\bbqch\proj\microbians\piranha\test\Piranha.Tests\Services\CommentTests.cs:line 86
   at Piranha.Tests.Services.CommentTestsDistributedCache.InitializeAsync() in C:\Users\bbqch\proj\microbians\piranha\test\Piranha.Tests\Services\CommentTests.cs:line 35
  Failed Piranha.Tests.Services.CommentTestsDistributedCache.AddPageCommentAutoUnApprove [1 ms]
  Error Message:
   System.NullReferenceException : Object reference not set to an instance of an object.
  Stack Trace:
     at Piranha.Repositories.SiteRepository.GetById(String id) in C:\Users\bbqch\proj\microbians\piranha\data\Piranha.Data.EF\Repositories\SiteRepository.cs:line 97
   at Piranha.Services.SiteService.GetByIdAsync(String id) in C:\Users\bbqch\proj\microbians\piranha\core\Piranha\Services\Internal\SiteService.cs:line 85
   at Piranha.Services.SiteService.InvalidateSitemapAsync(String id, Boolean updateLastModified) in C:\Users\bbqch\proj\microbians\piranha\core\Piranha\Services\Internal\SiteService.cs:line 434
   at Piranha.Services.PageService.SaveAsync[T](T model, Boolean isDraft) in C:\Users\bbqch\proj\microbians\piranha\core\Piranha\Services\Internal\PageService.cs:line 763
   at Piranha.Tests.Services.CommentTests.InitializeAsync() in C:\Users\bbqch\proj\microbians\piranha\test\Piranha.Tests\Services\CommentTests.cs:line 86
   at Piranha.Tests.Services.CommentTestsDistributedCache.InitializeAsync() in C:\Users\bbqch\proj\microbians\piranha\test\Piranha.Tests\Services\CommentTests.cs:line 35
  Failed Piranha.Tests.Services.CommentTestsDistributedCache.AddPageCommentAutoApprove [1 ms]
  Error Message:
   System.NullReferenceException : Object reference not set to an instance of an object.
  Stack Trace:
     at Piranha.Repositories.SiteRepository.GetById(String id) in C:\Users\bbqch\proj\microbians\piranha\data\Piranha.Data.EF\Repositories\SiteRepository.cs:line 97
   at Piranha.Services.SiteService.GetByIdAsync(String id) in C:\Users\bbqch\proj\microbians\piranha\core\Piranha\Services\Internal\SiteService.cs:line 85
   at Piranha.Services.SiteService.InvalidateSitemapAsync(String id, Boolean updateLastModified) in C:\Users\bbqch\proj\microbians\piranha\core\Piranha\Services\Internal\SiteService.cs:line 434
   at Piranha.Services.PageService.SaveAsync[T](T model, Boolean isDraft) in C:\Users\bbqch\proj\microbians\piranha\core\Piranha\Services\Internal\PageService.cs:line 763
   at Piranha.Tests.Services.CommentTests.InitializeAsync() in C:\Users\bbqch\proj\microbians\piranha\test\Piranha.Tests\Services\CommentTests.cs:line 86
   at Piranha.Tests.Services.CommentTestsDistributedCache.InitializeAsync() in C:\Users\bbqch\proj\microbians\piranha\test\Piranha.Tests\Services\CommentTests.cs:line 35
  Failed Piranha.Tests.Services.CommentTestsDistributedCache.AddPageComment [1 ms]
  Error Message:
   System.NullReferenceException : Object reference not set to an instance of an object.
  Stack Trace:
     at Piranha.Repositories.SiteRepository.GetById(String id) in C:\Users\bbqch\proj\microbians\piranha\data\Piranha.Data.EF\Repositories\SiteRepository.cs:line 97
   at Piranha.Services.SiteService.GetByIdAsync(String id) in C:\Users\bbqch\proj\microbians\piranha\core\Piranha\Services\Internal\SiteService.cs:line 85
   at Piranha.Services.SiteService.InvalidateSitemapAsync(String id, Boolean updateLastModified) in C:\Users\bbqch\proj\microbians\piranha\core\Piranha\Services\Internal\SiteService.cs:line 434
   at Piranha.Services.PageService.SaveAsync[T](T model, Boolean isDraft) in C:\Users\bbqch\proj\microbians\piranha\core\Piranha\Services\Internal\PageService.cs:line 763
   at Piranha.Tests.Services.CommentTests.InitializeAsync() in C:\Users\bbqch\proj\microbians\piranha\test\Piranha.Tests\Services\CommentTests.cs:line 86
   at Piranha.Tests.Services.CommentTestsDistributedCache.InitializeAsync() in C:\Users\bbqch\proj\microbians\piranha\test\Piranha.Tests\Services\CommentTests.cs:line 35
  Failed Piranha.Tests.Services.CommentTestsDistributedCache.AddPostCommentAutoApprove [1 ms]
  Error Message:
   System.NullReferenceException : Object reference not set to an instance of an object.
  Stack Trace:
     at Piranha.Repositories.SiteRepository.GetById(String id) in C:\Users\bbqch\proj\microbians\piranha\data\Piranha.Data.EF\Repositories\SiteRepository.cs:line 97
   at Piranha.Services.SiteService.GetByIdAsync(String id) in C:\Users\bbqch\proj\microbians\piranha\core\Piranha\Services\Internal\SiteService.cs:line 85
   at Piranha.Services.SiteService.InvalidateSitemapAsync(String id, Boolean updateLastModified) in C:\Users\bbqch\proj\microbians\piranha\core\Piranha\Services\Internal\SiteService.cs:line 434
   at Piranha.Services.PageService.SaveAsync[T](T model, Boolean isDraft) in C:\Users\bbqch\proj\microbians\piranha\core\Piranha\Services\Internal\PageService.cs:line 763
   at Piranha.Tests.Services.CommentTests.InitializeAsync() in C:\Users\bbqch\proj\microbians\piranha\test\Piranha.Tests\Services\CommentTests.cs:line 86
   at Piranha.Tests.Services.CommentTestsDistributedCache.InitializeAsync() in C:\Users\bbqch\proj\microbians\piranha\test\Piranha.Tests\Services\CommentTests.cs:line 35
  Failed Piranha.Tests.Services.CommentTestsDistributedCache.AddPostCommentBadEmail [1 ms]
  Error Message:
   System.NullReferenceException : Object reference not set to an instance of an object.
  Stack Trace:
     at Piranha.Repositories.SiteRepository.GetById(String id) in C:\Users\bbqch\proj\microbians\piranha\data\Piranha.Data.EF\Repositories\SiteRepository.cs:line 97
   at Piranha.Services.SiteService.GetByIdAsync(String id) in C:\Users\bbqch\proj\microbians\piranha\core\Piranha\Services\Internal\SiteService.cs:line 85
   at Piranha.Services.SiteService.InvalidateSitemapAsync(String id, Boolean updateLastModified) in C:\Users\bbqch\proj\microbians\piranha\core\Piranha\Services\Internal\SiteService.cs:line 434
   at Piranha.Services.PageService.SaveAsync[T](T model, Boolean isDraft) in C:\Users\bbqch\proj\microbians\piranha\core\Piranha\Services\Internal\PageService.cs:line 763
   at Piranha.Tests.Services.CommentTests.InitializeAsync() in C:\Users\bbqch\proj\microbians\piranha\test\Piranha.Tests\Services\CommentTests.cs:line 86
   at Piranha.Tests.Services.CommentTestsDistributedCache.InitializeAsync() in C:\Users\bbqch\proj\microbians\piranha\test\Piranha.Tests\Services\CommentTests.cs:line 35
  Failed Piranha.Tests.Services.CommentTestsDistributedCache.AddPostCommentAutoUnApprove [1 ms]
  Error Message:
   System.NullReferenceException : Object reference not set to an instance of an object.
  Stack Trace:
     at Piranha.Repositories.SiteRepository.GetById(String id) in C:\Users\bbqch\proj\microbians\piranha\data\Piranha.Data.EF\Repositories\SiteRepository.cs:line 97
   at Piranha.Services.SiteService.GetByIdAsync(String id) in C:\Users\bbqch\proj\microbians\piranha\core\Piranha\Services\Internal\SiteService.cs:line 85
   at Piranha.Services.SiteService.InvalidateSitemapAsync(String id, Boolean updateLastModified) in C:\Users\bbqch\proj\microbians\piranha\core\Piranha\Services\Internal\SiteService.cs:line 434
   at Piranha.Services.PageService.SaveAsync[T](T model, Boolean isDraft) in C:\Users\bbqch\proj\microbians\piranha\core\Piranha\Services\Internal\PageService.cs:line 763
   at Piranha.Tests.Services.CommentTests.InitializeAsync() in C:\Users\bbqch\proj\microbians\piranha\test\Piranha.Tests\Services\CommentTests.cs:line 86
   at Piranha.Tests.Services.CommentTestsDistributedCache.InitializeAsync() in C:\Users\bbqch\proj\microbians\piranha\test\Piranha.Tests\Services\CommentTests.cs:line 35
  Failed Piranha.Tests.Services.CommentTestsDistributedCache.CheckPostCommentType [1 ms]
  Error Message:
   System.NullReferenceException : Object reference not set to an instance of an object.
  Stack Trace:
     at Piranha.Repositories.SiteRepository.GetById(String id) in C:\Users\bbqch\proj\microbians\piranha\data\Piranha.Data.EF\Repositories\SiteRepository.cs:line 97
   at Piranha.Services.SiteService.GetByIdAsync(String id) in C:\Users\bbqch\proj\microbians\piranha\core\Piranha\Services\Internal\SiteService.cs:line 85
   at Piranha.Services.SiteService.InvalidateSitemapAsync(String id, Boolean updateLastModified) in C:\Users\bbqch\proj\microbians\piranha\core\Piranha\Services\Internal\SiteService.cs:line 434
   at Piranha.Services.PageService.SaveAsync[T](T model, Boolean isDraft) in C:\Users\bbqch\proj\microbians\piranha\core\Piranha\Services\Internal\PageService.cs:line 763
   at Piranha.Tests.Services.CommentTests.InitializeAsync() in C:\Users\bbqch\proj\microbians\piranha\test\Piranha.Tests\Services\CommentTests.cs:line 86
   at Piranha.Tests.Services.CommentTestsDistributedCache.InitializeAsync() in C:\Users\bbqch\proj\microbians\piranha\test\Piranha.Tests\Services\CommentTests.cs:line 35
  Failed Piranha.Tests.Services.CommentTestsDistributedCache.AddPostComment [1 ms]
  Error Message:
   System.NullReferenceException : Object reference not set to an instance of an object.
  Stack Trace:
     at Piranha.Repositories.SiteRepository.GetById(String id) in C:\Users\bbqch\proj\microbians\piranha\data\Piranha.Data.EF\Repositories\SiteRepository.cs:line 97
   at Piranha.Services.SiteService.GetByIdAsync(String id) in C:\Users\bbqch\proj\microbians\piranha\core\Piranha\Services\Internal\SiteService.cs:line 85
   at Piranha.Services.SiteService.InvalidateSitemapAsync(String id, Boolean updateLastModified) in C:\Users\bbqch\proj\microbians\piranha\core\Piranha\Services\Internal\SiteService.cs:line 434
   at Piranha.Services.PageService.SaveAsync[T](T model, Boolean isDraft) in C:\Users\bbqch\proj\microbians\piranha\core\Piranha\Services\Internal\PageService.cs:line 763
   at Piranha.Tests.Services.CommentTests.InitializeAsync() in C:\Users\bbqch\proj\microbians\piranha\test\Piranha.Tests\Services\CommentTests.cs:line 86
   at Piranha.Tests.Services.CommentTestsDistributedCache.InitializeAsync() in C:\Users\bbqch\proj\microbians\piranha\test\Piranha.Tests\Services\CommentTests.cs:line 35
  Failed Piranha.Tests.Services.CommentTestsDistributedCache.AddPageCommentBadEmail [1 ms]
  Error Message:
   System.NullReferenceException : Object reference not set to an instance of an object.
  Stack Trace:
     at Piranha.Repositories.SiteRepository.GetById(String id) in C:\Users\bbqch\proj\microbians\piranha\data\Piranha.Data.EF\Repositories\SiteRepository.cs:line 97
   at Piranha.Services.SiteService.GetByIdAsync(String id) in C:\Users\bbqch\proj\microbians\piranha\core\Piranha\Services\Internal\SiteService.cs:line 85
   at Piranha.Services.SiteService.InvalidateSitemapAsync(String id, Boolean updateLastModified) in C:\Users\bbqch\proj\microbians\piranha\core\Piranha\Services\Internal\SiteService.cs:line 434
   at Piranha.Services.PageService.SaveAsync[T](T model, Boolean isDraft) in C:\Users\bbqch\proj\microbians\piranha\core\Piranha\Services\Internal\PageService.cs:line 763
   at Piranha.Tests.Services.CommentTests.InitializeAsync() in C:\Users\bbqch\proj\microbians\piranha\test\Piranha.Tests\Services\CommentTests.cs:line 86
   at Piranha.Tests.Services.CommentTestsDistributedCache.InitializeAsync() in C:\Users\bbqch\proj\microbians\piranha\test\Piranha.Tests\Services\CommentTests.cs:line 35
  Failed Piranha.Tests.Services.CommentTestsDistributedCache.CheckPageCommentType [1 ms]
  Error Message:
   System.NullReferenceException : Object reference not set to an instance of an object.
  Stack Trace:
     at Piranha.Repositories.SiteRepository.GetById(String id) in C:\Users\bbqch\proj\microbians\piranha\data\Piranha.Data.EF\Repositories\SiteRepository.cs:line 97
   at Piranha.Services.SiteService.GetByIdAsync(String id) in C:\Users\bbqch\proj\microbians\piranha\core\Piranha\Services\Internal\SiteService.cs:line 85
   at Piranha.Services.SiteService.InvalidateSitemapAsync(String id, Boolean updateLastModified) in C:\Users\bbqch\proj\microbians\piranha\core\Piranha\Services\Internal\SiteService.cs:line 434
   at Piranha.Services.PageService.SaveAsync[T](T model, Boolean isDraft) in C:\Users\bbqch\proj\microbians\piranha\core\Piranha\Services\Internal\PageService.cs:line 763
   at Piranha.Tests.Services.CommentTests.InitializeAsync() in C:\Users\bbqch\proj\microbians\piranha\test\Piranha.Tests\Services\CommentTests.cs:line 86
   at Piranha.Tests.Services.CommentTestsDistributedCache.InitializeAsync() in C:\Users\bbqch\proj\microbians\piranha\test\Piranha.Tests\Services\CommentTests.cs:line 35
  Failed Piranha.Tests.Services.CommentTestsDistributedCache.AddPostCommentNoAuthor [1 ms]
  Error Message:
   System.NullReferenceException : Object reference not set to an instance of an object.
  Stack Trace:
     at Piranha.Repositories.SiteRepository.GetById(String id) in C:\Users\bbqch\proj\microbians\piranha\data\Piranha.Data.EF\Repositories\SiteRepository.cs:line 97
   at Piranha.Services.SiteService.GetByIdAsync(String id) in C:\Users\bbqch\proj\microbians\piranha\core\Piranha\Services\Internal\SiteService.cs:line 85
   at Piranha.Services.SiteService.InvalidateSitemapAsync(String id, Boolean updateLastModified) in C:\Users\bbqch\proj\microbians\piranha\core\Piranha\Services\Internal\SiteService.cs:line 434
   at Piranha.Services.PageService.SaveAsync[T](T model, Boolean isDraft) in C:\Users\bbqch\proj\microbians\piranha\core\Piranha\Services\Internal\PageService.cs:line 763
   at Piranha.Tests.Services.CommentTests.InitializeAsync() in C:\Users\bbqch\proj\microbians\piranha\test\Piranha.Tests\Services\CommentTests.cs:line 86
   at Piranha.Tests.Services.CommentTestsDistributedCache.InitializeAsync() in C:\Users\bbqch\proj\microbians\piranha\test\Piranha.Tests\Services\CommentTests.cs:line 35
  Failed Piranha.Tests.Services.CommentTestsDistributedCache.IsCached [1 ms]
  Error Message:
   System.NullReferenceException : Object reference not set to an instance of an object.
  Stack Trace:
     at Piranha.Repositories.SiteRepository.GetById(String id) in C:\Users\bbqch\proj\microbians\piranha\data\Piranha.Data.EF\Repositories\SiteRepository.cs:line 97
   at Piranha.Services.SiteService.GetByIdAsync(String id) in C:\Users\bbqch\proj\microbians\piranha\core\Piranha\Services\Internal\SiteService.cs:line 85
   at Piranha.Services.SiteService.InvalidateSitemapAsync(String id, Boolean updateLastModified) in C:\Users\bbqch\proj\microbians\piranha\core\Piranha\Services\Internal\SiteService.cs:line 434
   at Piranha.Services.PageService.SaveAsync[T](T model, Boolean isDraft) in C:\Users\bbqch\proj\microbians\piranha\core\Piranha\Services\Internal\PageService.cs:line 763
   at Piranha.Tests.Services.CommentTests.InitializeAsync() in C:\Users\bbqch\proj\microbians\piranha\test\Piranha.Tests\Services\CommentTests.cs:line 86
   at Piranha.Tests.Services.CommentTestsDistributedCache.InitializeAsync() in C:\Users\bbqch\proj\microbians\piranha\test\Piranha.Tests\Services\CommentTests.cs:line 35
  Failed Piranha.Tests.Services.CommentTestsDistributedCache.AddPageCommentNoAuthor [1 ms]
  Error Message:
   System.NullReferenceException : Object reference not set to an instance of an object.
  Stack Trace:
     at Piranha.Repositories.SiteRepository.GetById(String id) in C:\Users\bbqch\proj\microbians\piranha\data\Piranha.Data.EF\Repositories\SiteRepository.cs:line 97
   at Piranha.Services.SiteService.GetByIdAsync(String id) in C:\Users\bbqch\proj\microbians\piranha\core\Piranha\Services\Internal\SiteService.cs:line 85
   at Piranha.Services.SiteService.InvalidateSitemapAsync(String id, Boolean updateLastModified) in C:\Users\bbqch\proj\microbians\piranha\core\Piranha\Services\Internal\SiteService.cs:line 434
   at Piranha.Services.PageService.SaveAsync[T](T model, Boolean isDraft) in C:\Users\bbqch\proj\microbians\piranha\core\Piranha\Services\Internal\PageService.cs:line 763
   at Piranha.Tests.Services.CommentTests.InitializeAsync() in C:\Users\bbqch\proj\microbians\piranha\test\Piranha.Tests\Services\CommentTests.cs:line 86
   at Piranha.Tests.Services.CommentTestsDistributedCache.InitializeAsync() in C:\Users\bbqch\proj\microbians\piranha\test\Piranha.Tests\Services\CommentTests.cs:line 35
  Failed Piranha.Tests.Services.CommentTests.AddPageCommentBadEmail [1 ms]
  Error Message:
   System.NullReferenceException : Object reference not set to an instance of an object.
  Stack Trace:
     at Piranha.Repositories.SiteRepository.GetById(String id) in C:\Users\bbqch\proj\microbians\piranha\data\Piranha.Data.EF\Repositories\SiteRepository.cs:line 97
   at Piranha.Services.SiteService.GetByIdAsync(String id) in C:\Users\bbqch\proj\microbians\piranha\core\Piranha\Services\Internal\SiteService.cs:line 85
   at Piranha.Services.SiteService.InvalidateSitemapAsync(String id, Boolean updateLastModified) in C:\Users\bbqch\proj\microbians\piranha\core\Piranha\Services\Internal\SiteService.cs:line 434
   at Piranha.Services.PageService.SaveAsync[T](T model, Boolean isDraft) in C:\Users\bbqch\proj\microbians\piranha\core\Piranha\Services\Internal\PageService.cs:line 763
   at Piranha.Tests.Services.CommentTests.InitializeAsync() in C:\Users\bbqch\proj\microbians\piranha\test\Piranha.Tests\Services\CommentTests.cs:line 86
  Failed Piranha.Tests.Services.CommentTests.AddPostCommentNoEmail [1 ms]
  Error Message:
   System.NullReferenceException : Object reference not set to an instance of an object.
  Stack Trace:
     at Piranha.Repositories.SiteRepository.GetById(String id) in C:\Users\bbqch\proj\microbians\piranha\data\Piranha.Data.EF\Repositories\SiteRepository.cs:line 97
   at Piranha.Services.SiteService.GetByIdAsync(String id) in C:\Users\bbqch\proj\microbians\piranha\core\Piranha\Services\Internal\SiteService.cs:line 85
   at Piranha.Services.SiteService.InvalidateSitemapAsync(String id, Boolean updateLastModified) in C:\Users\bbqch\proj\microbians\piranha\core\Piranha\Services\Internal\SiteService.cs:line 434
   at Piranha.Services.PageService.SaveAsync[T](T model, Boolean isDraft) in C:\Users\bbqch\proj\microbians\piranha\core\Piranha\Services\Internal\PageService.cs:line 763
   at Piranha.Tests.Services.CommentTests.InitializeAsync() in C:\Users\bbqch\proj\microbians\piranha\test\Piranha.Tests\Services\CommentTests.cs:line 86
  Failed Piranha.Tests.Services.CommentTests.AddPostComment [1 ms]
  Error Message:
   System.NullReferenceException : Object reference not set to an instance of an object.
  Stack Trace:
     at Piranha.Repositories.SiteRepository.GetById(String id) in C:\Users\bbqch\proj\microbians\piranha\data\Piranha.Data.EF\Repositories\SiteRepository.cs:line 97
   at Piranha.Services.SiteService.GetByIdAsync(String id) in C:\Users\bbqch\proj\microbians\piranha\core\Piranha\Services\Internal\SiteService.cs:line 85
   at Piranha.Services.SiteService.InvalidateSitemapAsync(String id, Boolean updateLastModified) in C:\Users\bbqch\proj\microbians\piranha\core\Piranha\Services\Internal\SiteService.cs:line 434
   at Piranha.Services.PageService.SaveAsync[T](T model, Boolean isDraft) in C:\Users\bbqch\proj\microbians\piranha\core\Piranha\Services\Internal\PageService.cs:line 763
   at Piranha.Tests.Services.CommentTests.InitializeAsync() in C:\Users\bbqch\proj\microbians\piranha\test\Piranha.Tests\Services\CommentTests.cs:line 86
  Failed Piranha.Tests.Services.CommentTests.CheckPostCommentType [1 ms]
  Error Message:
   System.NullReferenceException : Object reference not set to an instance of an object.
  Stack Trace:
     at Piranha.Repositories.SiteRepository.GetById(String id) in C:\Users\bbqch\proj\microbians\piranha\data\Piranha.Data.EF\Repositories\SiteRepository.cs:line 97
   at Piranha.Services.SiteService.GetByIdAsync(String id) in C:\Users\bbqch\proj\microbians\piranha\core\Piranha\Services\Internal\SiteService.cs:line 85
   at Piranha.Services.SiteService.InvalidateSitemapAsync(String id, Boolean updateLastModified) in C:\Users\bbqch\proj\microbians\piranha\core\Piranha\Services\Internal\SiteService.cs:line 434
   at Piranha.Services.PageService.SaveAsync[T](T model, Boolean isDraft) in C:\Users\bbqch\proj\microbians\piranha\core\Piranha\Services\Internal\PageService.cs:line 763
   at Piranha.Tests.Services.CommentTests.InitializeAsync() in C:\Users\bbqch\proj\microbians\piranha\test\Piranha.Tests\Services\CommentTests.cs:line 86
  Failed Piranha.Tests.Services.CommentTests.AddPageComment [1 ms]
  Error Message:
   System.NullReferenceException : Object reference not set to an instance of an object.
  Stack Trace:
     at Piranha.Repositories.SiteRepository.GetById(String id) in C:\Users\bbqch\proj\microbians\piranha\data\Piranha.Data.EF\Repositories\SiteRepository.cs:line 97
   at Piranha.Services.SiteService.GetByIdAsync(String id) in C:\Users\bbqch\proj\microbians\piranha\core\Piranha\Services\Internal\SiteService.cs:line 85
   at Piranha.Services.SiteService.InvalidateSitemapAsync(String id, Boolean updateLastModified) in C:\Users\bbqch\proj\microbians\piranha\core\Piranha\Services\Internal\SiteService.cs:line 434
   at Piranha.Services.PageService.SaveAsync[T](T model, Boolean isDraft) in C:\Users\bbqch\proj\microbians\piranha\core\Piranha\Services\Internal\PageService.cs:line 763
   at Piranha.Tests.Services.CommentTests.InitializeAsync() in C:\Users\bbqch\proj\microbians\piranha\test\Piranha.Tests\Services\CommentTests.cs:line 86
  Failed Piranha.Tests.Services.CommentTests.AddPostCommentAutoUnApprove [1 ms]
  Error Message:
   System.NullReferenceException : Object reference not set to an instance of an object.
  Stack Trace:
     at Piranha.Repositories.SiteRepository.GetById(String id) in C:\Users\bbqch\proj\microbians\piranha\data\Piranha.Data.EF\Repositories\SiteRepository.cs:line 97
   at Piranha.Services.SiteService.GetByIdAsync(String id) in C:\Users\bbqch\proj\microbians\piranha\core\Piranha\Services\Internal\SiteService.cs:line 85
   at Piranha.Services.SiteService.InvalidateSitemapAsync(String id, Boolean updateLastModified) in C:\Users\bbqch\proj\microbians\piranha\core\Piranha\Services\Internal\SiteService.cs:line 434
   at Piranha.Services.PageService.SaveAsync[T](T model, Boolean isDraft) in C:\Users\bbqch\proj\microbians\piranha\core\Piranha\Services\Internal\PageService.cs:line 763
   at Piranha.Tests.Services.CommentTests.InitializeAsync() in C:\Users\bbqch\proj\microbians\piranha\test\Piranha.Tests\Services\CommentTests.cs:line 86
  Failed Piranha.Tests.Services.CommentTests.AddPageCommentNoEmail [1 ms]
  Error Message:
   System.NullReferenceException : Object reference not set to an instance of an object.
  Stack Trace:
     at Piranha.Repositories.SiteRepository.GetById(String id) in C:\Users\bbqch\proj\microbians\piranha\data\Piranha.Data.EF\Repositories\SiteRepository.cs:line 97
   at Piranha.Services.SiteService.GetByIdAsync(String id) in C:\Users\bbqch\proj\microbians\piranha\core\Piranha\Services\Internal\SiteService.cs:line 85
   at Piranha.Services.SiteService.InvalidateSitemapAsync(String id, Boolean updateLastModified) in C:\Users\bbqch\proj\microbians\piranha\core\Piranha\Services\Internal\SiteService.cs:line 434
   at Piranha.Services.PageService.SaveAsync[T](T model, Boolean isDraft) in C:\Users\bbqch\proj\microbians\piranha\core\Piranha\Services\Internal\PageService.cs:line 763
   at Piranha.Tests.Services.CommentTests.InitializeAsync() in C:\Users\bbqch\proj\microbians\piranha\test\Piranha.Tests\Services\CommentTests.cs:line 86
  Failed Piranha.Tests.Services.CommentTests.AddPostCommentNoAuthor [1 ms]
  Error Message:
   System.NullReferenceException : Object reference not set to an instance of an object.
  Stack Trace:
     at Piranha.Repositories.SiteRepository.GetById(String id) in C:\Users\bbqch\proj\microbians\piranha\data\Piranha.Data.EF\Repositories\SiteRepository.cs:line 97
   at Piranha.Services.SiteService.GetByIdAsync(String id) in C:\Users\bbqch\proj\microbians\piranha\core\Piranha\Services\Internal\SiteService.cs:line 85
   at Piranha.Services.SiteService.InvalidateSitemapAsync(String id, Boolean updateLastModified) in C:\Users\bbqch\proj\microbians\piranha\core\Piranha\Services\Internal\SiteService.cs:line 434
   at Piranha.Services.PageService.SaveAsync[T](T model, Boolean isDraft) in C:\Users\bbqch\proj\microbians\piranha\core\Piranha\Services\Internal\PageService.cs:line 763
   at Piranha.Tests.Services.CommentTests.InitializeAsync() in C:\Users\bbqch\proj\microbians\piranha\test\Piranha.Tests\Services\CommentTests.cs:line 86
  Failed Piranha.Tests.Services.CommentTests.IsCached [1 ms]
  Error Message:
   System.NullReferenceException : Object reference not set to an instance of an object.
  Stack Trace:
     at Piranha.Repositories.SiteRepository.GetById(String id) in C:\Users\bbqch\proj\microbians\piranha\data\Piranha.Data.EF\Repositories\SiteRepository.cs:line 97
   at Piranha.Services.SiteService.GetByIdAsync(String id) in C:\Users\bbqch\proj\microbians\piranha\core\Piranha\Services\Internal\SiteService.cs:line 85
   at Piranha.Services.SiteService.InvalidateSitemapAsync(String id, Boolean updateLastModified) in C:\Users\bbqch\proj\microbians\piranha\core\Piranha\Services\Internal\SiteService.cs:line 434
   at Piranha.Services.PageService.SaveAsync[T](T model, Boolean isDraft) in C:\Users\bbqch\proj\microbians\piranha\core\Piranha\Services\Internal\PageService.cs:line 763
   at Piranha.Tests.Services.CommentTests.InitializeAsync() in C:\Users\bbqch\proj\microbians\piranha\test\Piranha.Tests\Services\CommentTests.cs:line 86
  Failed Piranha.Tests.Services.CommentTests.AddPageCommentNoAuthor [1 ms]
  Error Message:
   System.NullReferenceException : Object reference not set to an instance of an object.
  Stack Trace:
     at Piranha.Repositories.SiteRepository.GetById(String id) in C:\Users\bbqch\proj\microbians\piranha\data\Piranha.Data.EF\Repositories\SiteRepository.cs:line 97
   at Piranha.Services.SiteService.GetByIdAsync(String id) in C:\Users\bbqch\proj\microbians\piranha\core\Piranha\Services\Internal\SiteService.cs:line 85
   at Piranha.Services.SiteService.InvalidateSitemapAsync(String id, Boolean updateLastModified) in C:\Users\bbqch\proj\microbians\piranha\core\Piranha\Services\Internal\SiteService.cs:line 434
   at Piranha.Services.PageService.SaveAsync[T](T model, Boolean isDraft) in C:\Users\bbqch\proj\microbians\piranha\core\Piranha\Services\Internal\PageService.cs:line 763
   at Piranha.Tests.Services.CommentTests.InitializeAsync() in C:\Users\bbqch\proj\microbians\piranha\test\Piranha.Tests\Services\CommentTests.cs:line 86
  Failed Piranha.Tests.Services.CommentTests.AddPostCommentBadEmail [1 ms]
  Error Message:
   System.NullReferenceException : Object reference not set to an instance of an object.
  Stack Trace:
     at Piranha.Repositories.SiteRepository.GetById(String id) in C:\Users\bbqch\proj\microbians\piranha\data\Piranha.Data.EF\Repositories\SiteRepository.cs:line 97
   at Piranha.Services.SiteService.GetByIdAsync(String id) in C:\Users\bbqch\proj\microbians\piranha\core\Piranha\Services\Internal\SiteService.cs:line 85
   at Piranha.Services.SiteService.InvalidateSitemapAsync(String id, Boolean updateLastModified) in C:\Users\bbqch\proj\microbians\piranha\core\Piranha\Services\Internal\SiteService.cs:line 434
   at Piranha.Services.PageService.SaveAsync[T](T model, Boolean isDraft) in C:\Users\bbqch\proj\microbians\piranha\core\Piranha\Services\Internal\PageService.cs:line 763
   at Piranha.Tests.Services.CommentTests.InitializeAsync() in C:\Users\bbqch\proj\microbians\piranha\test\Piranha.Tests\Services\CommentTests.cs:line 86
  Failed Piranha.Tests.Services.CommentTests.AddPageCommentAutoUnApprove [1 ms]
  Error Message:
   System.NullReferenceException : Object reference not set to an instance of an object.
  Stack Trace:
     at Piranha.Repositories.SiteRepository.GetById(String id) in C:\Users\bbqch\proj\microbians\piranha\data\Piranha.Data.EF\Repositories\SiteRepository.cs:line 97
   at Piranha.Services.SiteService.GetByIdAsync(String id) in C:\Users\bbqch\proj\microbians\piranha\core\Piranha\Services\Internal\SiteService.cs:line 85
   at Piranha.Services.SiteService.InvalidateSitemapAsync(String id, Boolean updateLastModified) in C:\Users\bbqch\proj\microbians\piranha\core\Piranha\Services\Internal\SiteService.cs:line 434
   at Piranha.Services.PageService.SaveAsync[T](T model, Boolean isDraft) in C:\Users\bbqch\proj\microbians\piranha\core\Piranha\Services\Internal\PageService.cs:line 763
   at Piranha.Tests.Services.CommentTests.InitializeAsync() in C:\Users\bbqch\proj\microbians\piranha\test\Piranha.Tests\Services\CommentTests.cs:line 86
  Failed Piranha.Tests.Services.CommentTests.AddPageCommentAutoApprove [1 ms]
  Error Message:
   System.NullReferenceException : Object reference not set to an instance of an object.
  Stack Trace:
     at Piranha.Repositories.SiteRepository.GetById(String id) in C:\Users\bbqch\proj\microbians\piranha\data\Piranha.Data.EF\Repositories\SiteRepository.cs:line 97
   at Piranha.Services.SiteService.GetByIdAsync(String id) in C:\Users\bbqch\proj\microbians\piranha\core\Piranha\Services\Internal\SiteService.cs:line 85
   at Piranha.Services.SiteService.InvalidateSitemapAsync(String id, Boolean updateLastModified) in C:\Users\bbqch\proj\microbians\piranha\core\Piranha\Services\Internal\SiteService.cs:line 434
   at Piranha.Services.PageService.SaveAsync[T](T model, Boolean isDraft) in C:\Users\bbqch\proj\microbians\piranha\core\Piranha\Services\Internal\PageService.cs:line 763
   at Piranha.Tests.Services.CommentTests.InitializeAsync() in C:\Users\bbqch\proj\microbians\piranha\test\Piranha.Tests\Services\CommentTests.cs:line 86
  Failed Piranha.Tests.Services.CommentTests.AddPostCommentAutoApprove [1 ms]
  Error Message:
   System.NullReferenceException : Object reference not set to an instance of an object.
  Stack Trace:
     at Piranha.Repositories.SiteRepository.GetById(String id) in C:\Users\bbqch\proj\microbians\piranha\data\Piranha.Data.EF\Repositories\SiteRepository.cs:line 97
   at Piranha.Services.SiteService.GetByIdAsync(String id) in C:\Users\bbqch\proj\microbians\piranha\core\Piranha\Services\Internal\SiteService.cs:line 85
   at Piranha.Services.SiteService.InvalidateSitemapAsync(String id, Boolean updateLastModified) in C:\Users\bbqch\proj\microbians\piranha\core\Piranha\Services\Internal\SiteService.cs:line 434
   at Piranha.Services.PageService.SaveAsync[T](T model, Boolean isDraft) in C:\Users\bbqch\proj\microbians\piranha\core\Piranha\Services\Internal\PageService.cs:line 763
   at Piranha.Tests.Services.CommentTests.InitializeAsync() in C:\Users\bbqch\proj\microbians\piranha\test\Piranha.Tests\Services\CommentTests.cs:line 86
  Failed Piranha.Tests.Services.CommentTests.CheckPageCommentType [1 ms]
  Error Message:
   System.NullReferenceException : Object reference not set to an instance of an object.
  Stack Trace:
     at Piranha.Repositories.SiteRepository.GetById(String id) in C:\Users\bbqch\proj\microbians\piranha\data\Piranha.Data.EF\Repositories\SiteRepository.cs:line 97
   at Piranha.Services.SiteService.GetByIdAsync(String id) in C:\Users\bbqch\proj\microbians\piranha\core\Piranha\Services\Internal\SiteService.cs:line 85
   at Piranha.Services.SiteService.InvalidateSitemapAsync(String id, Boolean updateLastModified) in C:\Users\bbqch\proj\microbians\piranha\core\Piranha\Services\Internal\SiteService.cs:line 434
   at Piranha.Services.PageService.SaveAsync[T](T model, Boolean isDraft) in C:\Users\bbqch\proj\microbians\piranha\core\Piranha\Services\Internal\PageService.cs:line 763
   at Piranha.Tests.Services.CommentTests.InitializeAsync() in C:\Users\bbqch\proj\microbians\piranha\test\Piranha.Tests\Services\CommentTests.cs:line 86
  Failed Piranha.Tests.Services.ContentTestsMemoryCache.GetTranslationSummary [1 ms]
  Error Message:
   System.ArgumentNullException : Value cannot be null. (Parameter 'provider')
  Stack Trace:
     at System.ArgumentNullException.Throw(String paramName)
   at Microsoft.Extensions.DependencyInjection.ServiceProviderServiceExtensions.CreateScope(IServiceProvider provider)
   at Piranha.Services.ContentFactory.CreateModelAsync[T](ContentTypeBase type) in C:\Users\bbqch\proj\microbians\piranha\core\Piranha\Services\Internal\ContentFactory.cs:line 160
   at Piranha.Services.ContentService.CreateAsync[T](String typeId) in C:\Users\bbqch\proj\microbians\piranha\core\Piranha\Services\Internal\ContentService.cs:line 65
   at Piranha.Tests.Services.ContentTests.InitializeAsync() in C:\Users\bbqch\proj\microbians\piranha\test\Piranha.Tests\Services\ContentTests.cs:line 82
   at Piranha.Tests.Services.ContentTestsMemoryCache.InitializeAsync() in C:\Users\bbqch\proj\microbians\piranha\test\Piranha.Tests\Services\ContentTests.cs:line 26
  Failed Piranha.Tests.Services.ContentTestsMemoryCache.GetUntranslatedStatus [1 ms]
  Error Message:
   System.ArgumentNullException : Value cannot be null. (Parameter 'provider')
  Stack Trace:
     at System.ArgumentNullException.Throw(String paramName)
   at Microsoft.Extensions.DependencyInjection.ServiceProviderServiceExtensions.CreateScope(IServiceProvider provider)
   at Piranha.Services.ContentFactory.CreateModelAsync[T](ContentTypeBase type) in C:\Users\bbqch\proj\microbians\piranha\core\Piranha\Services\Internal\ContentFactory.cs:line 160
   at Piranha.Services.ContentService.CreateAsync[T](String typeId) in C:\Users\bbqch\proj\microbians\piranha\core\Piranha\Services\Internal\ContentService.cs:line 65
   at Piranha.Tests.Services.ContentTests.InitializeAsync() in C:\Users\bbqch\proj\microbians\piranha\test\Piranha.Tests\Services\ContentTests.cs:line 82
   at Piranha.Tests.Services.ContentTestsMemoryCache.InitializeAsync() in C:\Users\bbqch\proj\microbians\piranha\test\Piranha.Tests\Services\ContentTests.cs:line 26
  Failed Piranha.Tests.Services.ContentTestsMemoryCache.GetTranslationById [1 ms]
  Error Message:
   System.ArgumentNullException : Value cannot be null. (Parameter 'provider')
  Stack Trace:
     at System.ArgumentNullException.Throw(String paramName)
   at Microsoft.Extensions.DependencyInjection.ServiceProviderServiceExtensions.CreateScope(IServiceProvider provider)
   at Piranha.Services.ContentFactory.CreateModelAsync[T](ContentTypeBase type) in C:\Users\bbqch\proj\microbians\piranha\core\Piranha\Services\Internal\ContentFactory.cs:line 160
   at Piranha.Services.ContentService.CreateAsync[T](String typeId) in C:\Users\bbqch\proj\microbians\piranha\core\Piranha\Services\Internal\ContentService.cs:line 65
   at Piranha.Tests.Services.ContentTests.InitializeAsync() in C:\Users\bbqch\proj\microbians\piranha\test\Piranha.Tests\Services\ContentTests.cs:line 82
   at Piranha.Tests.Services.ContentTestsMemoryCache.InitializeAsync() in C:\Users\bbqch\proj\microbians\piranha\test\Piranha.Tests\Services\ContentTests.cs:line 26
  Failed Piranha.Tests.Services.ContentTestsMemoryCache.GetTranslatedStatus [1 ms]
  Error Message:
   System.ArgumentNullException : Value cannot be null. (Parameter 'provider')
  Stack Trace:
     at System.ArgumentNullException.Throw(String paramName)
   at Microsoft.Extensions.DependencyInjection.ServiceProviderServiceExtensions.CreateScope(IServiceProvider provider)
   at Piranha.Services.ContentFactory.CreateModelAsync[T](ContentTypeBase type) in C:\Users\bbqch\proj\microbians\piranha\core\Piranha\Services\Internal\ContentFactory.cs:line 160
   at Piranha.Services.ContentService.CreateAsync[T](String typeId) in C:\Users\bbqch\proj\microbians\piranha\core\Piranha\Services\Internal\ContentService.cs:line 65
   at Piranha.Tests.Services.ContentTests.InitializeAsync() in C:\Users\bbqch\proj\microbians\piranha\test\Piranha.Tests\Services\ContentTests.cs:line 82
   at Piranha.Tests.Services.ContentTestsMemoryCache.InitializeAsync() in C:\Users\bbqch\proj\microbians\piranha\test\Piranha.Tests\Services\ContentTests.cs:line 26
  Failed Piranha.Tests.Services.ContentTestsMemoryCache.GetById [1 ms]
  Error Message:
   System.ArgumentNullException : Value cannot be null. (Parameter 'provider')
  Stack Trace:
     at System.ArgumentNullException.Throw(String paramName)
   at Microsoft.Extensions.DependencyInjection.ServiceProviderServiceExtensions.CreateScope(IServiceProvider provider)
   at Piranha.Services.ContentFactory.CreateModelAsync[T](ContentTypeBase type) in C:\Users\bbqch\proj\microbians\piranha\core\Piranha\Services\Internal\ContentFactory.cs:line 160
   at Piranha.Services.ContentService.CreateAsync[T](String typeId) in C:\Users\bbqch\proj\microbians\piranha\core\Piranha\Services\Internal\ContentService.cs:line 65
   at Piranha.Tests.Services.ContentTests.InitializeAsync() in C:\Users\bbqch\proj\microbians\piranha\test\Piranha.Tests\Services\ContentTests.cs:line 82
   at Piranha.Tests.Services.ContentTestsMemoryCache.InitializeAsync() in C:\Users\bbqch\proj\microbians\piranha\test\Piranha.Tests\Services\ContentTests.cs:line 26
  Failed Piranha.Tests.Services.ContentTestsDistributedCache.GetTranslatedStatus [1 ms]
  Error Message:
   System.ArgumentNullException : Value cannot be null. (Parameter 'provider')
  Stack Trace:
     at System.ArgumentNullException.Throw(String paramName)
   at Microsoft.Extensions.DependencyInjection.ServiceProviderServiceExtensions.CreateScope(IServiceProvider provider)
   at Piranha.Services.ContentFactory.CreateModelAsync[T](ContentTypeBase type) in C:\Users\bbqch\proj\microbians\piranha\core\Piranha\Services\Internal\ContentFactory.cs:line 160
   at Piranha.Services.ContentService.CreateAsync[T](String typeId) in C:\Users\bbqch\proj\microbians\piranha\core\Piranha\Services\Internal\ContentService.cs:line 65
   at Piranha.Tests.Services.ContentTests.InitializeAsync() in C:\Users\bbqch\proj\microbians\piranha\test\Piranha.Tests\Services\ContentTests.cs:line 82
   at Piranha.Tests.Services.ContentTestsDistributedCache.InitializeAsync() in C:\Users\bbqch\proj\microbians\piranha\test\Piranha.Tests\Services\ContentTests.cs:line 36
  Failed Piranha.Tests.Services.ContentTestsDistributedCache.GetUntranslatedStatus [1 ms]
  Error Message:
   System.ArgumentNullException : Value cannot be null. (Parameter 'provider')
  Stack Trace:
     at System.ArgumentNullException.Throw(String paramName)
   at Microsoft.Extensions.DependencyInjection.ServiceProviderServiceExtensions.CreateScope(IServiceProvider provider)
   at Piranha.Services.ContentFactory.CreateModelAsync[T](ContentTypeBase type) in C:\Users\bbqch\proj\microbians\piranha\core\Piranha\Services\Internal\ContentFactory.cs:line 160
   at Piranha.Services.ContentService.CreateAsync[T](String typeId) in C:\Users\bbqch\proj\microbians\piranha\core\Piranha\Services\Internal\ContentService.cs:line 65
   at Piranha.Tests.Services.ContentTests.InitializeAsync() in C:\Users\bbqch\proj\microbians\piranha\test\Piranha.Tests\Services\ContentTests.cs:line 82
   at Piranha.Tests.Services.ContentTestsDistributedCache.InitializeAsync() in C:\Users\bbqch\proj\microbians\piranha\test\Piranha.Tests\Services\ContentTests.cs:line 36
  Failed Piranha.Tests.Services.ContentTestsDistributedCache.GetById [1 ms]
  Error Message:
   System.ArgumentNullException : Value cannot be null. (Parameter 'provider')
  Stack Trace:
     at System.ArgumentNullException.Throw(String paramName)
   at Microsoft.Extensions.DependencyInjection.ServiceProviderServiceExtensions.CreateScope(IServiceProvider provider)
   at Piranha.Services.ContentFactory.CreateModelAsync[T](ContentTypeBase type) in C:\Users\bbqch\proj\microbians\piranha\core\Piranha\Services\Internal\ContentFactory.cs:line 160
   at Piranha.Services.ContentService.CreateAsync[T](String typeId) in C:\Users\bbqch\proj\microbians\piranha\core\Piranha\Services\Internal\ContentService.cs:line 65
   at Piranha.Tests.Services.ContentTests.InitializeAsync() in C:\Users\bbqch\proj\microbians\piranha\test\Piranha.Tests\Services\ContentTests.cs:line 82
   at Piranha.Tests.Services.ContentTestsDistributedCache.InitializeAsync() in C:\Users\bbqch\proj\microbians\piranha\test\Piranha.Tests\Services\ContentTests.cs:line 36
  Failed Piranha.Tests.Services.ContentTestsDistributedCache.GetTranslationSummary [1 ms]
  Error Message:
   System.ArgumentNullException : Value cannot be null. (Parameter 'provider')
  Stack Trace:
     at System.ArgumentNullException.Throw(String paramName)
   at Microsoft.Extensions.DependencyInjection.ServiceProviderServiceExtensions.CreateScope(IServiceProvider provider)
   at Piranha.Services.ContentFactory.CreateModelAsync[T](ContentTypeBase type) in C:\Users\bbqch\proj\microbians\piranha\core\Piranha\Services\Internal\ContentFactory.cs:line 160
   at Piranha.Services.ContentService.CreateAsync[T](String typeId) in C:\Users\bbqch\proj\microbians\piranha\core\Piranha\Services\Internal\ContentService.cs:line 65
   at Piranha.Tests.Services.ContentTests.InitializeAsync() in C:\Users\bbqch\proj\microbians\piranha\test\Piranha.Tests\Services\ContentTests.cs:line 82
   at Piranha.Tests.Services.ContentTestsDistributedCache.InitializeAsync() in C:\Users\bbqch\proj\microbians\piranha\test\Piranha.Tests\Services\ContentTests.cs:line 36
  Failed Piranha.Tests.Services.ContentTestsDistributedCache.GetTranslationById [1 ms]
  Error Message:
   System.ArgumentNullException : Value cannot be null. (Parameter 'provider')
  Stack Trace:
     at System.ArgumentNullException.Throw(String paramName)
   at Microsoft.Extensions.DependencyInjection.ServiceProviderServiceExtensions.CreateScope(IServiceProvider provider)
   at Piranha.Services.ContentFactory.CreateModelAsync[T](ContentTypeBase type) in C:\Users\bbqch\proj\microbians\piranha\core\Piranha\Services\Internal\ContentFactory.cs:line 160
   at Piranha.Services.ContentService.CreateAsync[T](String typeId) in C:\Users\bbqch\proj\microbians\piranha\core\Piranha\Services\Internal\ContentService.cs:line 65
   at Piranha.Tests.Services.ContentTests.InitializeAsync() in C:\Users\bbqch\proj\microbians\piranha\test\Piranha.Tests\Services\ContentTests.cs:line 82
   at Piranha.Tests.Services.ContentTestsDistributedCache.InitializeAsync() in C:\Users\bbqch\proj\microbians\piranha\test\Piranha.Tests\Services\ContentTests.cs:line 36
  Failed Piranha.Tests.Services.ContentTests.GetTranslationById [1 ms]
  Error Message:
   System.ArgumentNullException : Value cannot be null. (Parameter 'provider')
  Stack Trace:
     at System.ArgumentNullException.Throw(String paramName)
   at Microsoft.Extensions.DependencyInjection.ServiceProviderServiceExtensions.CreateScope(IServiceProvider provider)
   at Piranha.Services.ContentFactory.CreateModelAsync[T](ContentTypeBase type) in C:\Users\bbqch\proj\microbians\piranha\core\Piranha\Services\Internal\ContentFactory.cs:line 160
   at Piranha.Services.ContentService.CreateAsync[T](String typeId) in C:\Users\bbqch\proj\microbians\piranha\core\Piranha\Services\Internal\ContentService.cs:line 65
   at Piranha.Tests.Services.ContentTests.InitializeAsync() in C:\Users\bbqch\proj\microbians\piranha\test\Piranha.Tests\Services\ContentTests.cs:line 82
  Failed Piranha.Tests.Services.ContentTests.GetById [1 ms]
  Error Message:
   System.ArgumentNullException : Value cannot be null. (Parameter 'provider')
  Stack Trace:
     at System.ArgumentNullException.Throw(String paramName)
   at Microsoft.Extensions.DependencyInjection.ServiceProviderServiceExtensions.CreateScope(IServiceProvider provider)
   at Piranha.Services.ContentFactory.CreateModelAsync[T](ContentTypeBase type) in C:\Users\bbqch\proj\microbians\piranha\core\Piranha\Services\Internal\ContentFactory.cs:line 160
   at Piranha.Services.ContentService.CreateAsync[T](String typeId) in C:\Users\bbqch\proj\microbians\piranha\core\Piranha\Services\Internal\ContentService.cs:line 65
   at Piranha.Tests.Services.ContentTests.InitializeAsync() in C:\Users\bbqch\proj\microbians\piranha\test\Piranha.Tests\Services\ContentTests.cs:line 82
  Failed Piranha.Tests.Services.ContentTests.GetTranslatedStatus [1 ms]
  Error Message:
   System.ArgumentNullException : Value cannot be null. (Parameter 'provider')
  Stack Trace:
     at System.ArgumentNullException.Throw(String paramName)
   at Microsoft.Extensions.DependencyInjection.ServiceProviderServiceExtensions.CreateScope(IServiceProvider provider)
   at Piranha.Services.ContentFactory.CreateModelAsync[T](ContentTypeBase type) in C:\Users\bbqch\proj\microbians\piranha\core\Piranha\Services\Internal\ContentFactory.cs:line 160
   at Piranha.Services.ContentService.CreateAsync[T](String typeId) in C:\Users\bbqch\proj\microbians\piranha\core\Piranha\Services\Internal\ContentService.cs:line 65
   at Piranha.Tests.Services.ContentTests.InitializeAsync() in C:\Users\bbqch\proj\microbians\piranha\test\Piranha.Tests\Services\ContentTests.cs:line 82
  Failed Piranha.Tests.Services.ContentTests.GetUntranslatedStatus [1 ms]
  Error Message:
   System.ArgumentNullException : Value cannot be null. (Parameter 'provider')
  Stack Trace:
     at System.ArgumentNullException.Throw(String paramName)
   at Microsoft.Extensions.DependencyInjection.ServiceProviderServiceExtensions.CreateScope(IServiceProvider provider)
   at Piranha.Services.ContentFactory.CreateModelAsync[T](ContentTypeBase type) in C:\Users\bbqch\proj\microbians\piranha\core\Piranha\Services\Internal\ContentFactory.cs:line 160
   at Piranha.Services.ContentService.CreateAsync[T](String typeId) in C:\Users\bbqch\proj\microbians\piranha\core\Piranha\Services\Internal\ContentService.cs:line 65
   at Piranha.Tests.Services.ContentTests.InitializeAsync() in C:\Users\bbqch\proj\microbians\piranha\test\Piranha.Tests\Services\ContentTests.cs:line 82
  Failed Piranha.Tests.Services.ContentTests.GetTranslationSummary [1 ms]
  Error Message:
   System.ArgumentNullException : Value cannot be null. (Parameter 'provider')
  Stack Trace:
     at System.ArgumentNullException.Throw(String paramName)
   at Microsoft.Extensions.DependencyInjection.ServiceProviderServiceExtensions.CreateScope(IServiceProvider provider)
   at Piranha.Services.ContentFactory.CreateModelAsync[T](ContentTypeBase type) in C:\Users\bbqch\proj\microbians\piranha\core\Piranha\Services\Internal\ContentFactory.cs:line 160
   at Piranha.Services.ContentService.CreateAsync[T](String typeId) in C:\Users\bbqch\proj\microbians\piranha\core\Piranha\Services\Internal\ContentService.cs:line 65
   at Piranha.Tests.Services.ContentTests.InitializeAsync() in C:\Users\bbqch\proj\microbians\piranha\test\Piranha.Tests\Services\ContentTests.cs:line 82
  Failed Piranha.Tests.Services.MediaTestsMemoryCache.PublicUrl [163 ms]
  Error Message:
   System.NotSupportedException : Could not understand expression: from 'Medias'.Where(m => op_Implicit(value(Piranha.Repositories.MediaRepository+<>c__DisplayClass6_0).ids).Contains(m.Id)).OrderBy(m => m.Filename)
---- System.NotSupportedException : Expression type not supported: System.Linq.Expressions.TypedParameterExpression
  Stack Trace:
     at Raven.Client.Documents.Linq.RavenQueryProviderProcessor`1.GetAsyncDocumentQueryFor(Expression expression, Action`1 customization)
   at Raven.Client.Documents.Linq.RavenQueryProvider`1.ToAsyncDocumentQuery[TResult](Expression expression)
   at Raven.Client.Documents.LinqExtensions.ToArrayAsync[T](IQueryable`1 source, CancellationToken token)
   at Piranha.Repositories.MediaRepository.GetById(String[] ids) in C:\Users\bbqch\proj\microbians\piranha\data\Piranha.Data.EF\Repositories\MediaRepository.cs:line 78
   at Piranha.Services.MediaService._getFast(IEnumerable`1 ids) in C:\Users\bbqch\proj\microbians\piranha\core\Piranha\Services\Internal\MediaService.cs:line 58
   at Piranha.Tests.Services.MediaTests.DisposeAsync() in C:\Users\bbqch\proj\microbians\piranha\test\Piranha.Tests\Services\MediaTests.cs:line 129
----- Inner Stack Trace -----
   at Raven.Client.Documents.Linq.LinqPathProvider.GetMemberValue(MemberExpression memberExpression)
   at Raven.Client.Documents.Linq.LinqPathProvider.GetValueFromExpressionWithoutConversion(Expression expression, Object& value)
   at Raven.Client.Documents.Linq.RavenQueryProviderProcessor`1.GetValueFromExpression(Expression expression, Type type)
   at Raven.Client.Documents.Linq.RavenQueryProviderProcessor`1.VisitContains(MethodCallExpression expression)
   at Raven.Client.Documents.Linq.RavenQueryProviderProcessor`1.VisitMemoryExtensionsMethodCall(MethodCallExpression expression)
   at Raven.Client.Documents.Linq.RavenQueryProviderProcessor`1.VisitMethodCall(MethodCallExpression expression)
   at Raven.Client.Documents.Linq.RavenQueryProviderProcessor`1.VisitQueryableMethodCall(MethodCallExpression expression)
   at Raven.Client.Documents.Linq.RavenQueryProviderProcessor`1.VisitMethodCall(MethodCallExpression expression)
   at Raven.Client.Documents.Linq.RavenQueryProviderProcessor`1.VisitQueryableMethodCall(MethodCallExpression expression)
   at Raven.Client.Documents.Linq.RavenQueryProviderProcessor`1.VisitMethodCall(MethodCallExpression expression)
   at Raven.Client.Documents.Linq.RavenQueryProviderProcessor`1.GetAsyncDocumentQueryFor(Expression expression, Action`1 customization)
  Failed Piranha.Tests.Services.MediaTestsMemoryCache.DescriptionNotNull [33 ms]
  Error Message:
   System.NotSupportedException : Could not understand expression: from 'Medias'.Where(m => op_Implicit(value(Piranha.Repositories.MediaRepository+<>c__DisplayClass6_0).ids).Contains(m.Id)).OrderBy(m => m.Filename)
---- System.NotSupportedException : Expression type not supported: System.Linq.Expressions.TypedParameterExpression
  Stack Trace:
     at Raven.Client.Documents.Linq.RavenQueryProviderProcessor`1.GetAsyncDocumentQueryFor(Expression expression, Action`1 customization)
   at Raven.Client.Documents.Linq.RavenQueryProvider`1.ToAsyncDocumentQuery[TResult](Expression expression)
   at Raven.Client.Documents.LinqExtensions.ToArrayAsync[T](IQueryable`1 source, CancellationToken token)
   at Piranha.Repositories.MediaRepository.GetById(String[] ids) in C:\Users\bbqch\proj\microbians\piranha\data\Piranha.Data.EF\Repositories\MediaRepository.cs:line 78
   at Piranha.Services.MediaService._getFast(IEnumerable`1 ids) in C:\Users\bbqch\proj\microbians\piranha\core\Piranha\Services\Internal\MediaService.cs:line 58
   at Piranha.Tests.Services.MediaTests.DisposeAsync() in C:\Users\bbqch\proj\microbians\piranha\test\Piranha.Tests\Services\MediaTests.cs:line 129
----- Inner Stack Trace -----
   at Raven.Client.Documents.Linq.LinqPathProvider.GetMemberValue(MemberExpression memberExpression)
   at Raven.Client.Documents.Linq.LinqPathProvider.GetValueFromExpressionWithoutConversion(Expression expression, Object& value)
   at Raven.Client.Documents.Linq.RavenQueryProviderProcessor`1.GetValueFromExpression(Expression expression, Type type)
   at Raven.Client.Documents.Linq.RavenQueryProviderProcessor`1.VisitContains(MethodCallExpression expression)
   at Raven.Client.Documents.Linq.RavenQueryProviderProcessor`1.VisitMemoryExtensionsMethodCall(MethodCallExpression expression)
   at Raven.Client.Documents.Linq.RavenQueryProviderProcessor`1.VisitMethodCall(MethodCallExpression expression)
   at Raven.Client.Documents.Linq.RavenQueryProviderProcessor`1.VisitQueryableMethodCall(MethodCallExpression expression)
   at Raven.Client.Documents.Linq.RavenQueryProviderProcessor`1.VisitMethodCall(MethodCallExpression expression)
   at Raven.Client.Documents.Linq.RavenQueryProviderProcessor`1.VisitQueryableMethodCall(MethodCallExpression expression)
   at Raven.Client.Documents.Linq.RavenQueryProviderProcessor`1.VisitMethodCall(MethodCallExpression expression)
   at Raven.Client.Documents.Linq.RavenQueryProviderProcessor`1.GetAsyncDocumentQueryFor(Expression expression, Action`1 customization)
  Failed Piranha.Tests.Services.MediaTestsMemoryCache.HasProperty [73 ms]
  Error Message:
   System.NotSupportedException : Could not understand expression: from 'Medias'.Where(m => op_Implicit(value(Piranha.Repositories.MediaRepository+<>c__DisplayClass6_0).ids).Contains(m.Id)).OrderBy(m => m.Filename)
---- System.NotSupportedException : Expression type not supported: System.Linq.Expressions.TypedParameterExpression
  Stack Trace:
     at Raven.Client.Documents.Linq.RavenQueryProviderProcessor`1.GetAsyncDocumentQueryFor(Expression expression, Action`1 customization)
   at Raven.Client.Documents.Linq.RavenQueryProvider`1.ToAsyncDocumentQuery[TResult](Expression expression)
   at Raven.Client.Documents.LinqExtensions.ToArrayAsync[T](IQueryable`1 source, CancellationToken token)
   at Piranha.Repositories.MediaRepository.GetById(String[] ids) in C:\Users\bbqch\proj\microbians\piranha\data\Piranha.Data.EF\Repositories\MediaRepository.cs:line 78
   at Piranha.Services.MediaService._getFast(IEnumerable`1 ids) in C:\Users\bbqch\proj\microbians\piranha\core\Piranha\Services\Internal\MediaService.cs:line 58
   at Piranha.Tests.Services.MediaTests.DisposeAsync() in C:\Users\bbqch\proj\microbians\piranha\test\Piranha.Tests\Services\MediaTests.cs:line 129
----- Inner Stack Trace -----
   at Raven.Client.Documents.Linq.LinqPathProvider.GetMemberValue(MemberExpression memberExpression)
   at Raven.Client.Documents.Linq.LinqPathProvider.GetValueFromExpressionWithoutConversion(Expression expression, Object& value)
   at Raven.Client.Documents.Linq.RavenQueryProviderProcessor`1.GetValueFromExpression(Expression expression, Type type)
   at Raven.Client.Documents.Linq.RavenQueryProviderProcessor`1.VisitContains(MethodCallExpression expression)
   at Raven.Client.Documents.Linq.RavenQueryProviderProcessor`1.VisitMemoryExtensionsMethodCall(MethodCallExpression expression)
   at Raven.Client.Documents.Linq.RavenQueryProviderProcessor`1.VisitMethodCall(MethodCallExpression expression)
   at Raven.Client.Documents.Linq.RavenQueryProviderProcessor`1.VisitQueryableMethodCall(MethodCallExpression expression)
   at Raven.Client.Documents.Linq.RavenQueryProviderProcessor`1.VisitMethodCall(MethodCallExpression expression)
   at Raven.Client.Documents.Linq.RavenQueryProviderProcessor`1.VisitQueryableMethodCall(MethodCallExpression expression)
   at Raven.Client.Documents.Linq.RavenQueryProviderProcessor`1.VisitMethodCall(MethodCallExpression expression)
   at Raven.Client.Documents.Linq.RavenQueryProviderProcessor`1.GetAsyncDocumentQueryFor(Expression expression, Action`1 customization)
  Failed Piranha.Tests.Services.MediaTestsMemoryCache.GetAll [48 ms]
  Error Message:
   System.AggregateException : One or more errors occurred. (Could not understand expression: from 'Medias'.Where(m => op_Implicit(value(Piranha.Repositories.MediaRepository+<>c__DisplayClass6_0).ids).Contains(m.Id)).OrderBy(m => m.Filename)) (Could not understand expression: from 'Medias'.Where(m => op_Implicit(value(Piranha.Repositories.MediaRepository+<>c__DisplayClass6_0).ids).Contains(m.Id)).OrderBy(m => m.Filename))
---- System.NotSupportedException : Could not understand expression: from 'Medias'.Where(m => op_Implicit(value(Piranha.Repositories.MediaRepository+<>c__DisplayClass6_0).ids).Contains(m.Id)).OrderBy(m => m.Filename)
-------- System.NotSupportedException : Expression type not supported: System.Linq.Expressions.TypedParameterExpression
---- System.NotSupportedException : Could not understand expression: from 'Medias'.Where(m => op_Implicit(value(Piranha.Repositories.MediaRepository+<>c__DisplayClass6_0).ids).Contains(m.Id)).OrderBy(m => m.Filename)
-------- System.NotSupportedException : Expression type not supported: System.Linq.Expressions.TypedParameterExpression
  Stack Trace:
  
----- Inner Stack Trace #1 (System.NotSupportedException) -----
   at Raven.Client.Documents.Linq.RavenQueryProviderProcessor`1.GetAsyncDocumentQueryFor(Expression expression, Action`1 customization)
   at Raven.Client.Documents.Linq.RavenQueryProvider`1.ToAsyncDocumentQuery[TResult](Expression expression)
   at Raven.Client.Documents.LinqExtensions.ToArrayAsync[T](IQueryable`1 source, CancellationToken token)
   at Piranha.Repositories.MediaRepository.GetById(String[] ids) in C:\Users\bbqch\proj\microbians\piranha\data\Piranha.Data.EF\Repositories\MediaRepository.cs:line 78
   at Piranha.Services.MediaService._getFast(IEnumerable`1 ids) in C:\Users\bbqch\proj\microbians\piranha\core\Piranha\Services\Internal\MediaService.cs:line 58
   at Piranha.Tests.Services.MediaTests.GetAll() in C:\Users\bbqch\proj\microbians\piranha\test\Piranha.Tests\Services\MediaTests.cs:line 167
--- End of stack trace from previous location ---
----- Inner Stack Trace -----
   at Raven.Client.Documents.Linq.LinqPathProvider.GetMemberValue(MemberExpression memberExpression)
   at Raven.Client.Documents.Linq.LinqPathProvider.GetValueFromExpressionWithoutConversion(Expression expression, Object& value)
   at Raven.Client.Documents.Linq.RavenQueryProviderProcessor`1.GetValueFromExpression(Expression expression, Type type)
   at Raven.Client.Documents.Linq.RavenQueryProviderProcessor`1.VisitContains(MethodCallExpression expression)
   at Raven.Client.Documents.Linq.RavenQueryProviderProcessor`1.VisitMemoryExtensionsMethodCall(MethodCallExpression expression)
   at Raven.Client.Documents.Linq.RavenQueryProviderProcessor`1.VisitMethodCall(MethodCallExpression expression)
   at Raven.Client.Documents.Linq.RavenQueryProviderProcessor`1.VisitQueryableMethodCall(MethodCallExpression expression)
   at Raven.Client.Documents.Linq.RavenQueryProviderProcessor`1.VisitMethodCall(MethodCallExpression expression)
   at Raven.Client.Documents.Linq.RavenQueryProviderProcessor`1.VisitQueryableMethodCall(MethodCallExpression expression)
   at Raven.Client.Documents.Linq.RavenQueryProviderProcessor`1.VisitMethodCall(MethodCallExpression expression)
   at Raven.Client.Documents.Linq.RavenQueryProviderProcessor`1.GetAsyncDocumentQueryFor(Expression expression, Action`1 customization)
----- Inner Stack Trace #2 (System.NotSupportedException) -----
   at Raven.Client.Documents.Linq.RavenQueryProviderProcessor`1.GetAsyncDocumentQueryFor(Expression expression, Action`1 customization)
   at Raven.Client.Documents.Linq.RavenQueryProvider`1.ToAsyncDocumentQuery[TResult](Expression expression)
   at Raven.Client.Documents.LinqExtensions.ToArrayAsync[T](IQueryable`1 source, CancellationToken token)
   at Piranha.Repositories.MediaRepository.GetById(String[] ids) in C:\Users\bbqch\proj\microbians\piranha\data\Piranha.Data.EF\Repositories\MediaRepository.cs:line 78
   at Piranha.Services.MediaService._getFast(IEnumerable`1 ids) in C:\Users\bbqch\proj\microbians\piranha\core\Piranha\Services\Internal\MediaService.cs:line 58
   at Piranha.Tests.Services.MediaTests.DisposeAsync() in C:\Users\bbqch\proj\microbians\piranha\test\Piranha.Tests\Services\MediaTests.cs:line 129
----- Inner Stack Trace -----
   at Raven.Client.Documents.Linq.LinqPathProvider.GetMemberValue(MemberExpression memberExpression)
   at Raven.Client.Documents.Linq.LinqPathProvider.GetValueFromExpressionWithoutConversion(Expression expression, Object& value)
   at Raven.Client.Documents.Linq.RavenQueryProviderProcessor`1.GetValueFromExpression(Expression expression, Type type)
   at Raven.Client.Documents.Linq.RavenQueryProviderProcessor`1.VisitContains(MethodCallExpression expression)
   at Raven.Client.Documents.Linq.RavenQueryProviderProcessor`1.VisitMemoryExtensionsMethodCall(MethodCallExpression expression)
   at Raven.Client.Documents.Linq.RavenQueryProviderProcessor`1.VisitMethodCall(MethodCallExpression expression)
   at Raven.Client.Documents.Linq.RavenQueryProviderProcessor`1.VisitQueryableMethodCall(MethodCallExpression expression)
   at Raven.Client.Documents.Linq.RavenQueryProviderProcessor`1.VisitMethodCall(MethodCallExpression expression)
   at Raven.Client.Documents.Linq.RavenQueryProviderProcessor`1.VisitQueryableMethodCall(MethodCallExpression expression)
   at Raven.Client.Documents.Linq.RavenQueryProviderProcessor`1.VisitMethodCall(MethodCallExpression expression)
   at Raven.Client.Documents.Linq.RavenQueryProviderProcessor`1.GetAsyncDocumentQueryFor(Expression expression, Action`1 customization)
  Failed Piranha.Tests.Services.MediaTestsMemoryCache.PublicUrlCDN [52 ms]
  Error Message:
   System.NotSupportedException : Could not understand expression: from 'Medias'.Where(m => op_Implicit(value(Piranha.Repositories.MediaRepository+<>c__DisplayClass6_0).ids).Contains(m.Id)).OrderBy(m => m.Filename)
---- System.NotSupportedException : Expression type not supported: System.Linq.Expressions.TypedParameterExpression
  Stack Trace:
     at Raven.Client.Documents.Linq.RavenQueryProviderProcessor`1.GetAsyncDocumentQueryFor(Expression expression, Action`1 customization)
   at Raven.Client.Documents.Linq.RavenQueryProvider`1.ToAsyncDocumentQuery[TResult](Expression expression)
   at Raven.Client.Documents.LinqExtensions.ToArrayAsync[T](IQueryable`1 source, CancellationToken token)
   at Piranha.Repositories.MediaRepository.GetById(String[] ids) in C:\Users\bbqch\proj\microbians\piranha\data\Piranha.Data.EF\Repositories\MediaRepository.cs:line 78
   at Piranha.Services.MediaService._getFast(IEnumerable`1 ids) in C:\Users\bbqch\proj\microbians\piranha\core\Piranha\Services\Internal\MediaService.cs:line 58
   at Piranha.Tests.Services.MediaTests.DisposeAsync() in C:\Users\bbqch\proj\microbians\piranha\test\Piranha.Tests\Services\MediaTests.cs:line 129
----- Inner Stack Trace -----
   at Raven.Client.Documents.Linq.LinqPathProvider.GetMemberValue(MemberExpression memberExpression)
   at Raven.Client.Documents.Linq.LinqPathProvider.GetValueFromExpressionWithoutConversion(Expression expression, Object& value)
   at Raven.Client.Documents.Linq.RavenQueryProviderProcessor`1.GetValueFromExpression(Expression expression, Type type)
   at Raven.Client.Documents.Linq.RavenQueryProviderProcessor`1.VisitContains(MethodCallExpression expression)
   at Raven.Client.Documents.Linq.RavenQueryProviderProcessor`1.VisitMemoryExtensionsMethodCall(MethodCallExpression expression)
   at Raven.Client.Documents.Linq.RavenQueryProviderProcessor`1.VisitMethodCall(MethodCallExpression expression)
   at Raven.Client.Documents.Linq.RavenQueryProviderProcessor`1.VisitQueryableMethodCall(MethodCallExpression expression)
   at Raven.Client.Documents.Linq.RavenQueryProviderProcessor`1.VisitMethodCall(MethodCallExpression expression)
   at Raven.Client.Documents.Linq.RavenQueryProviderProcessor`1.VisitQueryableMethodCall(MethodCallExpression expression)
   at Raven.Client.Documents.Linq.RavenQueryProviderProcessor`1.VisitMethodCall(MethodCallExpression expression)
   at Raven.Client.Documents.Linq.RavenQueryProviderProcessor`1.GetAsyncDocumentQueryFor(Expression expression, Action`1 customization)
  Failed Piranha.Tests.Services.MediaTestsMemoryCache.IsCached [29 ms]
  Error Message:
   System.NotSupportedException : Could not understand expression: from 'Medias'.Where(m => op_Implicit(value(Piranha.Repositories.MediaRepository+<>c__DisplayClass6_0).ids).Contains(m.Id)).OrderBy(m => m.Filename)
---- System.NotSupportedException : Expression type not supported: System.Linq.Expressions.TypedParameterExpression
  Stack Trace:
     at Raven.Client.Documents.Linq.RavenQueryProviderProcessor`1.GetAsyncDocumentQueryFor(Expression expression, Action`1 customization)
   at Raven.Client.Documents.Linq.RavenQueryProvider`1.ToAsyncDocumentQuery[TResult](Expression expression)
   at Raven.Client.Documents.LinqExtensions.ToArrayAsync[T](IQueryable`1 source, CancellationToken token)
   at Piranha.Repositories.MediaRepository.GetById(String[] ids) in C:\Users\bbqch\proj\microbians\piranha\data\Piranha.Data.EF\Repositories\MediaRepository.cs:line 78
   at Piranha.Services.MediaService._getFast(IEnumerable`1 ids) in C:\Users\bbqch\proj\microbians\piranha\core\Piranha\Services\Internal\MediaService.cs:line 58
   at Piranha.Tests.Services.MediaTests.DisposeAsync() in C:\Users\bbqch\proj\microbians\piranha\test\Piranha.Tests\Services\MediaTests.cs:line 129
----- Inner Stack Trace -----
   at Raven.Client.Documents.Linq.LinqPathProvider.GetMemberValue(MemberExpression memberExpression)
   at Raven.Client.Documents.Linq.LinqPathProvider.GetValueFromExpressionWithoutConversion(Expression expression, Object& value)
   at Raven.Client.Documents.Linq.RavenQueryProviderProcessor`1.GetValueFromExpression(Expression expression, Type type)
   at Raven.Client.Documents.Linq.RavenQueryProviderProcessor`1.VisitContains(MethodCallExpression expression)
   at Raven.Client.Documents.Linq.RavenQueryProviderProcessor`1.VisitMemoryExtensionsMethodCall(MethodCallExpression expression)
   at Raven.Client.Documents.Linq.RavenQueryProviderProcessor`1.VisitMethodCall(MethodCallExpression expression)
   at Raven.Client.Documents.Linq.RavenQueryProviderProcessor`1.VisitQueryableMethodCall(MethodCallExpression expression)
   at Raven.Client.Documents.Linq.RavenQueryProviderProcessor`1.VisitMethodCall(MethodCallExpression expression)
   at Raven.Client.Documents.Linq.RavenQueryProviderProcessor`1.VisitQueryableMethodCall(MethodCallExpression expression)
   at Raven.Client.Documents.Linq.RavenQueryProviderProcessor`1.VisitMethodCall(MethodCallExpression expression)
   at Raven.Client.Documents.Linq.RavenQueryProviderProcessor`1.GetAsyncDocumentQueryFor(Expression expression, Action`1 customization)
  Failed Piranha.Tests.Services.MediaTestsMemoryCache.Move [39 ms]
  Error Message:
   System.NotSupportedException : Could not understand expression: from 'Medias'.Where(m => op_Implicit(value(Piranha.Repositories.MediaRepository+<>c__DisplayClass6_0).ids).Contains(m.Id)).OrderBy(m => m.Filename)
---- System.NotSupportedException : Expression type not supported: System.Linq.Expressions.TypedParameterExpression
  Stack Trace:
     at Raven.Client.Documents.Linq.RavenQueryProviderProcessor`1.GetAsyncDocumentQueryFor(Expression expression, Action`1 customization)
   at Raven.Client.Documents.Linq.RavenQueryProvider`1.ToAsyncDocumentQuery[TResult](Expression expression)
   at Raven.Client.Documents.LinqExtensions.ToArrayAsync[T](IQueryable`1 source, CancellationToken token)
   at Piranha.Repositories.MediaRepository.GetById(String[] ids) in C:\Users\bbqch\proj\microbians\piranha\data\Piranha.Data.EF\Repositories\MediaRepository.cs:line 78
   at Piranha.Services.MediaService._getFast(IEnumerable`1 ids) in C:\Users\bbqch\proj\microbians\piranha\core\Piranha\Services\Internal\MediaService.cs:line 58
   at Piranha.Tests.Services.MediaTests.DisposeAsync() in C:\Users\bbqch\proj\microbians\piranha\test\Piranha.Tests\Services\MediaTests.cs:line 129
----- Inner Stack Trace -----
   at Raven.Client.Documents.Linq.LinqPathProvider.GetMemberValue(MemberExpression memberExpression)
   at Raven.Client.Documents.Linq.LinqPathProvider.GetValueFromExpressionWithoutConversion(Expression expression, Object& value)
   at Raven.Client.Documents.Linq.RavenQueryProviderProcessor`1.GetValueFromExpression(Expression expression, Type type)
   at Raven.Client.Documents.Linq.RavenQueryProviderProcessor`1.VisitContains(MethodCallExpression expression)
   at Raven.Client.Documents.Linq.RavenQueryProviderProcessor`1.VisitMemoryExtensionsMethodCall(MethodCallExpression expression)
   at Raven.Client.Documents.Linq.RavenQueryProviderProcessor`1.VisitMethodCall(MethodCallExpression expression)
   at Raven.Client.Documents.Linq.RavenQueryProviderProcessor`1.VisitQueryableMethodCall(MethodCallExpression expression)
   at Raven.Client.Documents.Linq.RavenQueryProviderProcessor`1.VisitMethodCall(MethodCallExpression expression)
   at Raven.Client.Documents.Linq.RavenQueryProviderProcessor`1.VisitQueryableMethodCall(MethodCallExpression expression)
   at Raven.Client.Documents.Linq.RavenQueryProviderProcessor`1.VisitMethodCall(MethodCallExpression expression)
   at Raven.Client.Documents.Linq.RavenQueryProviderProcessor`1.GetAsyncDocumentQueryFor(Expression expression, Action`1 customization)
  Failed Piranha.Tests.Services.MediaTestsMemoryCache.Delete [41 ms]
  Error Message:
   System.NotSupportedException : Could not understand expression: from 'Medias'.Where(m => op_Implicit(value(Piranha.Repositories.MediaRepository+<>c__DisplayClass6_0).ids).Contains(m.Id)).OrderBy(m => m.Filename)
---- System.NotSupportedException : Expression type not supported: System.Linq.Expressions.TypedParameterExpression
  Stack Trace:
     at Raven.Client.Documents.Linq.RavenQueryProviderProcessor`1.GetAsyncDocumentQueryFor(Expression expression, Action`1 customization)
   at Raven.Client.Documents.Linq.RavenQueryProvider`1.ToAsyncDocumentQuery[TResult](Expression expression)
   at Raven.Client.Documents.LinqExtensions.ToArrayAsync[T](IQueryable`1 source, CancellationToken token)
   at Piranha.Repositories.MediaRepository.GetById(String[] ids) in C:\Users\bbqch\proj\microbians\piranha\data\Piranha.Data.EF\Repositories\MediaRepository.cs:line 78
   at Piranha.Services.MediaService._getFast(IEnumerable`1 ids) in C:\Users\bbqch\proj\microbians\piranha\core\Piranha\Services\Internal\MediaService.cs:line 58
   at Piranha.Tests.Services.MediaTests.DisposeAsync() in C:\Users\bbqch\proj\microbians\piranha\test\Piranha.Tests\Services\MediaTests.cs:line 129
----- Inner Stack Trace -----
   at Raven.Client.Documents.Linq.LinqPathProvider.GetMemberValue(MemberExpression memberExpression)
   at Raven.Client.Documents.Linq.LinqPathProvider.GetValueFromExpressionWithoutConversion(Expression expression, Object& value)
   at Raven.Client.Documents.Linq.RavenQueryProviderProcessor`1.GetValueFromExpression(Expression expression, Type type)
   at Raven.Client.Documents.Linq.RavenQueryProviderProcessor`1.VisitContains(MethodCallExpression expression)
   at Raven.Client.Documents.Linq.RavenQueryProviderProcessor`1.VisitMemoryExtensionsMethodCall(MethodCallExpression expression)
   at Raven.Client.Documents.Linq.RavenQueryProviderProcessor`1.VisitMethodCall(MethodCallExpression expression)
   at Raven.Client.Documents.Linq.RavenQueryProviderProcessor`1.VisitQueryableMethodCall(MethodCallExpression expression)
   at Raven.Client.Documents.Linq.RavenQueryProviderProcessor`1.VisitMethodCall(MethodCallExpression expression)
   at Raven.Client.Documents.Linq.RavenQueryProviderProcessor`1.VisitQueryableMethodCall(MethodCallExpression expression)
   at Raven.Client.Documents.Linq.RavenQueryProviderProcessor`1.VisitMethodCall(MethodCallExpression expression)
   at Raven.Client.Documents.Linq.RavenQueryProviderProcessor`1.GetAsyncDocumentQueryFor(Expression expression, Action`1 customization)
  Failed Piranha.Tests.Services.MediaTestsMemoryCache.TitleNotNull [31 ms]
  Error Message:
   System.NotSupportedException : Could not understand expression: from 'Medias'.Where(m => op_Implicit(value(Piranha.Repositories.MediaRepository+<>c__DisplayClass6_0).ids).Contains(m.Id)).OrderBy(m => m.Filename)
---- System.NotSupportedException : Expression type not supported: System.Linq.Expressions.TypedParameterExpression
  Stack Trace:
     at Raven.Client.Documents.Linq.RavenQueryProviderProcessor`1.GetAsyncDocumentQueryFor(Expression expression, Action`1 customization)
   at Raven.Client.Documents.Linq.RavenQueryProvider`1.ToAsyncDocumentQuery[TResult](Expression expression)
   at Raven.Client.Documents.LinqExtensions.ToArrayAsync[T](IQueryable`1 source, CancellationToken token)
   at Piranha.Repositories.MediaRepository.GetById(String[] ids) in C:\Users\bbqch\proj\microbians\piranha\data\Piranha.Data.EF\Repositories\MediaRepository.cs:line 78
   at Piranha.Services.MediaService._getFast(IEnumerable`1 ids) in C:\Users\bbqch\proj\microbians\piranha\core\Piranha\Services\Internal\MediaService.cs:line 58
   at Piranha.Tests.Services.MediaTests.DisposeAsync() in C:\Users\bbqch\proj\microbians\piranha\test\Piranha.Tests\Services\MediaTests.cs:line 129
----- Inner Stack Trace -----
   at Raven.Client.Documents.Linq.LinqPathProvider.GetMemberValue(MemberExpression memberExpression)
   at Raven.Client.Documents.Linq.LinqPathProvider.GetValueFromExpressionWithoutConversion(Expression expression, Object& value)
   at Raven.Client.Documents.Linq.RavenQueryProviderProcessor`1.GetValueFromExpression(Expression expression, Type type)
   at Raven.Client.Documents.Linq.RavenQueryProviderProcessor`1.VisitContains(MethodCallExpression expression)
   at Raven.Client.Documents.Linq.RavenQueryProviderProcessor`1.VisitMemoryExtensionsMethodCall(MethodCallExpression expression)
   at Raven.Client.Documents.Linq.RavenQueryProviderProcessor`1.VisitMethodCall(MethodCallExpression expression)
   at Raven.Client.Documents.Linq.RavenQueryProviderProcessor`1.VisitQueryableMethodCall(MethodCallExpression expression)
   at Raven.Client.Documents.Linq.RavenQueryProviderProcessor`1.VisitMethodCall(MethodCallExpression expression)
   at Raven.Client.Documents.Linq.RavenQueryProviderProcessor`1.VisitQueryableMethodCall(MethodCallExpression expression)
   at Raven.Client.Documents.Linq.RavenQueryProviderProcessor`1.VisitMethodCall(MethodCallExpression expression)
   at Raven.Client.Documents.Linq.RavenQueryProviderProcessor`1.GetAsyncDocumentQueryFor(Expression expression, Action`1 customization)
  Failed Piranha.Tests.Services.MediaTestsMemoryCache.DeleteById [43 ms]
  Error Message:
   System.AggregateException : One or more errors occurred. (Value cannot be null. (Parameter 'key')) (Could not understand expression: from 'Medias'.Where(m => op_Implicit(value(Piranha.Repositories.MediaRepository+<>c__DisplayClass6_0).ids).Contains(m.Id)).OrderBy(m => m.Filename))
---- System.ArgumentNullException : Value cannot be null. (Parameter 'key')
---- System.NotSupportedException : Could not understand expression: from 'Medias'.Where(m => op_Implicit(value(Piranha.Repositories.MediaRepository+<>c__DisplayClass6_0).ids).Contains(m.Id)).OrderBy(m => m.Filename)
-------- System.NotSupportedException : Expression type not supported: System.Linq.Expressions.TypedParameterExpression
  Stack Trace:
  
----- Inner Stack Trace #1 (System.ArgumentNullException) -----
   at System.ArgumentNullException.Throw(String paramName)
   at Microsoft.Extensions.Caching.Memory.CacheExtensions.TryGetValue[TItem](IMemoryCache cache, Object key, TItem& value)
   at Piranha.Cache.MemoryCache.GetAsync[T](String key, CancellationToken cancellationToken) in C:\Users\bbqch\proj\microbians\piranha\core\Piranha\Cache\Internal\MemoryCache.cs:line 32
   at Piranha.Services.MediaService.GetByIdAsync(String id) in C:\Users\bbqch\proj\microbians\piranha\core\Piranha\Services\Internal\MediaService.cs:line 115
   at Piranha.Services.MediaService.DeleteAsync(String id) in C:\Users\bbqch\proj\microbians\piranha\core\Piranha\Services\Internal\MediaService.cs:line 479
   at Piranha.Tests.Services.MediaTests.DeleteById() in C:\Users\bbqch\proj\microbians\piranha\test\Piranha.Tests\Services\MediaTests.cs:line 347
--- End of stack trace from previous location ---
----- Inner Stack Trace #2 (System.NotSupportedException) -----
   at Raven.Client.Documents.Linq.RavenQueryProviderProcessor`1.GetAsyncDocumentQueryFor(Expression expression, Action`1 customization)
   at Raven.Client.Documents.Linq.RavenQueryProvider`1.ToAsyncDocumentQuery[TResult](Expression expression)
   at Raven.Client.Documents.LinqExtensions.ToArrayAsync[T](IQueryable`1 source, CancellationToken token)
   at Piranha.Repositories.MediaRepository.GetById(String[] ids) in C:\Users\bbqch\proj\microbians\piranha\data\Piranha.Data.EF\Repositories\MediaRepository.cs:line 78
   at Piranha.Services.MediaService._getFast(IEnumerable`1 ids) in C:\Users\bbqch\proj\microbians\piranha\core\Piranha\Services\Internal\MediaService.cs:line 58
   at Piranha.Tests.Services.MediaTests.DisposeAsync() in C:\Users\bbqch\proj\microbians\piranha\test\Piranha.Tests\Services\MediaTests.cs:line 129
----- Inner Stack Trace -----
   at Raven.Client.Documents.Linq.LinqPathProvider.GetMemberValue(MemberExpression memberExpression)
   at Raven.Client.Documents.Linq.LinqPathProvider.GetValueFromExpressionWithoutConversion(Expression expression, Object& value)
   at Raven.Client.Documents.Linq.RavenQueryProviderProcessor`1.GetValueFromExpression(Expression expression, Type type)
   at Raven.Client.Documents.Linq.RavenQueryProviderProcessor`1.VisitContains(MethodCallExpression expression)
   at Raven.Client.Documents.Linq.RavenQueryProviderProcessor`1.VisitMemoryExtensionsMethodCall(MethodCallExpression expression)
   at Raven.Client.Documents.Linq.RavenQueryProviderProcessor`1.VisitMethodCall(MethodCallExpression expression)
   at Raven.Client.Documents.Linq.RavenQueryProviderProcessor`1.VisitQueryableMethodCall(MethodCallExpression expression)
   at Raven.Client.Documents.Linq.RavenQueryProviderProcessor`1.VisitMethodCall(MethodCallExpression expression)
   at Raven.Client.Documents.Linq.RavenQueryProviderProcessor`1.VisitQueryableMethodCall(MethodCallExpression expression)
   at Raven.Client.Documents.Linq.RavenQueryProviderProcessor`1.VisitMethodCall(MethodCallExpression expression)
   at Raven.Client.Documents.Linq.RavenQueryProviderProcessor`1.GetAsyncDocumentQueryFor(Expression expression, Action`1 customization)
  Failed Piranha.Tests.Services.MediaTestsMemoryCache.Insert [134 ms]
  Error Message:
   System.NotSupportedException : Could not understand expression: from 'Medias'.Where(m => op_Implicit(value(Piranha.Repositories.MediaRepository+<>c__DisplayClass6_0).ids).Contains(m.Id)).OrderBy(m => m.Filename)
---- System.NotSupportedException : Expression type not supported: System.Linq.Expressions.TypedParameterExpression
  Stack Trace:
     at Raven.Client.Documents.Linq.RavenQueryProviderProcessor`1.GetAsyncDocumentQueryFor(Expression expression, Action`1 customization)
   at Raven.Client.Documents.Linq.RavenQueryProvider`1.ToAsyncDocumentQuery[TResult](Expression expression)
   at Raven.Client.Documents.LinqExtensions.ToArrayAsync[T](IQueryable`1 source, CancellationToken token)
   at Piranha.Repositories.MediaRepository.GetById(String[] ids) in C:\Users\bbqch\proj\microbians\piranha\data\Piranha.Data.EF\Repositories\MediaRepository.cs:line 78
   at Piranha.Services.MediaService._getFast(IEnumerable`1 ids) in C:\Users\bbqch\proj\microbians\piranha\core\Piranha\Services\Internal\MediaService.cs:line 58
   at Piranha.Tests.Services.MediaTests.DisposeAsync() in C:\Users\bbqch\proj\microbians\piranha\test\Piranha.Tests\Services\MediaTests.cs:line 129
----- Inner Stack Trace -----
   at Raven.Client.Documents.Linq.LinqPathProvider.GetMemberValue(MemberExpression memberExpression)
   at Raven.Client.Documents.Linq.LinqPathProvider.GetValueFromExpressionWithoutConversion(Expression expression, Object& value)
   at Raven.Client.Documents.Linq.RavenQueryProviderProcessor`1.GetValueFromExpression(Expression expression, Type type)
   at Raven.Client.Documents.Linq.RavenQueryProviderProcessor`1.VisitContains(MethodCallExpression expression)
   at Raven.Client.Documents.Linq.RavenQueryProviderProcessor`1.VisitMemoryExtensionsMethodCall(MethodCallExpression expression)
   at Raven.Client.Documents.Linq.RavenQueryProviderProcessor`1.VisitMethodCall(MethodCallExpression expression)
   at Raven.Client.Documents.Linq.RavenQueryProviderProcessor`1.VisitQueryableMethodCall(MethodCallExpression expression)
   at Raven.Client.Documents.Linq.RavenQueryProviderProcessor`1.VisitMethodCall(MethodCallExpression expression)
   at Raven.Client.Documents.Linq.RavenQueryProviderProcessor`1.VisitQueryableMethodCall(MethodCallExpression expression)
   at Raven.Client.Documents.Linq.RavenQueryProviderProcessor`1.VisitMethodCall(MethodCallExpression expression)
   at Raven.Client.Documents.Linq.RavenQueryProviderProcessor`1.GetAsyncDocumentQueryFor(Expression expression, Action`1 customization)
  Failed Piranha.Tests.Services.MediaTestsMemoryCache.FilenameHasNoSpaces [33 ms]
  Error Message:
   System.NotSupportedException : Could not understand expression: from 'Medias'.Where(m => op_Implicit(value(Piranha.Repositories.MediaRepository+<>c__DisplayClass6_0).ids).Contains(m.Id)).OrderBy(m => m.Filename)
---- System.NotSupportedException : Expression type not supported: System.Linq.Expressions.TypedParameterExpression
  Stack Trace:
     at Raven.Client.Documents.Linq.RavenQueryProviderProcessor`1.GetAsyncDocumentQueryFor(Expression expression, Action`1 customization)
   at Raven.Client.Documents.Linq.RavenQueryProvider`1.ToAsyncDocumentQuery[TResult](Expression expression)
   at Raven.Client.Documents.LinqExtensions.ToArrayAsync[T](IQueryable`1 source, CancellationToken token)
   at Piranha.Repositories.MediaRepository.GetById(String[] ids) in C:\Users\bbqch\proj\microbians\piranha\data\Piranha.Data.EF\Repositories\MediaRepository.cs:line 78
   at Piranha.Services.MediaService._getFast(IEnumerable`1 ids) in C:\Users\bbqch\proj\microbians\piranha\core\Piranha\Services\Internal\MediaService.cs:line 58
   at Piranha.Tests.Services.MediaTests.DisposeAsync() in C:\Users\bbqch\proj\microbians\piranha\test\Piranha.Tests\Services\MediaTests.cs:line 129
----- Inner Stack Trace -----
   at Raven.Client.Documents.Linq.LinqPathProvider.GetMemberValue(MemberExpression memberExpression)
   at Raven.Client.Documents.Linq.LinqPathProvider.GetValueFromExpressionWithoutConversion(Expression expression, Object& value)
   at Raven.Client.Documents.Linq.RavenQueryProviderProcessor`1.GetValueFromExpression(Expression expression, Type type)
   at Raven.Client.Documents.Linq.RavenQueryProviderProcessor`1.VisitContains(MethodCallExpression expression)
   at Raven.Client.Documents.Linq.RavenQueryProviderProcessor`1.VisitMemoryExtensionsMethodCall(MethodCallExpression expression)
   at Raven.Client.Documents.Linq.RavenQueryProviderProcessor`1.VisitMethodCall(MethodCallExpression expression)
   at Raven.Client.Documents.Linq.RavenQueryProviderProcessor`1.VisitQueryableMethodCall(MethodCallExpression expression)
   at Raven.Client.Documents.Linq.RavenQueryProviderProcessor`1.VisitMethodCall(MethodCallExpression expression)
   at Raven.Client.Documents.Linq.RavenQueryProviderProcessor`1.VisitQueryableMethodCall(MethodCallExpression expression)
   at Raven.Client.Documents.Linq.RavenQueryProviderProcessor`1.VisitMethodCall(MethodCallExpression expression)
   at Raven.Client.Documents.Linq.RavenQueryProviderProcessor`1.GetAsyncDocumentQueryFor(Expression expression, Action`1 customization)
  Failed Piranha.Tests.Services.MediaTestsMemoryCache.GetById [34 ms]
  Error Message:
   System.NotSupportedException : Could not understand expression: from 'Medias'.Where(m => op_Implicit(value(Piranha.Repositories.MediaRepository+<>c__DisplayClass6_0).ids).Contains(m.Id)).OrderBy(m => m.Filename)
---- System.NotSupportedException : Expression type not supported: System.Linq.Expressions.TypedParameterExpression
  Stack Trace:
     at Raven.Client.Documents.Linq.RavenQueryProviderProcessor`1.GetAsyncDocumentQueryFor(Expression expression, Action`1 customization)
   at Raven.Client.Documents.Linq.RavenQueryProvider`1.ToAsyncDocumentQuery[TResult](Expression expression)
   at Raven.Client.Documents.LinqExtensions.ToArrayAsync[T](IQueryable`1 source, CancellationToken token)
   at Piranha.Repositories.MediaRepository.GetById(String[] ids) in C:\Users\bbqch\proj\microbians\piranha\data\Piranha.Data.EF\Repositories\MediaRepository.cs:line 78
   at Piranha.Services.MediaService._getFast(IEnumerable`1 ids) in C:\Users\bbqch\proj\microbians\piranha\core\Piranha\Services\Internal\MediaService.cs:line 58
   at Piranha.Tests.Services.MediaTests.DisposeAsync() in C:\Users\bbqch\proj\microbians\piranha\test\Piranha.Tests\Services\MediaTests.cs:line 129
----- Inner Stack Trace -----
   at Raven.Client.Documents.Linq.LinqPathProvider.GetMemberValue(MemberExpression memberExpression)
   at Raven.Client.Documents.Linq.LinqPathProvider.GetValueFromExpressionWithoutConversion(Expression expression, Object& value)
   at Raven.Client.Documents.Linq.RavenQueryProviderProcessor`1.GetValueFromExpression(Expression expression, Type type)
   at Raven.Client.Documents.Linq.RavenQueryProviderProcessor`1.VisitContains(MethodCallExpression expression)
   at Raven.Client.Documents.Linq.RavenQueryProviderProcessor`1.VisitMemoryExtensionsMethodCall(MethodCallExpression expression)
   at Raven.Client.Documents.Linq.RavenQueryProviderProcessor`1.VisitMethodCall(MethodCallExpression expression)
   at Raven.Client.Documents.Linq.RavenQueryProviderProcessor`1.VisitQueryableMethodCall(MethodCallExpression expression)
   at Raven.Client.Documents.Linq.RavenQueryProviderProcessor`1.VisitMethodCall(MethodCallExpression expression)
   at Raven.Client.Documents.Linq.RavenQueryProviderProcessor`1.VisitQueryableMethodCall(MethodCallExpression expression)
   at Raven.Client.Documents.Linq.RavenQueryProviderProcessor`1.VisitMethodCall(MethodCallExpression expression)
   at Raven.Client.Documents.Linq.RavenQueryProviderProcessor`1.GetAsyncDocumentQueryFor(Expression expression, Action`1 customization)
  Failed Piranha.Tests.Services.MediaTestsMemoryCache.GetByFolderId [54 ms]
  Error Message:
   System.AggregateException : One or more errors occurred. (Could not understand expression: from 'Medias'.Where(m => op_Implicit(value(Piranha.Repositories.MediaRepository+<>c__DisplayClass6_0).ids).Contains(m.Id)).OrderBy(m => m.Filename)) (Could not understand expression: from 'Medias'.Where(m => op_Implicit(value(Piranha.Repositories.MediaRepository+<>c__DisplayClass6_0).ids).Contains(m.Id)).OrderBy(m => m.Filename))
---- System.NotSupportedException : Could not understand expression: from 'Medias'.Where(m => op_Implicit(value(Piranha.Repositories.MediaRepository+<>c__DisplayClass6_0).ids).Contains(m.Id)).OrderBy(m => m.Filename)
-------- System.NotSupportedException : Expression type not supported: System.Linq.Expressions.TypedParameterExpression
---- System.NotSupportedException : Could not understand expression: from 'Medias'.Where(m => op_Implicit(value(Piranha.Repositories.MediaRepository+<>c__DisplayClass6_0).ids).Contains(m.Id)).OrderBy(m => m.Filename)
-------- System.NotSupportedException : Expression type not supported: System.Linq.Expressions.TypedParameterExpression
  Stack Trace:
  
----- Inner Stack Trace #1 (System.NotSupportedException) -----
   at Raven.Client.Documents.Linq.RavenQueryProviderProcessor`1.GetAsyncDocumentQueryFor(Expression expression, Action`1 customization)
   at Raven.Client.Documents.Linq.RavenQueryProvider`1.ToAsyncDocumentQuery[TResult](Expression expression)
   at Raven.Client.Documents.LinqExtensions.ToArrayAsync[T](IQueryable`1 source, CancellationToken token)
   at Piranha.Repositories.MediaRepository.GetById(String[] ids) in C:\Users\bbqch\proj\microbians\piranha\data\Piranha.Data.EF\Repositories\MediaRepository.cs:line 78
   at Piranha.Services.MediaService._getFast(IEnumerable`1 ids) in C:\Users\bbqch\proj\microbians\piranha\core\Piranha\Services\Internal\MediaService.cs:line 58
   at Piranha.Tests.Services.MediaTests.GetByFolderId() in C:\Users\bbqch\proj\microbians\piranha\test\Piranha.Tests\Services\MediaTests.cs:line 192
--- End of stack trace from previous location ---
----- Inner Stack Trace -----
   at Raven.Client.Documents.Linq.LinqPathProvider.GetMemberValue(MemberExpression memberExpression)
   at Raven.Client.Documents.Linq.LinqPathProvider.GetValueFromExpressionWithoutConversion(Expression expression, Object& value)
   at Raven.Client.Documents.Linq.RavenQueryProviderProcessor`1.GetValueFromExpression(Expression expression, Type type)
   at Raven.Client.Documents.Linq.RavenQueryProviderProcessor`1.VisitContains(MethodCallExpression expression)
   at Raven.Client.Documents.Linq.RavenQueryProviderProcessor`1.VisitMemoryExtensionsMethodCall(MethodCallExpression expression)
   at Raven.Client.Documents.Linq.RavenQueryProviderProcessor`1.VisitMethodCall(MethodCallExpression expression)
   at Raven.Client.Documents.Linq.RavenQueryProviderProcessor`1.VisitQueryableMethodCall(MethodCallExpression expression)
   at Raven.Client.Documents.Linq.RavenQueryProviderProcessor`1.VisitMethodCall(MethodCallExpression expression)
   at Raven.Client.Documents.Linq.RavenQueryProviderProcessor`1.VisitQueryableMethodCall(MethodCallExpression expression)
   at Raven.Client.Documents.Linq.RavenQueryProviderProcessor`1.VisitMethodCall(MethodCallExpression expression)
   at Raven.Client.Documents.Linq.RavenQueryProviderProcessor`1.GetAsyncDocumentQueryFor(Expression expression, Action`1 customization)
----- Inner Stack Trace #2 (System.NotSupportedException) -----
   at Raven.Client.Documents.Linq.RavenQueryProviderProcessor`1.GetAsyncDocumentQueryFor(Expression expression, Action`1 customization)
   at Raven.Client.Documents.Linq.RavenQueryProvider`1.ToAsyncDocumentQuery[TResult](Expression expression)
   at Raven.Client.Documents.LinqExtensions.ToArrayAsync[T](IQueryable`1 source, CancellationToken token)
   at Piranha.Repositories.MediaRepository.GetById(String[] ids) in C:\Users\bbqch\proj\microbians\piranha\data\Piranha.Data.EF\Repositories\MediaRepository.cs:line 78
   at Piranha.Services.MediaService._getFast(IEnumerable`1 ids) in C:\Users\bbqch\proj\microbians\piranha\core\Piranha\Services\Internal\MediaService.cs:line 58
   at Piranha.Tests.Services.MediaTests.DisposeAsync() in C:\Users\bbqch\proj\microbians\piranha\test\Piranha.Tests\Services\MediaTests.cs:line 129
----- Inner Stack Trace -----
   at Raven.Client.Documents.Linq.LinqPathProvider.GetMemberValue(MemberExpression memberExpression)
   at Raven.Client.Documents.Linq.LinqPathProvider.GetValueFromExpressionWithoutConversion(Expression expression, Object& value)
   at Raven.Client.Documents.Linq.RavenQueryProviderProcessor`1.GetValueFromExpression(Expression expression, Type type)
   at Raven.Client.Documents.Linq.RavenQueryProviderProcessor`1.VisitContains(MethodCallExpression expression)
   at Raven.Client.Documents.Linq.RavenQueryProviderProcessor`1.VisitMemoryExtensionsMethodCall(MethodCallExpression expression)
   at Raven.Client.Documents.Linq.RavenQueryProviderProcessor`1.VisitMethodCall(MethodCallExpression expression)
   at Raven.Client.Documents.Linq.RavenQueryProviderProcessor`1.VisitQueryableMethodCall(MethodCallExpression expression)
   at Raven.Client.Documents.Linq.RavenQueryProviderProcessor`1.VisitMethodCall(MethodCallExpression expression)
   at Raven.Client.Documents.Linq.RavenQueryProviderProcessor`1.VisitQueryableMethodCall(MethodCallExpression expression)
   at Raven.Client.Documents.Linq.RavenQueryProviderProcessor`1.VisitMethodCall(MethodCallExpression expression)
   at Raven.Client.Documents.Linq.RavenQueryProviderProcessor`1.GetAsyncDocumentQueryFor(Expression expression, Action`1 customization)
  Failed Piranha.Tests.Services.MediaTestsMemoryCache.AltTextNotNull [43 ms]
  Error Message:
   System.NotSupportedException : Could not understand expression: from 'Medias'.Where(m => op_Implicit(value(Piranha.Repositories.MediaRepository+<>c__DisplayClass6_0).ids).Contains(m.Id)).OrderBy(m => m.Filename)
---- System.NotSupportedException : Expression type not supported: System.Linq.Expressions.TypedParameterExpression
  Stack Trace:
     at Raven.Client.Documents.Linq.RavenQueryProviderProcessor`1.GetAsyncDocumentQueryFor(Expression expression, Action`1 customization)
   at Raven.Client.Documents.Linq.RavenQueryProvider`1.ToAsyncDocumentQuery[TResult](Expression expression)
   at Raven.Client.Documents.LinqExtensions.ToArrayAsync[T](IQueryable`1 source, CancellationToken token)
   at Piranha.Repositories.MediaRepository.GetById(String[] ids) in C:\Users\bbqch\proj\microbians\piranha\data\Piranha.Data.EF\Repositories\MediaRepository.cs:line 78
   at Piranha.Services.MediaService._getFast(IEnumerable`1 ids) in C:\Users\bbqch\proj\microbians\piranha\core\Piranha\Services\Internal\MediaService.cs:line 58
   at Piranha.Tests.Services.MediaTests.DisposeAsync() in C:\Users\bbqch\proj\microbians\piranha\test\Piranha.Tests\Services\MediaTests.cs:line 129
----- Inner Stack Trace -----
   at Raven.Client.Documents.Linq.LinqPathProvider.GetMemberValue(MemberExpression memberExpression)
   at Raven.Client.Documents.Linq.LinqPathProvider.GetValueFromExpressionWithoutConversion(Expression expression, Object& value)
   at Raven.Client.Documents.Linq.RavenQueryProviderProcessor`1.GetValueFromExpression(Expression expression, Type type)
   at Raven.Client.Documents.Linq.RavenQueryProviderProcessor`1.VisitContains(MethodCallExpression expression)
   at Raven.Client.Documents.Linq.RavenQueryProviderProcessor`1.VisitMemoryExtensionsMethodCall(MethodCallExpression expression)
   at Raven.Client.Documents.Linq.RavenQueryProviderProcessor`1.VisitMethodCall(MethodCallExpression expression)
   at Raven.Client.Documents.Linq.RavenQueryProviderProcessor`1.VisitQueryableMethodCall(MethodCallExpression expression)
   at Raven.Client.Documents.Linq.RavenQueryProviderProcessor`1.VisitMethodCall(MethodCallExpression expression)
   at Raven.Client.Documents.Linq.RavenQueryProviderProcessor`1.VisitQueryableMethodCall(MethodCallExpression expression)
   at Raven.Client.Documents.Linq.RavenQueryProviderProcessor`1.VisitMethodCall(MethodCallExpression expression)
   at Raven.Client.Documents.Linq.RavenQueryProviderProcessor`1.GetAsyncDocumentQueryFor(Expression expression, Action`1 customization)
  Failed Piranha.Tests.Services.MediaTestsDistributedCache.PublicUrlCDN [48 ms]
  Error Message:
   System.AggregateException : One or more errors occurred. (Assert.Equal() Failure: Strings differ
           ↓ (pos 0)
Expected: "https://mycdn.org/uploads/147602980622537"···
Actual:   "~/uploads/1476029806225379328-HLD_Screens"···
           ↑ (pos 0)) (Could not understand expression: from 'Medias'.Where(m => op_Implicit(value(Piranha.Repositories.MediaRepository+<>c__DisplayClass6_0).ids).Contains(m.Id)).OrderBy(m => m.Filename))
---- Assert.Equal() Failure: Strings differ
           ↓ (pos 0)
Expected: "https://mycdn.org/uploads/147602980622537"···
Actual:   "~/uploads/1476029806225379328-HLD_Screens"···
           ↑ (pos 0)
---- System.NotSupportedException : Could not understand expression: from 'Medias'.Where(m => op_Implicit(value(Piranha.Repositories.MediaRepository+<>c__DisplayClass6_0).ids).Contains(m.Id)).OrderBy(m => m.Filename)
-------- System.NotSupportedException : Expression type not supported: System.Linq.Expressions.TypedParameterExpression
  Stack Trace:
  
----- Inner Stack Trace #1 (Xunit.Sdk.EqualException) -----
   at Piranha.Tests.Services.MediaTests.PublicUrlCDN() in C:\Users\bbqch\proj\microbians\piranha\test\Piranha.Tests\Services\MediaTests.cs:line 327
--- End of stack trace from previous location ---
----- Inner Stack Trace #2 (System.NotSupportedException) -----
   at Raven.Client.Documents.Linq.RavenQueryProviderProcessor`1.GetAsyncDocumentQueryFor(Expression expression, Action`1 customization)
   at Raven.Client.Documents.Linq.RavenQueryProvider`1.ToAsyncDocumentQuery[TResult](Expression expression)
   at Raven.Client.Documents.LinqExtensions.ToArrayAsync[T](IQueryable`1 source, CancellationToken token)
   at Piranha.Repositories.MediaRepository.GetById(String[] ids) in C:\Users\bbqch\proj\microbians\piranha\data\Piranha.Data.EF\Repositories\MediaRepository.cs:line 78
   at Piranha.Services.MediaService._getFast(IEnumerable`1 ids) in C:\Users\bbqch\proj\microbians\piranha\core\Piranha\Services\Internal\MediaService.cs:line 58
   at Piranha.Tests.Services.MediaTests.DisposeAsync() in C:\Users\bbqch\proj\microbians\piranha\test\Piranha.Tests\Services\MediaTests.cs:line 129
----- Inner Stack Trace -----
   at Raven.Client.Documents.Linq.LinqPathProvider.GetMemberValue(MemberExpression memberExpression)
   at Raven.Client.Documents.Linq.LinqPathProvider.GetValueFromExpressionWithoutConversion(Expression expression, Object& value)
   at Raven.Client.Documents.Linq.RavenQueryProviderProcessor`1.GetValueFromExpression(Expression expression, Type type)
   at Raven.Client.Documents.Linq.RavenQueryProviderProcessor`1.VisitContains(MethodCallExpression expression)
   at Raven.Client.Documents.Linq.RavenQueryProviderProcessor`1.VisitMemoryExtensionsMethodCall(MethodCallExpression expression)
   at Raven.Client.Documents.Linq.RavenQueryProviderProcessor`1.VisitMethodCall(MethodCallExpression expression)
   at Raven.Client.Documents.Linq.RavenQueryProviderProcessor`1.VisitQueryableMethodCall(MethodCallExpression expression)
   at Raven.Client.Documents.Linq.RavenQueryProviderProcessor`1.VisitMethodCall(MethodCallExpression expression)
   at Raven.Client.Documents.Linq.RavenQueryProviderProcessor`1.VisitQueryableMethodCall(MethodCallExpression expression)
   at Raven.Client.Documents.Linq.RavenQueryProviderProcessor`1.VisitMethodCall(MethodCallExpression expression)
   at Raven.Client.Documents.Linq.RavenQueryProviderProcessor`1.GetAsyncDocumentQueryFor(Expression expression, Action`1 customization)
  Failed Piranha.Tests.Services.MediaTestsDistributedCache.Delete [46 ms]
  Error Message:
   System.NotSupportedException : Could not understand expression: from 'Medias'.Where(m => op_Implicit(value(Piranha.Repositories.MediaRepository+<>c__DisplayClass6_0).ids).Contains(m.Id)).OrderBy(m => m.Filename)
---- System.NotSupportedException : Expression type not supported: System.Linq.Expressions.TypedParameterExpression
  Stack Trace:
     at Raven.Client.Documents.Linq.RavenQueryProviderProcessor`1.GetAsyncDocumentQueryFor(Expression expression, Action`1 customization)
   at Raven.Client.Documents.Linq.RavenQueryProvider`1.ToAsyncDocumentQuery[TResult](Expression expression)
   at Raven.Client.Documents.LinqExtensions.ToArrayAsync[T](IQueryable`1 source, CancellationToken token)
   at Piranha.Repositories.MediaRepository.GetById(String[] ids) in C:\Users\bbqch\proj\microbians\piranha\data\Piranha.Data.EF\Repositories\MediaRepository.cs:line 78
   at Piranha.Services.MediaService._getFast(IEnumerable`1 ids) in C:\Users\bbqch\proj\microbians\piranha\core\Piranha\Services\Internal\MediaService.cs:line 58
   at Piranha.Tests.Services.MediaTests.DisposeAsync() in C:\Users\bbqch\proj\microbians\piranha\test\Piranha.Tests\Services\MediaTests.cs:line 129
----- Inner Stack Trace -----
   at Raven.Client.Documents.Linq.LinqPathProvider.GetMemberValue(MemberExpression memberExpression)
   at Raven.Client.Documents.Linq.LinqPathProvider.GetValueFromExpressionWithoutConversion(Expression expression, Object& value)
   at Raven.Client.Documents.Linq.RavenQueryProviderProcessor`1.GetValueFromExpression(Expression expression, Type type)
   at Raven.Client.Documents.Linq.RavenQueryProviderProcessor`1.VisitContains(MethodCallExpression expression)
   at Raven.Client.Documents.Linq.RavenQueryProviderProcessor`1.VisitMemoryExtensionsMethodCall(MethodCallExpression expression)
   at Raven.Client.Documents.Linq.RavenQueryProviderProcessor`1.VisitMethodCall(MethodCallExpression expression)
   at Raven.Client.Documents.Linq.RavenQueryProviderProcessor`1.VisitQueryableMethodCall(MethodCallExpression expression)
   at Raven.Client.Documents.Linq.RavenQueryProviderProcessor`1.VisitMethodCall(MethodCallExpression expression)
   at Raven.Client.Documents.Linq.RavenQueryProviderProcessor`1.VisitQueryableMethodCall(MethodCallExpression expression)
   at Raven.Client.Documents.Linq.RavenQueryProviderProcessor`1.VisitMethodCall(MethodCallExpression expression)
   at Raven.Client.Documents.Linq.RavenQueryProviderProcessor`1.GetAsyncDocumentQueryFor(Expression expression, Action`1 customization)
  Failed Piranha.Tests.Services.MediaTestsDistributedCache.Insert [130 ms]
  Error Message:
   System.NotSupportedException : Could not understand expression: from 'Medias'.Where(m => op_Implicit(value(Piranha.Repositories.MediaRepository+<>c__DisplayClass6_0).ids).Contains(m.Id)).OrderBy(m => m.Filename)
---- System.NotSupportedException : Expression type not supported: System.Linq.Expressions.TypedParameterExpression
  Stack Trace:
     at Raven.Client.Documents.Linq.RavenQueryProviderProcessor`1.GetAsyncDocumentQueryFor(Expression expression, Action`1 customization)
   at Raven.Client.Documents.Linq.RavenQueryProvider`1.ToAsyncDocumentQuery[TResult](Expression expression)
   at Raven.Client.Documents.LinqExtensions.ToArrayAsync[T](IQueryable`1 source, CancellationToken token)
   at Piranha.Repositories.MediaRepository.GetById(String[] ids) in C:\Users\bbqch\proj\microbians\piranha\data\Piranha.Data.EF\Repositories\MediaRepository.cs:line 78
   at Piranha.Services.MediaService._getFast(IEnumerable`1 ids) in C:\Users\bbqch\proj\microbians\piranha\core\Piranha\Services\Internal\MediaService.cs:line 58
   at Piranha.Tests.Services.MediaTests.DisposeAsync() in C:\Users\bbqch\proj\microbians\piranha\test\Piranha.Tests\Services\MediaTests.cs:line 129
----- Inner Stack Trace -----
   at Raven.Client.Documents.Linq.LinqPathProvider.GetMemberValue(MemberExpression memberExpression)
   at Raven.Client.Documents.Linq.LinqPathProvider.GetValueFromExpressionWithoutConversion(Expression expression, Object& value)
   at Raven.Client.Documents.Linq.RavenQueryProviderProcessor`1.GetValueFromExpression(Expression expression, Type type)
   at Raven.Client.Documents.Linq.RavenQueryProviderProcessor`1.VisitContains(MethodCallExpression expression)
   at Raven.Client.Documents.Linq.RavenQueryProviderProcessor`1.VisitMemoryExtensionsMethodCall(MethodCallExpression expression)
   at Raven.Client.Documents.Linq.RavenQueryProviderProcessor`1.VisitMethodCall(MethodCallExpression expression)
   at Raven.Client.Documents.Linq.RavenQueryProviderProcessor`1.VisitQueryableMethodCall(MethodCallExpression expression)
   at Raven.Client.Documents.Linq.RavenQueryProviderProcessor`1.VisitMethodCall(MethodCallExpression expression)
   at Raven.Client.Documents.Linq.RavenQueryProviderProcessor`1.VisitQueryableMethodCall(MethodCallExpression expression)
   at Raven.Client.Documents.Linq.RavenQueryProviderProcessor`1.VisitMethodCall(MethodCallExpression expression)
   at Raven.Client.Documents.Linq.RavenQueryProviderProcessor`1.GetAsyncDocumentQueryFor(Expression expression, Action`1 customization)
  Failed Piranha.Tests.Services.MediaTestsDistributedCache.HasProperty [35 ms]
  Error Message:
   System.NotSupportedException : Could not understand expression: from 'Medias'.Where(m => op_Implicit(value(Piranha.Repositories.MediaRepository+<>c__DisplayClass6_0).ids).Contains(m.Id)).OrderBy(m => m.Filename)
---- System.NotSupportedException : Expression type not supported: System.Linq.Expressions.TypedParameterExpression
  Stack Trace:
     at Raven.Client.Documents.Linq.RavenQueryProviderProcessor`1.GetAsyncDocumentQueryFor(Expression expression, Action`1 customization)
   at Raven.Client.Documents.Linq.RavenQueryProvider`1.ToAsyncDocumentQuery[TResult](Expression expression)
   at Raven.Client.Documents.LinqExtensions.ToArrayAsync[T](IQueryable`1 source, CancellationToken token)
   at Piranha.Repositories.MediaRepository.GetById(String[] ids) in C:\Users\bbqch\proj\microbians\piranha\data\Piranha.Data.EF\Repositories\MediaRepository.cs:line 78
   at Piranha.Services.MediaService._getFast(IEnumerable`1 ids) in C:\Users\bbqch\proj\microbians\piranha\core\Piranha\Services\Internal\MediaService.cs:line 58
   at Piranha.Tests.Services.MediaTests.DisposeAsync() in C:\Users\bbqch\proj\microbians\piranha\test\Piranha.Tests\Services\MediaTests.cs:line 129
----- Inner Stack Trace -----
   at Raven.Client.Documents.Linq.LinqPathProvider.GetMemberValue(MemberExpression memberExpression)
   at Raven.Client.Documents.Linq.LinqPathProvider.GetValueFromExpressionWithoutConversion(Expression expression, Object& value)
   at Raven.Client.Documents.Linq.RavenQueryProviderProcessor`1.GetValueFromExpression(Expression expression, Type type)
   at Raven.Client.Documents.Linq.RavenQueryProviderProcessor`1.VisitContains(MethodCallExpression expression)
   at Raven.Client.Documents.Linq.RavenQueryProviderProcessor`1.VisitMemoryExtensionsMethodCall(MethodCallExpression expression)
   at Raven.Client.Documents.Linq.RavenQueryProviderProcessor`1.VisitMethodCall(MethodCallExpression expression)
   at Raven.Client.Documents.Linq.RavenQueryProviderProcessor`1.VisitQueryableMethodCall(MethodCallExpression expression)
   at Raven.Client.Documents.Linq.RavenQueryProviderProcessor`1.VisitMethodCall(MethodCallExpression expression)
   at Raven.Client.Documents.Linq.RavenQueryProviderProcessor`1.VisitQueryableMethodCall(MethodCallExpression expression)
   at Raven.Client.Documents.Linq.RavenQueryProviderProcessor`1.VisitMethodCall(MethodCallExpression expression)
   at Raven.Client.Documents.Linq.RavenQueryProviderProcessor`1.GetAsyncDocumentQueryFor(Expression expression, Action`1 customization)
  Failed Piranha.Tests.Services.MediaTestsDistributedCache.DescriptionNotNull [31 ms]
  Error Message:
   System.NotSupportedException : Could not understand expression: from 'Medias'.Where(m => op_Implicit(value(Piranha.Repositories.MediaRepository+<>c__DisplayClass6_0).ids).Contains(m.Id)).OrderBy(m => m.Filename)
---- System.NotSupportedException : Expression type not supported: System.Linq.Expressions.TypedParameterExpression
  Stack Trace:
     at Raven.Client.Documents.Linq.RavenQueryProviderProcessor`1.GetAsyncDocumentQueryFor(Expression expression, Action`1 customization)
   at Raven.Client.Documents.Linq.RavenQueryProvider`1.ToAsyncDocumentQuery[TResult](Expression expression)
   at Raven.Client.Documents.LinqExtensions.ToArrayAsync[T](IQueryable`1 source, CancellationToken token)
   at Piranha.Repositories.MediaRepository.GetById(String[] ids) in C:\Users\bbqch\proj\microbians\piranha\data\Piranha.Data.EF\Repositories\MediaRepository.cs:line 78
   at Piranha.Services.MediaService._getFast(IEnumerable`1 ids) in C:\Users\bbqch\proj\microbians\piranha\core\Piranha\Services\Internal\MediaService.cs:line 58
   at Piranha.Tests.Services.MediaTests.DisposeAsync() in C:\Users\bbqch\proj\microbians\piranha\test\Piranha.Tests\Services\MediaTests.cs:line 129
----- Inner Stack Trace -----
   at Raven.Client.Documents.Linq.LinqPathProvider.GetMemberValue(MemberExpression memberExpression)
   at Raven.Client.Documents.Linq.LinqPathProvider.GetValueFromExpressionWithoutConversion(Expression expression, Object& value)
   at Raven.Client.Documents.Linq.RavenQueryProviderProcessor`1.GetValueFromExpression(Expression expression, Type type)
   at Raven.Client.Documents.Linq.RavenQueryProviderProcessor`1.VisitContains(MethodCallExpression expression)
   at Raven.Client.Documents.Linq.RavenQueryProviderProcessor`1.VisitMemoryExtensionsMethodCall(MethodCallExpression expression)
   at Raven.Client.Documents.Linq.RavenQueryProviderProcessor`1.VisitMethodCall(MethodCallExpression expression)
   at Raven.Client.Documents.Linq.RavenQueryProviderProcessor`1.VisitQueryableMethodCall(MethodCallExpression expression)
   at Raven.Client.Documents.Linq.RavenQueryProviderProcessor`1.VisitMethodCall(MethodCallExpression expression)
   at Raven.Client.Documents.Linq.RavenQueryProviderProcessor`1.VisitQueryableMethodCall(MethodCallExpression expression)
   at Raven.Client.Documents.Linq.RavenQueryProviderProcessor`1.VisitMethodCall(MethodCallExpression expression)
   at Raven.Client.Documents.Linq.RavenQueryProviderProcessor`1.GetAsyncDocumentQueryFor(Expression expression, Action`1 customization)
  Failed Piranha.Tests.Services.MediaTestsDistributedCache.TitleNotNull [30 ms]
  Error Message:
   System.NotSupportedException : Could not understand expression: from 'Medias'.Where(m => op_Implicit(value(Piranha.Repositories.MediaRepository+<>c__DisplayClass6_0).ids).Contains(m.Id)).OrderBy(m => m.Filename)
---- System.NotSupportedException : Expression type not supported: System.Linq.Expressions.TypedParameterExpression
  Stack Trace:
     at Raven.Client.Documents.Linq.RavenQueryProviderProcessor`1.GetAsyncDocumentQueryFor(Expression expression, Action`1 customization)
   at Raven.Client.Documents.Linq.RavenQueryProvider`1.ToAsyncDocumentQuery[TResult](Expression expression)
   at Raven.Client.Documents.LinqExtensions.ToArrayAsync[T](IQueryable`1 source, CancellationToken token)
   at Piranha.Repositories.MediaRepository.GetById(String[] ids) in C:\Users\bbqch\proj\microbians\piranha\data\Piranha.Data.EF\Repositories\MediaRepository.cs:line 78
   at Piranha.Services.MediaService._getFast(IEnumerable`1 ids) in C:\Users\bbqch\proj\microbians\piranha\core\Piranha\Services\Internal\MediaService.cs:line 58
   at Piranha.Tests.Services.MediaTests.DisposeAsync() in C:\Users\bbqch\proj\microbians\piranha\test\Piranha.Tests\Services\MediaTests.cs:line 129
----- Inner Stack Trace -----
   at Raven.Client.Documents.Linq.LinqPathProvider.GetMemberValue(MemberExpression memberExpression)
   at Raven.Client.Documents.Linq.LinqPathProvider.GetValueFromExpressionWithoutConversion(Expression expression, Object& value)
   at Raven.Client.Documents.Linq.RavenQueryProviderProcessor`1.GetValueFromExpression(Expression expression, Type type)
   at Raven.Client.Documents.Linq.RavenQueryProviderProcessor`1.VisitContains(MethodCallExpression expression)
   at Raven.Client.Documents.Linq.RavenQueryProviderProcessor`1.VisitMemoryExtensionsMethodCall(MethodCallExpression expression)
   at Raven.Client.Documents.Linq.RavenQueryProviderProcessor`1.VisitMethodCall(MethodCallExpression expression)
   at Raven.Client.Documents.Linq.RavenQueryProviderProcessor`1.VisitQueryableMethodCall(MethodCallExpression expression)
   at Raven.Client.Documents.Linq.RavenQueryProviderProcessor`1.VisitMethodCall(MethodCallExpression expression)
   at Raven.Client.Documents.Linq.RavenQueryProviderProcessor`1.VisitQueryableMethodCall(MethodCallExpression expression)
   at Raven.Client.Documents.Linq.RavenQueryProviderProcessor`1.VisitMethodCall(MethodCallExpression expression)
   at Raven.Client.Documents.Linq.RavenQueryProviderProcessor`1.GetAsyncDocumentQueryFor(Expression expression, Action`1 customization)
  Failed Piranha.Tests.Services.MediaTestsDistributedCache.GetByFolderId [52 ms]
  Error Message:
   System.AggregateException : One or more errors occurred. (Could not understand expression: from 'Medias'.Where(m => op_Implicit(value(Piranha.Repositories.MediaRepository+<>c__DisplayClass6_0).ids).Contains(m.Id)).OrderBy(m => m.Filename)) (Could not understand expression: from 'Medias'.Where(m => op_Implicit(value(Piranha.Repositories.MediaRepository+<>c__DisplayClass6_0).ids).Contains(m.Id)).OrderBy(m => m.Filename))
---- System.NotSupportedException : Could not understand expression: from 'Medias'.Where(m => op_Implicit(value(Piranha.Repositories.MediaRepository+<>c__DisplayClass6_0).ids).Contains(m.Id)).OrderBy(m => m.Filename)
-------- System.NotSupportedException : Expression type not supported: System.Linq.Expressions.TypedParameterExpression
---- System.NotSupportedException : Could not understand expression: from 'Medias'.Where(m => op_Implicit(value(Piranha.Repositories.MediaRepository+<>c__DisplayClass6_0).ids).Contains(m.Id)).OrderBy(m => m.Filename)
-------- System.NotSupportedException : Expression type not supported: System.Linq.Expressions.TypedParameterExpression
  Stack Trace:
  
----- Inner Stack Trace #1 (System.NotSupportedException) -----
   at Raven.Client.Documents.Linq.RavenQueryProviderProcessor`1.GetAsyncDocumentQueryFor(Expression expression, Action`1 customization)
   at Raven.Client.Documents.Linq.RavenQueryProvider`1.ToAsyncDocumentQuery[TResult](Expression expression)
   at Raven.Client.Documents.LinqExtensions.ToArrayAsync[T](IQueryable`1 source, CancellationToken token)
   at Piranha.Repositories.MediaRepository.GetById(String[] ids) in C:\Users\bbqch\proj\microbians\piranha\data\Piranha.Data.EF\Repositories\MediaRepository.cs:line 78
   at Piranha.Services.MediaService._getFast(IEnumerable`1 ids) in C:\Users\bbqch\proj\microbians\piranha\core\Piranha\Services\Internal\MediaService.cs:line 58
   at Piranha.Tests.Services.MediaTests.GetByFolderId() in C:\Users\bbqch\proj\microbians\piranha\test\Piranha.Tests\Services\MediaTests.cs:line 192
--- End of stack trace from previous location ---
----- Inner Stack Trace -----
   at Raven.Client.Documents.Linq.LinqPathProvider.GetMemberValue(MemberExpression memberExpression)
   at Raven.Client.Documents.Linq.LinqPathProvider.GetValueFromExpressionWithoutConversion(Expression expression, Object& value)
   at Raven.Client.Documents.Linq.RavenQueryProviderProcessor`1.GetValueFromExpression(Expression expression, Type type)
   at Raven.Client.Documents.Linq.RavenQueryProviderProcessor`1.VisitContains(MethodCallExpression expression)
   at Raven.Client.Documents.Linq.RavenQueryProviderProcessor`1.VisitMemoryExtensionsMethodCall(MethodCallExpression expression)
   at Raven.Client.Documents.Linq.RavenQueryProviderProcessor`1.VisitMethodCall(MethodCallExpression expression)
   at Raven.Client.Documents.Linq.RavenQueryProviderProcessor`1.VisitQueryableMethodCall(MethodCallExpression expression)
   at Raven.Client.Documents.Linq.RavenQueryProviderProcessor`1.VisitMethodCall(MethodCallExpression expression)
   at Raven.Client.Documents.Linq.RavenQueryProviderProcessor`1.VisitQueryableMethodCall(MethodCallExpression expression)
   at Raven.Client.Documents.Linq.RavenQueryProviderProcessor`1.VisitMethodCall(MethodCallExpression expression)
   at Raven.Client.Documents.Linq.RavenQueryProviderProcessor`1.GetAsyncDocumentQueryFor(Expression expression, Action`1 customization)
----- Inner Stack Trace #2 (System.NotSupportedException) -----
   at Raven.Client.Documents.Linq.RavenQueryProviderProcessor`1.GetAsyncDocumentQueryFor(Expression expression, Action`1 customization)
   at Raven.Client.Documents.Linq.RavenQueryProvider`1.ToAsyncDocumentQuery[TResult](Expression expression)
   at Raven.Client.Documents.LinqExtensions.ToArrayAsync[T](IQueryable`1 source, CancellationToken token)
   at Piranha.Repositories.MediaRepository.GetById(String[] ids) in C:\Users\bbqch\proj\microbians\piranha\data\Piranha.Data.EF\Repositories\MediaRepository.cs:line 78
   at Piranha.Services.MediaService._getFast(IEnumerable`1 ids) in C:\Users\bbqch\proj\microbians\piranha\core\Piranha\Services\Internal\MediaService.cs:line 58
   at Piranha.Tests.Services.MediaTests.DisposeAsync() in C:\Users\bbqch\proj\microbians\piranha\test\Piranha.Tests\Services\MediaTests.cs:line 129
----- Inner Stack Trace -----
   at Raven.Client.Documents.Linq.LinqPathProvider.GetMemberValue(MemberExpression memberExpression)
   at Raven.Client.Documents.Linq.LinqPathProvider.GetValueFromExpressionWithoutConversion(Expression expression, Object& value)
   at Raven.Client.Documents.Linq.RavenQueryProviderProcessor`1.GetValueFromExpression(Expression expression, Type type)
   at Raven.Client.Documents.Linq.RavenQueryProviderProcessor`1.VisitContains(MethodCallExpression expression)
   at Raven.Client.Documents.Linq.RavenQueryProviderProcessor`1.VisitMemoryExtensionsMethodCall(MethodCallExpression expression)
   at Raven.Client.Documents.Linq.RavenQueryProviderProcessor`1.VisitMethodCall(MethodCallExpression expression)
   at Raven.Client.Documents.Linq.RavenQueryProviderProcessor`1.VisitQueryableMethodCall(MethodCallExpression expression)
   at Raven.Client.Documents.Linq.RavenQueryProviderProcessor`1.VisitMethodCall(MethodCallExpression expression)
   at Raven.Client.Documents.Linq.RavenQueryProviderProcessor`1.VisitQueryableMethodCall(MethodCallExpression expression)
   at Raven.Client.Documents.Linq.RavenQueryProviderProcessor`1.VisitMethodCall(MethodCallExpression expression)
   at Raven.Client.Documents.Linq.RavenQueryProviderProcessor`1.GetAsyncDocumentQueryFor(Expression expression, Action`1 customization)
  Failed Piranha.Tests.Services.MediaTestsDistributedCache.GetAll [50 ms]
  Error Message:
   System.AggregateException : One or more errors occurred. (Could not understand expression: from 'Medias'.Where(m => op_Implicit(value(Piranha.Repositories.MediaRepository+<>c__DisplayClass6_0).ids).Contains(m.Id)).OrderBy(m => m.Filename)) (Could not understand expression: from 'Medias'.Where(m => op_Implicit(value(Piranha.Repositories.MediaRepository+<>c__DisplayClass6_0).ids).Contains(m.Id)).OrderBy(m => m.Filename))
---- System.NotSupportedException : Could not understand expression: from 'Medias'.Where(m => op_Implicit(value(Piranha.Repositories.MediaRepository+<>c__DisplayClass6_0).ids).Contains(m.Id)).OrderBy(m => m.Filename)
-------- System.NotSupportedException : Expression type not supported: System.Linq.Expressions.TypedParameterExpression
---- System.NotSupportedException : Could not understand expression: from 'Medias'.Where(m => op_Implicit(value(Piranha.Repositories.MediaRepository+<>c__DisplayClass6_0).ids).Contains(m.Id)).OrderBy(m => m.Filename)
-------- System.NotSupportedException : Expression type not supported: System.Linq.Expressions.TypedParameterExpression
  Stack Trace:
  
----- Inner Stack Trace #1 (System.NotSupportedException) -----
   at Raven.Client.Documents.Linq.RavenQueryProviderProcessor`1.GetAsyncDocumentQueryFor(Expression expression, Action`1 customization)
   at Raven.Client.Documents.Linq.RavenQueryProvider`1.ToAsyncDocumentQuery[TResult](Expression expression)
   at Raven.Client.Documents.LinqExtensions.ToArrayAsync[T](IQueryable`1 source, CancellationToken token)
   at Piranha.Repositories.MediaRepository.GetById(String[] ids) in C:\Users\bbqch\proj\microbians\piranha\data\Piranha.Data.EF\Repositories\MediaRepository.cs:line 78
   at Piranha.Services.MediaService._getFast(IEnumerable`1 ids) in C:\Users\bbqch\proj\microbians\piranha\core\Piranha\Services\Internal\MediaService.cs:line 58
   at Piranha.Tests.Services.MediaTests.GetAll() in C:\Users\bbqch\proj\microbians\piranha\test\Piranha.Tests\Services\MediaTests.cs:line 167
--- End of stack trace from previous location ---
----- Inner Stack Trace -----
   at Raven.Client.Documents.Linq.LinqPathProvider.GetMemberValue(MemberExpression memberExpression)
   at Raven.Client.Documents.Linq.LinqPathProvider.GetValueFromExpressionWithoutConversion(Expression expression, Object& value)
   at Raven.Client.Documents.Linq.RavenQueryProviderProcessor`1.GetValueFromExpression(Expression expression, Type type)
   at Raven.Client.Documents.Linq.RavenQueryProviderProcessor`1.VisitContains(MethodCallExpression expression)
   at Raven.Client.Documents.Linq.RavenQueryProviderProcessor`1.VisitMemoryExtensionsMethodCall(MethodCallExpression expression)
   at Raven.Client.Documents.Linq.RavenQueryProviderProcessor`1.VisitMethodCall(MethodCallExpression expression)
   at Raven.Client.Documents.Linq.RavenQueryProviderProcessor`1.VisitQueryableMethodCall(MethodCallExpression expression)
   at Raven.Client.Documents.Linq.RavenQueryProviderProcessor`1.VisitMethodCall(MethodCallExpression expression)
   at Raven.Client.Documents.Linq.RavenQueryProviderProcessor`1.VisitQueryableMethodCall(MethodCallExpression expression)
   at Raven.Client.Documents.Linq.RavenQueryProviderProcessor`1.VisitMethodCall(MethodCallExpression expression)
   at Raven.Client.Documents.Linq.RavenQueryProviderProcessor`1.GetAsyncDocumentQueryFor(Expression expression, Action`1 customization)
----- Inner Stack Trace #2 (System.NotSupportedException) -----
   at Raven.Client.Documents.Linq.RavenQueryProviderProcessor`1.GetAsyncDocumentQueryFor(Expression expression, Action`1 customization)
   at Raven.Client.Documents.Linq.RavenQueryProvider`1.ToAsyncDocumentQuery[TResult](Expression expression)
   at Raven.Client.Documents.LinqExtensions.ToArrayAsync[T](IQueryable`1 source, CancellationToken token)
   at Piranha.Repositories.MediaRepository.GetById(String[] ids) in C:\Users\bbqch\proj\microbians\piranha\data\Piranha.Data.EF\Repositories\MediaRepository.cs:line 78
   at Piranha.Services.MediaService._getFast(IEnumerable`1 ids) in C:\Users\bbqch\proj\microbians\piranha\core\Piranha\Services\Internal\MediaService.cs:line 58
   at Piranha.Tests.Services.MediaTests.DisposeAsync() in C:\Users\bbqch\proj\microbians\piranha\test\Piranha.Tests\Services\MediaTests.cs:line 129
----- Inner Stack Trace -----
   at Raven.Client.Documents.Linq.LinqPathProvider.GetMemberValue(MemberExpression memberExpression)
   at Raven.Client.Documents.Linq.LinqPathProvider.GetValueFromExpressionWithoutConversion(Expression expression, Object& value)
   at Raven.Client.Documents.Linq.RavenQueryProviderProcessor`1.GetValueFromExpression(Expression expression, Type type)
   at Raven.Client.Documents.Linq.RavenQueryProviderProcessor`1.VisitContains(MethodCallExpression expression)
   at Raven.Client.Documents.Linq.RavenQueryProviderProcessor`1.VisitMemoryExtensionsMethodCall(MethodCallExpression expression)
   at Raven.Client.Documents.Linq.RavenQueryProviderProcessor`1.VisitMethodCall(MethodCallExpression expression)
   at Raven.Client.Documents.Linq.RavenQueryProviderProcessor`1.VisitQueryableMethodCall(MethodCallExpression expression)
   at Raven.Client.Documents.Linq.RavenQueryProviderProcessor`1.VisitMethodCall(MethodCallExpression expression)
   at Raven.Client.Documents.Linq.RavenQueryProviderProcessor`1.VisitQueryableMethodCall(MethodCallExpression expression)
   at Raven.Client.Documents.Linq.RavenQueryProviderProcessor`1.VisitMethodCall(MethodCallExpression expression)
   at Raven.Client.Documents.Linq.RavenQueryProviderProcessor`1.GetAsyncDocumentQueryFor(Expression expression, Action`1 customization)
  Failed Piranha.Tests.Services.MediaTestsDistributedCache.IsCached [33 ms]
  Error Message:
   System.NotSupportedException : Could not understand expression: from 'Medias'.Where(m => op_Implicit(value(Piranha.Repositories.MediaRepository+<>c__DisplayClass6_0).ids).Contains(m.Id)).OrderBy(m => m.Filename)
---- System.NotSupportedException : Expression type not supported: System.Linq.Expressions.TypedParameterExpression
  Stack Trace:
     at Raven.Client.Documents.Linq.RavenQueryProviderProcessor`1.GetAsyncDocumentQueryFor(Expression expression, Action`1 customization)
   at Raven.Client.Documents.Linq.RavenQueryProvider`1.ToAsyncDocumentQuery[TResult](Expression expression)
   at Raven.Client.Documents.LinqExtensions.ToArrayAsync[T](IQueryable`1 source, CancellationToken token)
   at Piranha.Repositories.MediaRepository.GetById(String[] ids) in C:\Users\bbqch\proj\microbians\piranha\data\Piranha.Data.EF\Repositories\MediaRepository.cs:line 78
   at Piranha.Services.MediaService._getFast(IEnumerable`1 ids) in C:\Users\bbqch\proj\microbians\piranha\core\Piranha\Services\Internal\MediaService.cs:line 58
   at Piranha.Tests.Services.MediaTests.DisposeAsync() in C:\Users\bbqch\proj\microbians\piranha\test\Piranha.Tests\Services\MediaTests.cs:line 129
----- Inner Stack Trace -----
   at Raven.Client.Documents.Linq.LinqPathProvider.GetMemberValue(MemberExpression memberExpression)
   at Raven.Client.Documents.Linq.LinqPathProvider.GetValueFromExpressionWithoutConversion(Expression expression, Object& value)
   at Raven.Client.Documents.Linq.RavenQueryProviderProcessor`1.GetValueFromExpression(Expression expression, Type type)
   at Raven.Client.Documents.Linq.RavenQueryProviderProcessor`1.VisitContains(MethodCallExpression expression)
   at Raven.Client.Documents.Linq.RavenQueryProviderProcessor`1.VisitMemoryExtensionsMethodCall(MethodCallExpression expression)
   at Raven.Client.Documents.Linq.RavenQueryProviderProcessor`1.VisitMethodCall(MethodCallExpression expression)
   at Raven.Client.Documents.Linq.RavenQueryProviderProcessor`1.VisitQueryableMethodCall(MethodCallExpression expression)
   at Raven.Client.Documents.Linq.RavenQueryProviderProcessor`1.VisitMethodCall(MethodCallExpression expression)
   at Raven.Client.Documents.Linq.RavenQueryProviderProcessor`1.VisitQueryableMethodCall(MethodCallExpression expression)
   at Raven.Client.Documents.Linq.RavenQueryProviderProcessor`1.VisitMethodCall(MethodCallExpression expression)
   at Raven.Client.Documents.Linq.RavenQueryProviderProcessor`1.GetAsyncDocumentQueryFor(Expression expression, Action`1 customization)
  Failed Piranha.Tests.Services.MediaTestsDistributedCache.FilenameHasNoSpaces [36 ms]
  Error Message:
   System.NotSupportedException : Could not understand expression: from 'Medias'.Where(m => op_Implicit(value(Piranha.Repositories.MediaRepository+<>c__DisplayClass6_0).ids).Contains(m.Id)).OrderBy(m => m.Filename)
---- System.NotSupportedException : Expression type not supported: System.Linq.Expressions.TypedParameterExpression
  Stack Trace:
     at Raven.Client.Documents.Linq.RavenQueryProviderProcessor`1.GetAsyncDocumentQueryFor(Expression expression, Action`1 customization)
   at Raven.Client.Documents.Linq.RavenQueryProvider`1.ToAsyncDocumentQuery[TResult](Expression expression)
   at Raven.Client.Documents.LinqExtensions.ToArrayAsync[T](IQueryable`1 source, CancellationToken token)
   at Piranha.Repositories.MediaRepository.GetById(String[] ids) in C:\Users\bbqch\proj\microbians\piranha\data\Piranha.Data.EF\Repositories\MediaRepository.cs:line 78
   at Piranha.Services.MediaService._getFast(IEnumerable`1 ids) in C:\Users\bbqch\proj\microbians\piranha\core\Piranha\Services\Internal\MediaService.cs:line 58
   at Piranha.Tests.Services.MediaTests.DisposeAsync() in C:\Users\bbqch\proj\microbians\piranha\test\Piranha.Tests\Services\MediaTests.cs:line 129
----- Inner Stack Trace -----
   at Raven.Client.Documents.Linq.LinqPathProvider.GetMemberValue(MemberExpression memberExpression)
   at Raven.Client.Documents.Linq.LinqPathProvider.GetValueFromExpressionWithoutConversion(Expression expression, Object& value)
   at Raven.Client.Documents.Linq.RavenQueryProviderProcessor`1.GetValueFromExpression(Expression expression, Type type)
   at Raven.Client.Documents.Linq.RavenQueryProviderProcessor`1.VisitContains(MethodCallExpression expression)
   at Raven.Client.Documents.Linq.RavenQueryProviderProcessor`1.VisitMemoryExtensionsMethodCall(MethodCallExpression expression)
   at Raven.Client.Documents.Linq.RavenQueryProviderProcessor`1.VisitMethodCall(MethodCallExpression expression)
   at Raven.Client.Documents.Linq.RavenQueryProviderProcessor`1.VisitQueryableMethodCall(MethodCallExpression expression)
   at Raven.Client.Documents.Linq.RavenQueryProviderProcessor`1.VisitMethodCall(MethodCallExpression expression)
   at Raven.Client.Documents.Linq.RavenQueryProviderProcessor`1.VisitQueryableMethodCall(MethodCallExpression expression)
   at Raven.Client.Documents.Linq.RavenQueryProviderProcessor`1.VisitMethodCall(MethodCallExpression expression)
   at Raven.Client.Documents.Linq.RavenQueryProviderProcessor`1.GetAsyncDocumentQueryFor(Expression expression, Action`1 customization)
  Failed Piranha.Tests.Services.MediaTestsDistributedCache.DeleteById [28 ms]
  Error Message:
   System.AggregateException : One or more errors occurred. (Value cannot be null. (Parameter 'key')) (Could not understand expression: from 'Medias'.Where(m => op_Implicit(value(Piranha.Repositories.MediaRepository+<>c__DisplayClass6_0).ids).Contains(m.Id)).OrderBy(m => m.Filename))
---- System.ArgumentNullException : Value cannot be null. (Parameter 'key')
---- System.NotSupportedException : Could not understand expression: from 'Medias'.Where(m => op_Implicit(value(Piranha.Repositories.MediaRepository+<>c__DisplayClass6_0).ids).Contains(m.Id)).OrderBy(m => m.Filename)
-------- System.NotSupportedException : Expression type not supported: System.Linq.Expressions.TypedParameterExpression
  Stack Trace:
  
----- Inner Stack Trace #1 (System.ArgumentNullException) -----
   at System.ArgumentNullException.Throw(String paramName)
   at Microsoft.Extensions.Caching.Distributed.MemoryDistributedCache.GetAsync(String key, CancellationToken token)
   at Microsoft.Extensions.Caching.Distributed.DistributedCacheExtensions.GetStringAsync(IDistributedCache cache, String key, CancellationToken token)
   at Piranha.Cache.DistributedCache.GetAsync[T](String key, CancellationToken cancellationToken) in C:\Users\bbqch\proj\microbians\piranha\core\Piranha\Cache\Internal\DistributedCache.cs:line 38
   at Piranha.Services.MediaService.GetByIdAsync(String id) in C:\Users\bbqch\proj\microbians\piranha\core\Piranha\Services\Internal\MediaService.cs:line 115
   at Piranha.Services.MediaService.DeleteAsync(String id) in C:\Users\bbqch\proj\microbians\piranha\core\Piranha\Services\Internal\MediaService.cs:line 479
   at Piranha.Tests.Services.MediaTests.DeleteById() in C:\Users\bbqch\proj\microbians\piranha\test\Piranha.Tests\Services\MediaTests.cs:line 347
--- End of stack trace from previous location ---
----- Inner Stack Trace #2 (System.NotSupportedException) -----
   at Raven.Client.Documents.Linq.RavenQueryProviderProcessor`1.GetAsyncDocumentQueryFor(Expression expression, Action`1 customization)
   at Raven.Client.Documents.Linq.RavenQueryProvider`1.ToAsyncDocumentQuery[TResult](Expression expression)
   at Raven.Client.Documents.LinqExtensions.ToArrayAsync[T](IQueryable`1 source, CancellationToken token)
   at Piranha.Repositories.MediaRepository.GetById(String[] ids) in C:\Users\bbqch\proj\microbians\piranha\data\Piranha.Data.EF\Repositories\MediaRepository.cs:line 78
   at Piranha.Services.MediaService._getFast(IEnumerable`1 ids) in C:\Users\bbqch\proj\microbians\piranha\core\Piranha\Services\Internal\MediaService.cs:line 58
   at Piranha.Tests.Services.MediaTests.DisposeAsync() in C:\Users\bbqch\proj\microbians\piranha\test\Piranha.Tests\Services\MediaTests.cs:line 129
----- Inner Stack Trace -----
   at Raven.Client.Documents.Linq.LinqPathProvider.GetMemberValue(MemberExpression memberExpression)
   at Raven.Client.Documents.Linq.LinqPathProvider.GetValueFromExpressionWithoutConversion(Expression expression, Object& value)
   at Raven.Client.Documents.Linq.RavenQueryProviderProcessor`1.GetValueFromExpression(Expression expression, Type type)
   at Raven.Client.Documents.Linq.RavenQueryProviderProcessor`1.VisitContains(MethodCallExpression expression)
   at Raven.Client.Documents.Linq.RavenQueryProviderProcessor`1.VisitMemoryExtensionsMethodCall(MethodCallExpression expression)
   at Raven.Client.Documents.Linq.RavenQueryProviderProcessor`1.VisitMethodCall(MethodCallExpression expression)
   at Raven.Client.Documents.Linq.RavenQueryProviderProcessor`1.VisitQueryableMethodCall(MethodCallExpression expression)
   at Raven.Client.Documents.Linq.RavenQueryProviderProcessor`1.VisitMethodCall(MethodCallExpression expression)
   at Raven.Client.Documents.Linq.RavenQueryProviderProcessor`1.VisitQueryableMethodCall(MethodCallExpression expression)
   at Raven.Client.Documents.Linq.RavenQueryProviderProcessor`1.VisitMethodCall(MethodCallExpression expression)
   at Raven.Client.Documents.Linq.RavenQueryProviderProcessor`1.GetAsyncDocumentQueryFor(Expression expression, Action`1 customization)
  Failed Piranha.Tests.Services.MediaTestsDistributedCache.PublicUrl [47 ms]
  Error Message:
   System.NotSupportedException : Could not understand expression: from 'Medias'.Where(m => op_Implicit(value(Piranha.Repositories.MediaRepository+<>c__DisplayClass6_0).ids).Contains(m.Id)).OrderBy(m => m.Filename)
---- System.NotSupportedException : Expression type not supported: System.Linq.Expressions.TypedParameterExpression
  Stack Trace:
     at Raven.Client.Documents.Linq.RavenQueryProviderProcessor`1.GetAsyncDocumentQueryFor(Expression expression, Action`1 customization)
   at Raven.Client.Documents.Linq.RavenQueryProvider`1.ToAsyncDocumentQuery[TResult](Expression expression)
   at Raven.Client.Documents.LinqExtensions.ToArrayAsync[T](IQueryable`1 source, CancellationToken token)
   at Piranha.Repositories.MediaRepository.GetById(String[] ids) in C:\Users\bbqch\proj\microbians\piranha\data\Piranha.Data.EF\Repositories\MediaRepository.cs:line 78
   at Piranha.Services.MediaService._getFast(IEnumerable`1 ids) in C:\Users\bbqch\proj\microbians\piranha\core\Piranha\Services\Internal\MediaService.cs:line 58
   at Piranha.Tests.Services.MediaTests.DisposeAsync() in C:\Users\bbqch\proj\microbians\piranha\test\Piranha.Tests\Services\MediaTests.cs:line 129
----- Inner Stack Trace -----
   at Raven.Client.Documents.Linq.LinqPathProvider.GetMemberValue(MemberExpression memberExpression)
   at Raven.Client.Documents.Linq.LinqPathProvider.GetValueFromExpressionWithoutConversion(Expression expression, Object& value)
   at Raven.Client.Documents.Linq.RavenQueryProviderProcessor`1.GetValueFromExpression(Expression expression, Type type)
   at Raven.Client.Documents.Linq.RavenQueryProviderProcessor`1.VisitContains(MethodCallExpression expression)
   at Raven.Client.Documents.Linq.RavenQueryProviderProcessor`1.VisitMemoryExtensionsMethodCall(MethodCallExpression expression)
   at Raven.Client.Documents.Linq.RavenQueryProviderProcessor`1.VisitMethodCall(MethodCallExpression expression)
   at Raven.Client.Documents.Linq.RavenQueryProviderProcessor`1.VisitQueryableMethodCall(MethodCallExpression expression)
   at Raven.Client.Documents.Linq.RavenQueryProviderProcessor`1.VisitMethodCall(MethodCallExpression expression)
   at Raven.Client.Documents.Linq.RavenQueryProviderProcessor`1.VisitQueryableMethodCall(MethodCallExpression expression)
   at Raven.Client.Documents.Linq.RavenQueryProviderProcessor`1.VisitMethodCall(MethodCallExpression expression)
   at Raven.Client.Documents.Linq.RavenQueryProviderProcessor`1.GetAsyncDocumentQueryFor(Expression expression, Action`1 customization)
  Failed Piranha.Tests.Services.MediaTestsDistributedCache.GetById [31 ms]
  Error Message:
   System.NotSupportedException : Could not understand expression: from 'Medias'.Where(m => op_Implicit(value(Piranha.Repositories.MediaRepository+<>c__DisplayClass6_0).ids).Contains(m.Id)).OrderBy(m => m.Filename)
---- System.NotSupportedException : Expression type not supported: System.Linq.Expressions.TypedParameterExpression
  Stack Trace:
     at Raven.Client.Documents.Linq.RavenQueryProviderProcessor`1.GetAsyncDocumentQueryFor(Expression expression, Action`1 customization)
   at Raven.Client.Documents.Linq.RavenQueryProvider`1.ToAsyncDocumentQuery[TResult](Expression expression)
   at Raven.Client.Documents.LinqExtensions.ToArrayAsync[T](IQueryable`1 source, CancellationToken token)
   at Piranha.Repositories.MediaRepository.GetById(String[] ids) in C:\Users\bbqch\proj\microbians\piranha\data\Piranha.Data.EF\Repositories\MediaRepository.cs:line 78
   at Piranha.Services.MediaService._getFast(IEnumerable`1 ids) in C:\Users\bbqch\proj\microbians\piranha\core\Piranha\Services\Internal\MediaService.cs:line 58
   at Piranha.Tests.Services.MediaTests.DisposeAsync() in C:\Users\bbqch\proj\microbians\piranha\test\Piranha.Tests\Services\MediaTests.cs:line 129
----- Inner Stack Trace -----
   at Raven.Client.Documents.Linq.LinqPathProvider.GetMemberValue(MemberExpression memberExpression)
   at Raven.Client.Documents.Linq.LinqPathProvider.GetValueFromExpressionWithoutConversion(Expression expression, Object& value)
   at Raven.Client.Documents.Linq.RavenQueryProviderProcessor`1.GetValueFromExpression(Expression expression, Type type)
   at Raven.Client.Documents.Linq.RavenQueryProviderProcessor`1.VisitContains(MethodCallExpression expression)
   at Raven.Client.Documents.Linq.RavenQueryProviderProcessor`1.VisitMemoryExtensionsMethodCall(MethodCallExpression expression)
   at Raven.Client.Documents.Linq.RavenQueryProviderProcessor`1.VisitMethodCall(MethodCallExpression expression)
   at Raven.Client.Documents.Linq.RavenQueryProviderProcessor`1.VisitQueryableMethodCall(MethodCallExpression expression)
   at Raven.Client.Documents.Linq.RavenQueryProviderProcessor`1.VisitMethodCall(MethodCallExpression expression)
   at Raven.Client.Documents.Linq.RavenQueryProviderProcessor`1.VisitQueryableMethodCall(MethodCallExpression expression)
   at Raven.Client.Documents.Linq.RavenQueryProviderProcessor`1.VisitMethodCall(MethodCallExpression expression)
   at Raven.Client.Documents.Linq.RavenQueryProviderProcessor`1.GetAsyncDocumentQueryFor(Expression expression, Action`1 customization)
  Failed Piranha.Tests.Services.MediaTestsDistributedCache.AltTextNotNull [43 ms]
  Error Message:
   System.NotSupportedException : Could not understand expression: from 'Medias'.Where(m => op_Implicit(value(Piranha.Repositories.MediaRepository+<>c__DisplayClass6_0).ids).Contains(m.Id)).OrderBy(m => m.Filename)
---- System.NotSupportedException : Expression type not supported: System.Linq.Expressions.TypedParameterExpression
  Stack Trace:
     at Raven.Client.Documents.Linq.RavenQueryProviderProcessor`1.GetAsyncDocumentQueryFor(Expression expression, Action`1 customization)
   at Raven.Client.Documents.Linq.RavenQueryProvider`1.ToAsyncDocumentQuery[TResult](Expression expression)
   at Raven.Client.Documents.LinqExtensions.ToArrayAsync[T](IQueryable`1 source, CancellationToken token)
   at Piranha.Repositories.MediaRepository.GetById(String[] ids) in C:\Users\bbqch\proj\microbians\piranha\data\Piranha.Data.EF\Repositories\MediaRepository.cs:line 78
   at Piranha.Services.MediaService._getFast(IEnumerable`1 ids) in C:\Users\bbqch\proj\microbians\piranha\core\Piranha\Services\Internal\MediaService.cs:line 58
   at Piranha.Tests.Services.MediaTests.DisposeAsync() in C:\Users\bbqch\proj\microbians\piranha\test\Piranha.Tests\Services\MediaTests.cs:line 129
----- Inner Stack Trace -----
   at Raven.Client.Documents.Linq.LinqPathProvider.GetMemberValue(MemberExpression memberExpression)
   at Raven.Client.Documents.Linq.LinqPathProvider.GetValueFromExpressionWithoutConversion(Expression expression, Object& value)
   at Raven.Client.Documents.Linq.RavenQueryProviderProcessor`1.GetValueFromExpression(Expression expression, Type type)
   at Raven.Client.Documents.Linq.RavenQueryProviderProcessor`1.VisitContains(MethodCallExpression expression)
   at Raven.Client.Documents.Linq.RavenQueryProviderProcessor`1.VisitMemoryExtensionsMethodCall(MethodCallExpression expression)
   at Raven.Client.Documents.Linq.RavenQueryProviderProcessor`1.VisitMethodCall(MethodCallExpression expression)
   at Raven.Client.Documents.Linq.RavenQueryProviderProcessor`1.VisitQueryableMethodCall(MethodCallExpression expression)
   at Raven.Client.Documents.Linq.RavenQueryProviderProcessor`1.VisitMethodCall(MethodCallExpression expression)
   at Raven.Client.Documents.Linq.RavenQueryProviderProcessor`1.VisitQueryableMethodCall(MethodCallExpression expression)
   at Raven.Client.Documents.Linq.RavenQueryProviderProcessor`1.VisitMethodCall(MethodCallExpression expression)
   at Raven.Client.Documents.Linq.RavenQueryProviderProcessor`1.GetAsyncDocumentQueryFor(Expression expression, Action`1 customization)
  Failed Piranha.Tests.Services.MediaTestsDistributedCache.Move [48 ms]
  Error Message:
   System.NotSupportedException : Could not understand expression: from 'Medias'.Where(m => op_Implicit(value(Piranha.Repositories.MediaRepository+<>c__DisplayClass6_0).ids).Contains(m.Id)).OrderBy(m => m.Filename)
---- System.NotSupportedException : Expression type not supported: System.Linq.Expressions.TypedParameterExpression
  Stack Trace:
     at Raven.Client.Documents.Linq.RavenQueryProviderProcessor`1.GetAsyncDocumentQueryFor(Expression expression, Action`1 customization)
   at Raven.Client.Documents.Linq.RavenQueryProvider`1.ToAsyncDocumentQuery[TResult](Expression expression)
   at Raven.Client.Documents.LinqExtensions.ToArrayAsync[T](IQueryable`1 source, CancellationToken token)
   at Piranha.Repositories.MediaRepository.GetById(String[] ids) in C:\Users\bbqch\proj\microbians\piranha\data\Piranha.Data.EF\Repositories\MediaRepository.cs:line 78
   at Piranha.Services.MediaService._getFast(IEnumerable`1 ids) in C:\Users\bbqch\proj\microbians\piranha\core\Piranha\Services\Internal\MediaService.cs:line 58
   at Piranha.Tests.Services.MediaTests.DisposeAsync() in C:\Users\bbqch\proj\microbians\piranha\test\Piranha.Tests\Services\MediaTests.cs:line 129
----- Inner Stack Trace -----
   at Raven.Client.Documents.Linq.LinqPathProvider.GetMemberValue(MemberExpression memberExpression)
   at Raven.Client.Documents.Linq.LinqPathProvider.GetValueFromExpressionWithoutConversion(Expression expression, Object& value)
   at Raven.Client.Documents.Linq.RavenQueryProviderProcessor`1.GetValueFromExpression(Expression expression, Type type)
   at Raven.Client.Documents.Linq.RavenQueryProviderProcessor`1.VisitContains(MethodCallExpression expression)
   at Raven.Client.Documents.Linq.RavenQueryProviderProcessor`1.VisitMemoryExtensionsMethodCall(MethodCallExpression expression)
   at Raven.Client.Documents.Linq.RavenQueryProviderProcessor`1.VisitMethodCall(MethodCallExpression expression)
   at Raven.Client.Documents.Linq.RavenQueryProviderProcessor`1.VisitQueryableMethodCall(MethodCallExpression expression)
   at Raven.Client.Documents.Linq.RavenQueryProviderProcessor`1.VisitMethodCall(MethodCallExpression expression)
   at Raven.Client.Documents.Linq.RavenQueryProviderProcessor`1.VisitQueryableMethodCall(MethodCallExpression expression)
   at Raven.Client.Documents.Linq.RavenQueryProviderProcessor`1.VisitMethodCall(MethodCallExpression expression)
   at Raven.Client.Documents.Linq.RavenQueryProviderProcessor`1.GetAsyncDocumentQueryFor(Expression expression, Action`1 customization)
  Failed Piranha.Tests.Services.MediaTests.TitleNotNull [31 ms]
  Error Message:
   System.NotSupportedException : Could not understand expression: from 'Medias'.Where(m => op_Implicit(value(Piranha.Repositories.MediaRepository+<>c__DisplayClass6_0).ids).Contains(m.Id)).OrderBy(m => m.Filename)
---- System.NotSupportedException : Expression type not supported: System.Linq.Expressions.TypedParameterExpression
  Stack Trace:
     at Raven.Client.Documents.Linq.RavenQueryProviderProcessor`1.GetAsyncDocumentQueryFor(Expression expression, Action`1 customization)
   at Raven.Client.Documents.Linq.RavenQueryProvider`1.ToAsyncDocumentQuery[TResult](Expression expression)
   at Raven.Client.Documents.LinqExtensions.ToArrayAsync[T](IQueryable`1 source, CancellationToken token)
   at Piranha.Repositories.MediaRepository.GetById(String[] ids) in C:\Users\bbqch\proj\microbians\piranha\data\Piranha.Data.EF\Repositories\MediaRepository.cs:line 78
   at Piranha.Services.MediaService._getFast(IEnumerable`1 ids) in C:\Users\bbqch\proj\microbians\piranha\core\Piranha\Services\Internal\MediaService.cs:line 58
   at Piranha.Tests.Services.MediaTests.DisposeAsync() in C:\Users\bbqch\proj\microbians\piranha\test\Piranha.Tests\Services\MediaTests.cs:line 129
----- Inner Stack Trace -----
   at Raven.Client.Documents.Linq.LinqPathProvider.GetMemberValue(MemberExpression memberExpression)
   at Raven.Client.Documents.Linq.LinqPathProvider.GetValueFromExpressionWithoutConversion(Expression expression, Object& value)
   at Raven.Client.Documents.Linq.RavenQueryProviderProcessor`1.GetValueFromExpression(Expression expression, Type type)
   at Raven.Client.Documents.Linq.RavenQueryProviderProcessor`1.VisitContains(MethodCallExpression expression)
   at Raven.Client.Documents.Linq.RavenQueryProviderProcessor`1.VisitMemoryExtensionsMethodCall(MethodCallExpression expression)
   at Raven.Client.Documents.Linq.RavenQueryProviderProcessor`1.VisitMethodCall(MethodCallExpression expression)
   at Raven.Client.Documents.Linq.RavenQueryProviderProcessor`1.VisitQueryableMethodCall(MethodCallExpression expression)
   at Raven.Client.Documents.Linq.RavenQueryProviderProcessor`1.VisitMethodCall(MethodCallExpression expression)
   at Raven.Client.Documents.Linq.RavenQueryProviderProcessor`1.VisitQueryableMethodCall(MethodCallExpression expression)
   at Raven.Client.Documents.Linq.RavenQueryProviderProcessor`1.VisitMethodCall(MethodCallExpression expression)
   at Raven.Client.Documents.Linq.RavenQueryProviderProcessor`1.GetAsyncDocumentQueryFor(Expression expression, Action`1 customization)
  Failed Piranha.Tests.Services.MediaTests.AltTextNotNull [31 ms]
  Error Message:
   System.NotSupportedException : Could not understand expression: from 'Medias'.Where(m => op_Implicit(value(Piranha.Repositories.MediaRepository+<>c__DisplayClass6_0).ids).Contains(m.Id)).OrderBy(m => m.Filename)
---- System.NotSupportedException : Expression type not supported: System.Linq.Expressions.TypedParameterExpression
  Stack Trace:
     at Raven.Client.Documents.Linq.RavenQueryProviderProcessor`1.GetAsyncDocumentQueryFor(Expression expression, Action`1 customization)
   at Raven.Client.Documents.Linq.RavenQueryProvider`1.ToAsyncDocumentQuery[TResult](Expression expression)
   at Raven.Client.Documents.LinqExtensions.ToArrayAsync[T](IQueryable`1 source, CancellationToken token)
   at Piranha.Repositories.MediaRepository.GetById(String[] ids) in C:\Users\bbqch\proj\microbians\piranha\data\Piranha.Data.EF\Repositories\MediaRepository.cs:line 78
   at Piranha.Services.MediaService._getFast(IEnumerable`1 ids) in C:\Users\bbqch\proj\microbians\piranha\core\Piranha\Services\Internal\MediaService.cs:line 58
   at Piranha.Tests.Services.MediaTests.DisposeAsync() in C:\Users\bbqch\proj\microbians\piranha\test\Piranha.Tests\Services\MediaTests.cs:line 129
----- Inner Stack Trace -----
   at Raven.Client.Documents.Linq.LinqPathProvider.GetMemberValue(MemberExpression memberExpression)
   at Raven.Client.Documents.Linq.LinqPathProvider.GetValueFromExpressionWithoutConversion(Expression expression, Object& value)
   at Raven.Client.Documents.Linq.RavenQueryProviderProcessor`1.VisitMemoryExtensionsMethodCall(MethodCallExpression expression)
   at Raven.Client.Documents.Linq.RavenQueryProviderProcessor`1.VisitMethodCall(MethodCallExpression expression)
   at Raven.Client.Documents.Linq.RavenQueryProviderProcessor`1.VisitQueryableMethodCall(MethodCallExpression expression)
   at Raven.Client.Documents.Linq.RavenQueryProviderProcessor`1.VisitMethodCall(MethodCallExpression expression)
   at Raven.Client.Documents.Linq.RavenQueryProviderProcessor`1.VisitQueryableMethodCall(MethodCallExpression expression)
   at Raven.Client.Documents.Linq.RavenQueryProviderProcessor`1.VisitMethodCall(MethodCallExpression expression)
   at Raven.Client.Documents.Linq.RavenQueryProviderProcessor`1.GetAsyncDocumentQueryFor(Expression expression, Action`1 customization)
  Failed Piranha.Tests.Services.MediaTests.DeleteById [55 ms]
  Error Message:
   System.NotSupportedException : Could not understand expression: from 'Medias'.Where(m => op_Implicit(value(Piranha.Repositories.MediaRepository+<>c__DisplayClass6_0).ids).Contains(m.Id)).OrderBy(m => m.Filename)
---- System.NotSupportedException : Expression type not supported: System.Linq.Expressions.TypedParameterExpression
  Stack Trace:
     at Raven.Client.Documents.Linq.RavenQueryProviderProcessor`1.GetAsyncDocumentQueryFor(Expression expression, Action`1 customization)
   at Raven.Client.Documents.Linq.RavenQueryProvider`1.ToAsyncDocumentQuery[TResult](Expression expression)
   at Raven.Client.Documents.LinqExtensions.ToArrayAsync[T](IQueryable`1 source, CancellationToken token)
   at Piranha.Repositories.MediaRepository.GetById(String[] ids) in C:\Users\bbqch\proj\microbians\piranha\data\Piranha.Data.EF\Repositories\MediaRepository.cs:line 78
   at Piranha.Services.MediaService._getFast(IEnumerable`1 ids) in C:\Users\bbqch\proj\microbians\piranha\core\Piranha\Services\Internal\MediaService.cs:line 58
   at Piranha.Tests.Services.MediaTests.DisposeAsync() in C:\Users\bbqch\proj\microbians\piranha\test\Piranha.Tests\Services\MediaTests.cs:line 129
----- Inner Stack Trace -----
   at Raven.Client.Documents.Linq.LinqPathProvider.GetMemberValue(MemberExpression memberExpression)
   at Raven.Client.Documents.Linq.LinqPathProvider.GetValueFromExpressionWithoutConversion(Expression expression, Object& value)
   at Raven.Client.Documents.Linq.RavenQueryProviderProcessor`1.VisitMemoryExtensionsMethodCall(MethodCallExpression expression)
   at Raven.Client.Documents.Linq.RavenQueryProviderProcessor`1.VisitMethodCall(MethodCallExpression expression)
   at Raven.Client.Documents.Linq.RavenQueryProviderProcessor`1.VisitQueryableMethodCall(MethodCallExpression expression)
   at Raven.Client.Documents.Linq.RavenQueryProviderProcessor`1.VisitMethodCall(MethodCallExpression expression)
   at Raven.Client.Documents.Linq.RavenQueryProviderProcessor`1.VisitQueryableMethodCall(MethodCallExpression expression)
   at Raven.Client.Documents.Linq.RavenQueryProviderProcessor`1.VisitMethodCall(MethodCallExpression expression)
   at Raven.Client.Documents.Linq.RavenQueryProviderProcessor`1.GetAsyncDocumentQueryFor(Expression expression, Action`1 customization)
  Failed Piranha.Tests.Services.MediaTests.DescriptionNotNull [34 ms]
  Error Message:
   System.NotSupportedException : Could not understand expression: from 'Medias'.Where(m => op_Implicit(value(Piranha.Repositories.MediaRepository+<>c__DisplayClass6_0).ids).Contains(m.Id)).OrderBy(m => m.Filename)
---- System.NotSupportedException : Expression type not supported: System.Linq.Expressions.TypedParameterExpression
  Stack Trace:
     at Raven.Client.Documents.Linq.RavenQueryProviderProcessor`1.GetAsyncDocumentQueryFor(Expression expression, Action`1 customization)
   at Raven.Client.Documents.Linq.RavenQueryProvider`1.ToAsyncDocumentQuery[TResult](Expression expression)
   at Raven.Client.Documents.LinqExtensions.ToArrayAsync[T](IQueryable`1 source, CancellationToken token)
   at Piranha.Repositories.MediaRepository.GetById(String[] ids) in C:\Users\bbqch\proj\microbians\piranha\data\Piranha.Data.EF\Repositories\MediaRepository.cs:line 78
   at Piranha.Services.MediaService._getFast(IEnumerable`1 ids) in C:\Users\bbqch\proj\microbians\piranha\core\Piranha\Services\Internal\MediaService.cs:line 58
   at Piranha.Tests.Services.MediaTests.DisposeAsync() in C:\Users\bbqch\proj\microbians\piranha\test\Piranha.Tests\Services\MediaTests.cs:line 129
----- Inner Stack Trace -----
   at Raven.Client.Documents.Linq.LinqPathProvider.GetMemberValue(MemberExpression memberExpression)
   at Raven.Client.Documents.Linq.LinqPathProvider.GetValueFromExpressionWithoutConversion(Expression expression, Object& value)
   at Raven.Client.Documents.Linq.RavenQueryProviderProcessor`1.VisitMemoryExtensionsMethodCall(MethodCallExpression expression)
   at Raven.Client.Documents.Linq.RavenQueryProviderProcessor`1.VisitMethodCall(MethodCallExpression expression)
   at Raven.Client.Documents.Linq.RavenQueryProviderProcessor`1.VisitQueryableMethodCall(MethodCallExpression expression)
   at Raven.Client.Documents.Linq.RavenQueryProviderProcessor`1.VisitMethodCall(MethodCallExpression expression)
   at Raven.Client.Documents.Linq.RavenQueryProviderProcessor`1.VisitQueryableMethodCall(MethodCallExpression expression)
   at Raven.Client.Documents.Linq.RavenQueryProviderProcessor`1.VisitMethodCall(MethodCallExpression expression)
   at Raven.Client.Documents.Linq.RavenQueryProviderProcessor`1.GetAsyncDocumentQueryFor(Expression expression, Action`1 customization)
  Failed Piranha.Tests.Services.MediaTests.IsCached [32 ms]
  Error Message:
   System.NotSupportedException : Could not understand expression: from 'Medias'.Where(m => op_Implicit(value(Piranha.Repositories.MediaRepository+<>c__DisplayClass6_0).ids).Contains(m.Id)).OrderBy(m => m.Filename)
---- System.NotSupportedException : Expression type not supported: System.Linq.Expressions.TypedParameterExpression
  Stack Trace:
     at Raven.Client.Documents.Linq.RavenQueryProviderProcessor`1.GetAsyncDocumentQueryFor(Expression expression, Action`1 customization)
   at Raven.Client.Documents.Linq.RavenQueryProvider`1.ToAsyncDocumentQuery[TResult](Expression expression)
   at Raven.Client.Documents.LinqExtensions.ToArrayAsync[T](IQueryable`1 source, CancellationToken token)
   at Piranha.Repositories.MediaRepository.GetById(String[] ids) in C:\Users\bbqch\proj\microbians\piranha\data\Piranha.Data.EF\Repositories\MediaRepository.cs:line 78
   at Piranha.Services.MediaService._getFast(IEnumerable`1 ids) in C:\Users\bbqch\proj\microbians\piranha\core\Piranha\Services\Internal\MediaService.cs:line 58
   at Piranha.Tests.Services.MediaTests.DisposeAsync() in C:\Users\bbqch\proj\microbians\piranha\test\Piranha.Tests\Services\MediaTests.cs:line 129
----- Inner Stack Trace -----
   at Raven.Client.Documents.Linq.LinqPathProvider.GetMemberValue(MemberExpression memberExpression)
   at Raven.Client.Documents.Linq.LinqPathProvider.GetValueFromExpressionWithoutConversion(Expression expression, Object& value)
   at Raven.Client.Documents.Linq.RavenQueryProviderProcessor`1.VisitMemoryExtensionsMethodCall(MethodCallExpression expression)
   at Raven.Client.Documents.Linq.RavenQueryProviderProcessor`1.VisitMethodCall(MethodCallExpression expression)
   at Raven.Client.Documents.Linq.RavenQueryProviderProcessor`1.VisitQueryableMethodCall(MethodCallExpression expression)
   at Raven.Client.Documents.Linq.RavenQueryProviderProcessor`1.VisitMethodCall(MethodCallExpression expression)
   at Raven.Client.Documents.Linq.RavenQueryProviderProcessor`1.VisitQueryableMethodCall(MethodCallExpression expression)
   at Raven.Client.Documents.Linq.RavenQueryProviderProcessor`1.VisitMethodCall(MethodCallExpression expression)
   at Raven.Client.Documents.Linq.RavenQueryProviderProcessor`1.GetAsyncDocumentQueryFor(Expression expression, Action`1 customization)
  Failed Piranha.Tests.Services.MediaTests.Delete [38 ms]
  Error Message:
   System.NotSupportedException : Could not understand expression: from 'Medias'.Where(m => op_Implicit(value(Piranha.Repositories.MediaRepository+<>c__DisplayClass6_0).ids).Contains(m.Id)).OrderBy(m => m.Filename)
---- System.NotSupportedException : Expression type not supported: System.Linq.Expressions.TypedParameterExpression
  Stack Trace:
     at Raven.Client.Documents.Linq.RavenQueryProviderProcessor`1.GetAsyncDocumentQueryFor(Expression expression, Action`1 customization)
   at Raven.Client.Documents.Linq.RavenQueryProvider`1.ToAsyncDocumentQuery[TResult](Expression expression)
   at Raven.Client.Documents.LinqExtensions.ToArrayAsync[T](IQueryable`1 source, CancellationToken token)
   at Piranha.Repositories.MediaRepository.GetById(String[] ids) in C:\Users\bbqch\proj\microbians\piranha\data\Piranha.Data.EF\Repositories\MediaRepository.cs:line 78
   at Piranha.Services.MediaService._getFast(IEnumerable`1 ids) in C:\Users\bbqch\proj\microbians\piranha\core\Piranha\Services\Internal\MediaService.cs:line 58
   at Piranha.Tests.Services.MediaTests.DisposeAsync() in C:\Users\bbqch\proj\microbians\piranha\test\Piranha.Tests\Services\MediaTests.cs:line 129
----- Inner Stack Trace -----
   at Raven.Client.Documents.Linq.LinqPathProvider.GetMemberValue(MemberExpression memberExpression)
   at Raven.Client.Documents.Linq.LinqPathProvider.GetValueFromExpressionWithoutConversion(Expression expression, Object& value)
   at Raven.Client.Documents.Linq.RavenQueryProviderProcessor`1.VisitMemoryExtensionsMethodCall(MethodCallExpression expression)
   at Raven.Client.Documents.Linq.RavenQueryProviderProcessor`1.VisitMethodCall(MethodCallExpression expression)
   at Raven.Client.Documents.Linq.RavenQueryProviderProcessor`1.VisitQueryableMethodCall(MethodCallExpression expression)
   at Raven.Client.Documents.Linq.RavenQueryProviderProcessor`1.VisitMethodCall(MethodCallExpression expression)
   at Raven.Client.Documents.Linq.RavenQueryProviderProcessor`1.VisitQueryableMethodCall(MethodCallExpression expression)
   at Raven.Client.Documents.Linq.RavenQueryProviderProcessor`1.VisitMethodCall(MethodCallExpression expression)
   at Raven.Client.Documents.Linq.RavenQueryProviderProcessor`1.GetAsyncDocumentQueryFor(Expression expression, Action`1 customization)
  Failed Piranha.Tests.Services.MediaTests.PublicUrl [48 ms]
  Error Message:
   System.NotSupportedException : Could not understand expression: from 'Medias'.Where(m => op_Implicit(value(Piranha.Repositories.MediaRepository+<>c__DisplayClass6_0).ids).Contains(m.Id)).OrderBy(m => m.Filename)
---- System.NotSupportedException : Expression type not supported: System.Linq.Expressions.TypedParameterExpression
  Stack Trace:
     at Raven.Client.Documents.Linq.RavenQueryProviderProcessor`1.GetAsyncDocumentQueryFor(Expression expression, Action`1 customization)
   at Raven.Client.Documents.Linq.RavenQueryProvider`1.ToAsyncDocumentQuery[TResult](Expression expression)
   at Raven.Client.Documents.LinqExtensions.ToArrayAsync[T](IQueryable`1 source, CancellationToken token)
   at Piranha.Repositories.MediaRepository.GetById(String[] ids) in C:\Users\bbqch\proj\microbians\piranha\data\Piranha.Data.EF\Repositories\MediaRepository.cs:line 78
   at Piranha.Services.MediaService._getFast(IEnumerable`1 ids) in C:\Users\bbqch\proj\microbians\piranha\core\Piranha\Services\Internal\MediaService.cs:line 58
   at Piranha.Tests.Services.MediaTests.DisposeAsync() in C:\Users\bbqch\proj\microbians\piranha\test\Piranha.Tests\Services\MediaTests.cs:line 129
----- Inner Stack Trace -----
   at Raven.Client.Documents.Linq.LinqPathProvider.GetMemberValue(MemberExpression memberExpression)
   at Raven.Client.Documents.Linq.LinqPathProvider.GetValueFromExpressionWithoutConversion(Expression expression, Object& value)
   at Raven.Client.Documents.Linq.RavenQueryProviderProcessor`1.VisitMemoryExtensionsMethodCall(MethodCallExpression expression)
   at Raven.Client.Documents.Linq.RavenQueryProviderProcessor`1.VisitMethodCall(MethodCallExpression expression)
   at Raven.Client.Documents.Linq.RavenQueryProviderProcessor`1.VisitQueryableMethodCall(MethodCallExpression expression)
   at Raven.Client.Documents.Linq.RavenQueryProviderProcessor`1.VisitMethodCall(MethodCallExpression expression)
   at Raven.Client.Documents.Linq.RavenQueryProviderProcessor`1.VisitQueryableMethodCall(MethodCallExpression expression)
   at Raven.Client.Documents.Linq.RavenQueryProviderProcessor`1.VisitMethodCall(MethodCallExpression expression)
   at Raven.Client.Documents.Linq.RavenQueryProviderProcessor`1.GetAsyncDocumentQueryFor(Expression expression, Action`1 customization)
  Failed Piranha.Tests.Services.MediaTests.Insert [127 ms]
  Error Message:
   System.NotSupportedException : Could not understand expression: from 'Medias'.Where(m => op_Implicit(value(Piranha.Repositories.MediaRepository+<>c__DisplayClass6_0).ids).Contains(m.Id)).OrderBy(m => m.Filename)
---- System.NotSupportedException : Expression type not supported: System.Linq.Expressions.TypedParameterExpression
  Stack Trace:
     at Raven.Client.Documents.Linq.RavenQueryProviderProcessor`1.GetAsyncDocumentQueryFor(Expression expression, Action`1 customization)
   at Raven.Client.Documents.Linq.RavenQueryProvider`1.ToAsyncDocumentQuery[TResult](Expression expression)
   at Raven.Client.Documents.LinqExtensions.ToArrayAsync[T](IQueryable`1 source, CancellationToken token)
   at Piranha.Repositories.MediaRepository.GetById(String[] ids) in C:\Users\bbqch\proj\microbians\piranha\data\Piranha.Data.EF\Repositories\MediaRepository.cs:line 78
   at Piranha.Services.MediaService._getFast(IEnumerable`1 ids) in C:\Users\bbqch\proj\microbians\piranha\core\Piranha\Services\Internal\MediaService.cs:line 58
   at Piranha.Tests.Services.MediaTests.DisposeAsync() in C:\Users\bbqch\proj\microbians\piranha\test\Piranha.Tests\Services\MediaTests.cs:line 129
----- Inner Stack Trace -----
   at Raven.Client.Documents.Linq.LinqPathProvider.GetMemberValue(MemberExpression memberExpression)
   at Raven.Client.Documents.Linq.LinqPathProvider.GetValueFromExpressionWithoutConversion(Expression expression, Object& value)
   at Raven.Client.Documents.Linq.RavenQueryProviderProcessor`1.VisitMemoryExtensionsMethodCall(MethodCallExpression expression)
   at Raven.Client.Documents.Linq.RavenQueryProviderProcessor`1.VisitMethodCall(MethodCallExpression expression)
   at Raven.Client.Documents.Linq.RavenQueryProviderProcessor`1.VisitQueryableMethodCall(MethodCallExpression expression)
   at Raven.Client.Documents.Linq.RavenQueryProviderProcessor`1.VisitMethodCall(MethodCallExpression expression)
   at Raven.Client.Documents.Linq.RavenQueryProviderProcessor`1.VisitQueryableMethodCall(MethodCallExpression expression)
   at Raven.Client.Documents.Linq.RavenQueryProviderProcessor`1.VisitMethodCall(MethodCallExpression expression)
   at Raven.Client.Documents.Linq.RavenQueryProviderProcessor`1.GetAsyncDocumentQueryFor(Expression expression, Action`1 customization)
  Failed Piranha.Tests.Services.MediaTests.GetByFolderId [46 ms]
  Error Message:
   System.AggregateException : One or more errors occurred. (Could not understand expression: from 'Medias'.Where(m => op_Implicit(value(Piranha.Repositories.MediaRepository+<>c__DisplayClass6_0).ids).Contains(m.Id)).OrderBy(m => m.Filename)) (Could not understand expression: from 'Medias'.Where(m => op_Implicit(value(Piranha.Repositories.MediaRepository+<>c__DisplayClass6_0).ids).Contains(m.Id)).OrderBy(m => m.Filename))
---- System.NotSupportedException : Could not understand expression: from 'Medias'.Where(m => op_Implicit(value(Piranha.Repositories.MediaRepository+<>c__DisplayClass6_0).ids).Contains(m.Id)).OrderBy(m => m.Filename)
-------- System.NotSupportedException : Expression type not supported: System.Linq.Expressions.TypedParameterExpression
---- System.NotSupportedException : Could not understand expression: from 'Medias'.Where(m => op_Implicit(value(Piranha.Repositories.MediaRepository+<>c__DisplayClass6_0).ids).Contains(m.Id)).OrderBy(m => m.Filename)
-------- System.NotSupportedException : Expression type not supported: System.Linq.Expressions.TypedParameterExpression
  Stack Trace:
  
----- Inner Stack Trace #1 (System.NotSupportedException) -----
   at Raven.Client.Documents.Linq.RavenQueryProviderProcessor`1.GetAsyncDocumentQueryFor(Expression expression, Action`1 customization)
   at Raven.Client.Documents.Linq.RavenQueryProvider`1.ToAsyncDocumentQuery[TResult](Expression expression)
   at Raven.Client.Documents.LinqExtensions.ToArrayAsync[T](IQueryable`1 source, CancellationToken token)
   at Piranha.Repositories.MediaRepository.GetById(String[] ids) in C:\Users\bbqch\proj\microbians\piranha\data\Piranha.Data.EF\Repositories\MediaRepository.cs:line 78
   at Piranha.Services.MediaService._getFast(IEnumerable`1 ids) in C:\Users\bbqch\proj\microbians\piranha\core\Piranha\Services\Internal\MediaService.cs:line 58
   at Piranha.Tests.Services.MediaTests.GetByFolderId() in C:\Users\bbqch\proj\microbians\piranha\test\Piranha.Tests\Services\MediaTests.cs:line 192
--- End of stack trace from previous location ---
----- Inner Stack Trace -----
   at Raven.Client.Documents.Linq.LinqPathProvider.GetMemberValue(MemberExpression memberExpression)
   at Raven.Client.Documents.Linq.LinqPathProvider.GetValueFromExpressionWithoutConversion(Expression expression, Object& value)
   at Raven.Client.Documents.Linq.RavenQueryProviderProcessor`1.VisitMemoryExtensionsMethodCall(MethodCallExpression expression)
   at Raven.Client.Documents.Linq.RavenQueryProviderProcessor`1.VisitMethodCall(MethodCallExpression expression)
   at Raven.Client.Documents.Linq.RavenQueryProviderProcessor`1.VisitQueryableMethodCall(MethodCallExpression expression)
   at Raven.Client.Documents.Linq.RavenQueryProviderProcessor`1.VisitMethodCall(MethodCallExpression expression)
   at Raven.Client.Documents.Linq.RavenQueryProviderProcessor`1.VisitQueryableMethodCall(MethodCallExpression expression)
   at Raven.Client.Documents.Linq.RavenQueryProviderProcessor`1.VisitMethodCall(MethodCallExpression expression)
   at Raven.Client.Documents.Linq.RavenQueryProviderProcessor`1.GetAsyncDocumentQueryFor(Expression expression, Action`1 customization)
----- Inner Stack Trace #2 (System.NotSupportedException) -----
   at Raven.Client.Documents.Linq.RavenQueryProviderProcessor`1.GetAsyncDocumentQueryFor(Expression expression, Action`1 customization)
   at Raven.Client.Documents.Linq.RavenQueryProvider`1.ToAsyncDocumentQuery[TResult](Expression expression)
   at Raven.Client.Documents.LinqExtensions.ToArrayAsync[T](IQueryable`1 source, CancellationToken token)
   at Piranha.Repositories.MediaRepository.GetById(String[] ids) in C:\Users\bbqch\proj\microbians\piranha\data\Piranha.Data.EF\Repositories\MediaRepository.cs:line 78
   at Piranha.Services.MediaService._getFast(IEnumerable`1 ids) in C:\Users\bbqch\proj\microbians\piranha\core\Piranha\Services\Internal\MediaService.cs:line 58
   at Piranha.Tests.Services.MediaTests.DisposeAsync() in C:\Users\bbqch\proj\microbians\piranha\test\Piranha.Tests\Services\MediaTests.cs:line 129
----- Inner Stack Trace -----
   at Raven.Client.Documents.Linq.LinqPathProvider.GetMemberValue(MemberExpression memberExpression)
   at Raven.Client.Documents.Linq.LinqPathProvider.GetValueFromExpressionWithoutConversion(Expression expression, Object& value)
   at Raven.Client.Documents.Linq.RavenQueryProviderProcessor`1.VisitMemoryExtensionsMethodCall(MethodCallExpression expression)
   at Raven.Client.Documents.Linq.RavenQueryProviderProcessor`1.VisitMethodCall(MethodCallExpression expression)
   at Raven.Client.Documents.Linq.RavenQueryProviderProcessor`1.VisitQueryableMethodCall(MethodCallExpression expression)
   at Raven.Client.Documents.Linq.RavenQueryProviderProcessor`1.VisitMethodCall(MethodCallExpression expression)
   at Raven.Client.Documents.Linq.RavenQueryProviderProcessor`1.VisitQueryableMethodCall(MethodCallExpression expression)
   at Raven.Client.Documents.Linq.RavenQueryProviderProcessor`1.VisitMethodCall(MethodCallExpression expression)
   at Raven.Client.Documents.Linq.RavenQueryProviderProcessor`1.GetAsyncDocumentQueryFor(Expression expression, Action`1 customization)
  Failed Piranha.Tests.Services.MediaTests.PublicUrlCDN [38 ms]
  Error Message:
   System.AggregateException : One or more errors occurred. (Assert.Equal() Failure: Strings differ
           ↓ (pos 0)
Expected: "https://mycdn.org/uploads/147602985301905"···
Actual:   "~/uploads/1476029853019058176-HLD_Screens"···
           ↑ (pos 0)) (Could not understand expression: from 'Medias'.Where(m => op_Implicit(value(Piranha.Repositories.MediaRepository+<>c__DisplayClass6_0).ids).Contains(m.Id)).OrderBy(m => m.Filename))
---- Assert.Equal() Failure: Strings differ
           ↓ (pos 0)
Expected: "https://mycdn.org/uploads/147602985301905"···
Actual:   "~/uploads/1476029853019058176-HLD_Screens"···
           ↑ (pos 0)
---- System.NotSupportedException : Could not understand expression: from 'Medias'.Where(m => op_Implicit(value(Piranha.Repositories.MediaRepository+<>c__DisplayClass6_0).ids).Contains(m.Id)).OrderBy(m => m.Filename)
-------- System.NotSupportedException : Expression type not supported: System.Linq.Expressions.TypedParameterExpression
  Stack Trace:
  
----- Inner Stack Trace #1 (Xunit.Sdk.EqualException) -----
   at Piranha.Tests.Services.MediaTests.PublicUrlCDN() in C:\Users\bbqch\proj\microbians\piranha\test\Piranha.Tests\Services\MediaTests.cs:line 327
--- End of stack trace from previous location ---
----- Inner Stack Trace #2 (System.NotSupportedException) -----
   at Raven.Client.Documents.Linq.RavenQueryProviderProcessor`1.GetAsyncDocumentQueryFor(Expression expression, Action`1 customization)
   at Raven.Client.Documents.Linq.RavenQueryProvider`1.ToAsyncDocumentQuery[TResult](Expression expression)
   at Raven.Client.Documents.LinqExtensions.ToArrayAsync[T](IQueryable`1 source, CancellationToken token)
   at Piranha.Repositories.MediaRepository.GetById(String[] ids) in C:\Users\bbqch\proj\microbians\piranha\data\Piranha.Data.EF\Repositories\MediaRepository.cs:line 78
   at Piranha.Services.MediaService._getFast(IEnumerable`1 ids) in C:\Users\bbqch\proj\microbians\piranha\core\Piranha\Services\Internal\MediaService.cs:line 58
   at Piranha.Tests.Services.MediaTests.DisposeAsync() in C:\Users\bbqch\proj\microbians\piranha\test\Piranha.Tests\Services\MediaTests.cs:line 129
----- Inner Stack Trace -----
   at Raven.Client.Documents.Linq.LinqPathProvider.GetMemberValue(MemberExpression memberExpression)
   at Raven.Client.Documents.Linq.LinqPathProvider.GetValueFromExpressionWithoutConversion(Expression expression, Object& value)
   at Raven.Client.Documents.Linq.RavenQueryProviderProcessor`1.VisitMemoryExtensionsMethodCall(MethodCallExpression expression)
   at Raven.Client.Documents.Linq.RavenQueryProviderProcessor`1.VisitMethodCall(MethodCallExpression expression)
   at Raven.Client.Documents.Linq.RavenQueryProviderProcessor`1.VisitQueryableMethodCall(MethodCallExpression expression)
   at Raven.Client.Documents.Linq.RavenQueryProviderProcessor`1.VisitMethodCall(MethodCallExpression expression)
   at Raven.Client.Documents.Linq.RavenQueryProviderProcessor`1.VisitQueryableMethodCall(MethodCallExpression expression)
   at Raven.Client.Documents.Linq.RavenQueryProviderProcessor`1.VisitMethodCall(MethodCallExpression expression)
   at Raven.Client.Documents.Linq.RavenQueryProviderProcessor`1.GetAsyncDocumentQueryFor(Expression expression, Action`1 customization)
  Failed Piranha.Tests.Services.MediaTests.Move [34 ms]
  Error Message:
   System.NotSupportedException : Could not understand expression: from 'Medias'.Where(m => op_Implicit(value(Piranha.Repositories.MediaRepository+<>c__DisplayClass6_0).ids).Contains(m.Id)).OrderBy(m => m.Filename)
---- System.NotSupportedException : Expression type not supported: System.Linq.Expressions.TypedParameterExpression
  Stack Trace:
     at Raven.Client.Documents.Linq.RavenQueryProviderProcessor`1.GetAsyncDocumentQueryFor(Expression expression, Action`1 customization)
   at Raven.Client.Documents.Linq.RavenQueryProvider`1.ToAsyncDocumentQuery[TResult](Expression expression)
   at Raven.Client.Documents.LinqExtensions.ToArrayAsync[T](IQueryable`1 source, CancellationToken token)
   at Piranha.Repositories.MediaRepository.GetById(String[] ids) in C:\Users\bbqch\proj\microbians\piranha\data\Piranha.Data.EF\Repositories\MediaRepository.cs:line 78
   at Piranha.Services.MediaService._getFast(IEnumerable`1 ids) in C:\Users\bbqch\proj\microbians\piranha\core\Piranha\Services\Internal\MediaService.cs:line 58
   at Piranha.Tests.Services.MediaTests.DisposeAsync() in C:\Users\bbqch\proj\microbians\piranha\test\Piranha.Tests\Services\MediaTests.cs:line 129
----- Inner Stack Trace -----
   at Raven.Client.Documents.Linq.LinqPathProvider.GetMemberValue(MemberExpression memberExpression)
   at Raven.Client.Documents.Linq.LinqPathProvider.GetValueFromExpressionWithoutConversion(Expression expression, Object& value)
   at Raven.Client.Documents.Linq.RavenQueryProviderProcessor`1.VisitMemoryExtensionsMethodCall(MethodCallExpression expression)
   at Raven.Client.Documents.Linq.RavenQueryProviderProcessor`1.VisitMethodCall(MethodCallExpression expression)
   at Raven.Client.Documents.Linq.RavenQueryProviderProcessor`1.VisitQueryableMethodCall(MethodCallExpression expression)
   at Raven.Client.Documents.Linq.RavenQueryProviderProcessor`1.VisitMethodCall(MethodCallExpression expression)
   at Raven.Client.Documents.Linq.RavenQueryProviderProcessor`1.VisitQueryableMethodCall(MethodCallExpression expression)
   at Raven.Client.Documents.Linq.RavenQueryProviderProcessor`1.VisitMethodCall(MethodCallExpression expression)
   at Raven.Client.Documents.Linq.RavenQueryProviderProcessor`1.GetAsyncDocumentQueryFor(Expression expression, Action`1 customization)
  Failed Piranha.Tests.Services.MediaTests.HasProperty [34 ms]
  Error Message:
   System.NotSupportedException : Could not understand expression: from 'Medias'.Where(m => op_Implicit(value(Piranha.Repositories.MediaRepository+<>c__DisplayClass6_0).ids).Contains(m.Id)).OrderBy(m => m.Filename)
---- System.NotSupportedException : Expression type not supported: System.Linq.Expressions.TypedParameterExpression
  Stack Trace:
     at Raven.Client.Documents.Linq.RavenQueryProviderProcessor`1.GetAsyncDocumentQueryFor(Expression expression, Action`1 customization)
   at Raven.Client.Documents.Linq.RavenQueryProvider`1.ToAsyncDocumentQuery[TResult](Expression expression)
   at Raven.Client.Documents.LinqExtensions.ToArrayAsync[T](IQueryable`1 source, CancellationToken token)
   at Piranha.Repositories.MediaRepository.GetById(String[] ids) in C:\Users\bbqch\proj\microbians\piranha\data\Piranha.Data.EF\Repositories\MediaRepository.cs:line 78
   at Piranha.Services.MediaService._getFast(IEnumerable`1 ids) in C:\Users\bbqch\proj\microbians\piranha\core\Piranha\Services\Internal\MediaService.cs:line 58
   at Piranha.Tests.Services.MediaTests.DisposeAsync() in C:\Users\bbqch\proj\microbians\piranha\test\Piranha.Tests\Services\MediaTests.cs:line 129
----- Inner Stack Trace -----
   at Raven.Client.Documents.Linq.LinqPathProvider.GetMemberValue(MemberExpression memberExpression)
   at Raven.Client.Documents.Linq.LinqPathProvider.GetValueFromExpressionWithoutConversion(Expression expression, Object& value)
   at Raven.Client.Documents.Linq.RavenQueryProviderProcessor`1.VisitMemoryExtensionsMethodCall(MethodCallExpression expression)
   at Raven.Client.Documents.Linq.RavenQueryProviderProcessor`1.VisitMethodCall(MethodCallExpression expression)
   at Raven.Client.Documents.Linq.RavenQueryProviderProcessor`1.VisitQueryableMethodCall(MethodCallExpression expression)
   at Raven.Client.Documents.Linq.RavenQueryProviderProcessor`1.VisitMethodCall(MethodCallExpression expression)
   at Raven.Client.Documents.Linq.RavenQueryProviderProcessor`1.VisitQueryableMethodCall(MethodCallExpression expression)
   at Raven.Client.Documents.Linq.RavenQueryProviderProcessor`1.VisitMethodCall(MethodCallExpression expression)
   at Raven.Client.Documents.Linq.RavenQueryProviderProcessor`1.GetAsyncDocumentQueryFor(Expression expression, Action`1 customization)
  Failed Piranha.Tests.Services.MediaTests.GetById [31 ms]
  Error Message:
   System.NotSupportedException : Could not understand expression: from 'Medias'.Where(m => op_Implicit(value(Piranha.Repositories.MediaRepository+<>c__DisplayClass6_0).ids).Contains(m.Id)).OrderBy(m => m.Filename)
---- System.NotSupportedException : Expression type not supported: System.Linq.Expressions.TypedParameterExpression
  Stack Trace:
     at Raven.Client.Documents.Linq.RavenQueryProviderProcessor`1.GetAsyncDocumentQueryFor(Expression expression, Action`1 customization)
   at Raven.Client.Documents.Linq.RavenQueryProvider`1.ToAsyncDocumentQuery[TResult](Expression expression)
   at Raven.Client.Documents.LinqExtensions.ToArrayAsync[T](IQueryable`1 source, CancellationToken token)
   at Piranha.Repositories.MediaRepository.GetById(String[] ids) in C:\Users\bbqch\proj\microbians\piranha\data\Piranha.Data.EF\Repositories\MediaRepository.cs:line 78
   at Piranha.Services.MediaService._getFast(IEnumerable`1 ids) in C:\Users\bbqch\proj\microbians\piranha\core\Piranha\Services\Internal\MediaService.cs:line 58
   at Piranha.Tests.Services.MediaTests.DisposeAsync() in C:\Users\bbqch\proj\microbians\piranha\test\Piranha.Tests\Services\MediaTests.cs:line 129
----- Inner Stack Trace -----
   at Raven.Client.Documents.Linq.LinqPathProvider.GetMemberValue(MemberExpression memberExpression)
   at Raven.Client.Documents.Linq.LinqPathProvider.GetValueFromExpressionWithoutConversion(Expression expression, Object& value)
   at Raven.Client.Documents.Linq.RavenQueryProviderProcessor`1.VisitMemoryExtensionsMethodCall(MethodCallExpression expression)
   at Raven.Client.Documents.Linq.RavenQueryProviderProcessor`1.VisitMethodCall(MethodCallExpression expression)
   at Raven.Client.Documents.Linq.RavenQueryProviderProcessor`1.VisitQueryableMethodCall(MethodCallExpression expression)
   at Raven.Client.Documents.Linq.RavenQueryProviderProcessor`1.VisitMethodCall(MethodCallExpression expression)
   at Raven.Client.Documents.Linq.RavenQueryProviderProcessor`1.VisitQueryableMethodCall(MethodCallExpression expression)
   at Raven.Client.Documents.Linq.RavenQueryProviderProcessor`1.VisitMethodCall(MethodCallExpression expression)
   at Raven.Client.Documents.Linq.RavenQueryProviderProcessor`1.GetAsyncDocumentQueryFor(Expression expression, Action`1 customization)
  Failed Piranha.Tests.Services.MediaTests.GetAll [46 ms]
  Error Message:
   System.AggregateException : One or more errors occurred. (Could not understand expression: from 'Medias'.Where(m => op_Implicit(value(Piranha.Repositories.MediaRepository+<>c__DisplayClass6_0).ids).Contains(m.Id)).OrderBy(m => m.Filename)) (Could not understand expression: from 'Medias'.Where(m => op_Implicit(value(Piranha.Repositories.MediaRepository+<>c__DisplayClass6_0).ids).Contains(m.Id)).OrderBy(m => m.Filename))
---- System.NotSupportedException : Could not understand expression: from 'Medias'.Where(m => op_Implicit(value(Piranha.Repositories.MediaRepository+<>c__DisplayClass6_0).ids).Contains(m.Id)).OrderBy(m => m.Filename)
-------- System.NotSupportedException : Expression type not supported: System.Linq.Expressions.TypedParameterExpression
---- System.NotSupportedException : Could not understand expression: from 'Medias'.Where(m => op_Implicit(value(Piranha.Repositories.MediaRepository+<>c__DisplayClass6_0).ids).Contains(m.Id)).OrderBy(m => m.Filename)
-------- System.NotSupportedException : Expression type not supported: System.Linq.Expressions.TypedParameterExpression
  Stack Trace:
  
----- Inner Stack Trace #1 (System.NotSupportedException) -----
   at Raven.Client.Documents.Linq.RavenQueryProviderProcessor`1.GetAsyncDocumentQueryFor(Expression expression, Action`1 customization)
   at Raven.Client.Documents.Linq.RavenQueryProvider`1.ToAsyncDocumentQuery[TResult](Expression expression)
   at Raven.Client.Documents.LinqExtensions.ToArrayAsync[T](IQueryable`1 source, CancellationToken token)
   at Piranha.Repositories.MediaRepository.GetById(String[] ids) in C:\Users\bbqch\proj\microbians\piranha\data\Piranha.Data.EF\Repositories\MediaRepository.cs:line 78
   at Piranha.Services.MediaService._getFast(IEnumerable`1 ids) in C:\Users\bbqch\proj\microbians\piranha\core\Piranha\Services\Internal\MediaService.cs:line 58
   at Piranha.Tests.Services.MediaTests.GetAll() in C:\Users\bbqch\proj\microbians\piranha\test\Piranha.Tests\Services\MediaTests.cs:line 167
--- End of stack trace from previous location ---
----- Inner Stack Trace -----
   at Raven.Client.Documents.Linq.LinqPathProvider.GetMemberValue(MemberExpression memberExpression)
   at Raven.Client.Documents.Linq.LinqPathProvider.GetValueFromExpressionWithoutConversion(Expression expression, Object& value)
   at Raven.Client.Documents.Linq.RavenQueryProviderProcessor`1.VisitMemoryExtensionsMethodCall(MethodCallExpression expression)
   at Raven.Client.Documents.Linq.RavenQueryProviderProcessor`1.VisitMethodCall(MethodCallExpression expression)
   at Raven.Client.Documents.Linq.RavenQueryProviderProcessor`1.VisitQueryableMethodCall(MethodCallExpression expression)
   at Raven.Client.Documents.Linq.RavenQueryProviderProcessor`1.VisitMethodCall(MethodCallExpression expression)
   at Raven.Client.Documents.Linq.RavenQueryProviderProcessor`1.VisitQueryableMethodCall(MethodCallExpression expression)
   at Raven.Client.Documents.Linq.RavenQueryProviderProcessor`1.VisitMethodCall(MethodCallExpression expression)
   at Raven.Client.Documents.Linq.RavenQueryProviderProcessor`1.GetAsyncDocumentQueryFor(Expression expression, Action`1 customization)
----- Inner Stack Trace #2 (System.NotSupportedException) -----
   at Raven.Client.Documents.Linq.RavenQueryProviderProcessor`1.GetAsyncDocumentQueryFor(Expression expression, Action`1 customization)
   at Raven.Client.Documents.Linq.RavenQueryProvider`1.ToAsyncDocumentQuery[TResult](Expression expression)
   at Raven.Client.Documents.LinqExtensions.ToArrayAsync[T](IQueryable`1 source, CancellationToken token)
   at Piranha.Repositories.MediaRepository.GetById(String[] ids) in C:\Users\bbqch\proj\microbians\piranha\data\Piranha.Data.EF\Repositories\MediaRepository.cs:line 78
   at Piranha.Services.MediaService._getFast(IEnumerable`1 ids) in C:\Users\bbqch\proj\microbians\piranha\core\Piranha\Services\Internal\MediaService.cs:line 58
   at Piranha.Tests.Services.MediaTests.DisposeAsync() in C:\Users\bbqch\proj\microbians\piranha\test\Piranha.Tests\Services\MediaTests.cs:line 129
----- Inner Stack Trace -----
   at Raven.Client.Documents.Linq.LinqPathProvider.GetMemberValue(MemberExpression memberExpression)
   at Raven.Client.Documents.Linq.LinqPathProvider.GetValueFromExpressionWithoutConversion(Expression expression, Object& value)
   at Raven.Client.Documents.Linq.RavenQueryProviderProcessor`1.VisitMemoryExtensionsMethodCall(MethodCallExpression expression)
   at Raven.Client.Documents.Linq.RavenQueryProviderProcessor`1.VisitMethodCall(MethodCallExpression expression)
   at Raven.Client.Documents.Linq.RavenQueryProviderProcessor`1.VisitQueryableMethodCall(MethodCallExpression expression)
   at Raven.Client.Documents.Linq.RavenQueryProviderProcessor`1.VisitMethodCall(MethodCallExpression expression)
   at Raven.Client.Documents.Linq.RavenQueryProviderProcessor`1.VisitQueryableMethodCall(MethodCallExpression expression)
   at Raven.Client.Documents.Linq.RavenQueryProviderProcessor`1.VisitMethodCall(MethodCallExpression expression)
   at Raven.Client.Documents.Linq.RavenQueryProviderProcessor`1.GetAsyncDocumentQueryFor(Expression expression, Action`1 customization)
  Failed Piranha.Tests.Services.MediaTests.FilenameHasNoSpaces [31 ms]
  Error Message:
   System.NotSupportedException : Could not understand expression: from 'Medias'.Where(m => op_Implicit(value(Piranha.Repositories.MediaRepository+<>c__DisplayClass6_0).ids).Contains(m.Id)).OrderBy(m => m.Filename)
---- System.NotSupportedException : Expression type not supported: System.Linq.Expressions.TypedParameterExpression
  Stack Trace:
     at Raven.Client.Documents.Linq.RavenQueryProviderProcessor`1.GetAsyncDocumentQueryFor(Expression expression, Action`1 customization)
   at Raven.Client.Documents.Linq.RavenQueryProvider`1.ToAsyncDocumentQuery[TResult](Expression expression)
   at Raven.Client.Documents.LinqExtensions.ToArrayAsync[T](IQueryable`1 source, CancellationToken token)
   at Piranha.Repositories.MediaRepository.GetById(String[] ids) in C:\Users\bbqch\proj\microbians\piranha\data\Piranha.Data.EF\Repositories\MediaRepository.cs:line 78
   at Piranha.Services.MediaService._getFast(IEnumerable`1 ids) in C:\Users\bbqch\proj\microbians\piranha\core\Piranha\Services\Internal\MediaService.cs:line 58
   at Piranha.Tests.Services.MediaTests.DisposeAsync() in C:\Users\bbqch\proj\microbians\piranha\test\Piranha.Tests\Services\MediaTests.cs:line 129
----- Inner Stack Trace -----
   at Raven.Client.Documents.Linq.LinqPathProvider.GetMemberValue(MemberExpression memberExpression)
   at Raven.Client.Documents.Linq.LinqPathProvider.GetValueFromExpressionWithoutConversion(Expression expression, Object& value)
   at Raven.Client.Documents.Linq.RavenQueryProviderProcessor`1.VisitMemoryExtensionsMethodCall(MethodCallExpression expression)
   at Raven.Client.Documents.Linq.RavenQueryProviderProcessor`1.VisitMethodCall(MethodCallExpression expression)
   at Raven.Client.Documents.Linq.RavenQueryProviderProcessor`1.VisitQueryableMethodCall(MethodCallExpression expression)
   at Raven.Client.Documents.Linq.RavenQueryProviderProcessor`1.VisitMethodCall(MethodCallExpression expression)
   at Raven.Client.Documents.Linq.RavenQueryProviderProcessor`1.VisitQueryableMethodCall(MethodCallExpression expression)
   at Raven.Client.Documents.Linq.RavenQueryProviderProcessor`1.VisitMethodCall(MethodCallExpression expression)
   at Raven.Client.Documents.Linq.RavenQueryProviderProcessor`1.GetAsyncDocumentQueryFor(Expression expression, Action`1 customization)
  Failed Piranha.Tests.Services.PageTestsMemoryCache.GetStartpageBySite [1 ms]
  Error Message:
   System.NotSupportedException : Could not understand expression: from 'Blocks'.Where(b => (b.Id == value(Piranha.Repositories.PageRepository+<>c__DisplayClass23_3`1[Piranha.Tests.Services.PageTests+MyPage]).CS$<>8__locals2.blocks.get_Item(value(Piranha.Repositories.PageRepository+<>c__DisplayClass23_3`1[Piranha.Tests.Services.PageTests+MyPage]).n).Id))
---- System.NotSupportedException : Expression type not supported: System.Linq.Expressions.InstanceMethodCallExpression1
  Stack Trace:
     at Raven.Client.Documents.Linq.RavenQueryProviderProcessor`1.GetAsyncDocumentQueryFor(Expression expression, Action`1 customization)
   at Raven.Client.Documents.Linq.RavenQueryProvider`1.ToAsyncDocumentQuery[TResult](Expression expression)
   at Raven.Client.Documents.LinqExtensions.FirstOrDefaultAsync[TSource](IQueryable`1 source, Expression`1 predicate, CancellationToken token)
   at Piranha.Repositories.PageRepository.Save[T](T model, Boolean isDraft) in C:\Users\bbqch\proj\microbians\piranha\data\Piranha.Data.EF\Repositories\PageRepository.cs:line 830
   at Piranha.Services.PageService.SaveAsync[T](T model, Boolean isDraft) in C:\Users\bbqch\proj\microbians\piranha\core\Piranha\Services\Internal\PageService.cs:line 732
   at Piranha.Tests.Services.PageTests.InitializeAsync() in C:\Users\bbqch\proj\microbians\piranha\test\Piranha.Tests\Services\PageTests.cs:line 163
   at Piranha.Tests.Services.PageTestsMemoryCache.InitializeAsync() in C:\Users\bbqch\proj\microbians\piranha\test\Piranha.Tests\Services\PageTests.cs:line 28
----- Inner Stack Trace -----
   at Raven.Client.Documents.Linq.LinqPathProvider.GetMemberValue(MemberExpression memberExpression)
   at Raven.Client.Documents.Linq.LinqPathProvider.GetValueFromExpressionWithoutConversion(Expression expression, Object& value)
   at Raven.Client.Documents.Linq.RavenQueryProviderProcessor`1.VisitEquals(BinaryExpression expression)
   at Raven.Client.Documents.Linq.RavenQueryProviderProcessor`1.VisitBinaryExpression(BinaryExpression expression)
   at Raven.Client.Documents.Linq.RavenQueryProviderProcessor`1.VisitQueryableMethodCall(MethodCallExpression expression)
   at Raven.Client.Documents.Linq.RavenQueryProviderProcessor`1.VisitMethodCall(MethodCallExpression expression)
   at Raven.Client.Documents.Linq.RavenQueryProviderProcessor`1.GetAsyncDocumentQueryFor(Expression expression, Action`1 customization)
  Failed Piranha.Tests.Services.PageTestsMemoryCache.GetAll [1 ms]
  Error Message:
   System.NotSupportedException : Could not understand expression: from 'Blocks'.Where(b => (b.Id == value(Piranha.Repositories.PageRepository+<>c__DisplayClass23_3`1[Piranha.Tests.Services.PageTests+MyPage]).CS$<>8__locals2.blocks.get_Item(value(Piranha.Repositories.PageRepository+<>c__DisplayClass23_3`1[Piranha.Tests.Services.PageTests+MyPage]).n).Id))
---- System.NotSupportedException : Expression type not supported: System.Linq.Expressions.InstanceMethodCallExpression1
  Stack Trace:
     at Raven.Client.Documents.Linq.RavenQueryProviderProcessor`1.GetAsyncDocumentQueryFor(Expression expression, Action`1 customization)
   at Raven.Client.Documents.Linq.RavenQueryProvider`1.ToAsyncDocumentQuery[TResult](Expression expression)
   at Raven.Client.Documents.LinqExtensions.FirstOrDefaultAsync[TSource](IQueryable`1 source, Expression`1 predicate, CancellationToken token)
   at Piranha.Repositories.PageRepository.Save[T](T model, Boolean isDraft) in C:\Users\bbqch\proj\microbians\piranha\data\Piranha.Data.EF\Repositories\PageRepository.cs:line 830
   at Piranha.Services.PageService.SaveAsync[T](T model, Boolean isDraft) in C:\Users\bbqch\proj\microbians\piranha\core\Piranha\Services\Internal\PageService.cs:line 732
   at Piranha.Tests.Services.PageTests.InitializeAsync() in C:\Users\bbqch\proj\microbians\piranha\test\Piranha.Tests\Services\PageTests.cs:line 163
   at Piranha.Tests.Services.PageTestsMemoryCache.InitializeAsync() in C:\Users\bbqch\proj\microbians\piranha\test\Piranha.Tests\Services\PageTests.cs:line 28
----- Inner Stack Trace -----
   at Raven.Client.Documents.Linq.LinqPathProvider.GetMemberValue(MemberExpression memberExpression)
   at Raven.Client.Documents.Linq.LinqPathProvider.GetValueFromExpressionWithoutConversion(Expression expression, Object& value)
   at Raven.Client.Documents.Linq.RavenQueryProviderProcessor`1.VisitEquals(BinaryExpression expression)
   at Raven.Client.Documents.Linq.RavenQueryProviderProcessor`1.VisitBinaryExpression(BinaryExpression expression)
   at Raven.Client.Documents.Linq.RavenQueryProviderProcessor`1.VisitQueryableMethodCall(MethodCallExpression expression)
   at Raven.Client.Documents.Linq.RavenQueryProviderProcessor`1.VisitMethodCall(MethodCallExpression expression)
   at Raven.Client.Documents.Linq.RavenQueryProviderProcessor`1.GetAsyncDocumentQueryFor(Expression expression, Action`1 customization)
  Failed Piranha.Tests.Services.PageTestsMemoryCache.GetBaseClassById [1 ms]
  Error Message:
   System.NotSupportedException : Could not understand expression: from 'Blocks'.Where(b => (b.Id == value(Piranha.Repositories.PageRepository+<>c__DisplayClass23_3`1[Piranha.Tests.Services.PageTests+MyPage]).CS$<>8__locals2.blocks.get_Item(value(Piranha.Repositories.PageRepository+<>c__DisplayClass23_3`1[Piranha.Tests.Services.PageTests+MyPage]).n).Id))
---- System.NotSupportedException : Expression type not supported: System.Linq.Expressions.InstanceMethodCallExpression1
  Stack Trace:
     at Raven.Client.Documents.Linq.RavenQueryProviderProcessor`1.GetAsyncDocumentQueryFor(Expression expression, Action`1 customization)
   at Raven.Client.Documents.Linq.RavenQueryProvider`1.ToAsyncDocumentQuery[TResult](Expression expression)
   at Raven.Client.Documents.LinqExtensions.FirstOrDefaultAsync[TSource](IQueryable`1 source, Expression`1 predicate, CancellationToken token)
   at Piranha.Repositories.PageRepository.Save[T](T model, Boolean isDraft) in C:\Users\bbqch\proj\microbians\piranha\data\Piranha.Data.EF\Repositories\PageRepository.cs:line 830
   at Piranha.Services.PageService.SaveAsync[T](T model, Boolean isDraft) in C:\Users\bbqch\proj\microbians\piranha\core\Piranha\Services\Internal\PageService.cs:line 732
   at Piranha.Tests.Services.PageTests.InitializeAsync() in C:\Users\bbqch\proj\microbians\piranha\test\Piranha.Tests\Services\PageTests.cs:line 163
   at Piranha.Tests.Services.PageTestsMemoryCache.InitializeAsync() in C:\Users\bbqch\proj\microbians\piranha\test\Piranha.Tests\Services\PageTests.cs:line 28
----- Inner Stack Trace -----
   at Raven.Client.Documents.Linq.LinqPathProvider.GetMemberValue(MemberExpression memberExpression)
   at Raven.Client.Documents.Linq.LinqPathProvider.GetValueFromExpressionWithoutConversion(Expression expression, Object& value)
   at Raven.Client.Documents.Linq.RavenQueryProviderProcessor`1.VisitEquals(BinaryExpression expression)
   at Raven.Client.Documents.Linq.RavenQueryProviderProcessor`1.VisitBinaryExpression(BinaryExpression expression)
   at Raven.Client.Documents.Linq.RavenQueryProviderProcessor`1.VisitQueryableMethodCall(MethodCallExpression expression)
   at Raven.Client.Documents.Linq.RavenQueryProviderProcessor`1.VisitMethodCall(MethodCallExpression expression)
   at Raven.Client.Documents.Linq.RavenQueryProviderProcessor`1.GetAsyncDocumentQueryFor(Expression expression, Action`1 customization)
  Failed Piranha.Tests.Services.PageTestsMemoryCache.Update [1 ms]
  Error Message:
   System.NotSupportedException : Could not understand expression: from 'Blocks'.Where(b => (b.Id == value(Piranha.Repositories.PageRepository+<>c__DisplayClass23_3`1[Piranha.Tests.Services.PageTests+MyPage]).CS$<>8__locals2.blocks.get_Item(value(Piranha.Repositories.PageRepository+<>c__DisplayClass23_3`1[Piranha.Tests.Services.PageTests+MyPage]).n).Id))
---- System.NotSupportedException : Expression type not supported: System.Linq.Expressions.InstanceMethodCallExpression1
  Stack Trace:
     at Raven.Client.Documents.Linq.RavenQueryProviderProcessor`1.GetAsyncDocumentQueryFor(Expression expression, Action`1 customization)
   at Raven.Client.Documents.Linq.RavenQueryProvider`1.ToAsyncDocumentQuery[TResult](Expression expression)
   at Raven.Client.Documents.LinqExtensions.FirstOrDefaultAsync[TSource](IQueryable`1 source, Expression`1 predicate, CancellationToken token)
   at Piranha.Repositories.PageRepository.Save[T](T model, Boolean isDraft) in C:\Users\bbqch\proj\microbians\piranha\data\Piranha.Data.EF\Repositories\PageRepository.cs:line 830
   at Piranha.Services.PageService.SaveAsync[T](T model, Boolean isDraft) in C:\Users\bbqch\proj\microbians\piranha\core\Piranha\Services\Internal\PageService.cs:line 732
   at Piranha.Tests.Services.PageTests.InitializeAsync() in C:\Users\bbqch\proj\microbians\piranha\test\Piranha.Tests\Services\PageTests.cs:line 163
   at Piranha.Tests.Services.PageTestsMemoryCache.InitializeAsync() in C:\Users\bbqch\proj\microbians\piranha\test\Piranha.Tests\Services\PageTests.cs:line 28
----- Inner Stack Trace -----
   at Raven.Client.Documents.Linq.LinqPathProvider.GetMemberValue(MemberExpression memberExpression)
   at Raven.Client.Documents.Linq.LinqPathProvider.GetValueFromExpressionWithoutConversion(Expression expression, Object& value)
   at Raven.Client.Documents.Linq.RavenQueryProviderProcessor`1.VisitEquals(BinaryExpression expression)
   at Raven.Client.Documents.Linq.RavenQueryProviderProcessor`1.VisitBinaryExpression(BinaryExpression expression)
   at Raven.Client.Documents.Linq.RavenQueryProviderProcessor`1.VisitQueryableMethodCall(MethodCallExpression expression)
   at Raven.Client.Documents.Linq.RavenQueryProviderProcessor`1.VisitMethodCall(MethodCallExpression expression)
   at Raven.Client.Documents.Linq.RavenQueryProviderProcessor`1.GetAsyncDocumentQueryFor(Expression expression, Action`1 customization)
  Failed Piranha.Tests.Services.PageTestsMemoryCache.GetNoneBySlug [1 ms]
  Error Message:
   System.NotSupportedException : Could not understand expression: from 'Blocks'.Where(b => (b.Id == value(Piranha.Repositories.PageRepository+<>c__DisplayClass23_3`1[Piranha.Tests.Services.PageTests+MyPage]).CS$<>8__locals2.blocks.get_Item(value(Piranha.Repositories.PageRepository+<>c__DisplayClass23_3`1[Piranha.Tests.Services.PageTests+MyPage]).n).Id))
---- System.NotSupportedException : Expression type not supported: System.Linq.Expressions.InstanceMethodCallExpression1
  Stack Trace:
     at Raven.Client.Documents.Linq.RavenQueryProviderProcessor`1.GetAsyncDocumentQueryFor(Expression expression, Action`1 customization)
   at Raven.Client.Documents.Linq.RavenQueryProvider`1.ToAsyncDocumentQuery[TResult](Expression expression)
   at Raven.Client.Documents.LinqExtensions.FirstOrDefaultAsync[TSource](IQueryable`1 source, Expression`1 predicate, CancellationToken token)
   at Piranha.Repositories.PageRepository.Save[T](T model, Boolean isDraft) in C:\Users\bbqch\proj\microbians\piranha\data\Piranha.Data.EF\Repositories\PageRepository.cs:line 830
   at Piranha.Services.PageService.SaveAsync[T](T model, Boolean isDraft) in C:\Users\bbqch\proj\microbians\piranha\core\Piranha\Services\Internal\PageService.cs:line 732
   at Piranha.Tests.Services.PageTests.InitializeAsync() in C:\Users\bbqch\proj\microbians\piranha\test\Piranha.Tests\Services\PageTests.cs:line 163
   at Piranha.Tests.Services.PageTestsMemoryCache.InitializeAsync() in C:\Users\bbqch\proj\microbians\piranha\test\Piranha.Tests\Services\PageTests.cs:line 28
----- Inner Stack Trace -----
   at Raven.Client.Documents.Linq.LinqPathProvider.GetMemberValue(MemberExpression memberExpression)
   at Raven.Client.Documents.Linq.LinqPathProvider.GetValueFromExpressionWithoutConversion(Expression expression, Object& value)
   at Raven.Client.Documents.Linq.RavenQueryProviderProcessor`1.VisitEquals(BinaryExpression expression)
   at Raven.Client.Documents.Linq.RavenQueryProviderProcessor`1.VisitBinaryExpression(BinaryExpression expression)
   at Raven.Client.Documents.Linq.RavenQueryProviderProcessor`1.VisitQueryableMethodCall(MethodCallExpression expression)
   at Raven.Client.Documents.Linq.RavenQueryProviderProcessor`1.VisitMethodCall(MethodCallExpression expression)
   at Raven.Client.Documents.Linq.RavenQueryProviderProcessor`1.GetAsyncDocumentQueryFor(Expression expression, Action`1 customization)
  Failed Piranha.Tests.Services.PageTestsMemoryCache.GetStartpage [1 ms]
  Error Message:
   System.NotSupportedException : Could not understand expression: from 'Blocks'.Where(b => (b.Id == value(Piranha.Repositories.PageRepository+<>c__DisplayClass23_3`1[Piranha.Tests.Services.PageTests+MyPage]).CS$<>8__locals2.blocks.get_Item(value(Piranha.Repositories.PageRepository+<>c__DisplayClass23_3`1[Piranha.Tests.Services.PageTests+MyPage]).n).Id))
---- System.NotSupportedException : Expression type not supported: System.Linq.Expressions.InstanceMethodCallExpression1
  Stack Trace:
     at Raven.Client.Documents.Linq.RavenQueryProviderProcessor`1.GetAsyncDocumentQueryFor(Expression expression, Action`1 customization)
   at Raven.Client.Documents.Linq.RavenQueryProvider`1.ToAsyncDocumentQuery[TResult](Expression expression)
   at Raven.Client.Documents.LinqExtensions.FirstOrDefaultAsync[TSource](IQueryable`1 source, Expression`1 predicate, CancellationToken token)
   at Piranha.Repositories.PageRepository.Save[T](T model, Boolean isDraft) in C:\Users\bbqch\proj\microbians\piranha\data\Piranha.Data.EF\Repositories\PageRepository.cs:line 830
   at Piranha.Services.PageService.SaveAsync[T](T model, Boolean isDraft) in C:\Users\bbqch\proj\microbians\piranha\core\Piranha\Services\Internal\PageService.cs:line 732
   at Piranha.Tests.Services.PageTests.InitializeAsync() in C:\Users\bbqch\proj\microbians\piranha\test\Piranha.Tests\Services\PageTests.cs:line 163
   at Piranha.Tests.Services.PageTestsMemoryCache.InitializeAsync() in C:\Users\bbqch\proj\microbians\piranha\test\Piranha.Tests\Services\PageTests.cs:line 28
----- Inner Stack Trace -----
   at Raven.Client.Documents.Linq.LinqPathProvider.GetMemberValue(MemberExpression memberExpression)
   at Raven.Client.Documents.Linq.LinqPathProvider.GetValueFromExpressionWithoutConversion(Expression expression, Object& value)
   at Raven.Client.Documents.Linq.RavenQueryProviderProcessor`1.VisitEquals(BinaryExpression expression)
   at Raven.Client.Documents.Linq.RavenQueryProviderProcessor`1.VisitBinaryExpression(BinaryExpression expression)
   at Raven.Client.Documents.Linq.RavenQueryProviderProcessor`1.VisitQueryableMethodCall(MethodCallExpression expression)
   at Raven.Client.Documents.Linq.RavenQueryProviderProcessor`1.VisitMethodCall(MethodCallExpression expression)
   at Raven.Client.Documents.Linq.RavenQueryProviderProcessor`1.GetAsyncDocumentQueryFor(Expression expression, Action`1 customization)
  Failed Piranha.Tests.Services.PageTestsMemoryCache.DeleteById [1 ms]
  Error Message:
   System.NotSupportedException : Could not understand expression: from 'Blocks'.Where(b => (b.Id == value(Piranha.Repositories.PageRepository+<>c__DisplayClass23_3`1[Piranha.Tests.Services.PageTests+MyPage]).CS$<>8__locals2.blocks.get_Item(value(Piranha.Repositories.PageRepository+<>c__DisplayClass23_3`1[Piranha.Tests.Services.PageTests+MyPage]).n).Id))
---- System.NotSupportedException : Expression type not supported: System.Linq.Expressions.InstanceMethodCallExpression1
  Stack Trace:
     at Raven.Client.Documents.Linq.RavenQueryProviderProcessor`1.GetAsyncDocumentQueryFor(Expression expression, Action`1 customization)
   at Raven.Client.Documents.Linq.RavenQueryProvider`1.ToAsyncDocumentQuery[TResult](Expression expression)
   at Raven.Client.Documents.LinqExtensions.FirstOrDefaultAsync[TSource](IQueryable`1 source, Expression`1 predicate, CancellationToken token)
   at Piranha.Repositories.PageRepository.Save[T](T model, Boolean isDraft) in C:\Users\bbqch\proj\microbians\piranha\data\Piranha.Data.EF\Repositories\PageRepository.cs:line 830
   at Piranha.Services.PageService.SaveAsync[T](T model, Boolean isDraft) in C:\Users\bbqch\proj\microbians\piranha\core\Piranha\Services\Internal\PageService.cs:line 732
   at Piranha.Tests.Services.PageTests.InitializeAsync() in C:\Users\bbqch\proj\microbians\piranha\test\Piranha.Tests\Services\PageTests.cs:line 163
   at Piranha.Tests.Services.PageTestsMemoryCache.InitializeAsync() in C:\Users\bbqch\proj\microbians\piranha\test\Piranha.Tests\Services\PageTests.cs:line 28
----- Inner Stack Trace -----
   at Raven.Client.Documents.Linq.LinqPathProvider.GetMemberValue(MemberExpression memberExpression)
   at Raven.Client.Documents.Linq.LinqPathProvider.GetValueFromExpressionWithoutConversion(Expression expression, Object& value)
   at Raven.Client.Documents.Linq.RavenQueryProviderProcessor`1.VisitEquals(BinaryExpression expression)
   at Raven.Client.Documents.Linq.RavenQueryProviderProcessor`1.VisitBinaryExpression(BinaryExpression expression)
   at Raven.Client.Documents.Linq.RavenQueryProviderProcessor`1.VisitQueryableMethodCall(MethodCallExpression expression)
   at Raven.Client.Documents.Linq.RavenQueryProviderProcessor`1.VisitMethodCall(MethodCallExpression expression)
   at Raven.Client.Documents.Linq.RavenQueryProviderProcessor`1.GetAsyncDocumentQueryFor(Expression expression, Action`1 customization)
  Failed Piranha.Tests.Services.PageTestsMemoryCache.SaveDraft [1 ms]
  Error Message:
   System.NotSupportedException : Could not understand expression: from 'Blocks'.Where(b => (b.Id == value(Piranha.Repositories.PageRepository+<>c__DisplayClass23_3`1[Piranha.Tests.Services.PageTests+MyPage]).CS$<>8__locals2.blocks.get_Item(value(Piranha.Repositories.PageRepository+<>c__DisplayClass23_3`1[Piranha.Tests.Services.PageTests+MyPage]).n).Id))
---- System.NotSupportedException : Expression type not supported: System.Linq.Expressions.InstanceMethodCallExpression1
  Stack Trace:
     at Raven.Client.Documents.Linq.RavenQueryProviderProcessor`1.GetAsyncDocumentQueryFor(Expression expression, Action`1 customization)
   at Raven.Client.Documents.Linq.RavenQueryProvider`1.ToAsyncDocumentQuery[TResult](Expression expression)
   at Raven.Client.Documents.LinqExtensions.FirstOrDefaultAsync[TSource](IQueryable`1 source, Expression`1 predicate, CancellationToken token)
   at Piranha.Repositories.PageRepository.Save[T](T model, Boolean isDraft) in C:\Users\bbqch\proj\microbians\piranha\data\Piranha.Data.EF\Repositories\PageRepository.cs:line 830
   at Piranha.Services.PageService.SaveAsync[T](T model, Boolean isDraft) in C:\Users\bbqch\proj\microbians\piranha\core\Piranha\Services\Internal\PageService.cs:line 732
   at Piranha.Tests.Services.PageTests.InitializeAsync() in C:\Users\bbqch\proj\microbians\piranha\test\Piranha.Tests\Services\PageTests.cs:line 163
   at Piranha.Tests.Services.PageTestsMemoryCache.InitializeAsync() in C:\Users\bbqch\proj\microbians\piranha\test\Piranha.Tests\Services\PageTests.cs:line 28
----- Inner Stack Trace -----
   at Raven.Client.Documents.Linq.LinqPathProvider.GetMemberValue(MemberExpression memberExpression)
   at Raven.Client.Documents.Linq.LinqPathProvider.GetValueFromExpressionWithoutConversion(Expression expression, Object& value)
   at Raven.Client.Documents.Linq.RavenQueryProviderProcessor`1.VisitEquals(BinaryExpression expression)
   at Raven.Client.Documents.Linq.RavenQueryProviderProcessor`1.VisitBinaryExpression(BinaryExpression expression)
   at Raven.Client.Documents.Linq.RavenQueryProviderProcessor`1.VisitQueryableMethodCall(MethodCallExpression expression)
   at Raven.Client.Documents.Linq.RavenQueryProviderProcessor`1.VisitMethodCall(MethodCallExpression expression)
   at Raven.Client.Documents.Linq.RavenQueryProviderProcessor`1.GetAsyncDocumentQueryFor(Expression expression, Action`1 customization)
  Failed Piranha.Tests.Services.PageTestsMemoryCache.IsCached [1 ms]
  Error Message:
   System.NotSupportedException : Could not understand expression: from 'Blocks'.Where(b => (b.Id == value(Piranha.Repositories.PageRepository+<>c__DisplayClass23_3`1[Piranha.Tests.Services.PageTests+MyPage]).CS$<>8__locals2.blocks.get_Item(value(Piranha.Repositories.PageRepository+<>c__DisplayClass23_3`1[Piranha.Tests.Services.PageTests+MyPage]).n).Id))
---- System.NotSupportedException : Expression type not supported: System.Linq.Expressions.InstanceMethodCallExpression1
  Stack Trace:
     at Raven.Client.Documents.Linq.RavenQueryProviderProcessor`1.GetAsyncDocumentQueryFor(Expression expression, Action`1 customization)
   at Raven.Client.Documents.Linq.RavenQueryProvider`1.ToAsyncDocumentQuery[TResult](Expression expression)
   at Raven.Client.Documents.LinqExtensions.FirstOrDefaultAsync[TSource](IQueryable`1 source, Expression`1 predicate, CancellationToken token)
   at Piranha.Repositories.PageRepository.Save[T](T model, Boolean isDraft) in C:\Users\bbqch\proj\microbians\piranha\data\Piranha.Data.EF\Repositories\PageRepository.cs:line 830
   at Piranha.Services.PageService.SaveAsync[T](T model, Boolean isDraft) in C:\Users\bbqch\proj\microbians\piranha\core\Piranha\Services\Internal\PageService.cs:line 732
   at Piranha.Tests.Services.PageTests.InitializeAsync() in C:\Users\bbqch\proj\microbians\piranha\test\Piranha.Tests\Services\PageTests.cs:line 163
   at Piranha.Tests.Services.PageTestsMemoryCache.InitializeAsync() in C:\Users\bbqch\proj\microbians\piranha\test\Piranha.Tests\Services\PageTests.cs:line 28
----- Inner Stack Trace -----
   at Raven.Client.Documents.Linq.LinqPathProvider.GetMemberValue(MemberExpression memberExpression)
   at Raven.Client.Documents.Linq.LinqPathProvider.GetValueFromExpressionWithoutConversion(Expression expression, Object& value)
   at Raven.Client.Documents.Linq.RavenQueryProviderProcessor`1.VisitEquals(BinaryExpression expression)
   at Raven.Client.Documents.Linq.RavenQueryProviderProcessor`1.VisitBinaryExpression(BinaryExpression expression)
   at Raven.Client.Documents.Linq.RavenQueryProviderProcessor`1.VisitQueryableMethodCall(MethodCallExpression expression)
   at Raven.Client.Documents.Linq.RavenQueryProviderProcessor`1.VisitMethodCall(MethodCallExpression expression)
   at Raven.Client.Documents.Linq.RavenQueryProviderProcessor`1.GetAsyncDocumentQueryFor(Expression expression, Action`1 customization)
  Failed Piranha.Tests.Services.PageTestsMemoryCache.EmptyCollectionPage [1 ms]
  Error Message:
   System.NotSupportedException : Could not understand expression: from 'Blocks'.Where(b => (b.Id == value(Piranha.Repositories.PageRepository+<>c__DisplayClass23_3`1[Piranha.Tests.Services.PageTests+MyPage]).CS$<>8__locals2.blocks.get_Item(value(Piranha.Repositories.PageRepository+<>c__DisplayClass23_3`1[Piranha.Tests.Services.PageTests+MyPage]).n).Id))
---- System.NotSupportedException : Expression type not supported: System.Linq.Expressions.InstanceMethodCallExpression1
  Stack Trace:
     at Raven.Client.Documents.Linq.RavenQueryProviderProcessor`1.GetAsyncDocumentQueryFor(Expression expression, Action`1 customization)
   at Raven.Client.Documents.Linq.RavenQueryProvider`1.ToAsyncDocumentQuery[TResult](Expression expression)
   at Raven.Client.Documents.LinqExtensions.FirstOrDefaultAsync[TSource](IQueryable`1 source, Expression`1 predicate, CancellationToken token)
   at Piranha.Repositories.PageRepository.Save[T](T model, Boolean isDraft) in C:\Users\bbqch\proj\microbians\piranha\data\Piranha.Data.EF\Repositories\PageRepository.cs:line 830
   at Piranha.Services.PageService.SaveAsync[T](T model, Boolean isDraft) in C:\Users\bbqch\proj\microbians\piranha\core\Piranha\Services\Internal\PageService.cs:line 732
   at Piranha.Tests.Services.PageTests.InitializeAsync() in C:\Users\bbqch\proj\microbians\piranha\test\Piranha.Tests\Services\PageTests.cs:line 163
   at Piranha.Tests.Services.PageTestsMemoryCache.InitializeAsync() in C:\Users\bbqch\proj\microbians\piranha\test\Piranha.Tests\Services\PageTests.cs:line 28
----- Inner Stack Trace -----
   at Raven.Client.Documents.Linq.LinqPathProvider.GetMemberValue(MemberExpression memberExpression)
   at Raven.Client.Documents.Linq.LinqPathProvider.GetValueFromExpressionWithoutConversion(Expression expression, Object& value)
   at Raven.Client.Documents.Linq.RavenQueryProviderProcessor`1.VisitEquals(BinaryExpression expression)
   at Raven.Client.Documents.Linq.RavenQueryProviderProcessor`1.VisitBinaryExpression(BinaryExpression expression)
   at Raven.Client.Documents.Linq.RavenQueryProviderProcessor`1.VisitQueryableMethodCall(MethodCallExpression expression)
   at Raven.Client.Documents.Linq.RavenQueryProviderProcessor`1.VisitMethodCall(MethodCallExpression expression)
   at Raven.Client.Documents.Linq.RavenQueryProviderProcessor`1.GetAsyncDocumentQueryFor(Expression expression, Action`1 customization)
  Failed Piranha.Tests.Services.PageTestsMemoryCache.GetMissingById [1 ms]
  Error Message:
   System.NotSupportedException : Could not understand expression: from 'Blocks'.Where(b => (b.Id == value(Piranha.Repositories.PageRepository+<>c__DisplayClass23_3`1[Piranha.Tests.Services.PageTests+MyPage]).CS$<>8__locals2.blocks.get_Item(value(Piranha.Repositories.PageRepository+<>c__DisplayClass23_3`1[Piranha.Tests.Services.PageTests+MyPage]).n).Id))
---- System.NotSupportedException : Expression type not supported: System.Linq.Expressions.InstanceMethodCallExpression1
  Stack Trace:
     at Raven.Client.Documents.Linq.RavenQueryProviderProcessor`1.GetAsyncDocumentQueryFor(Expression expression, Action`1 customization)
   at Raven.Client.Documents.Linq.RavenQueryProvider`1.ToAsyncDocumentQuery[TResult](Expression expression)
   at Raven.Client.Documents.LinqExtensions.FirstOrDefaultAsync[TSource](IQueryable`1 source, Expression`1 predicate, CancellationToken token)
   at Piranha.Repositories.PageRepository.Save[T](T model, Boolean isDraft) in C:\Users\bbqch\proj\microbians\piranha\data\Piranha.Data.EF\Repositories\PageRepository.cs:line 830
   at Piranha.Services.PageService.SaveAsync[T](T model, Boolean isDraft) in C:\Users\bbqch\proj\microbians\piranha\core\Piranha\Services\Internal\PageService.cs:line 732
   at Piranha.Tests.Services.PageTests.InitializeAsync() in C:\Users\bbqch\proj\microbians\piranha\test\Piranha.Tests\Services\PageTests.cs:line 163
   at Piranha.Tests.Services.PageTestsMemoryCache.InitializeAsync() in C:\Users\bbqch\proj\microbians\piranha\test\Piranha.Tests\Services\PageTests.cs:line 28
----- Inner Stack Trace -----
   at Raven.Client.Documents.Linq.LinqPathProvider.GetMemberValue(MemberExpression memberExpression)
   at Raven.Client.Documents.Linq.LinqPathProvider.GetValueFromExpressionWithoutConversion(Expression expression, Object& value)
   at Raven.Client.Documents.Linq.RavenQueryProviderProcessor`1.VisitEquals(BinaryExpression expression)
   at Raven.Client.Documents.Linq.RavenQueryProviderProcessor`1.VisitBinaryExpression(BinaryExpression expression)
   at Raven.Client.Documents.Linq.RavenQueryProviderProcessor`1.VisitQueryableMethodCall(MethodCallExpression expression)
   at Raven.Client.Documents.Linq.RavenQueryProviderProcessor`1.VisitMethodCall(MethodCallExpression expression)
   at Raven.Client.Documents.Linq.RavenQueryProviderProcessor`1.GetAsyncDocumentQueryFor(Expression expression, Action`1 customization)
  Failed Piranha.Tests.Services.PageTestsMemoryCache.GetDIGeneric [1 ms]
  Error Message:
   System.NotSupportedException : Could not understand expression: from 'Blocks'.Where(b => (b.Id == value(Piranha.Repositories.PageRepository+<>c__DisplayClass23_3`1[Piranha.Tests.Services.PageTests+MyPage]).CS$<>8__locals2.blocks.get_Item(value(Piranha.Repositories.PageRepository+<>c__DisplayClass23_3`1[Piranha.Tests.Services.PageTests+MyPage]).n).Id))
---- System.NotSupportedException : Expression type not supported: System.Linq.Expressions.InstanceMethodCallExpression1
  Stack Trace:
     at Raven.Client.Documents.Linq.RavenQueryProviderProcessor`1.GetAsyncDocumentQueryFor(Expression expression, Action`1 customization)
   at Raven.Client.Documents.Linq.RavenQueryProvider`1.ToAsyncDocumentQuery[TResult](Expression expression)
   at Raven.Client.Documents.LinqExtensions.FirstOrDefaultAsync[TSource](IQueryable`1 source, Expression`1 predicate, CancellationToken token)
   at Piranha.Repositories.PageRepository.Save[T](T model, Boolean isDraft) in C:\Users\bbqch\proj\microbians\piranha\data\Piranha.Data.EF\Repositories\PageRepository.cs:line 830
   at Piranha.Services.PageService.SaveAsync[T](T model, Boolean isDraft) in C:\Users\bbqch\proj\microbians\piranha\core\Piranha\Services\Internal\PageService.cs:line 732
   at Piranha.Tests.Services.PageTests.InitializeAsync() in C:\Users\bbqch\proj\microbians\piranha\test\Piranha.Tests\Services\PageTests.cs:line 163
   at Piranha.Tests.Services.PageTestsMemoryCache.InitializeAsync() in C:\Users\bbqch\proj\microbians\piranha\test\Piranha.Tests\Services\PageTests.cs:line 28
----- Inner Stack Trace -----
   at Raven.Client.Documents.Linq.LinqPathProvider.GetMemberValue(MemberExpression memberExpression)
   at Raven.Client.Documents.Linq.LinqPathProvider.GetValueFromExpressionWithoutConversion(Expression expression, Object& value)
   at Raven.Client.Documents.Linq.RavenQueryProviderProcessor`1.VisitEquals(BinaryExpression expression)
   at Raven.Client.Documents.Linq.RavenQueryProviderProcessor`1.VisitBinaryExpression(BinaryExpression expression)
   at Raven.Client.Documents.Linq.RavenQueryProviderProcessor`1.VisitQueryableMethodCall(MethodCallExpression expression)
   at Raven.Client.Documents.Linq.RavenQueryProviderProcessor`1.VisitMethodCall(MethodCallExpression expression)
   at Raven.Client.Documents.Linq.RavenQueryProviderProcessor`1.GetAsyncDocumentQueryFor(Expression expression, Action`1 customization)
  Failed Piranha.Tests.Services.PageTestsMemoryCache.EmptyDynamicCollectionPageComplex [1 ms]
  Error Message:
   System.NotSupportedException : Could not understand expression: from 'Blocks'.Where(b => (b.Id == value(Piranha.Repositories.PageRepository+<>c__DisplayClass23_3`1[Piranha.Tests.Services.PageTests+MyPage]).CS$<>8__locals2.blocks.get_Item(value(Piranha.Repositories.PageRepository+<>c__DisplayClass23_3`1[Piranha.Tests.Services.PageTests+MyPage]).n).Id))
---- System.NotSupportedException : Expression type not supported: System.Linq.Expressions.InstanceMethodCallExpression1
  Stack Trace:
     at Raven.Client.Documents.Linq.RavenQueryProviderProcessor`1.GetAsyncDocumentQueryFor(Expression expression, Action`1 customization)
   at Raven.Client.Documents.Linq.RavenQueryProvider`1.ToAsyncDocumentQuery[TResult](Expression expression)
   at Raven.Client.Documents.LinqExtensions.FirstOrDefaultAsync[TSource](IQueryable`1 source, Expression`1 predicate, CancellationToken token)
   at Piranha.Repositories.PageRepository.Save[T](T model, Boolean isDraft) in C:\Users\bbqch\proj\microbians\piranha\data\Piranha.Data.EF\Repositories\PageRepository.cs:line 830
   at Piranha.Services.PageService.SaveAsync[T](T model, Boolean isDraft) in C:\Users\bbqch\proj\microbians\piranha\core\Piranha\Services\Internal\PageService.cs:line 732
   at Piranha.Tests.Services.PageTests.InitializeAsync() in C:\Users\bbqch\proj\microbians\piranha\test\Piranha.Tests\Services\PageTests.cs:line 163
   at Piranha.Tests.Services.PageTestsMemoryCache.InitializeAsync() in C:\Users\bbqch\proj\microbians\piranha\test\Piranha.Tests\Services\PageTests.cs:line 28
----- Inner Stack Trace -----
   at Raven.Client.Documents.Linq.LinqPathProvider.GetMemberValue(MemberExpression memberExpression)
   at Raven.Client.Documents.Linq.LinqPathProvider.GetValueFromExpressionWithoutConversion(Expression expression, Object& value)
   at Raven.Client.Documents.Linq.RavenQueryProviderProcessor`1.VisitEquals(BinaryExpression expression)
   at Raven.Client.Documents.Linq.RavenQueryProviderProcessor`1.VisitBinaryExpression(BinaryExpression expression)
   at Raven.Client.Documents.Linq.RavenQueryProviderProcessor`1.VisitQueryableMethodCall(MethodCallExpression expression)
   at Raven.Client.Documents.Linq.RavenQueryProviderProcessor`1.VisitMethodCall(MethodCallExpression expression)
   at Raven.Client.Documents.Linq.RavenQueryProviderProcessor`1.GetAsyncDocumentQueryFor(Expression expression, Action`1 customization)
  Failed Piranha.Tests.Services.PageTestsMemoryCache.GetIdBySlugSiteId [1 ms]
  Error Message:
   System.NotSupportedException : Could not understand expression: from 'Blocks'.Where(b => (b.Id == value(Piranha.Repositories.PageRepository+<>c__DisplayClass23_3`1[Piranha.Tests.Services.PageTests+MyPage]).CS$<>8__locals2.blocks.get_Item(value(Piranha.Repositories.PageRepository+<>c__DisplayClass23_3`1[Piranha.Tests.Services.PageTests+MyPage]).n).Id))
---- System.NotSupportedException : Expression type not supported: System.Linq.Expressions.InstanceMethodCallExpression1
  Stack Trace:
     at Raven.Client.Documents.Linq.RavenQueryProviderProcessor`1.GetAsyncDocumentQueryFor(Expression expression, Action`1 customization)
   at Raven.Client.Documents.Linq.RavenQueryProvider`1.ToAsyncDocumentQuery[TResult](Expression expression)
   at Raven.Client.Documents.LinqExtensions.FirstOrDefaultAsync[TSource](IQueryable`1 source, Expression`1 predicate, CancellationToken token)
   at Piranha.Repositories.PageRepository.Save[T](T model, Boolean isDraft) in C:\Users\bbqch\proj\microbians\piranha\data\Piranha.Data.EF\Repositories\PageRepository.cs:line 830
   at Piranha.Services.PageService.SaveAsync[T](T model, Boolean isDraft) in C:\Users\bbqch\proj\microbians\piranha\core\Piranha\Services\Internal\PageService.cs:line 732
   at Piranha.Tests.Services.PageTests.InitializeAsync() in C:\Users\bbqch\proj\microbians\piranha\test\Piranha.Tests\Services\PageTests.cs:line 163
   at Piranha.Tests.Services.PageTestsMemoryCache.InitializeAsync() in C:\Users\bbqch\proj\microbians\piranha\test\Piranha.Tests\Services\PageTests.cs:line 28
----- Inner Stack Trace -----
   at Raven.Client.Documents.Linq.LinqPathProvider.GetMemberValue(MemberExpression memberExpression)
   at Raven.Client.Documents.Linq.LinqPathProvider.GetValueFromExpressionWithoutConversion(Expression expression, Object& value)
   at Raven.Client.Documents.Linq.RavenQueryProviderProcessor`1.VisitEquals(BinaryExpression expression)
   at Raven.Client.Documents.Linq.RavenQueryProviderProcessor`1.VisitBinaryExpression(BinaryExpression expression)
   at Raven.Client.Documents.Linq.RavenQueryProviderProcessor`1.VisitQueryableMethodCall(MethodCallExpression expression)
   at Raven.Client.Documents.Linq.RavenQueryProviderProcessor`1.VisitMethodCall(MethodCallExpression expression)
   at Raven.Client.Documents.Linq.RavenQueryProviderProcessor`1.GetAsyncDocumentQueryFor(Expression expression, Action`1 customization)
  Failed Piranha.Tests.Services.PageTestsMemoryCache.Move [1 ms]
  Error Message:
   System.NotSupportedException : Could not understand expression: from 'Blocks'.Where(b => (b.Id == value(Piranha.Repositories.PageRepository+<>c__DisplayClass23_3`1[Piranha.Tests.Services.PageTests+MyPage]).CS$<>8__locals2.blocks.get_Item(value(Piranha.Repositories.PageRepository+<>c__DisplayClass23_3`1[Piranha.Tests.Services.PageTests+MyPage]).n).Id))
---- System.NotSupportedException : Expression type not supported: System.Linq.Expressions.InstanceMethodCallExpression1
  Stack Trace:
     at Raven.Client.Documents.Linq.RavenQueryProviderProcessor`1.GetAsyncDocumentQueryFor(Expression expression, Action`1 customization)
   at Raven.Client.Documents.Linq.RavenQueryProvider`1.ToAsyncDocumentQuery[TResult](Expression expression)
   at Raven.Client.Documents.LinqExtensions.FirstOrDefaultAsync[TSource](IQueryable`1 source, Expression`1 predicate, CancellationToken token)
   at Piranha.Repositories.PageRepository.Save[T](T model, Boolean isDraft) in C:\Users\bbqch\proj\microbians\piranha\data\Piranha.Data.EF\Repositories\PageRepository.cs:line 830
   at Piranha.Services.PageService.SaveAsync[T](T model, Boolean isDraft) in C:\Users\bbqch\proj\microbians\piranha\core\Piranha\Services\Internal\PageService.cs:line 732
   at Piranha.Tests.Services.PageTests.InitializeAsync() in C:\Users\bbqch\proj\microbians\piranha\test\Piranha.Tests\Services\PageTests.cs:line 163
   at Piranha.Tests.Services.PageTestsMemoryCache.InitializeAsync() in C:\Users\bbqch\proj\microbians\piranha\test\Piranha.Tests\Services\PageTests.cs:line 28
----- Inner Stack Trace -----
   at Raven.Client.Documents.Linq.LinqPathProvider.GetMemberValue(MemberExpression memberExpression)
   at Raven.Client.Documents.Linq.LinqPathProvider.GetValueFromExpressionWithoutConversion(Expression expression, Object& value)
   at Raven.Client.Documents.Linq.RavenQueryProviderProcessor`1.VisitEquals(BinaryExpression expression)
   at Raven.Client.Documents.Linq.RavenQueryProviderProcessor`1.VisitBinaryExpression(BinaryExpression expression)
   at Raven.Client.Documents.Linq.RavenQueryProviderProcessor`1.VisitQueryableMethodCall(MethodCallExpression expression)
   at Raven.Client.Documents.Linq.RavenQueryProviderProcessor`1.VisitMethodCall(MethodCallExpression expression)
   at Raven.Client.Documents.Linq.RavenQueryProviderProcessor`1.GetAsyncDocumentQueryFor(Expression expression, Action`1 customization)
  Failed Piranha.Tests.Services.PageTestsMemoryCache.Delete [1 ms]
  Error Message:
   System.NotSupportedException : Could not understand expression: from 'Blocks'.Where(b => (b.Id == value(Piranha.Repositories.PageRepository+<>c__DisplayClass23_3`1[Piranha.Tests.Services.PageTests+MyPage]).CS$<>8__locals2.blocks.get_Item(value(Piranha.Repositories.PageRepository+<>c__DisplayClass23_3`1[Piranha.Tests.Services.PageTests+MyPage]).n).Id))
---- System.NotSupportedException : Expression type not supported: System.Linq.Expressions.InstanceMethodCallExpression1
  Stack Trace:
     at Raven.Client.Documents.Linq.RavenQueryProviderProcessor`1.GetAsyncDocumentQueryFor(Expression expression, Action`1 customization)
   at Raven.Client.Documents.Linq.RavenQueryProvider`1.ToAsyncDocumentQuery[TResult](Expression expression)
   at Raven.Client.Documents.LinqExtensions.FirstOrDefaultAsync[TSource](IQueryable`1 source, Expression`1 predicate, CancellationToken token)
   at Piranha.Repositories.PageRepository.Save[T](T model, Boolean isDraft) in C:\Users\bbqch\proj\microbians\piranha\data\Piranha.Data.EF\Repositories\PageRepository.cs:line 830
   at Piranha.Services.PageService.SaveAsync[T](T model, Boolean isDraft) in C:\Users\bbqch\proj\microbians\piranha\core\Piranha\Services\Internal\PageService.cs:line 732
   at Piranha.Tests.Services.PageTests.InitializeAsync() in C:\Users\bbqch\proj\microbians\piranha\test\Piranha.Tests\Services\PageTests.cs:line 163
   at Piranha.Tests.Services.PageTestsMemoryCache.InitializeAsync() in C:\Users\bbqch\proj\microbians\piranha\test\Piranha.Tests\Services\PageTests.cs:line 28
----- Inner Stack Trace -----
   at Raven.Client.Documents.Linq.LinqPathProvider.GetMemberValue(MemberExpression memberExpression)
   at Raven.Client.Documents.Linq.LinqPathProvider.GetValueFromExpressionWithoutConversion(Expression expression, Object& value)
   at Raven.Client.Documents.Linq.RavenQueryProviderProcessor`1.VisitEquals(BinaryExpression expression)
   at Raven.Client.Documents.Linq.RavenQueryProviderProcessor`1.VisitBinaryExpression(BinaryExpression expression)
   at Raven.Client.Documents.Linq.RavenQueryProviderProcessor`1.VisitQueryableMethodCall(MethodCallExpression expression)
   at Raven.Client.Documents.Linq.RavenQueryProviderProcessor`1.VisitMethodCall(MethodCallExpression expression)
   at Raven.Client.Documents.Linq.RavenQueryProviderProcessor`1.GetAsyncDocumentQueryFor(Expression expression, Action`1 customization)
  Failed Piranha.Tests.Services.PageTestsMemoryCache.DeleteShouldThrowWhenPageHasCopies [1 ms]
  Error Message:
   System.NotSupportedException : Could not understand expression: from 'Blocks'.Where(b => (b.Id == value(Piranha.Repositories.PageRepository+<>c__DisplayClass23_3`1[Piranha.Tests.Services.PageTests+MyPage]).CS$<>8__locals2.blocks.get_Item(value(Piranha.Repositories.PageRepository+<>c__DisplayClass23_3`1[Piranha.Tests.Services.PageTests+MyPage]).n).Id))
---- System.NotSupportedException : Expression type not supported: System.Linq.Expressions.InstanceMethodCallExpression1
  Stack Trace:
     at Raven.Client.Documents.Linq.RavenQueryProviderProcessor`1.GetAsyncDocumentQueryFor(Expression expression, Action`1 customization)
   at Raven.Client.Documents.Linq.RavenQueryProvider`1.ToAsyncDocumentQuery[TResult](Expression expression)
   at Raven.Client.Documents.LinqExtensions.FirstOrDefaultAsync[TSource](IQueryable`1 source, Expression`1 predicate, CancellationToken token)
   at Piranha.Repositories.PageRepository.Save[T](T model, Boolean isDraft) in C:\Users\bbqch\proj\microbians\piranha\data\Piranha.Data.EF\Repositories\PageRepository.cs:line 830
   at Piranha.Services.PageService.SaveAsync[T](T model, Boolean isDraft) in C:\Users\bbqch\proj\microbians\piranha\core\Piranha\Services\Internal\PageService.cs:line 732
   at Piranha.Tests.Services.PageTests.InitializeAsync() in C:\Users\bbqch\proj\microbians\piranha\test\Piranha.Tests\Services\PageTests.cs:line 163
   at Piranha.Tests.Services.PageTestsMemoryCache.InitializeAsync() in C:\Users\bbqch\proj\microbians\piranha\test\Piranha.Tests\Services\PageTests.cs:line 28
----- Inner Stack Trace -----
   at Raven.Client.Documents.Linq.LinqPathProvider.GetMemberValue(MemberExpression memberExpression)
   at Raven.Client.Documents.Linq.LinqPathProvider.GetValueFromExpressionWithoutConversion(Expression expression, Object& value)
   at Raven.Client.Documents.Linq.RavenQueryProviderProcessor`1.VisitEquals(BinaryExpression expression)
   at Raven.Client.Documents.Linq.RavenQueryProviderProcessor`1.VisitBinaryExpression(BinaryExpression expression)
   at Raven.Client.Documents.Linq.RavenQueryProviderProcessor`1.VisitQueryableMethodCall(MethodCallExpression expression)
   at Raven.Client.Documents.Linq.RavenQueryProviderProcessor`1.VisitMethodCall(MethodCallExpression expression)
   at Raven.Client.Documents.Linq.RavenQueryProviderProcessor`1.GetAsyncDocumentQueryFor(Expression expression, Action`1 customization)
  Failed Piranha.Tests.Services.PageTestsMemoryCache.CheckPermlinkSyntax [1 ms]
  Error Message:
   System.NotSupportedException : Could not understand expression: from 'Blocks'.Where(b => (b.Id == value(Piranha.Repositories.PageRepository+<>c__DisplayClass23_3`1[Piranha.Tests.Services.PageTests+MyPage]).CS$<>8__locals2.blocks.get_Item(value(Piranha.Repositories.PageRepository+<>c__DisplayClass23_3`1[Piranha.Tests.Services.PageTests+MyPage]).n).Id))
---- System.NotSupportedException : Expression type not supported: System.Linq.Expressions.InstanceMethodCallExpression1
  Stack Trace:
     at Raven.Client.Documents.Linq.RavenQueryProviderProcessor`1.GetAsyncDocumentQueryFor(Expression expression, Action`1 customization)
   at Raven.Client.Documents.Linq.RavenQueryProvider`1.ToAsyncDocumentQuery[TResult](Expression expression)
   at Raven.Client.Documents.LinqExtensions.FirstOrDefaultAsync[TSource](IQueryable`1 source, Expression`1 predicate, CancellationToken token)
   at Piranha.Repositories.PageRepository.Save[T](T model, Boolean isDraft) in C:\Users\bbqch\proj\microbians\piranha\data\Piranha.Data.EF\Repositories\PageRepository.cs:line 830
   at Piranha.Services.PageService.SaveAsync[T](T model, Boolean isDraft) in C:\Users\bbqch\proj\microbians\piranha\core\Piranha\Services\Internal\PageService.cs:line 732
   at Piranha.Tests.Services.PageTests.InitializeAsync() in C:\Users\bbqch\proj\microbians\piranha\test\Piranha.Tests\Services\PageTests.cs:line 163
   at Piranha.Tests.Services.PageTestsMemoryCache.InitializeAsync() in C:\Users\bbqch\proj\microbians\piranha\test\Piranha.Tests\Services\PageTests.cs:line 28
----- Inner Stack Trace -----
   at Raven.Client.Documents.Linq.LinqPathProvider.GetMemberValue(MemberExpression memberExpression)
   at Raven.Client.Documents.Linq.LinqPathProvider.GetValueFromExpressionWithoutConversion(Expression expression, Object& value)
   at Raven.Client.Documents.Linq.RavenQueryProviderProcessor`1.VisitEquals(BinaryExpression expression)
   at Raven.Client.Documents.Linq.RavenQueryProviderProcessor`1.VisitBinaryExpression(BinaryExpression expression)
   at Raven.Client.Documents.Linq.RavenQueryProviderProcessor`1.VisitQueryableMethodCall(MethodCallExpression expression)
   at Raven.Client.Documents.Linq.RavenQueryProviderProcessor`1.VisitMethodCall(MethodCallExpression expression)
   at Raven.Client.Documents.Linq.RavenQueryProviderProcessor`1.GetAsyncDocumentQueryFor(Expression expression, Action`1 customization)
  Failed Piranha.Tests.Services.PageTestsMemoryCache.Add [1 ms]
  Error Message:
   System.NotSupportedException : Could not understand expression: from 'Blocks'.Where(b => (b.Id == value(Piranha.Repositories.PageRepository+<>c__DisplayClass23_3`1[Piranha.Tests.Services.PageTests+MyPage]).CS$<>8__locals2.blocks.get_Item(value(Piranha.Repositories.PageRepository+<>c__DisplayClass23_3`1[Piranha.Tests.Services.PageTests+MyPage]).n).Id))
---- System.NotSupportedException : Expression type not supported: System.Linq.Expressions.InstanceMethodCallExpression1
  Stack Trace:
     at Raven.Client.Documents.Linq.RavenQueryProviderProcessor`1.GetAsyncDocumentQueryFor(Expression expression, Action`1 customization)
   at Raven.Client.Documents.Linq.RavenQueryProvider`1.ToAsyncDocumentQuery[TResult](Expression expression)
   at Raven.Client.Documents.LinqExtensions.FirstOrDefaultAsync[TSource](IQueryable`1 source, Expression`1 predicate, CancellationToken token)
   at Piranha.Repositories.PageRepository.Save[T](T model, Boolean isDraft) in C:\Users\bbqch\proj\microbians\piranha\data\Piranha.Data.EF\Repositories\PageRepository.cs:line 830
   at Piranha.Services.PageService.SaveAsync[T](T model, Boolean isDraft) in C:\Users\bbqch\proj\microbians\piranha\core\Piranha\Services\Internal\PageService.cs:line 732
   at Piranha.Tests.Services.PageTests.InitializeAsync() in C:\Users\bbqch\proj\microbians\piranha\test\Piranha.Tests\Services\PageTests.cs:line 163
   at Piranha.Tests.Services.PageTestsMemoryCache.InitializeAsync() in C:\Users\bbqch\proj\microbians\piranha\test\Piranha.Tests\Services\PageTests.cs:line 28
----- Inner Stack Trace -----
   at Raven.Client.Documents.Linq.LinqPathProvider.GetMemberValue(MemberExpression memberExpression)
   at Raven.Client.Documents.Linq.LinqPathProvider.GetValueFromExpressionWithoutConversion(Expression expression, Object& value)
   at Raven.Client.Documents.Linq.RavenQueryProviderProcessor`1.VisitEquals(BinaryExpression expression)
   at Raven.Client.Documents.Linq.RavenQueryProviderProcessor`1.VisitBinaryExpression(BinaryExpression expression)
   at Raven.Client.Documents.Linq.RavenQueryProviderProcessor`1.VisitQueryableMethodCall(MethodCallExpression expression)
   at Raven.Client.Documents.Linq.RavenQueryProviderProcessor`1.VisitMethodCall(MethodCallExpression expression)
   at Raven.Client.Documents.Linq.RavenQueryProviderProcessor`1.GetAsyncDocumentQueryFor(Expression expression, Action`1 customization)
  Failed Piranha.Tests.Services.PageTestsMemoryCache.UpdatingCopyShouldIgnoreBodyAndDate [1 ms]
  Error Message:
   System.NotSupportedException : Could not understand expression: from 'Blocks'.Where(b => (b.Id == value(Piranha.Repositories.PageRepository+<>c__DisplayClass23_3`1[Piranha.Tests.Services.PageTests+MyPage]).CS$<>8__locals2.blocks.get_Item(value(Piranha.Repositories.PageRepository+<>c__DisplayClass23_3`1[Piranha.Tests.Services.PageTests+MyPage]).n).Id))
---- System.NotSupportedException : Expression type not supported: System.Linq.Expressions.InstanceMethodCallExpression1
  Stack Trace:
     at Raven.Client.Documents.Linq.RavenQueryProviderProcessor`1.GetAsyncDocumentQueryFor(Expression expression, Action`1 customization)
   at Raven.Client.Documents.Linq.RavenQueryProvider`1.ToAsyncDocumentQuery[TResult](Expression expression)
   at Raven.Client.Documents.LinqExtensions.FirstOrDefaultAsync[TSource](IQueryable`1 source, Expression`1 predicate, CancellationToken token)
   at Piranha.Repositories.PageRepository.Save[T](T model, Boolean isDraft) in C:\Users\bbqch\proj\microbians\piranha\data\Piranha.Data.EF\Repositories\PageRepository.cs:line 830
   at Piranha.Services.PageService.SaveAsync[T](T model, Boolean isDraft) in C:\Users\bbqch\proj\microbians\piranha\core\Piranha\Services\Internal\PageService.cs:line 732
   at Piranha.Tests.Services.PageTests.InitializeAsync() in C:\Users\bbqch\proj\microbians\piranha\test\Piranha.Tests\Services\PageTests.cs:line 163
   at Piranha.Tests.Services.PageTestsMemoryCache.InitializeAsync() in C:\Users\bbqch\proj\microbians\piranha\test\Piranha.Tests\Services\PageTests.cs:line 28
----- Inner Stack Trace -----
   at Raven.Client.Documents.Linq.LinqPathProvider.GetMemberValue(MemberExpression memberExpression)
   at Raven.Client.Documents.Linq.LinqPathProvider.GetValueFromExpressionWithoutConversion(Expression expression, Object& value)
   at Raven.Client.Documents.Linq.RavenQueryProviderProcessor`1.VisitEquals(BinaryExpression expression)
   at Raven.Client.Documents.Linq.RavenQueryProviderProcessor`1.VisitBinaryExpression(BinaryExpression expression)
   at Raven.Client.Documents.Linq.RavenQueryProviderProcessor`1.VisitQueryableMethodCall(MethodCallExpression expression)
   at Raven.Client.Documents.Linq.RavenQueryProviderProcessor`1.VisitMethodCall(MethodCallExpression expression)
   at Raven.Client.Documents.Linq.RavenQueryProviderProcessor`1.GetAsyncDocumentQueryFor(Expression expression, Action`1 customization)
  Failed Piranha.Tests.Services.PageTestsMemoryCache.GetAllBlogsByBaseClass [1 ms]
  Error Message:
   System.NotSupportedException : Could not understand expression: from 'Blocks'.Where(b => (b.Id == value(Piranha.Repositories.PageRepository+<>c__DisplayClass23_3`1[Piranha.Tests.Services.PageTests+MyPage]).CS$<>8__locals2.blocks.get_Item(value(Piranha.Repositories.PageRepository+<>c__DisplayClass23_3`1[Piranha.Tests.Services.PageTests+MyPage]).n).Id))
---- System.NotSupportedException : Expression type not supported: System.Linq.Expressions.InstanceMethodCallExpression1
  Stack Trace:
     at Raven.Client.Documents.Linq.RavenQueryProviderProcessor`1.GetAsyncDocumentQueryFor(Expression expression, Action`1 customization)
   at Raven.Client.Documents.Linq.RavenQueryProvider`1.ToAsyncDocumentQuery[TResult](Expression expression)
   at Raven.Client.Documents.LinqExtensions.FirstOrDefaultAsync[TSource](IQueryable`1 source, Expression`1 predicate, CancellationToken token)
   at Piranha.Repositories.PageRepository.Save[T](T model, Boolean isDraft) in C:\Users\bbqch\proj\microbians\piranha\data\Piranha.Data.EF\Repositories\PageRepository.cs:line 830
   at Piranha.Services.PageService.SaveAsync[T](T model, Boolean isDraft) in C:\Users\bbqch\proj\microbians\piranha\core\Piranha\Services\Internal\PageService.cs:line 732
   at Piranha.Tests.Services.PageTests.InitializeAsync() in C:\Users\bbqch\proj\microbians\piranha\test\Piranha.Tests\Services\PageTests.cs:line 163
   at Piranha.Tests.Services.PageTestsMemoryCache.InitializeAsync() in C:\Users\bbqch\proj\microbians\piranha\test\Piranha.Tests\Services\PageTests.cs:line 28
----- Inner Stack Trace -----
   at Raven.Client.Documents.Linq.LinqPathProvider.GetMemberValue(MemberExpression memberExpression)
   at Raven.Client.Documents.Linq.LinqPathProvider.GetValueFromExpressionWithoutConversion(Expression expression, Object& value)
   at Raven.Client.Documents.Linq.RavenQueryProviderProcessor`1.VisitEquals(BinaryExpression expression)
   at Raven.Client.Documents.Linq.RavenQueryProviderProcessor`1.VisitBinaryExpression(BinaryExpression expression)
   at Raven.Client.Documents.Linq.RavenQueryProviderProcessor`1.VisitQueryableMethodCall(MethodCallExpression expression)
   at Raven.Client.Documents.Linq.RavenQueryProviderProcessor`1.VisitMethodCall(MethodCallExpression expression)
   at Raven.Client.Documents.Linq.RavenQueryProviderProcessor`1.GetAsyncDocumentQueryFor(Expression expression, Action`1 customization)
  Failed Piranha.Tests.Services.PageTestsMemoryCache.GetDIDynamic [1 ms]
  Error Message:
   System.NotSupportedException : Could not understand expression: from 'Blocks'.Where(b => (b.Id == value(Piranha.Repositories.PageRepository+<>c__DisplayClass23_3`1[Piranha.Tests.Services.PageTests+MyPage]).CS$<>8__locals2.blocks.get_Item(value(Piranha.Repositories.PageRepository+<>c__DisplayClass23_3`1[Piranha.Tests.Services.PageTests+MyPage]).n).Id))
---- System.NotSupportedException : Expression type not supported: System.Linq.Expressions.InstanceMethodCallExpression1
  Stack Trace:
     at Raven.Client.Documents.Linq.RavenQueryProviderProcessor`1.GetAsyncDocumentQueryFor(Expression expression, Action`1 customization)
   at Raven.Client.Documents.Linq.RavenQueryProvider`1.ToAsyncDocumentQuery[TResult](Expression expression)
   at Raven.Client.Documents.LinqExtensions.FirstOrDefaultAsync[TSource](IQueryable`1 source, Expression`1 predicate, CancellationToken token)
   at Piranha.Repositories.PageRepository.Save[T](T model, Boolean isDraft) in C:\Users\bbqch\proj\microbians\piranha\data\Piranha.Data.EF\Repositories\PageRepository.cs:line 830
   at Piranha.Services.PageService.SaveAsync[T](T model, Boolean isDraft) in C:\Users\bbqch\proj\microbians\piranha\core\Piranha\Services\Internal\PageService.cs:line 732
   at Piranha.Tests.Services.PageTests.InitializeAsync() in C:\Users\bbqch\proj\microbians\piranha\test\Piranha.Tests\Services\PageTests.cs:line 163
   at Piranha.Tests.Services.PageTestsMemoryCache.InitializeAsync() in C:\Users\bbqch\proj\microbians\piranha\test\Piranha.Tests\Services\PageTests.cs:line 28
----- Inner Stack Trace -----
   at Raven.Client.Documents.Linq.LinqPathProvider.GetMemberValue(MemberExpression memberExpression)
   at Raven.Client.Documents.Linq.LinqPathProvider.GetValueFromExpressionWithoutConversion(Expression expression, Object& value)
   at Raven.Client.Documents.Linq.RavenQueryProviderProcessor`1.VisitEquals(BinaryExpression expression)
   at Raven.Client.Documents.Linq.RavenQueryProviderProcessor`1.VisitBinaryExpression(BinaryExpression expression)
   at Raven.Client.Documents.Linq.RavenQueryProviderProcessor`1.VisitQueryableMethodCall(MethodCallExpression expression)
   at Raven.Client.Documents.Linq.RavenQueryProviderProcessor`1.VisitMethodCall(MethodCallExpression expression)
   at Raven.Client.Documents.Linq.RavenQueryProviderProcessor`1.GetAsyncDocumentQueryFor(Expression expression, Action`1 customization)
  Failed Piranha.Tests.Services.PageTestsMemoryCache.AddDuplicateSlugShouldThrow [1 ms]
  Error Message:
   System.NotSupportedException : Could not understand expression: from 'Blocks'.Where(b => (b.Id == value(Piranha.Repositories.PageRepository+<>c__DisplayClass23_3`1[Piranha.Tests.Services.PageTests+MyPage]).CS$<>8__locals2.blocks.get_Item(value(Piranha.Repositories.PageRepository+<>c__DisplayClass23_3`1[Piranha.Tests.Services.PageTests+MyPage]).n).Id))
---- System.NotSupportedException : Expression type not supported: System.Linq.Expressions.InstanceMethodCallExpression1
  Stack Trace:
     at Raven.Client.Documents.Linq.RavenQueryProviderProcessor`1.GetAsyncDocumentQueryFor(Expression expression, Action`1 customization)
   at Raven.Client.Documents.Linq.RavenQueryProvider`1.ToAsyncDocumentQuery[TResult](Expression expression)
   at Raven.Client.Documents.LinqExtensions.FirstOrDefaultAsync[TSource](IQueryable`1 source, Expression`1 predicate, CancellationToken token)
   at Piranha.Repositories.PageRepository.Save[T](T model, Boolean isDraft) in C:\Users\bbqch\proj\microbians\piranha\data\Piranha.Data.EF\Repositories\PageRepository.cs:line 830
   at Piranha.Services.PageService.SaveAsync[T](T model, Boolean isDraft) in C:\Users\bbqch\proj\microbians\piranha\core\Piranha\Services\Internal\PageService.cs:line 732
   at Piranha.Tests.Services.PageTests.InitializeAsync() in C:\Users\bbqch\proj\microbians\piranha\test\Piranha.Tests\Services\PageTests.cs:line 163
   at Piranha.Tests.Services.PageTestsMemoryCache.InitializeAsync() in C:\Users\bbqch\proj\microbians\piranha\test\Piranha.Tests\Services\PageTests.cs:line 28
----- Inner Stack Trace -----
   at Raven.Client.Documents.Linq.LinqPathProvider.GetMemberValue(MemberExpression memberExpression)
   at Raven.Client.Documents.Linq.LinqPathProvider.GetValueFromExpressionWithoutConversion(Expression expression, Object& value)
   at Raven.Client.Documents.Linq.RavenQueryProviderProcessor`1.VisitEquals(BinaryExpression expression)
   at Raven.Client.Documents.Linq.RavenQueryProviderProcessor`1.VisitBinaryExpression(BinaryExpression expression)
   at Raven.Client.Documents.Linq.RavenQueryProviderProcessor`1.VisitQueryableMethodCall(MethodCallExpression expression)
   at Raven.Client.Documents.Linq.RavenQueryProviderProcessor`1.VisitMethodCall(MethodCallExpression expression)
   at Raven.Client.Documents.Linq.RavenQueryProviderProcessor`1.GetAsyncDocumentQueryFor(Expression expression, Action`1 customization)
  Failed Piranha.Tests.Services.PageTestsMemoryCache.GetNoneById [1 ms]
  Error Message:
   System.NotSupportedException : Could not understand expression: from 'Blocks'.Where(b => (b.Id == value(Piranha.Repositories.PageRepository+<>c__DisplayClass23_3`1[Piranha.Tests.Services.PageTests+MyPage]).CS$<>8__locals2.blocks.get_Item(value(Piranha.Repositories.PageRepository+<>c__DisplayClass23_3`1[Piranha.Tests.Services.PageTests+MyPage]).n).Id))
---- System.NotSupportedException : Expression type not supported: System.Linq.Expressions.InstanceMethodCallExpression1
  Stack Trace:
     at Raven.Client.Documents.Linq.RavenQueryProviderProcessor`1.GetAsyncDocumentQueryFor(Expression expression, Action`1 customization)
   at Raven.Client.Documents.Linq.RavenQueryProvider`1.ToAsyncDocumentQuery[TResult](Expression expression)
   at Raven.Client.Documents.LinqExtensions.FirstOrDefaultAsync[TSource](IQueryable`1 source, Expression`1 predicate, CancellationToken token)
   at Piranha.Repositories.PageRepository.Save[T](T model, Boolean isDraft) in C:\Users\bbqch\proj\microbians\piranha\data\Piranha.Data.EF\Repositories\PageRepository.cs:line 830
   at Piranha.Services.PageService.SaveAsync[T](T model, Boolean isDraft) in C:\Users\bbqch\proj\microbians\piranha\core\Piranha\Services\Internal\PageService.cs:line 732
   at Piranha.Tests.Services.PageTests.InitializeAsync() in C:\Users\bbqch\proj\microbians\piranha\test\Piranha.Tests\Services\PageTests.cs:line 163
   at Piranha.Tests.Services.PageTestsMemoryCache.InitializeAsync() in C:\Users\bbqch\proj\microbians\piranha\test\Piranha.Tests\Services\PageTests.cs:line 28
----- Inner Stack Trace -----
   at Raven.Client.Documents.Linq.LinqPathProvider.GetMemberValue(MemberExpression memberExpression)
   at Raven.Client.Documents.Linq.LinqPathProvider.GetValueFromExpressionWithoutConversion(Expression expression, Object& value)
   at Raven.Client.Documents.Linq.RavenQueryProviderProcessor`1.VisitEquals(BinaryExpression expression)
   at Raven.Client.Documents.Linq.RavenQueryProviderProcessor`1.VisitBinaryExpression(BinaryExpression expression)
   at Raven.Client.Documents.Linq.RavenQueryProviderProcessor`1.VisitQueryableMethodCall(MethodCallExpression expression)
   at Raven.Client.Documents.Linq.RavenQueryProviderProcessor`1.VisitMethodCall(MethodCallExpression expression)
   at Raven.Client.Documents.Linq.RavenQueryProviderProcessor`1.GetAsyncDocumentQueryFor(Expression expression, Action`1 customization)
  Failed Piranha.Tests.Services.PageTestsMemoryCache.DetachShouldCopyRegions [1 ms]
  Error Message:
   System.NotSupportedException : Could not understand expression: from 'Blocks'.Where(b => (b.Id == value(Piranha.Repositories.PageRepository+<>c__DisplayClass23_3`1[Piranha.Tests.Services.PageTests+MyPage]).CS$<>8__locals2.blocks.get_Item(value(Piranha.Repositories.PageRepository+<>c__DisplayClass23_3`1[Piranha.Tests.Services.PageTests+MyPage]).n).Id))
---- System.NotSupportedException : Expression type not supported: System.Linq.Expressions.InstanceMethodCallExpression1
  Stack Trace:
     at Raven.Client.Documents.Linq.RavenQueryProviderProcessor`1.GetAsyncDocumentQueryFor(Expression expression, Action`1 customization)
   at Raven.Client.Documents.Linq.RavenQueryProvider`1.ToAsyncDocumentQuery[TResult](Expression expression)
   at Raven.Client.Documents.LinqExtensions.FirstOrDefaultAsync[TSource](IQueryable`1 source, Expression`1 predicate, CancellationToken token)
   at Piranha.Repositories.PageRepository.Save[T](T model, Boolean isDraft) in C:\Users\bbqch\proj\microbians\piranha\data\Piranha.Data.EF\Repositories\PageRepository.cs:line 830
   at Piranha.Services.PageService.SaveAsync[T](T model, Boolean isDraft) in C:\Users\bbqch\proj\microbians\piranha\core\Piranha\Services\Internal\PageService.cs:line 732
   at Piranha.Tests.Services.PageTests.InitializeAsync() in C:\Users\bbqch\proj\microbians\piranha\test\Piranha.Tests\Services\PageTests.cs:line 163
   at Piranha.Tests.Services.PageTestsMemoryCache.InitializeAsync() in C:\Users\bbqch\proj\microbians\piranha\test\Piranha.Tests\Services\PageTests.cs:line 28
----- Inner Stack Trace -----
   at Raven.Client.Documents.Linq.LinqPathProvider.GetMemberValue(MemberExpression memberExpression)
   at Raven.Client.Documents.Linq.LinqPathProvider.GetValueFromExpressionWithoutConversion(Expression expression, Object& value)
   at Raven.Client.Documents.Linq.RavenQueryProviderProcessor`1.VisitEquals(BinaryExpression expression)
   at Raven.Client.Documents.Linq.RavenQueryProviderProcessor`1.VisitBinaryExpression(BinaryExpression expression)
   at Raven.Client.Documents.Linq.RavenQueryProviderProcessor`1.VisitQueryableMethodCall(MethodCallExpression expression)
   at Raven.Client.Documents.Linq.RavenQueryProviderProcessor`1.VisitMethodCall(MethodCallExpression expression)
   at Raven.Client.Documents.Linq.RavenQueryProviderProcessor`1.GetAsyncDocumentQueryFor(Expression expression, Action`1 customization)
  Failed Piranha.Tests.Services.PageTestsMemoryCache.GetIdBySlug [1 ms]
  Error Message:
   System.NotSupportedException : Could not understand expression: from 'Blocks'.Where(b => (b.Id == value(Piranha.Repositories.PageRepository+<>c__DisplayClass23_3`1[Piranha.Tests.Services.PageTests+MyPage]).CS$<>8__locals2.blocks.get_Item(value(Piranha.Repositories.PageRepository+<>c__DisplayClass23_3`1[Piranha.Tests.Services.PageTests+MyPage]).n).Id))
---- System.NotSupportedException : Expression type not supported: System.Linq.Expressions.InstanceMethodCallExpression1
  Stack Trace:
     at Raven.Client.Documents.Linq.RavenQueryProviderProcessor`1.GetAsyncDocumentQueryFor(Expression expression, Action`1 customization)
   at Raven.Client.Documents.Linq.RavenQueryProvider`1.ToAsyncDocumentQuery[TResult](Expression expression)
   at Raven.Client.Documents.LinqExtensions.FirstOrDefaultAsync[TSource](IQueryable`1 source, Expression`1 predicate, CancellationToken token)
   at Piranha.Repositories.PageRepository.Save[T](T model, Boolean isDraft) in C:\Users\bbqch\proj\microbians\piranha\data\Piranha.Data.EF\Repositories\PageRepository.cs:line 830
   at Piranha.Services.PageService.SaveAsync[T](T model, Boolean isDraft) in C:\Users\bbqch\proj\microbians\piranha\core\Piranha\Services\Internal\PageService.cs:line 732
   at Piranha.Tests.Services.PageTests.InitializeAsync() in C:\Users\bbqch\proj\microbians\piranha\test\Piranha.Tests\Services\PageTests.cs:line 163
   at Piranha.Tests.Services.PageTestsMemoryCache.InitializeAsync() in C:\Users\bbqch\proj\microbians\piranha\test\Piranha.Tests\Services\PageTests.cs:line 28
----- Inner Stack Trace -----
   at Raven.Client.Documents.Linq.LinqPathProvider.GetMemberValue(MemberExpression memberExpression)
   at Raven.Client.Documents.Linq.LinqPathProvider.GetValueFromExpressionWithoutConversion(Expression expression, Object& value)
   at Raven.Client.Documents.Linq.RavenQueryProviderProcessor`1.VisitEquals(BinaryExpression expression)
   at Raven.Client.Documents.Linq.RavenQueryProviderProcessor`1.VisitBinaryExpression(BinaryExpression expression)
   at Raven.Client.Documents.Linq.RavenQueryProviderProcessor`1.VisitQueryableMethodCall(MethodCallExpression expression)
   at Raven.Client.Documents.Linq.RavenQueryProviderProcessor`1.VisitMethodCall(MethodCallExpression expression)
   at Raven.Client.Documents.Linq.RavenQueryProviderProcessor`1.GetAsyncDocumentQueryFor(Expression expression, Action`1 customization)
  Failed Piranha.Tests.Services.PageTestsMemoryCache.GetGenericById [1 ms]
  Error Message:
   System.NotSupportedException : Could not understand expression: from 'Blocks'.Where(b => (b.Id == value(Piranha.Repositories.PageRepository+<>c__DisplayClass23_3`1[Piranha.Tests.Services.PageTests+MyPage]).CS$<>8__locals2.blocks.get_Item(value(Piranha.Repositories.PageRepository+<>c__DisplayClass23_3`1[Piranha.Tests.Services.PageTests+MyPage]).n).Id))
---- System.NotSupportedException : Expression type not supported: System.Linq.Expressions.InstanceMethodCallExpression1
  Stack Trace:
     at Raven.Client.Documents.Linq.RavenQueryProviderProcessor`1.GetAsyncDocumentQueryFor(Expression expression, Action`1 customization)
   at Raven.Client.Documents.Linq.RavenQueryProvider`1.ToAsyncDocumentQuery[TResult](Expression expression)
   at Raven.Client.Documents.LinqExtensions.FirstOrDefaultAsync[TSource](IQueryable`1 source, Expression`1 predicate, CancellationToken token)
   at Piranha.Repositories.PageRepository.Save[T](T model, Boolean isDraft) in C:\Users\bbqch\proj\microbians\piranha\data\Piranha.Data.EF\Repositories\PageRepository.cs:line 830
   at Piranha.Services.PageService.SaveAsync[T](T model, Boolean isDraft) in C:\Users\bbqch\proj\microbians\piranha\core\Piranha\Services\Internal\PageService.cs:line 732
   at Piranha.Tests.Services.PageTests.InitializeAsync() in C:\Users\bbqch\proj\microbians\piranha\test\Piranha.Tests\Services\PageTests.cs:line 163
   at Piranha.Tests.Services.PageTestsMemoryCache.InitializeAsync() in C:\Users\bbqch\proj\microbians\piranha\test\Piranha.Tests\Services\PageTests.cs:line 28
----- Inner Stack Trace -----
   at Raven.Client.Documents.Linq.LinqPathProvider.GetMemberValue(MemberExpression memberExpression)
   at Raven.Client.Documents.Linq.LinqPathProvider.GetValueFromExpressionWithoutConversion(Expression expression, Object& value)
   at Raven.Client.Documents.Linq.RavenQueryProviderProcessor`1.VisitEquals(BinaryExpression expression)
   at Raven.Client.Documents.Linq.RavenQueryProviderProcessor`1.VisitBinaryExpression(BinaryExpression expression)
   at Raven.Client.Documents.Linq.RavenQueryProviderProcessor`1.VisitQueryableMethodCall(MethodCallExpression expression)
   at Raven.Client.Documents.Linq.RavenQueryProviderProcessor`1.VisitMethodCall(MethodCallExpression expression)
   at Raven.Client.Documents.Linq.RavenQueryProviderProcessor`1.GetAsyncDocumentQueryFor(Expression expression, Action`1 customization)
  Failed Piranha.Tests.Services.PageTestsMemoryCache.CreateDIGeneric [1 ms]
  Error Message:
   System.NotSupportedException : Could not understand expression: from 'Blocks'.Where(b => (b.Id == value(Piranha.Repositories.PageRepository+<>c__DisplayClass23_3`1[Piranha.Tests.Services.PageTests+MyPage]).CS$<>8__locals2.blocks.get_Item(value(Piranha.Repositories.PageRepository+<>c__DisplayClass23_3`1[Piranha.Tests.Services.PageTests+MyPage]).n).Id))
---- System.NotSupportedException : Expression type not supported: System.Linq.Expressions.InstanceMethodCallExpression1
  Stack Trace:
     at Raven.Client.Documents.Linq.RavenQueryProviderProcessor`1.GetAsyncDocumentQueryFor(Expression expression, Action`1 customization)
   at Raven.Client.Documents.Linq.RavenQueryProvider`1.ToAsyncDocumentQuery[TResult](Expression expression)
   at Raven.Client.Documents.LinqExtensions.FirstOrDefaultAsync[TSource](IQueryable`1 source, Expression`1 predicate, CancellationToken token)
   at Piranha.Repositories.PageRepository.Save[T](T model, Boolean isDraft) in C:\Users\bbqch\proj\microbians\piranha\data\Piranha.Data.EF\Repositories\PageRepository.cs:line 830
   at Piranha.Services.PageService.SaveAsync[T](T model, Boolean isDraft) in C:\Users\bbqch\proj\microbians\piranha\core\Piranha\Services\Internal\PageService.cs:line 732
   at Piranha.Tests.Services.PageTests.InitializeAsync() in C:\Users\bbqch\proj\microbians\piranha\test\Piranha.Tests\Services\PageTests.cs:line 163
   at Piranha.Tests.Services.PageTestsMemoryCache.InitializeAsync() in C:\Users\bbqch\proj\microbians\piranha\test\Piranha.Tests\Services\PageTests.cs:line 28
----- Inner Stack Trace -----
   at Raven.Client.Documents.Linq.LinqPathProvider.GetMemberValue(MemberExpression memberExpression)
   at Raven.Client.Documents.Linq.LinqPathProvider.GetValueFromExpressionWithoutConversion(Expression expression, Object& value)
   at Raven.Client.Documents.Linq.RavenQueryProviderProcessor`1.VisitEquals(BinaryExpression expression)
   at Raven.Client.Documents.Linq.RavenQueryProviderProcessor`1.VisitBinaryExpression(BinaryExpression expression)
   at Raven.Client.Documents.Linq.RavenQueryProviderProcessor`1.VisitQueryableMethodCall(MethodCallExpression expression)
   at Raven.Client.Documents.Linq.RavenQueryProviderProcessor`1.VisitMethodCall(MethodCallExpression expression)
   at Raven.Client.Documents.Linq.RavenQueryProviderProcessor`1.GetAsyncDocumentQueryFor(Expression expression, Action`1 customization)
  Failed Piranha.Tests.Services.PageTestsMemoryCache.GetCollectionPage [1 ms]
  Error Message:
   System.NotSupportedException : Could not understand expression: from 'Blocks'.Where(b => (b.Id == value(Piranha.Repositories.PageRepository+<>c__DisplayClass23_3`1[Piranha.Tests.Services.PageTests+MyPage]).CS$<>8__locals2.blocks.get_Item(value(Piranha.Repositories.PageRepository+<>c__DisplayClass23_3`1[Piranha.Tests.Services.PageTests+MyPage]).n).Id))
---- System.NotSupportedException : Expression type not supported: System.Linq.Expressions.InstanceMethodCallExpression1
  Stack Trace:
     at Raven.Client.Documents.Linq.RavenQueryProviderProcessor`1.GetAsyncDocumentQueryFor(Expression expression, Action`1 customization)
   at Raven.Client.Documents.Linq.RavenQueryProvider`1.ToAsyncDocumentQuery[TResult](Expression expression)
   at Raven.Client.Documents.LinqExtensions.FirstOrDefaultAsync[TSource](IQueryable`1 source, Expression`1 predicate, CancellationToken token)
   at Piranha.Repositories.PageRepository.Save[T](T model, Boolean isDraft) in C:\Users\bbqch\proj\microbians\piranha\data\Piranha.Data.EF\Repositories\PageRepository.cs:line 830
   at Piranha.Services.PageService.SaveAsync[T](T model, Boolean isDraft) in C:\Users\bbqch\proj\microbians\piranha\core\Piranha\Services\Internal\PageService.cs:line 732
   at Piranha.Tests.Services.PageTests.InitializeAsync() in C:\Users\bbqch\proj\microbians\piranha\test\Piranha.Tests\Services\PageTests.cs:line 163
   at Piranha.Tests.Services.PageTestsMemoryCache.InitializeAsync() in C:\Users\bbqch\proj\microbians\piranha\test\Piranha.Tests\Services\PageTests.cs:line 28
----- Inner Stack Trace -----
   at Raven.Client.Documents.Linq.LinqPathProvider.GetMemberValue(MemberExpression memberExpression)
   at Raven.Client.Documents.Linq.LinqPathProvider.GetValueFromExpressionWithoutConversion(Expression expression, Object& value)
   at Raven.Client.Documents.Linq.RavenQueryProviderProcessor`1.VisitEquals(BinaryExpression expression)
   at Raven.Client.Documents.Linq.RavenQueryProviderProcessor`1.VisitBinaryExpression(BinaryExpression expression)
   at Raven.Client.Documents.Linq.RavenQueryProviderProcessor`1.VisitQueryableMethodCall(MethodCallExpression expression)
   at Raven.Client.Documents.Linq.RavenQueryProviderProcessor`1.VisitMethodCall(MethodCallExpression expression)
   at Raven.Client.Documents.Linq.RavenQueryProviderProcessor`1.GetAsyncDocumentQueryFor(Expression expression, Action`1 customization)
  Failed Piranha.Tests.Services.PageTestsMemoryCache.GetCopyGenericBySlug [1 ms]
  Error Message:
   System.NotSupportedException : Could not understand expression: from 'Blocks'.Where(b => (b.Id == value(Piranha.Repositories.PageRepository+<>c__DisplayClass23_3`1[Piranha.Tests.Services.PageTests+MyPage]).CS$<>8__locals2.blocks.get_Item(value(Piranha.Repositories.PageRepository+<>c__DisplayClass23_3`1[Piranha.Tests.Services.PageTests+MyPage]).n).Id))
---- System.NotSupportedException : Expression type not supported: System.Linq.Expressions.InstanceMethodCallExpression1
  Stack Trace:
     at Raven.Client.Documents.Linq.RavenQueryProviderProcessor`1.GetAsyncDocumentQueryFor(Expression expression, Action`1 customization)
   at Raven.Client.Documents.Linq.RavenQueryProvider`1.ToAsyncDocumentQuery[TResult](Expression expression)
   at Raven.Client.Documents.LinqExtensions.FirstOrDefaultAsync[TSource](IQueryable`1 source, Expression`1 predicate, CancellationToken token)
   at Piranha.Repositories.PageRepository.Save[T](T model, Boolean isDraft) in C:\Users\bbqch\proj\microbians\piranha\data\Piranha.Data.EF\Repositories\PageRepository.cs:line 830
   at Piranha.Services.PageService.SaveAsync[T](T model, Boolean isDraft) in C:\Users\bbqch\proj\microbians\piranha\core\Piranha\Services\Internal\PageService.cs:line 732
   at Piranha.Tests.Services.PageTests.InitializeAsync() in C:\Users\bbqch\proj\microbians\piranha\test\Piranha.Tests\Services\PageTests.cs:line 163
   at Piranha.Tests.Services.PageTestsMemoryCache.InitializeAsync() in C:\Users\bbqch\proj\microbians\piranha\test\Piranha.Tests\Services\PageTests.cs:line 28
----- Inner Stack Trace -----
   at Raven.Client.Documents.Linq.LinqPathProvider.GetMemberValue(MemberExpression memberExpression)
   at Raven.Client.Documents.Linq.LinqPathProvider.GetValueFromExpressionWithoutConversion(Expression expression, Object& value)
   at Raven.Client.Documents.Linq.RavenQueryProviderProcessor`1.VisitEquals(BinaryExpression expression)
   at Raven.Client.Documents.Linq.RavenQueryProviderProcessor`1.VisitBinaryExpression(BinaryExpression expression)
   at Raven.Client.Documents.Linq.RavenQueryProviderProcessor`1.VisitQueryableMethodCall(MethodCallExpression expression)
   at Raven.Client.Documents.Linq.RavenQueryProviderProcessor`1.VisitMethodCall(MethodCallExpression expression)
   at Raven.Client.Documents.Linq.RavenQueryProviderProcessor`1.GetAsyncDocumentQueryFor(Expression expression, Action`1 customization)
  Failed Piranha.Tests.Services.PageTestsMemoryCache.GetAllByMissing [1 ms]
  Error Message:
   System.NotSupportedException : Could not understand expression: from 'Blocks'.Where(b => (b.Id == value(Piranha.Repositories.PageRepository+<>c__DisplayClass23_3`1[Piranha.Tests.Services.PageTests+MyPage]).CS$<>8__locals2.blocks.get_Item(value(Piranha.Repositories.PageRepository+<>c__DisplayClass23_3`1[Piranha.Tests.Services.PageTests+MyPage]).n).Id))
---- System.NotSupportedException : Expression type not supported: System.Linq.Expressions.InstanceMethodCallExpression1
  Stack Trace:
     at Raven.Client.Documents.Linq.RavenQueryProviderProcessor`1.GetAsyncDocumentQueryFor(Expression expression, Action`1 customization)
   at Raven.Client.Documents.Linq.RavenQueryProvider`1.ToAsyncDocumentQuery[TResult](Expression expression)
   at Raven.Client.Documents.LinqExtensions.FirstOrDefaultAsync[TSource](IQueryable`1 source, Expression`1 predicate, CancellationToken token)
   at Piranha.Repositories.PageRepository.Save[T](T model, Boolean isDraft) in C:\Users\bbqch\proj\microbians\piranha\data\Piranha.Data.EF\Repositories\PageRepository.cs:line 830
   at Piranha.Services.PageService.SaveAsync[T](T model, Boolean isDraft) in C:\Users\bbqch\proj\microbians\piranha\core\Piranha\Services\Internal\PageService.cs:line 732
   at Piranha.Tests.Services.PageTests.InitializeAsync() in C:\Users\bbqch\proj\microbians\piranha\test\Piranha.Tests\Services\PageTests.cs:line 163
   at Piranha.Tests.Services.PageTestsMemoryCache.InitializeAsync() in C:\Users\bbqch\proj\microbians\piranha\test\Piranha.Tests\Services\PageTests.cs:line 28
----- Inner Stack Trace -----
   at Raven.Client.Documents.Linq.LinqPathProvider.GetMemberValue(MemberExpression memberExpression)
   at Raven.Client.Documents.Linq.LinqPathProvider.GetValueFromExpressionWithoutConversion(Expression expression, Object& value)
   at Raven.Client.Documents.Linq.RavenQueryProviderProcessor`1.VisitEquals(BinaryExpression expression)
   at Raven.Client.Documents.Linq.RavenQueryProviderProcessor`1.VisitBinaryExpression(BinaryExpression expression)
   at Raven.Client.Documents.Linq.RavenQueryProviderProcessor`1.VisitQueryableMethodCall(MethodCallExpression expression)
   at Raven.Client.Documents.Linq.RavenQueryProviderProcessor`1.VisitMethodCall(MethodCallExpression expression)
   at Raven.Client.Documents.Linq.RavenQueryProviderProcessor`1.GetAsyncDocumentQueryFor(Expression expression, Action`1 customization)
  Failed Piranha.Tests.Services.PageTestsMemoryCache.EmptyCollectionPageComplex [1 ms]
  Error Message:
   System.NotSupportedException : Could not understand expression: from 'Blocks'.Where(b => (b.Id == value(Piranha.Repositories.PageRepository+<>c__DisplayClass23_3`1[Piranha.Tests.Services.PageTests+MyPage]).CS$<>8__locals2.blocks.get_Item(value(Piranha.Repositories.PageRepository+<>c__DisplayClass23_3`1[Piranha.Tests.Services.PageTests+MyPage]).n).Id))
---- System.NotSupportedException : Expression type not supported: System.Linq.Expressions.InstanceMethodCallExpression1
  Stack Trace:
     at Raven.Client.Documents.Linq.RavenQueryProviderProcessor`1.GetAsyncDocumentQueryFor(Expression expression, Action`1 customization)
   at Raven.Client.Documents.Linq.RavenQueryProvider`1.ToAsyncDocumentQuery[TResult](Expression expression)
   at Raven.Client.Documents.LinqExtensions.FirstOrDefaultAsync[TSource](IQueryable`1 source, Expression`1 predicate, CancellationToken token)
   at Piranha.Repositories.PageRepository.Save[T](T model, Boolean isDraft) in C:\Users\bbqch\proj\microbians\piranha\data\Piranha.Data.EF\Repositories\PageRepository.cs:line 830
   at Piranha.Services.PageService.SaveAsync[T](T model, Boolean isDraft) in C:\Users\bbqch\proj\microbians\piranha\core\Piranha\Services\Internal\PageService.cs:line 732
   at Piranha.Tests.Services.PageTests.InitializeAsync() in C:\Users\bbqch\proj\microbians\piranha\test\Piranha.Tests\Services\PageTests.cs:line 163
   at Piranha.Tests.Services.PageTestsMemoryCache.InitializeAsync() in C:\Users\bbqch\proj\microbians\piranha\test\Piranha.Tests\Services\PageTests.cs:line 28
----- Inner Stack Trace -----
   at Raven.Client.Documents.Linq.LinqPathProvider.GetMemberValue(MemberExpression memberExpression)
   at Raven.Client.Documents.Linq.LinqPathProvider.GetValueFromExpressionWithoutConversion(Expression expression, Object& value)
   at Raven.Client.Documents.Linq.RavenQueryProviderProcessor`1.VisitEquals(BinaryExpression expression)
   at Raven.Client.Documents.Linq.RavenQueryProviderProcessor`1.VisitBinaryExpression(BinaryExpression expression)
   at Raven.Client.Documents.Linq.RavenQueryProviderProcessor`1.VisitQueryableMethodCall(MethodCallExpression expression)
   at Raven.Client.Documents.Linq.RavenQueryProviderProcessor`1.VisitMethodCall(MethodCallExpression expression)
   at Raven.Client.Documents.Linq.RavenQueryProviderProcessor`1.GetAsyncDocumentQueryFor(Expression expression, Action`1 customization)
  Failed Piranha.Tests.Services.PageTestsMemoryCache.GetDynamicBySlug [1 ms]
  Error Message:
   System.NotSupportedException : Could not understand expression: from 'Blocks'.Where(b => (b.Id == value(Piranha.Repositories.PageRepository+<>c__DisplayClass23_3`1[Piranha.Tests.Services.PageTests+MyPage]).CS$<>8__locals2.blocks.get_Item(value(Piranha.Repositories.PageRepository+<>c__DisplayClass23_3`1[Piranha.Tests.Services.PageTests+MyPage]).n).Id))
---- System.NotSupportedException : Expression type not supported: System.Linq.Expressions.InstanceMethodCallExpression1
  Stack Trace:
     at Raven.Client.Documents.Linq.RavenQueryProviderProcessor`1.GetAsyncDocumentQueryFor(Expression expression, Action`1 customization)
   at Raven.Client.Documents.Linq.RavenQueryProvider`1.ToAsyncDocumentQuery[TResult](Expression expression)
   at Raven.Client.Documents.LinqExtensions.FirstOrDefaultAsync[TSource](IQueryable`1 source, Expression`1 predicate, CancellationToken token)
   at Piranha.Repositories.PageRepository.Save[T](T model, Boolean isDraft) in C:\Users\bbqch\proj\microbians\piranha\data\Piranha.Data.EF\Repositories\PageRepository.cs:line 830
   at Piranha.Services.PageService.SaveAsync[T](T model, Boolean isDraft) in C:\Users\bbqch\proj\microbians\piranha\core\Piranha\Services\Internal\PageService.cs:line 732
   at Piranha.Tests.Services.PageTests.InitializeAsync() in C:\Users\bbqch\proj\microbians\piranha\test\Piranha.Tests\Services\PageTests.cs:line 163
   at Piranha.Tests.Services.PageTestsMemoryCache.InitializeAsync() in C:\Users\bbqch\proj\microbians\piranha\test\Piranha.Tests\Services\PageTests.cs:line 28
----- Inner Stack Trace -----
   at Raven.Client.Documents.Linq.LinqPathProvider.GetMemberValue(MemberExpression memberExpression)
   at Raven.Client.Documents.Linq.LinqPathProvider.GetValueFromExpressionWithoutConversion(Expression expression, Object& value)
   at Raven.Client.Documents.Linq.RavenQueryProviderProcessor`1.VisitEquals(BinaryExpression expression)
   at Raven.Client.Documents.Linq.RavenQueryProviderProcessor`1.VisitBinaryExpression(BinaryExpression expression)
   at Raven.Client.Documents.Linq.RavenQueryProviderProcessor`1.VisitQueryableMethodCall(MethodCallExpression expression)
   at Raven.Client.Documents.Linq.RavenQueryProviderProcessor`1.VisitMethodCall(MethodCallExpression expression)
   at Raven.Client.Documents.Linq.RavenQueryProviderProcessor`1.GetAsyncDocumentQueryFor(Expression expression, Action`1 customization)
  Failed Piranha.Tests.Services.PageTestsMemoryCache.GetGenericBySlug [1 ms]
  Error Message:
   System.NotSupportedException : Could not understand expression: from 'Blocks'.Where(b => (b.Id == value(Piranha.Repositories.PageRepository+<>c__DisplayClass23_3`1[Piranha.Tests.Services.PageTests+MyPage]).CS$<>8__locals2.blocks.get_Item(value(Piranha.Repositories.PageRepository+<>c__DisplayClass23_3`1[Piranha.Tests.Services.PageTests+MyPage]).n).Id))
---- System.NotSupportedException : Expression type not supported: System.Linq.Expressions.InstanceMethodCallExpression1
  Stack Trace:
     at Raven.Client.Documents.Linq.RavenQueryProviderProcessor`1.GetAsyncDocumentQueryFor(Expression expression, Action`1 customization)
   at Raven.Client.Documents.Linq.RavenQueryProvider`1.ToAsyncDocumentQuery[TResult](Expression expression)
   at Raven.Client.Documents.LinqExtensions.FirstOrDefaultAsync[TSource](IQueryable`1 source, Expression`1 predicate, CancellationToken token)
   at Piranha.Repositories.PageRepository.Save[T](T model, Boolean isDraft) in C:\Users\bbqch\proj\microbians\piranha\data\Piranha.Data.EF\Repositories\PageRepository.cs:line 830
   at Piranha.Services.PageService.SaveAsync[T](T model, Boolean isDraft) in C:\Users\bbqch\proj\microbians\piranha\core\Piranha\Services\Internal\PageService.cs:line 732
   at Piranha.Tests.Services.PageTests.InitializeAsync() in C:\Users\bbqch\proj\microbians\piranha\test\Piranha.Tests\Services\PageTests.cs:line 163
   at Piranha.Tests.Services.PageTestsMemoryCache.InitializeAsync() in C:\Users\bbqch\proj\microbians\piranha\test\Piranha.Tests\Services\PageTests.cs:line 28
----- Inner Stack Trace -----
   at Raven.Client.Documents.Linq.LinqPathProvider.GetMemberValue(MemberExpression memberExpression)
   at Raven.Client.Documents.Linq.LinqPathProvider.GetValueFromExpressionWithoutConversion(Expression expression, Object& value)
   at Raven.Client.Documents.Linq.RavenQueryProviderProcessor`1.VisitEquals(BinaryExpression expression)
   at Raven.Client.Documents.Linq.RavenQueryProviderProcessor`1.VisitBinaryExpression(BinaryExpression expression)
   at Raven.Client.Documents.Linq.RavenQueryProviderProcessor`1.VisitQueryableMethodCall(MethodCallExpression expression)
   at Raven.Client.Documents.Linq.RavenQueryProviderProcessor`1.VisitMethodCall(MethodCallExpression expression)
   at Raven.Client.Documents.Linq.RavenQueryProviderProcessor`1.GetAsyncDocumentQueryFor(Expression expression, Action`1 customization)
  Failed Piranha.Tests.Services.PageTestsMemoryCache.GetStartpageNone [1 ms]
  Error Message:
   System.NotSupportedException : Could not understand expression: from 'Blocks'.Where(b => (b.Id == value(Piranha.Repositories.PageRepository+<>c__DisplayClass23_3`1[Piranha.Tests.Services.PageTests+MyPage]).CS$<>8__locals2.blocks.get_Item(value(Piranha.Repositories.PageRepository+<>c__DisplayClass23_3`1[Piranha.Tests.Services.PageTests+MyPage]).n).Id))
---- System.NotSupportedException : Expression type not supported: System.Linq.Expressions.InstanceMethodCallExpression1
  Stack Trace:
     at Raven.Client.Documents.Linq.RavenQueryProviderProcessor`1.GetAsyncDocumentQueryFor(Expression expression, Action`1 customization)
   at Raven.Client.Documents.Linq.RavenQueryProvider`1.ToAsyncDocumentQuery[TResult](Expression expression)
   at Raven.Client.Documents.LinqExtensions.FirstOrDefaultAsync[TSource](IQueryable`1 source, Expression`1 predicate, CancellationToken token)
   at Piranha.Repositories.PageRepository.Save[T](T model, Boolean isDraft) in C:\Users\bbqch\proj\microbians\piranha\data\Piranha.Data.EF\Repositories\PageRepository.cs:line 830
   at Piranha.Services.PageService.SaveAsync[T](T model, Boolean isDraft) in C:\Users\bbqch\proj\microbians\piranha\core\Piranha\Services\Internal\PageService.cs:line 732
   at Piranha.Tests.Services.PageTests.InitializeAsync() in C:\Users\bbqch\proj\microbians\piranha\test\Piranha.Tests\Services\PageTests.cs:line 163
   at Piranha.Tests.Services.PageTestsMemoryCache.InitializeAsync() in C:\Users\bbqch\proj\microbians\piranha\test\Piranha.Tests\Services\PageTests.cs:line 28
----- Inner Stack Trace -----
   at Raven.Client.Documents.Linq.LinqPathProvider.GetMemberValue(MemberExpression memberExpression)
   at Raven.Client.Documents.Linq.LinqPathProvider.GetValueFromExpressionWithoutConversion(Expression expression, Object& value)
   at Raven.Client.Documents.Linq.RavenQueryProviderProcessor`1.VisitEquals(BinaryExpression expression)
   at Raven.Client.Documents.Linq.RavenQueryProviderProcessor`1.VisitBinaryExpression(BinaryExpression expression)
   at Raven.Client.Documents.Linq.RavenQueryProviderProcessor`1.VisitQueryableMethodCall(MethodCallExpression expression)
   at Raven.Client.Documents.Linq.RavenQueryProviderProcessor`1.VisitMethodCall(MethodCallExpression expression)
   at Raven.Client.Documents.Linq.RavenQueryProviderProcessor`1.GetAsyncDocumentQueryFor(Expression expression, Action`1 customization)
  Failed Piranha.Tests.Services.PageTestsMemoryCache.GetDynamicById [1 ms]
  Error Message:
   System.NotSupportedException : Could not understand expression: from 'Blocks'.Where(b => (b.Id == value(Piranha.Repositories.PageRepository+<>c__DisplayClass23_3`1[Piranha.Tests.Services.PageTests+MyPage]).CS$<>8__locals2.blocks.get_Item(value(Piranha.Repositories.PageRepository+<>c__DisplayClass23_3`1[Piranha.Tests.Services.PageTests+MyPage]).n).Id))
---- System.NotSupportedException : Expression type not supported: System.Linq.Expressions.InstanceMethodCallExpression1
  Stack Trace:
     at Raven.Client.Documents.Linq.RavenQueryProviderProcessor`1.GetAsyncDocumentQueryFor(Expression expression, Action`1 customization)
   at Raven.Client.Documents.Linq.RavenQueryProvider`1.ToAsyncDocumentQuery[TResult](Expression expression)
   at Raven.Client.Documents.LinqExtensions.FirstOrDefaultAsync[TSource](IQueryable`1 source, Expression`1 predicate, CancellationToken token)
   at Piranha.Repositories.PageRepository.Save[T](T model, Boolean isDraft) in C:\Users\bbqch\proj\microbians\piranha\data\Piranha.Data.EF\Repositories\PageRepository.cs:line 830
   at Piranha.Services.PageService.SaveAsync[T](T model, Boolean isDraft) in C:\Users\bbqch\proj\microbians\piranha\core\Piranha\Services\Internal\PageService.cs:line 732
   at Piranha.Tests.Services.PageTests.InitializeAsync() in C:\Users\bbqch\proj\microbians\piranha\test\Piranha.Tests\Services\PageTests.cs:line 163
   at Piranha.Tests.Services.PageTestsMemoryCache.InitializeAsync() in C:\Users\bbqch\proj\microbians\piranha\test\Piranha.Tests\Services\PageTests.cs:line 28
----- Inner Stack Trace -----
   at Raven.Client.Documents.Linq.LinqPathProvider.GetMemberValue(MemberExpression memberExpression)
   at Raven.Client.Documents.Linq.LinqPathProvider.GetValueFromExpressionWithoutConversion(Expression expression, Object& value)
   at Raven.Client.Documents.Linq.RavenQueryProviderProcessor`1.VisitEquals(BinaryExpression expression)
   at Raven.Client.Documents.Linq.RavenQueryProviderProcessor`1.VisitBinaryExpression(BinaryExpression expression)
   at Raven.Client.Documents.Linq.RavenQueryProviderProcessor`1.VisitQueryableMethodCall(MethodCallExpression expression)
   at Raven.Client.Documents.Linq.RavenQueryProviderProcessor`1.VisitMethodCall(MethodCallExpression expression)
   at Raven.Client.Documents.Linq.RavenQueryProviderProcessor`1.GetAsyncDocumentQueryFor(Expression expression, Action`1 customization)
  Failed Piranha.Tests.Services.PageTestsMemoryCache.GetInfoById [1 ms]
  Error Message:
   System.NotSupportedException : Could not understand expression: from 'Blocks'.Where(b => (b.Id == value(Piranha.Repositories.PageRepository+<>c__DisplayClass23_3`1[Piranha.Tests.Services.PageTests+MyPage]).CS$<>8__locals2.blocks.get_Item(value(Piranha.Repositories.PageRepository+<>c__DisplayClass23_3`1[Piranha.Tests.Services.PageTests+MyPage]).n).Id))
---- System.NotSupportedException : Expression type not supported: System.Linq.Expressions.InstanceMethodCallExpression1
  Stack Trace:
     at Raven.Client.Documents.Linq.RavenQueryProviderProcessor`1.GetAsyncDocumentQueryFor(Expression expression, Action`1 customization)
   at Raven.Client.Documents.Linq.RavenQueryProvider`1.ToAsyncDocumentQuery[TResult](Expression expression)
   at Raven.Client.Documents.LinqExtensions.FirstOrDefaultAsync[TSource](IQueryable`1 source, Expression`1 predicate, CancellationToken token)
   at Piranha.Repositories.PageRepository.Save[T](T model, Boolean isDraft) in C:\Users\bbqch\proj\microbians\piranha\data\Piranha.Data.EF\Repositories\PageRepository.cs:line 830
   at Piranha.Services.PageService.SaveAsync[T](T model, Boolean isDraft) in C:\Users\bbqch\proj\microbians\piranha\core\Piranha\Services\Internal\PageService.cs:line 732
   at Piranha.Tests.Services.PageTests.InitializeAsync() in C:\Users\bbqch\proj\microbians\piranha\test\Piranha.Tests\Services\PageTests.cs:line 163
   at Piranha.Tests.Services.PageTestsMemoryCache.InitializeAsync() in C:\Users\bbqch\proj\microbians\piranha\test\Piranha.Tests\Services\PageTests.cs:line 28
----- Inner Stack Trace -----
   at Raven.Client.Documents.Linq.LinqPathProvider.GetMemberValue(MemberExpression memberExpression)
   at Raven.Client.Documents.Linq.LinqPathProvider.GetValueFromExpressionWithoutConversion(Expression expression, Object& value)
   at Raven.Client.Documents.Linq.RavenQueryProviderProcessor`1.VisitEquals(BinaryExpression expression)
   at Raven.Client.Documents.Linq.RavenQueryProviderProcessor`1.VisitBinaryExpression(BinaryExpression expression)
   at Raven.Client.Documents.Linq.RavenQueryProviderProcessor`1.VisitQueryableMethodCall(MethodCallExpression expression)
   at Raven.Client.Documents.Linq.RavenQueryProviderProcessor`1.VisitMethodCall(MethodCallExpression expression)
   at Raven.Client.Documents.Linq.RavenQueryProviderProcessor`1.GetAsyncDocumentQueryFor(Expression expression, Action`1 customization)
  Failed Piranha.Tests.Services.PageTestsMemoryCache.GetMissingBySlug [1 ms]
  Error Message:
   System.NotSupportedException : Could not understand expression: from 'Blocks'.Where(b => (b.Id == value(Piranha.Repositories.PageRepository+<>c__DisplayClass23_3`1[Piranha.Tests.Services.PageTests+MyPage]).CS$<>8__locals2.blocks.get_Item(value(Piranha.Repositories.PageRepository+<>c__DisplayClass23_3`1[Piranha.Tests.Services.PageTests+MyPage]).n).Id))
---- System.NotSupportedException : Expression type not supported: System.Linq.Expressions.InstanceMethodCallExpression1
  Stack Trace:
     at Raven.Client.Documents.Linq.RavenQueryProviderProcessor`1.GetAsyncDocumentQueryFor(Expression expression, Action`1 customization)
   at Raven.Client.Documents.Linq.RavenQueryProvider`1.ToAsyncDocumentQuery[TResult](Expression expression)
   at Raven.Client.Documents.LinqExtensions.FirstOrDefaultAsync[TSource](IQueryable`1 source, Expression`1 predicate, CancellationToken token)
   at Piranha.Repositories.PageRepository.Save[T](T model, Boolean isDraft) in C:\Users\bbqch\proj\microbians\piranha\data\Piranha.Data.EF\Repositories\PageRepository.cs:line 830
   at Piranha.Services.PageService.SaveAsync[T](T model, Boolean isDraft) in C:\Users\bbqch\proj\microbians\piranha\core\Piranha\Services\Internal\PageService.cs:line 732
   at Piranha.Tests.Services.PageTests.InitializeAsync() in C:\Users\bbqch\proj\microbians\piranha\test\Piranha.Tests\Services\PageTests.cs:line 163
   at Piranha.Tests.Services.PageTestsMemoryCache.InitializeAsync() in C:\Users\bbqch\proj\microbians\piranha\test\Piranha.Tests\Services\PageTests.cs:line 28
----- Inner Stack Trace -----
   at Raven.Client.Documents.Linq.LinqPathProvider.GetMemberValue(MemberExpression memberExpression)
   at Raven.Client.Documents.Linq.LinqPathProvider.GetValueFromExpressionWithoutConversion(Expression expression, Object& value)
   at Raven.Client.Documents.Linq.RavenQueryProviderProcessor`1.VisitEquals(BinaryExpression expression)
   at Raven.Client.Documents.Linq.RavenQueryProviderProcessor`1.VisitBinaryExpression(BinaryExpression expression)
   at Raven.Client.Documents.Linq.RavenQueryProviderProcessor`1.VisitQueryableMethodCall(MethodCallExpression expression)
   at Raven.Client.Documents.Linq.RavenQueryProviderProcessor`1.VisitMethodCall(MethodCallExpression expression)
   at Raven.Client.Documents.Linq.RavenQueryProviderProcessor`1.GetAsyncDocumentQueryFor(Expression expression, Action`1 customization)
  Failed Piranha.Tests.Services.PageTestsMemoryCache.DetachShouldCopyBlocks [1 ms]
  Error Message:
   System.NotSupportedException : Could not understand expression: from 'Blocks'.Where(b => (b.Id == value(Piranha.Repositories.PageRepository+<>c__DisplayClass23_3`1[Piranha.Tests.Services.PageTests+MyPage]).CS$<>8__locals2.blocks.get_Item(value(Piranha.Repositories.PageRepository+<>c__DisplayClass23_3`1[Piranha.Tests.Services.PageTests+MyPage]).n).Id))
---- System.NotSupportedException : Expression type not supported: System.Linq.Expressions.InstanceMethodCallExpression1
  Stack Trace:
     at Raven.Client.Documents.Linq.RavenQueryProviderProcessor`1.GetAsyncDocumentQueryFor(Expression expression, Action`1 customization)
   at Raven.Client.Documents.Linq.RavenQueryProvider`1.ToAsyncDocumentQuery[TResult](Expression expression)
   at Raven.Client.Documents.LinqExtensions.FirstOrDefaultAsync[TSource](IQueryable`1 source, Expression`1 predicate, CancellationToken token)
   at Piranha.Repositories.PageRepository.Save[T](T model, Boolean isDraft) in C:\Users\bbqch\proj\microbians\piranha\data\Piranha.Data.EF\Repositories\PageRepository.cs:line 830
   at Piranha.Services.PageService.SaveAsync[T](T model, Boolean isDraft) in C:\Users\bbqch\proj\microbians\piranha\core\Piranha\Services\Internal\PageService.cs:line 732
   at Piranha.Tests.Services.PageTests.InitializeAsync() in C:\Users\bbqch\proj\microbians\piranha\test\Piranha.Tests\Services\PageTests.cs:line 163
   at Piranha.Tests.Services.PageTestsMemoryCache.InitializeAsync() in C:\Users\bbqch\proj\microbians\piranha\test\Piranha.Tests\Services\PageTests.cs:line 28
----- Inner Stack Trace -----
   at Raven.Client.Documents.Linq.LinqPathProvider.GetMemberValue(MemberExpression memberExpression)
   at Raven.Client.Documents.Linq.LinqPathProvider.GetValueFromExpressionWithoutConversion(Expression expression, Object& value)
   at Raven.Client.Documents.Linq.RavenQueryProviderProcessor`1.VisitEquals(BinaryExpression expression)
   at Raven.Client.Documents.Linq.RavenQueryProviderProcessor`1.VisitBinaryExpression(BinaryExpression expression)
   at Raven.Client.Documents.Linq.RavenQueryProviderProcessor`1.VisitQueryableMethodCall(MethodCallExpression expression)
   at Raven.Client.Documents.Linq.RavenQueryProviderProcessor`1.VisitMethodCall(MethodCallExpression expression)
   at Raven.Client.Documents.Linq.RavenQueryProviderProcessor`1.GetAsyncDocumentQueryFor(Expression expression, Action`1 customization)
  Failed Piranha.Tests.Services.PageTestsMemoryCache.AddHierarchical [1 ms]
  Error Message:
   System.NotSupportedException : Could not understand expression: from 'Blocks'.Where(b => (b.Id == value(Piranha.Repositories.PageRepository+<>c__DisplayClass23_3`1[Piranha.Tests.Services.PageTests+MyPage]).CS$<>8__locals2.blocks.get_Item(value(Piranha.Repositories.PageRepository+<>c__DisplayClass23_3`1[Piranha.Tests.Services.PageTests+MyPage]).n).Id))
---- System.NotSupportedException : Expression type not supported: System.Linq.Expressions.InstanceMethodCallExpression1
  Stack Trace:
     at Raven.Client.Documents.Linq.RavenQueryProviderProcessor`1.GetAsyncDocumentQueryFor(Expression expression, Action`1 customization)
   at Raven.Client.Documents.Linq.RavenQueryProvider`1.ToAsyncDocumentQuery[TResult](Expression expression)
   at Raven.Client.Documents.LinqExtensions.FirstOrDefaultAsync[TSource](IQueryable`1 source, Expression`1 predicate, CancellationToken token)
   at Piranha.Repositories.PageRepository.Save[T](T model, Boolean isDraft) in C:\Users\bbqch\proj\microbians\piranha\data\Piranha.Data.EF\Repositories\PageRepository.cs:line 830
   at Piranha.Services.PageService.SaveAsync[T](T model, Boolean isDraft) in C:\Users\bbqch\proj\microbians\piranha\core\Piranha\Services\Internal\PageService.cs:line 732
   at Piranha.Tests.Services.PageTests.InitializeAsync() in C:\Users\bbqch\proj\microbians\piranha\test\Piranha.Tests\Services\PageTests.cs:line 163
   at Piranha.Tests.Services.PageTestsMemoryCache.InitializeAsync() in C:\Users\bbqch\proj\microbians\piranha\test\Piranha.Tests\Services\PageTests.cs:line 28
----- Inner Stack Trace -----
   at Raven.Client.Documents.Linq.LinqPathProvider.GetMemberValue(MemberExpression memberExpression)
   at Raven.Client.Documents.Linq.LinqPathProvider.GetValueFromExpressionWithoutConversion(Expression expression, Object& value)
   at Raven.Client.Documents.Linq.RavenQueryProviderProcessor`1.VisitEquals(BinaryExpression expression)
   at Raven.Client.Documents.Linq.RavenQueryProviderProcessor`1.VisitBinaryExpression(BinaryExpression expression)
   at Raven.Client.Documents.Linq.RavenQueryProviderProcessor`1.VisitQueryableMethodCall(MethodCallExpression expression)
   at Raven.Client.Documents.Linq.RavenQueryProviderProcessor`1.VisitMethodCall(MethodCallExpression expression)
   at Raven.Client.Documents.Linq.RavenQueryProviderProcessor`1.GetAsyncDocumentQueryFor(Expression expression, Action`1 customization)
  Failed Piranha.Tests.Services.PageTestsMemoryCache.CanNotUpdateCopyWithAnotherTypeIdOtherThanOriginalPageTypeId [1 ms]
  Error Message:
   System.NotSupportedException : Could not understand expression: from 'Blocks'.Where(b => (b.Id == value(Piranha.Repositories.PageRepository+<>c__DisplayClass23_3`1[Piranha.Tests.Services.PageTests+MyPage]).CS$<>8__locals2.blocks.get_Item(value(Piranha.Repositories.PageRepository+<>c__DisplayClass23_3`1[Piranha.Tests.Services.PageTests+MyPage]).n).Id))
---- System.NotSupportedException : Expression type not supported: System.Linq.Expressions.InstanceMethodCallExpression1
  Stack Trace:
     at Raven.Client.Documents.Linq.RavenQueryProviderProcessor`1.GetAsyncDocumentQueryFor(Expression expression, Action`1 customization)
   at Raven.Client.Documents.Linq.RavenQueryProvider`1.ToAsyncDocumentQuery[TResult](Expression expression)
   at Raven.Client.Documents.LinqExtensions.FirstOrDefaultAsync[TSource](IQueryable`1 source, Expression`1 predicate, CancellationToken token)
   at Piranha.Repositories.PageRepository.Save[T](T model, Boolean isDraft) in C:\Users\bbqch\proj\microbians\piranha\data\Piranha.Data.EF\Repositories\PageRepository.cs:line 830
   at Piranha.Services.PageService.SaveAsync[T](T model, Boolean isDraft) in C:\Users\bbqch\proj\microbians\piranha\core\Piranha\Services\Internal\PageService.cs:line 732
   at Piranha.Tests.Services.PageTests.InitializeAsync() in C:\Users\bbqch\proj\microbians\piranha\test\Piranha.Tests\Services\PageTests.cs:line 163
   at Piranha.Tests.Services.PageTestsMemoryCache.InitializeAsync() in C:\Users\bbqch\proj\microbians\piranha\test\Piranha.Tests\Services\PageTests.cs:line 28
----- Inner Stack Trace -----
   at Raven.Client.Documents.Linq.LinqPathProvider.GetMemberValue(MemberExpression memberExpression)
   at Raven.Client.Documents.Linq.LinqPathProvider.GetValueFromExpressionWithoutConversion(Expression expression, Object& value)
   at Raven.Client.Documents.Linq.RavenQueryProviderProcessor`1.VisitEquals(BinaryExpression expression)
   at Raven.Client.Documents.Linq.RavenQueryProviderProcessor`1.VisitBinaryExpression(BinaryExpression expression)
   at Raven.Client.Documents.Linq.RavenQueryProviderProcessor`1.VisitQueryableMethodCall(MethodCallExpression expression)
   at Raven.Client.Documents.Linq.RavenQueryProviderProcessor`1.VisitMethodCall(MethodCallExpression expression)
   at Raven.Client.Documents.Linq.RavenQueryProviderProcessor`1.GetAsyncDocumentQueryFor(Expression expression, Action`1 customization)
  Failed Piranha.Tests.Services.PageTestsMemoryCache.GetBlocksById [1 ms]
  Error Message:
   System.NotSupportedException : Could not understand expression: from 'Blocks'.Where(b => (b.Id == value(Piranha.Repositories.PageRepository+<>c__DisplayClass23_3`1[Piranha.Tests.Services.PageTests+MyPage]).CS$<>8__locals2.blocks.get_Item(value(Piranha.Repositories.PageRepository+<>c__DisplayClass23_3`1[Piranha.Tests.Services.PageTests+MyPage]).n).Id))
---- System.NotSupportedException : Expression type not supported: System.Linq.Expressions.InstanceMethodCallExpression1
  Stack Trace:
     at Raven.Client.Documents.Linq.RavenQueryProviderProcessor`1.GetAsyncDocumentQueryFor(Expression expression, Action`1 customization)
   at Raven.Client.Documents.Linq.RavenQueryProvider`1.ToAsyncDocumentQuery[TResult](Expression expression)
   at Raven.Client.Documents.LinqExtensions.FirstOrDefaultAsync[TSource](IQueryable`1 source, Expression`1 predicate, CancellationToken token)
   at Piranha.Repositories.PageRepository.Save[T](T model, Boolean isDraft) in C:\Users\bbqch\proj\microbians\piranha\data\Piranha.Data.EF\Repositories\PageRepository.cs:line 830
   at Piranha.Services.PageService.SaveAsync[T](T model, Boolean isDraft) in C:\Users\bbqch\proj\microbians\piranha\core\Piranha\Services\Internal\PageService.cs:line 732
   at Piranha.Tests.Services.PageTests.InitializeAsync() in C:\Users\bbqch\proj\microbians\piranha\test\Piranha.Tests\Services\PageTests.cs:line 163
   at Piranha.Tests.Services.PageTestsMemoryCache.InitializeAsync() in C:\Users\bbqch\proj\microbians\piranha\test\Piranha.Tests\Services\PageTests.cs:line 28
----- Inner Stack Trace -----
   at Raven.Client.Documents.Linq.LinqPathProvider.GetMemberValue(MemberExpression memberExpression)
   at Raven.Client.Documents.Linq.LinqPathProvider.GetValueFromExpressionWithoutConversion(Expression expression, Object& value)
   at Raven.Client.Documents.Linq.RavenQueryProviderProcessor`1.VisitEquals(BinaryExpression expression)
   at Raven.Client.Documents.Linq.RavenQueryProviderProcessor`1.VisitBinaryExpression(BinaryExpression expression)
   at Raven.Client.Documents.Linq.RavenQueryProviderProcessor`1.VisitQueryableMethodCall(MethodCallExpression expression)
   at Raven.Client.Documents.Linq.RavenQueryProviderProcessor`1.VisitMethodCall(MethodCallExpression expression)
   at Raven.Client.Documents.Linq.RavenQueryProviderProcessor`1.GetAsyncDocumentQueryFor(Expression expression, Action`1 customization)
  Failed Piranha.Tests.Services.PageTestsMemoryCache.CreateDIDynamic [1 ms]
  Error Message:
   System.NotSupportedException : Could not understand expression: from 'Blocks'.Where(b => (b.Id == value(Piranha.Repositories.PageRepository+<>c__DisplayClass23_3`1[Piranha.Tests.Services.PageTests+MyPage]).CS$<>8__locals2.blocks.get_Item(value(Piranha.Repositories.PageRepository+<>c__DisplayClass23_3`1[Piranha.Tests.Services.PageTests+MyPage]).n).Id))
---- System.NotSupportedException : Expression type not supported: System.Linq.Expressions.InstanceMethodCallExpression1
  Stack Trace:
     at Raven.Client.Documents.Linq.RavenQueryProviderProcessor`1.GetAsyncDocumentQueryFor(Expression expression, Action`1 customization)
   at Raven.Client.Documents.Linq.RavenQueryProvider`1.ToAsyncDocumentQuery[TResult](Expression expression)
   at Raven.Client.Documents.LinqExtensions.FirstOrDefaultAsync[TSource](IQueryable`1 source, Expression`1 predicate, CancellationToken token)
   at Piranha.Repositories.PageRepository.Save[T](T model, Boolean isDraft) in C:\Users\bbqch\proj\microbians\piranha\data\Piranha.Data.EF\Repositories\PageRepository.cs:line 830
   at Piranha.Services.PageService.SaveAsync[T](T model, Boolean isDraft) in C:\Users\bbqch\proj\microbians\piranha\core\Piranha\Services\Internal\PageService.cs:line 732
   at Piranha.Tests.Services.PageTests.InitializeAsync() in C:\Users\bbqch\proj\microbians\piranha\test\Piranha.Tests\Services\PageTests.cs:line 163
   at Piranha.Tests.Services.PageTestsMemoryCache.InitializeAsync() in C:\Users\bbqch\proj\microbians\piranha\test\Piranha.Tests\Services\PageTests.cs:line 28
----- Inner Stack Trace -----
   at Raven.Client.Documents.Linq.LinqPathProvider.GetMemberValue(MemberExpression memberExpression)
   at Raven.Client.Documents.Linq.LinqPathProvider.GetValueFromExpressionWithoutConversion(Expression expression, Object& value)
   at Raven.Client.Documents.Linq.RavenQueryProviderProcessor`1.VisitEquals(BinaryExpression expression)
   at Raven.Client.Documents.Linq.RavenQueryProviderProcessor`1.VisitBinaryExpression(BinaryExpression expression)
   at Raven.Client.Documents.Linq.RavenQueryProviderProcessor`1.VisitQueryableMethodCall(MethodCallExpression expression)
   at Raven.Client.Documents.Linq.RavenQueryProviderProcessor`1.VisitMethodCall(MethodCallExpression expression)
   at Raven.Client.Documents.Linq.RavenQueryProviderProcessor`1.GetAsyncDocumentQueryFor(Expression expression, Action`1 customization)
  Failed Piranha.Tests.Services.PageTestsMemoryCache.EmptyDynamicCollectionPage [1 ms]
  Error Message:
   System.NotSupportedException : Could not understand expression: from 'Blocks'.Where(b => (b.Id == value(Piranha.Repositories.PageRepository+<>c__DisplayClass23_3`1[Piranha.Tests.Services.PageTests+MyPage]).CS$<>8__locals2.blocks.get_Item(value(Piranha.Repositories.PageRepository+<>c__DisplayClass23_3`1[Piranha.Tests.Services.PageTests+MyPage]).n).Id))
---- System.NotSupportedException : Expression type not supported: System.Linq.Expressions.InstanceMethodCallExpression1
  Stack Trace:
     at Raven.Client.Documents.Linq.RavenQueryProviderProcessor`1.GetAsyncDocumentQueryFor(Expression expression, Action`1 customization)
   at Raven.Client.Documents.Linq.RavenQueryProvider`1.ToAsyncDocumentQuery[TResult](Expression expression)
   at Raven.Client.Documents.LinqExtensions.FirstOrDefaultAsync[TSource](IQueryable`1 source, Expression`1 predicate, CancellationToken token)
   at Piranha.Repositories.PageRepository.Save[T](T model, Boolean isDraft) in C:\Users\bbqch\proj\microbians\piranha\data\Piranha.Data.EF\Repositories\PageRepository.cs:line 830
   at Piranha.Services.PageService.SaveAsync[T](T model, Boolean isDraft) in C:\Users\bbqch\proj\microbians\piranha\core\Piranha\Services\Internal\PageService.cs:line 732
   at Piranha.Tests.Services.PageTests.InitializeAsync() in C:\Users\bbqch\proj\microbians\piranha\test\Piranha.Tests\Services\PageTests.cs:line 163
   at Piranha.Tests.Services.PageTestsMemoryCache.InitializeAsync() in C:\Users\bbqch\proj\microbians\piranha\test\Piranha.Tests\Services\PageTests.cs:line 28
----- Inner Stack Trace -----
   at Raven.Client.Documents.Linq.LinqPathProvider.GetMemberValue(MemberExpression memberExpression)
   at Raven.Client.Documents.Linq.LinqPathProvider.GetValueFromExpressionWithoutConversion(Expression expression, Object& value)
   at Raven.Client.Documents.Linq.RavenQueryProviderProcessor`1.VisitEquals(BinaryExpression expression)
   at Raven.Client.Documents.Linq.RavenQueryProviderProcessor`1.VisitBinaryExpression(BinaryExpression expression)
   at Raven.Client.Documents.Linq.RavenQueryProviderProcessor`1.VisitQueryableMethodCall(MethodCallExpression expression)
   at Raven.Client.Documents.Linq.RavenQueryProviderProcessor`1.VisitMethodCall(MethodCallExpression expression)
   at Raven.Client.Documents.Linq.RavenQueryProviderProcessor`1.GetAsyncDocumentQueryFor(Expression expression, Action`1 customization)
  Failed Piranha.Tests.Services.PageTestsMemoryCache.GetDynamicCollectionPage [1 ms]
  Error Message:
   System.NotSupportedException : Could not understand expression: from 'Blocks'.Where(b => (b.Id == value(Piranha.Repositories.PageRepository+<>c__DisplayClass23_3`1[Piranha.Tests.Services.PageTests+MyPage]).CS$<>8__locals2.blocks.get_Item(value(Piranha.Repositories.PageRepository+<>c__DisplayClass23_3`1[Piranha.Tests.Services.PageTests+MyPage]).n).Id))
---- System.NotSupportedException : Expression type not supported: System.Linq.Expressions.InstanceMethodCallExpression1
  Stack Trace:
     at Raven.Client.Documents.Linq.RavenQueryProviderProcessor`1.GetAsyncDocumentQueryFor(Expression expression, Action`1 customization)
   at Raven.Client.Documents.Linq.RavenQueryProvider`1.ToAsyncDocumentQuery[TResult](Expression expression)
   at Raven.Client.Documents.LinqExtensions.FirstOrDefaultAsync[TSource](IQueryable`1 source, Expression`1 predicate, CancellationToken token)
   at Piranha.Repositories.PageRepository.Save[T](T model, Boolean isDraft) in C:\Users\bbqch\proj\microbians\piranha\data\Piranha.Data.EF\Repositories\PageRepository.cs:line 830
   at Piranha.Services.PageService.SaveAsync[T](T model, Boolean isDraft) in C:\Users\bbqch\proj\microbians\piranha\core\Piranha\Services\Internal\PageService.cs:line 732
   at Piranha.Tests.Services.PageTests.InitializeAsync() in C:\Users\bbqch\proj\microbians\piranha\test\Piranha.Tests\Services\PageTests.cs:line 163
   at Piranha.Tests.Services.PageTestsMemoryCache.InitializeAsync() in C:\Users\bbqch\proj\microbians\piranha\test\Piranha.Tests\Services\PageTests.cs:line 28
----- Inner Stack Trace -----
   at Raven.Client.Documents.Linq.LinqPathProvider.GetMemberValue(MemberExpression memberExpression)
   at Raven.Client.Documents.Linq.LinqPathProvider.GetValueFromExpressionWithoutConversion(Expression expression, Object& value)
   at Raven.Client.Documents.Linq.RavenQueryProviderProcessor`1.VisitEquals(BinaryExpression expression)
   at Raven.Client.Documents.Linq.RavenQueryProviderProcessor`1.VisitBinaryExpression(BinaryExpression expression)
   at Raven.Client.Documents.Linq.RavenQueryProviderProcessor`1.VisitQueryableMethodCall(MethodCallExpression expression)
   at Raven.Client.Documents.Linq.RavenQueryProviderProcessor`1.VisitMethodCall(MethodCallExpression expression)
   at Raven.Client.Documents.Linq.RavenQueryProviderProcessor`1.GetAsyncDocumentQueryFor(Expression expression, Action`1 customization)
  Failed Piranha.Tests.Services.PageTestsMemoryCache.CanNotUpdateCopyOriginalPageWithAnotherCopy [1 ms]
  Error Message:
   System.NotSupportedException : Could not understand expression: from 'Blocks'.Where(b => (b.Id == value(Piranha.Repositories.PageRepository+<>c__DisplayClass23_3`1[Piranha.Tests.Services.PageTests+MyPage]).CS$<>8__locals2.blocks.get_Item(value(Piranha.Repositories.PageRepository+<>c__DisplayClass23_3`1[Piranha.Tests.Services.PageTests+MyPage]).n).Id))
---- System.NotSupportedException : Expression type not supported: System.Linq.Expressions.InstanceMethodCallExpression1
  Stack Trace:
     at Raven.Client.Documents.Linq.RavenQueryProviderProcessor`1.GetAsyncDocumentQueryFor(Expression expression, Action`1 customization)
   at Raven.Client.Documents.Linq.RavenQueryProvider`1.ToAsyncDocumentQuery[TResult](Expression expression)
   at Raven.Client.Documents.LinqExtensions.FirstOrDefaultAsync[TSource](IQueryable`1 source, Expression`1 predicate, CancellationToken token)
   at Piranha.Repositories.PageRepository.Save[T](T model, Boolean isDraft) in C:\Users\bbqch\proj\microbians\piranha\data\Piranha.Data.EF\Repositories\PageRepository.cs:line 830
   at Piranha.Services.PageService.SaveAsync[T](T model, Boolean isDraft) in C:\Users\bbqch\proj\microbians\piranha\core\Piranha\Services\Internal\PageService.cs:line 732
   at Piranha.Tests.Services.PageTests.InitializeAsync() in C:\Users\bbqch\proj\microbians\piranha\test\Piranha.Tests\Services\PageTests.cs:line 163
   at Piranha.Tests.Services.PageTestsMemoryCache.InitializeAsync() in C:\Users\bbqch\proj\microbians\piranha\test\Piranha.Tests\Services\PageTests.cs:line 28
----- Inner Stack Trace -----
   at Raven.Client.Documents.Linq.LinqPathProvider.GetMemberValue(MemberExpression memberExpression)
   at Raven.Client.Documents.Linq.LinqPathProvider.GetValueFromExpressionWithoutConversion(Expression expression, Object& value)
   at Raven.Client.Documents.Linq.RavenQueryProviderProcessor`1.VisitEquals(BinaryExpression expression)
   at Raven.Client.Documents.Linq.RavenQueryProviderProcessor`1.VisitBinaryExpression(BinaryExpression expression)
   at Raven.Client.Documents.Linq.RavenQueryProviderProcessor`1.VisitQueryableMethodCall(MethodCallExpression expression)
   at Raven.Client.Documents.Linq.RavenQueryProviderProcessor`1.VisitMethodCall(MethodCallExpression expression)
   at Raven.Client.Documents.Linq.RavenQueryProviderProcessor`1.GetAsyncDocumentQueryFor(Expression expression, Action`1 customization)
  Failed Piranha.Tests.Services.PageTestsMemoryCache.AddNonHierarchical [1 ms]
  Error Message:
   System.NotSupportedException : Could not understand expression: from 'Blocks'.Where(b => (b.Id == value(Piranha.Repositories.PageRepository+<>c__DisplayClass23_3`1[Piranha.Tests.Services.PageTests+MyPage]).CS$<>8__locals2.blocks.get_Item(value(Piranha.Repositories.PageRepository+<>c__DisplayClass23_3`1[Piranha.Tests.Services.PageTests+MyPage]).n).Id))
---- System.NotSupportedException : Expression type not supported: System.Linq.Expressions.InstanceMethodCallExpression1
  Stack Trace:
     at Raven.Client.Documents.Linq.RavenQueryProviderProcessor`1.GetAsyncDocumentQueryFor(Expression expression, Action`1 customization)
   at Raven.Client.Documents.Linq.RavenQueryProvider`1.ToAsyncDocumentQuery[TResult](Expression expression)
   at Raven.Client.Documents.LinqExtensions.FirstOrDefaultAsync[TSource](IQueryable`1 source, Expression`1 predicate, CancellationToken token)
   at Piranha.Repositories.PageRepository.Save[T](T model, Boolean isDraft) in C:\Users\bbqch\proj\microbians\piranha\data\Piranha.Data.EF\Repositories\PageRepository.cs:line 830
   at Piranha.Services.PageService.SaveAsync[T](T model, Boolean isDraft) in C:\Users\bbqch\proj\microbians\piranha\core\Piranha\Services\Internal\PageService.cs:line 732
   at Piranha.Tests.Services.PageTests.InitializeAsync() in C:\Users\bbqch\proj\microbians\piranha\test\Piranha.Tests\Services\PageTests.cs:line 163
   at Piranha.Tests.Services.PageTestsMemoryCache.InitializeAsync() in C:\Users\bbqch\proj\microbians\piranha\test\Piranha.Tests\Services\PageTests.cs:line 28
----- Inner Stack Trace -----
   at Raven.Client.Documents.Linq.LinqPathProvider.GetMemberValue(MemberExpression memberExpression)
   at Raven.Client.Documents.Linq.LinqPathProvider.GetValueFromExpressionWithoutConversion(Expression expression, Object& value)
   at Raven.Client.Documents.Linq.RavenQueryProviderProcessor`1.VisitEquals(BinaryExpression expression)
   at Raven.Client.Documents.Linq.RavenQueryProviderProcessor`1.VisitBinaryExpression(BinaryExpression expression)
   at Raven.Client.Documents.Linq.RavenQueryProviderProcessor`1.VisitQueryableMethodCall(MethodCallExpression expression)
   at Raven.Client.Documents.Linq.RavenQueryProviderProcessor`1.VisitMethodCall(MethodCallExpression expression)
   at Raven.Client.Documents.Linq.RavenQueryProviderProcessor`1.GetAsyncDocumentQueryFor(Expression expression, Action`1 customization)
  Failed Piranha.Tests.Services.PageTestsMemoryCache.GetBaseClassBySlug [1 ms]
  Error Message:
   System.NotSupportedException : Could not understand expression: from 'Blocks'.Where(b => (b.Id == value(Piranha.Repositories.PageRepository+<>c__DisplayClass23_3`1[Piranha.Tests.Services.PageTests+MyPage]).CS$<>8__locals2.blocks.get_Item(value(Piranha.Repositories.PageRepository+<>c__DisplayClass23_3`1[Piranha.Tests.Services.PageTests+MyPage]).n).Id))
---- System.NotSupportedException : Expression type not supported: System.Linq.Expressions.InstanceMethodCallExpression1
  Stack Trace:
     at Raven.Client.Documents.Linq.RavenQueryProviderProcessor`1.GetAsyncDocumentQueryFor(Expression expression, Action`1 customization)
   at Raven.Client.Documents.Linq.RavenQueryProvider`1.ToAsyncDocumentQuery[TResult](Expression expression)
   at Raven.Client.Documents.LinqExtensions.FirstOrDefaultAsync[TSource](IQueryable`1 source, Expression`1 predicate, CancellationToken token)
   at Piranha.Repositories.PageRepository.Save[T](T model, Boolean isDraft) in C:\Users\bbqch\proj\microbians\piranha\data\Piranha.Data.EF\Repositories\PageRepository.cs:line 830
   at Piranha.Services.PageService.SaveAsync[T](T model, Boolean isDraft) in C:\Users\bbqch\proj\microbians\piranha\core\Piranha\Services\Internal\PageService.cs:line 732
   at Piranha.Tests.Services.PageTests.InitializeAsync() in C:\Users\bbqch\proj\microbians\piranha\test\Piranha.Tests\Services\PageTests.cs:line 163
   at Piranha.Tests.Services.PageTestsMemoryCache.InitializeAsync() in C:\Users\bbqch\proj\microbians\piranha\test\Piranha.Tests\Services\PageTests.cs:line 28
----- Inner Stack Trace -----
   at Raven.Client.Documents.Linq.LinqPathProvider.GetMemberValue(MemberExpression memberExpression)
   at Raven.Client.Documents.Linq.LinqPathProvider.GetValueFromExpressionWithoutConversion(Expression expression, Object& value)
   at Raven.Client.Documents.Linq.RavenQueryProviderProcessor`1.VisitEquals(BinaryExpression expression)
   at Raven.Client.Documents.Linq.RavenQueryProviderProcessor`1.VisitBinaryExpression(BinaryExpression expression)
   at Raven.Client.Documents.Linq.RavenQueryProviderProcessor`1.VisitQueryableMethodCall(MethodCallExpression expression)
   at Raven.Client.Documents.Linq.RavenQueryProviderProcessor`1.VisitMethodCall(MethodCallExpression expression)
   at Raven.Client.Documents.Linq.RavenQueryProviderProcessor`1.GetAsyncDocumentQueryFor(Expression expression, Action`1 customization)
  Failed Piranha.Tests.Services.PageTestsMemoryCache.GetInfoBySlug [1 ms]
  Error Message:
   System.NotSupportedException : Could not understand expression: from 'Blocks'.Where(b => (b.Id == value(Piranha.Repositories.PageRepository+<>c__DisplayClass23_3`1[Piranha.Tests.Services.PageTests+MyPage]).CS$<>8__locals2.blocks.get_Item(value(Piranha.Repositories.PageRepository+<>c__DisplayClass23_3`1[Piranha.Tests.Services.PageTests+MyPage]).n).Id))
---- System.NotSupportedException : Expression type not supported: System.Linq.Expressions.InstanceMethodCallExpression1
  Stack Trace:
     at Raven.Client.Documents.Linq.RavenQueryProviderProcessor`1.GetAsyncDocumentQueryFor(Expression expression, Action`1 customization)
   at Raven.Client.Documents.Linq.RavenQueryProvider`1.ToAsyncDocumentQuery[TResult](Expression expression)
   at Raven.Client.Documents.LinqExtensions.FirstOrDefaultAsync[TSource](IQueryable`1 source, Expression`1 predicate, CancellationToken token)
   at Piranha.Repositories.PageRepository.Save[T](T model, Boolean isDraft) in C:\Users\bbqch\proj\microbians\piranha\data\Piranha.Data.EF\Repositories\PageRepository.cs:line 830
   at Piranha.Services.PageService.SaveAsync[T](T model, Boolean isDraft) in C:\Users\bbqch\proj\microbians\piranha\core\Piranha\Services\Internal\PageService.cs:line 732
   at Piranha.Tests.Services.PageTests.InitializeAsync() in C:\Users\bbqch\proj\microbians\piranha\test\Piranha.Tests\Services\PageTests.cs:line 163
   at Piranha.Tests.Services.PageTestsMemoryCache.InitializeAsync() in C:\Users\bbqch\proj\microbians\piranha\test\Piranha.Tests\Services\PageTests.cs:line 28
----- Inner Stack Trace -----
   at Raven.Client.Documents.Linq.LinqPathProvider.GetMemberValue(MemberExpression memberExpression)
   at Raven.Client.Documents.Linq.LinqPathProvider.GetValueFromExpressionWithoutConversion(Expression expression, Object& value)
   at Raven.Client.Documents.Linq.RavenQueryProviderProcessor`1.VisitEquals(BinaryExpression expression)
   at Raven.Client.Documents.Linq.RavenQueryProviderProcessor`1.VisitBinaryExpression(BinaryExpression expression)
   at Raven.Client.Documents.Linq.RavenQueryProviderProcessor`1.VisitQueryableMethodCall(MethodCallExpression expression)
   at Raven.Client.Documents.Linq.RavenQueryProviderProcessor`1.VisitMethodCall(MethodCallExpression expression)
   at Raven.Client.Documents.Linq.RavenQueryProviderProcessor`1.GetAsyncDocumentQueryFor(Expression expression, Action`1 customization)
  Failed Piranha.Tests.Services.PageTestsMemoryCache.GetAllByBaseClass [1 ms]
  Error Message:
   System.NotSupportedException : Could not understand expression: from 'Blocks'.Where(b => (b.Id == value(Piranha.Repositories.PageRepository+<>c__DisplayClass23_3`1[Piranha.Tests.Services.PageTests+MyPage]).CS$<>8__locals2.blocks.get_Item(value(Piranha.Repositories.PageRepository+<>c__DisplayClass23_3`1[Piranha.Tests.Services.PageTests+MyPage]).n).Id))
---- System.NotSupportedException : Expression type not supported: System.Linq.Expressions.InstanceMethodCallExpression1
  Stack Trace:
     at Raven.Client.Documents.Linq.RavenQueryProviderProcessor`1.GetAsyncDocumentQueryFor(Expression expression, Action`1 customization)
   at Raven.Client.Documents.Linq.RavenQueryProvider`1.ToAsyncDocumentQuery[TResult](Expression expression)
   at Raven.Client.Documents.LinqExtensions.FirstOrDefaultAsync[TSource](IQueryable`1 source, Expression`1 predicate, CancellationToken token)
   at Piranha.Repositories.PageRepository.Save[T](T model, Boolean isDraft) in C:\Users\bbqch\proj\microbians\piranha\data\Piranha.Data.EF\Repositories\PageRepository.cs:line 830
   at Piranha.Services.PageService.SaveAsync[T](T model, Boolean isDraft) in C:\Users\bbqch\proj\microbians\piranha\core\Piranha\Services\Internal\PageService.cs:line 732
   at Piranha.Tests.Services.PageTests.InitializeAsync() in C:\Users\bbqch\proj\microbians\piranha\test\Piranha.Tests\Services\PageTests.cs:line 163
   at Piranha.Tests.Services.PageTestsMemoryCache.InitializeAsync() in C:\Users\bbqch\proj\microbians\piranha\test\Piranha.Tests\Services\PageTests.cs:line 28
----- Inner Stack Trace -----
   at Raven.Client.Documents.Linq.LinqPathProvider.GetMemberValue(MemberExpression memberExpression)
   at Raven.Client.Documents.Linq.LinqPathProvider.GetValueFromExpressionWithoutConversion(Expression expression, Object& value)
   at Raven.Client.Documents.Linq.RavenQueryProviderProcessor`1.VisitEquals(BinaryExpression expression)
   at Raven.Client.Documents.Linq.RavenQueryProviderProcessor`1.VisitBinaryExpression(BinaryExpression expression)
   at Raven.Client.Documents.Linq.RavenQueryProviderProcessor`1.VisitQueryableMethodCall(MethodCallExpression expression)
   at Raven.Client.Documents.Linq.RavenQueryProviderProcessor`1.VisitMethodCall(MethodCallExpression expression)
   at Raven.Client.Documents.Linq.RavenQueryProviderProcessor`1.GetAsyncDocumentQueryFor(Expression expression, Action`1 customization)
  Failed Piranha.Tests.Services.PageTestsMemoryCache.GetCollectionPageBaseClass [1 ms]
  Error Message:
   System.NotSupportedException : Could not understand expression: from 'Blocks'.Where(b => (b.Id == value(Piranha.Repositories.PageRepository+<>c__DisplayClass23_3`1[Piranha.Tests.Services.PageTests+MyPage]).CS$<>8__locals2.blocks.get_Item(value(Piranha.Repositories.PageRepository+<>c__DisplayClass23_3`1[Piranha.Tests.Services.PageTests+MyPage]).n).Id))
---- System.NotSupportedException : Expression type not supported: System.Linq.Expressions.InstanceMethodCallExpression1
  Stack Trace:
     at Raven.Client.Documents.Linq.RavenQueryProviderProcessor`1.GetAsyncDocumentQueryFor(Expression expression, Action`1 customization)
   at Raven.Client.Documents.Linq.RavenQueryProvider`1.ToAsyncDocumentQuery[TResult](Expression expression)
   at Raven.Client.Documents.LinqExtensions.FirstOrDefaultAsync[TSource](IQueryable`1 source, Expression`1 predicate, CancellationToken token)
   at Piranha.Repositories.PageRepository.Save[T](T model, Boolean isDraft) in C:\Users\bbqch\proj\microbians\piranha\data\Piranha.Data.EF\Repositories\PageRepository.cs:line 830
   at Piranha.Services.PageService.SaveAsync[T](T model, Boolean isDraft) in C:\Users\bbqch\proj\microbians\piranha\core\Piranha\Services\Internal\PageService.cs:line 732
   at Piranha.Tests.Services.PageTests.InitializeAsync() in C:\Users\bbqch\proj\microbians\piranha\test\Piranha.Tests\Services\PageTests.cs:line 163
   at Piranha.Tests.Services.PageTestsMemoryCache.InitializeAsync() in C:\Users\bbqch\proj\microbians\piranha\test\Piranha.Tests\Services\PageTests.cs:line 28
----- Inner Stack Trace -----
   at Raven.Client.Documents.Linq.LinqPathProvider.GetMemberValue(MemberExpression memberExpression)
   at Raven.Client.Documents.Linq.LinqPathProvider.GetValueFromExpressionWithoutConversion(Expression expression, Object& value)
   at Raven.Client.Documents.Linq.RavenQueryProviderProcessor`1.VisitEquals(BinaryExpression expression)
   at Raven.Client.Documents.Linq.RavenQueryProviderProcessor`1.VisitBinaryExpression(BinaryExpression expression)
   at Raven.Client.Documents.Linq.RavenQueryProviderProcessor`1.VisitQueryableMethodCall(MethodCallExpression expression)
   at Raven.Client.Documents.Linq.RavenQueryProviderProcessor`1.VisitMethodCall(MethodCallExpression expression)
   at Raven.Client.Documents.Linq.RavenQueryProviderProcessor`1.GetAsyncDocumentQueryFor(Expression expression, Action`1 customization)
  Failed Piranha.Tests.Services.PageTestsMemoryCache.GetAllBlogs [1 ms]
  Error Message:
   System.NotSupportedException : Could not understand expression: from 'Blocks'.Where(b => (b.Id == value(Piranha.Repositories.PageRepository+<>c__DisplayClass23_3`1[Piranha.Tests.Services.PageTests+MyPage]).CS$<>8__locals2.blocks.get_Item(value(Piranha.Repositories.PageRepository+<>c__DisplayClass23_3`1[Piranha.Tests.Services.PageTests+MyPage]).n).Id))
---- System.NotSupportedException : Expression type not supported: System.Linq.Expressions.InstanceMethodCallExpression1
  Stack Trace:
     at Raven.Client.Documents.Linq.RavenQueryProviderProcessor`1.GetAsyncDocumentQueryFor(Expression expression, Action`1 customization)
   at Raven.Client.Documents.Linq.RavenQueryProvider`1.ToAsyncDocumentQuery[TResult](Expression expression)
   at Raven.Client.Documents.LinqExtensions.FirstOrDefaultAsync[TSource](IQueryable`1 source, Expression`1 predicate, CancellationToken token)
   at Piranha.Repositories.PageRepository.Save[T](T model, Boolean isDraft) in C:\Users\bbqch\proj\microbians\piranha\data\Piranha.Data.EF\Repositories\PageRepository.cs:line 830
   at Piranha.Services.PageService.SaveAsync[T](T model, Boolean isDraft) in C:\Users\bbqch\proj\microbians\piranha\core\Piranha\Services\Internal\PageService.cs:line 732
   at Piranha.Tests.Services.PageTests.InitializeAsync() in C:\Users\bbqch\proj\microbians\piranha\test\Piranha.Tests\Services\PageTests.cs:line 163
   at Piranha.Tests.Services.PageTestsMemoryCache.InitializeAsync() in C:\Users\bbqch\proj\microbians\piranha\test\Piranha.Tests\Services\PageTests.cs:line 28
----- Inner Stack Trace -----
   at Raven.Client.Documents.Linq.LinqPathProvider.GetMemberValue(MemberExpression memberExpression)
   at Raven.Client.Documents.Linq.LinqPathProvider.GetValueFromExpressionWithoutConversion(Expression expression, Object& value)
   at Raven.Client.Documents.Linq.RavenQueryProviderProcessor`1.VisitEquals(BinaryExpression expression)
   at Raven.Client.Documents.Linq.RavenQueryProviderProcessor`1.VisitBinaryExpression(BinaryExpression expression)
   at Raven.Client.Documents.Linq.RavenQueryProviderProcessor`1.VisitQueryableMethodCall(MethodCallExpression expression)
   at Raven.Client.Documents.Linq.RavenQueryProviderProcessor`1.VisitMethodCall(MethodCallExpression expression)
   at Raven.Client.Documents.Linq.RavenQueryProviderProcessor`1.GetAsyncDocumentQueryFor(Expression expression, Action`1 customization)
  Failed Piranha.Tests.Services.PageTestsMemoryCache.GetMultipleBaseClassById [1 ms]
  Error Message:
   System.NotSupportedException : Could not understand expression: from 'Blocks'.Where(b => (b.Id == value(Piranha.Repositories.PageRepository+<>c__DisplayClass23_3`1[Piranha.Tests.Services.PageTests+MyPage]).CS$<>8__locals2.blocks.get_Item(value(Piranha.Repositories.PageRepository+<>c__DisplayClass23_3`1[Piranha.Tests.Services.PageTests+MyPage]).n).Id))
---- System.NotSupportedException : Expression type not supported: System.Linq.Expressions.InstanceMethodCallExpression1
  Stack Trace:
     at Raven.Client.Documents.Linq.RavenQueryProviderProcessor`1.GetAsyncDocumentQueryFor(Expression expression, Action`1 customization)
   at Raven.Client.Documents.Linq.RavenQueryProvider`1.ToAsyncDocumentQuery[TResult](Expression expression)
   at Raven.Client.Documents.LinqExtensions.FirstOrDefaultAsync[TSource](IQueryable`1 source, Expression`1 predicate, CancellationToken token)
   at Piranha.Repositories.PageRepository.Save[T](T model, Boolean isDraft) in C:\Users\bbqch\proj\microbians\piranha\data\Piranha.Data.EF\Repositories\PageRepository.cs:line 830
   at Piranha.Services.PageService.SaveAsync[T](T model, Boolean isDraft) in C:\Users\bbqch\proj\microbians\piranha\core\Piranha\Services\Internal\PageService.cs:line 732
   at Piranha.Tests.Services.PageTests.InitializeAsync() in C:\Users\bbqch\proj\microbians\piranha\test\Piranha.Tests\Services\PageTests.cs:line 163
   at Piranha.Tests.Services.PageTestsMemoryCache.InitializeAsync() in C:\Users\bbqch\proj\microbians\piranha\test\Piranha.Tests\Services\PageTests.cs:line 28
----- Inner Stack Trace -----
   at Raven.Client.Documents.Linq.LinqPathProvider.GetMemberValue(MemberExpression memberExpression)
   at Raven.Client.Documents.Linq.LinqPathProvider.GetValueFromExpressionWithoutConversion(Expression expression, Object& value)
   at Raven.Client.Documents.Linq.RavenQueryProviderProcessor`1.VisitEquals(BinaryExpression expression)
   at Raven.Client.Documents.Linq.RavenQueryProviderProcessor`1.VisitBinaryExpression(BinaryExpression expression)
   at Raven.Client.Documents.Linq.RavenQueryProviderProcessor`1.VisitQueryableMethodCall(MethodCallExpression expression)
   at Raven.Client.Documents.Linq.RavenQueryProviderProcessor`1.VisitMethodCall(MethodCallExpression expression)
   at Raven.Client.Documents.Linq.RavenQueryProviderProcessor`1.GetAsyncDocumentQueryFor(Expression expression, Action`1 customization)
  Failed Piranha.Tests.Services.PageTestsMemoryCache.GetCopyGenericById [1 ms]
  Error Message:
   System.NotSupportedException : Could not understand expression: from 'Blocks'.Where(b => (b.Id == value(Piranha.Repositories.PageRepository+<>c__DisplayClass23_3`1[Piranha.Tests.Services.PageTests+MyPage]).CS$<>8__locals2.blocks.get_Item(value(Piranha.Repositories.PageRepository+<>c__DisplayClass23_3`1[Piranha.Tests.Services.PageTests+MyPage]).n).Id))
---- System.NotSupportedException : Expression type not supported: System.Linq.Expressions.InstanceMethodCallExpression1
  Stack Trace:
     at Raven.Client.Documents.Linq.RavenQueryProviderProcessor`1.GetAsyncDocumentQueryFor(Expression expression, Action`1 customization)
   at Raven.Client.Documents.Linq.RavenQueryProvider`1.ToAsyncDocumentQuery[TResult](Expression expression)
   at Raven.Client.Documents.LinqExtensions.FirstOrDefaultAsync[TSource](IQueryable`1 source, Expression`1 predicate, CancellationToken token)
   at Piranha.Repositories.PageRepository.Save[T](T model, Boolean isDraft) in C:\Users\bbqch\proj\microbians\piranha\data\Piranha.Data.EF\Repositories\PageRepository.cs:line 830
   at Piranha.Services.PageService.SaveAsync[T](T model, Boolean isDraft) in C:\Users\bbqch\proj\microbians\piranha\core\Piranha\Services\Internal\PageService.cs:line 732
   at Piranha.Tests.Services.PageTests.InitializeAsync() in C:\Users\bbqch\proj\microbians\piranha\test\Piranha.Tests\Services\PageTests.cs:line 163
   at Piranha.Tests.Services.PageTestsMemoryCache.InitializeAsync() in C:\Users\bbqch\proj\microbians\piranha\test\Piranha.Tests\Services\PageTests.cs:line 28
----- Inner Stack Trace -----
   at Raven.Client.Documents.Linq.LinqPathProvider.GetMemberValue(MemberExpression memberExpression)
   at Raven.Client.Documents.Linq.LinqPathProvider.GetValueFromExpressionWithoutConversion(Expression expression, Object& value)
   at Raven.Client.Documents.Linq.RavenQueryProviderProcessor`1.VisitEquals(BinaryExpression expression)
   at Raven.Client.Documents.Linq.RavenQueryProviderProcessor`1.VisitBinaryExpression(BinaryExpression expression)
   at Raven.Client.Documents.Linq.RavenQueryProviderProcessor`1.VisitQueryableMethodCall(MethodCallExpression expression)
   at Raven.Client.Documents.Linq.RavenQueryProviderProcessor`1.VisitMethodCall(MethodCallExpression expression)
   at Raven.Client.Documents.Linq.RavenQueryProviderProcessor`1.GetAsyncDocumentQueryFor(Expression expression, Action`1 customization)
  Failed Piranha.Tests.Services.PageTestsMemoryCache.UpdateCollectionPage [1 ms]
  Error Message:
   System.NotSupportedException : Could not understand expression: from 'Blocks'.Where(b => (b.Id == value(Piranha.Repositories.PageRepository+<>c__DisplayClass23_3`1[Piranha.Tests.Services.PageTests+MyPage]).CS$<>8__locals2.blocks.get_Item(value(Piranha.Repositories.PageRepository+<>c__DisplayClass23_3`1[Piranha.Tests.Services.PageTests+MyPage]).n).Id))
---- System.NotSupportedException : Expression type not supported: System.Linq.Expressions.InstanceMethodCallExpression1
  Stack Trace:
     at Raven.Client.Documents.Linq.RavenQueryProviderProcessor`1.GetAsyncDocumentQueryFor(Expression expression, Action`1 customization)
   at Raven.Client.Documents.Linq.RavenQueryProvider`1.ToAsyncDocumentQuery[TResult](Expression expression)
   at Raven.Client.Documents.LinqExtensions.FirstOrDefaultAsync[TSource](IQueryable`1 source, Expression`1 predicate, CancellationToken token)
   at Piranha.Repositories.PageRepository.Save[T](T model, Boolean isDraft) in C:\Users\bbqch\proj\microbians\piranha\data\Piranha.Data.EF\Repositories\PageRepository.cs:line 830
   at Piranha.Services.PageService.SaveAsync[T](T model, Boolean isDraft) in C:\Users\bbqch\proj\microbians\piranha\core\Piranha\Services\Internal\PageService.cs:line 732
   at Piranha.Tests.Services.PageTests.InitializeAsync() in C:\Users\bbqch\proj\microbians\piranha\test\Piranha.Tests\Services\PageTests.cs:line 163
   at Piranha.Tests.Services.PageTestsMemoryCache.InitializeAsync() in C:\Users\bbqch\proj\microbians\piranha\test\Piranha.Tests\Services\PageTests.cs:line 28
----- Inner Stack Trace -----
   at Raven.Client.Documents.Linq.LinqPathProvider.GetMemberValue(MemberExpression memberExpression)
   at Raven.Client.Documents.Linq.LinqPathProvider.GetValueFromExpressionWithoutConversion(Expression expression, Object& value)
   at Raven.Client.Documents.Linq.RavenQueryProviderProcessor`1.VisitEquals(BinaryExpression expression)
   at Raven.Client.Documents.Linq.RavenQueryProviderProcessor`1.VisitBinaryExpression(BinaryExpression expression)
   at Raven.Client.Documents.Linq.RavenQueryProviderProcessor`1.VisitQueryableMethodCall(MethodCallExpression expression)
   at Raven.Client.Documents.Linq.RavenQueryProviderProcessor`1.VisitMethodCall(MethodCallExpression expression)
   at Raven.Client.Documents.Linq.RavenQueryProviderProcessor`1.GetAsyncDocumentQueryFor(Expression expression, Action`1 customization)
  Failed Piranha.Tests.Services.PageTestsDistributedCache.EmptyDynamicCollectionPage [1 ms]
  Error Message:
   System.NotSupportedException : Could not understand expression: from 'Blocks'.Where(b => (b.Id == value(Piranha.Repositories.PageRepository+<>c__DisplayClass23_3`1[Piranha.Tests.Services.PageTests+MyPage]).CS$<>8__locals2.blocks.get_Item(value(Piranha.Repositories.PageRepository+<>c__DisplayClass23_3`1[Piranha.Tests.Services.PageTests+MyPage]).n).Id))
---- System.NotSupportedException : Expression type not supported: System.Linq.Expressions.InstanceMethodCallExpression1
  Stack Trace:
     at Raven.Client.Documents.Linq.RavenQueryProviderProcessor`1.GetAsyncDocumentQueryFor(Expression expression, Action`1 customization)
   at Raven.Client.Documents.Linq.RavenQueryProvider`1.ToAsyncDocumentQuery[TResult](Expression expression)
   at Raven.Client.Documents.LinqExtensions.FirstOrDefaultAsync[TSource](IQueryable`1 source, Expression`1 predicate, CancellationToken token)
   at Piranha.Repositories.PageRepository.Save[T](T model, Boolean isDraft) in C:\Users\bbqch\proj\microbians\piranha\data\Piranha.Data.EF\Repositories\PageRepository.cs:line 830
   at Piranha.Services.PageService.SaveAsync[T](T model, Boolean isDraft) in C:\Users\bbqch\proj\microbians\piranha\core\Piranha\Services\Internal\PageService.cs:line 732
   at Piranha.Tests.Services.PageTests.InitializeAsync() in C:\Users\bbqch\proj\microbians\piranha\test\Piranha.Tests\Services\PageTests.cs:line 163
   at Piranha.Tests.Services.PageTestsDistributedCache.InitializeAsync() in C:\Users\bbqch\proj\microbians\piranha\test\Piranha.Tests\Services\PageTests.cs:line 38
----- Inner Stack Trace -----
   at Raven.Client.Documents.Linq.LinqPathProvider.GetMemberValue(MemberExpression memberExpression)
   at Raven.Client.Documents.Linq.LinqPathProvider.GetValueFromExpressionWithoutConversion(Expression expression, Object& value)
   at Raven.Client.Documents.Linq.RavenQueryProviderProcessor`1.VisitEquals(BinaryExpression expression)
   at Raven.Client.Documents.Linq.RavenQueryProviderProcessor`1.VisitBinaryExpression(BinaryExpression expression)
   at Raven.Client.Documents.Linq.RavenQueryProviderProcessor`1.VisitQueryableMethodCall(MethodCallExpression expression)
   at Raven.Client.Documents.Linq.RavenQueryProviderProcessor`1.VisitMethodCall(MethodCallExpression expression)
   at Raven.Client.Documents.Linq.RavenQueryProviderProcessor`1.GetAsyncDocumentQueryFor(Expression expression, Action`1 customization)
  Failed Piranha.Tests.Services.PageTestsDistributedCache.GetCopyGenericBySlug [1 ms]
  Error Message:
   System.NotSupportedException : Could not understand expression: from 'Blocks'.Where(b => (b.Id == value(Piranha.Repositories.PageRepository+<>c__DisplayClass23_3`1[Piranha.Tests.Services.PageTests+MyPage]).CS$<>8__locals2.blocks.get_Item(value(Piranha.Repositories.PageRepository+<>c__DisplayClass23_3`1[Piranha.Tests.Services.PageTests+MyPage]).n).Id))
---- System.NotSupportedException : Expression type not supported: System.Linq.Expressions.InstanceMethodCallExpression1
  Stack Trace:
     at Raven.Client.Documents.Linq.RavenQueryProviderProcessor`1.GetAsyncDocumentQueryFor(Expression expression, Action`1 customization)
   at Raven.Client.Documents.Linq.RavenQueryProvider`1.ToAsyncDocumentQuery[TResult](Expression expression)
   at Raven.Client.Documents.LinqExtensions.FirstOrDefaultAsync[TSource](IQueryable`1 source, Expression`1 predicate, CancellationToken token)
   at Piranha.Repositories.PageRepository.Save[T](T model, Boolean isDraft) in C:\Users\bbqch\proj\microbians\piranha\data\Piranha.Data.EF\Repositories\PageRepository.cs:line 830
   at Piranha.Services.PageService.SaveAsync[T](T model, Boolean isDraft) in C:\Users\bbqch\proj\microbians\piranha\core\Piranha\Services\Internal\PageService.cs:line 732
   at Piranha.Tests.Services.PageTests.InitializeAsync() in C:\Users\bbqch\proj\microbians\piranha\test\Piranha.Tests\Services\PageTests.cs:line 163
   at Piranha.Tests.Services.PageTestsDistributedCache.InitializeAsync() in C:\Users\bbqch\proj\microbians\piranha\test\Piranha.Tests\Services\PageTests.cs:line 38
----- Inner Stack Trace -----
   at Raven.Client.Documents.Linq.LinqPathProvider.GetMemberValue(MemberExpression memberExpression)
   at Raven.Client.Documents.Linq.LinqPathProvider.GetValueFromExpressionWithoutConversion(Expression expression, Object& value)
   at Raven.Client.Documents.Linq.RavenQueryProviderProcessor`1.VisitEquals(BinaryExpression expression)
   at Raven.Client.Documents.Linq.RavenQueryProviderProcessor`1.VisitBinaryExpression(BinaryExpression expression)
   at Raven.Client.Documents.Linq.RavenQueryProviderProcessor`1.VisitQueryableMethodCall(MethodCallExpression expression)
   at Raven.Client.Documents.Linq.RavenQueryProviderProcessor`1.VisitMethodCall(MethodCallExpression expression)
   at Raven.Client.Documents.Linq.RavenQueryProviderProcessor`1.GetAsyncDocumentQueryFor(Expression expression, Action`1 customization)
  Failed Piranha.Tests.Services.PageTestsDistributedCache.GetMissingBySlug [1 ms]
  Error Message:
   System.NotSupportedException : Could not understand expression: from 'Blocks'.Where(b => (b.Id == value(Piranha.Repositories.PageRepository+<>c__DisplayClass23_3`1[Piranha.Tests.Services.PageTests+MyPage]).CS$<>8__locals2.blocks.get_Item(value(Piranha.Repositories.PageRepository+<>c__DisplayClass23_3`1[Piranha.Tests.Services.PageTests+MyPage]).n).Id))
---- System.NotSupportedException : Expression type not supported: System.Linq.Expressions.InstanceMethodCallExpression1
  Stack Trace:
     at Raven.Client.Documents.Linq.RavenQueryProviderProcessor`1.GetAsyncDocumentQueryFor(Expression expression, Action`1 customization)
   at Raven.Client.Documents.Linq.RavenQueryProvider`1.ToAsyncDocumentQuery[TResult](Expression expression)
   at Raven.Client.Documents.LinqExtensions.FirstOrDefaultAsync[TSource](IQueryable`1 source, Expression`1 predicate, CancellationToken token)
   at Piranha.Repositories.PageRepository.Save[T](T model, Boolean isDraft) in C:\Users\bbqch\proj\microbians\piranha\data\Piranha.Data.EF\Repositories\PageRepository.cs:line 830
   at Piranha.Services.PageService.SaveAsync[T](T model, Boolean isDraft) in C:\Users\bbqch\proj\microbians\piranha\core\Piranha\Services\Internal\PageService.cs:line 732
   at Piranha.Tests.Services.PageTests.InitializeAsync() in C:\Users\bbqch\proj\microbians\piranha\test\Piranha.Tests\Services\PageTests.cs:line 163
   at Piranha.Tests.Services.PageTestsDistributedCache.InitializeAsync() in C:\Users\bbqch\proj\microbians\piranha\test\Piranha.Tests\Services\PageTests.cs:line 38
----- Inner Stack Trace -----
   at Raven.Client.Documents.Linq.LinqPathProvider.GetMemberValue(MemberExpression memberExpression)
   at Raven.Client.Documents.Linq.LinqPathProvider.GetValueFromExpressionWithoutConversion(Expression expression, Object& value)
   at Raven.Client.Documents.Linq.RavenQueryProviderProcessor`1.VisitEquals(BinaryExpression expression)
   at Raven.Client.Documents.Linq.RavenQueryProviderProcessor`1.VisitBinaryExpression(BinaryExpression expression)
   at Raven.Client.Documents.Linq.RavenQueryProviderProcessor`1.VisitQueryableMethodCall(MethodCallExpression expression)
   at Raven.Client.Documents.Linq.RavenQueryProviderProcessor`1.VisitMethodCall(MethodCallExpression expression)
   at Raven.Client.Documents.Linq.RavenQueryProviderProcessor`1.GetAsyncDocumentQueryFor(Expression expression, Action`1 customization)
  Failed Piranha.Tests.Services.PageTestsDistributedCache.UpdatingCopyShouldIgnoreBodyAndDate [1 ms]
  Error Message:
   System.NotSupportedException : Could not understand expression: from 'Blocks'.Where(b => (b.Id == value(Piranha.Repositories.PageRepository+<>c__DisplayClass23_3`1[Piranha.Tests.Services.PageTests+MyPage]).CS$<>8__locals2.blocks.get_Item(value(Piranha.Repositories.PageRepository+<>c__DisplayClass23_3`1[Piranha.Tests.Services.PageTests+MyPage]).n).Id))
---- System.NotSupportedException : Expression type not supported: System.Linq.Expressions.InstanceMethodCallExpression1
  Stack Trace:
     at Raven.Client.Documents.Linq.RavenQueryProviderProcessor`1.GetAsyncDocumentQueryFor(Expression expression, Action`1 customization)
   at Raven.Client.Documents.Linq.RavenQueryProvider`1.ToAsyncDocumentQuery[TResult](Expression expression)
   at Raven.Client.Documents.LinqExtensions.FirstOrDefaultAsync[TSource](IQueryable`1 source, Expression`1 predicate, CancellationToken token)
   at Piranha.Repositories.PageRepository.Save[T](T model, Boolean isDraft) in C:\Users\bbqch\proj\microbians\piranha\data\Piranha.Data.EF\Repositories\PageRepository.cs:line 830
   at Piranha.Services.PageService.SaveAsync[T](T model, Boolean isDraft) in C:\Users\bbqch\proj\microbians\piranha\core\Piranha\Services\Internal\PageService.cs:line 732
   at Piranha.Tests.Services.PageTests.InitializeAsync() in C:\Users\bbqch\proj\microbians\piranha\test\Piranha.Tests\Services\PageTests.cs:line 163
   at Piranha.Tests.Services.PageTestsDistributedCache.InitializeAsync() in C:\Users\bbqch\proj\microbians\piranha\test\Piranha.Tests\Services\PageTests.cs:line 38
----- Inner Stack Trace -----
   at Raven.Client.Documents.Linq.LinqPathProvider.GetMemberValue(MemberExpression memberExpression)
   at Raven.Client.Documents.Linq.LinqPathProvider.GetValueFromExpressionWithoutConversion(Expression expression, Object& value)
   at Raven.Client.Documents.Linq.RavenQueryProviderProcessor`1.VisitEquals(BinaryExpression expression)
   at Raven.Client.Documents.Linq.RavenQueryProviderProcessor`1.VisitBinaryExpression(BinaryExpression expression)
   at Raven.Client.Documents.Linq.RavenQueryProviderProcessor`1.VisitQueryableMethodCall(MethodCallExpression expression)
   at Raven.Client.Documents.Linq.RavenQueryProviderProcessor`1.VisitMethodCall(MethodCallExpression expression)
   at Raven.Client.Documents.Linq.RavenQueryProviderProcessor`1.GetAsyncDocumentQueryFor(Expression expression, Action`1 customization)
  Failed Piranha.Tests.Services.PageTestsDistributedCache.CheckPermlinkSyntax [1 ms]
  Error Message:
   System.NotSupportedException : Could not understand expression: from 'Blocks'.Where(b => (b.Id == value(Piranha.Repositories.PageRepository+<>c__DisplayClass23_3`1[Piranha.Tests.Services.PageTests+MyPage]).CS$<>8__locals2.blocks.get_Item(value(Piranha.Repositories.PageRepository+<>c__DisplayClass23_3`1[Piranha.Tests.Services.PageTests+MyPage]).n).Id))
---- System.NotSupportedException : Expression type not supported: System.Linq.Expressions.InstanceMethodCallExpression1
  Stack Trace:
     at Raven.Client.Documents.Linq.RavenQueryProviderProcessor`1.GetAsyncDocumentQueryFor(Expression expression, Action`1 customization)
   at Raven.Client.Documents.Linq.RavenQueryProvider`1.ToAsyncDocumentQuery[TResult](Expression expression)
   at Raven.Client.Documents.LinqExtensions.FirstOrDefaultAsync[TSource](IQueryable`1 source, Expression`1 predicate, CancellationToken token)
   at Piranha.Repositories.PageRepository.Save[T](T model, Boolean isDraft) in C:\Users\bbqch\proj\microbians\piranha\data\Piranha.Data.EF\Repositories\PageRepository.cs:line 830
   at Piranha.Services.PageService.SaveAsync[T](T model, Boolean isDraft) in C:\Users\bbqch\proj\microbians\piranha\core\Piranha\Services\Internal\PageService.cs:line 732
   at Piranha.Tests.Services.PageTests.InitializeAsync() in C:\Users\bbqch\proj\microbians\piranha\test\Piranha.Tests\Services\PageTests.cs:line 163
   at Piranha.Tests.Services.PageTestsDistributedCache.InitializeAsync() in C:\Users\bbqch\proj\microbians\piranha\test\Piranha.Tests\Services\PageTests.cs:line 38
----- Inner Stack Trace -----
   at Raven.Client.Documents.Linq.LinqPathProvider.GetMemberValue(MemberExpression memberExpression)
   at Raven.Client.Documents.Linq.LinqPathProvider.GetValueFromExpressionWithoutConversion(Expression expression, Object& value)
   at Raven.Client.Documents.Linq.RavenQueryProviderProcessor`1.VisitEquals(BinaryExpression expression)
   at Raven.Client.Documents.Linq.RavenQueryProviderProcessor`1.VisitBinaryExpression(BinaryExpression expression)
   at Raven.Client.Documents.Linq.RavenQueryProviderProcessor`1.VisitQueryableMethodCall(MethodCallExpression expression)
   at Raven.Client.Documents.Linq.RavenQueryProviderProcessor`1.VisitMethodCall(MethodCallExpression expression)
   at Raven.Client.Documents.Linq.RavenQueryProviderProcessor`1.GetAsyncDocumentQueryFor(Expression expression, Action`1 customization)
  Failed Piranha.Tests.Services.PageTestsDistributedCache.AddDuplicateSlugShouldThrow [1 ms]
  Error Message:
   System.NotSupportedException : Could not understand expression: from 'Blocks'.Where(b => (b.Id == value(Piranha.Repositories.PageRepository+<>c__DisplayClass23_3`1[Piranha.Tests.Services.PageTests+MyPage]).CS$<>8__locals2.blocks.get_Item(value(Piranha.Repositories.PageRepository+<>c__DisplayClass23_3`1[Piranha.Tests.Services.PageTests+MyPage]).n).Id))
---- System.NotSupportedException : Expression type not supported: System.Linq.Expressions.InstanceMethodCallExpression1
  Stack Trace:
     at Raven.Client.Documents.Linq.RavenQueryProviderProcessor`1.GetAsyncDocumentQueryFor(Expression expression, Action`1 customization)
   at Raven.Client.Documents.Linq.RavenQueryProvider`1.ToAsyncDocumentQuery[TResult](Expression expression)
   at Raven.Client.Documents.LinqExtensions.FirstOrDefaultAsync[TSource](IQueryable`1 source, Expression`1 predicate, CancellationToken token)
   at Piranha.Repositories.PageRepository.Save[T](T model, Boolean isDraft) in C:\Users\bbqch\proj\microbians\piranha\data\Piranha.Data.EF\Repositories\PageRepository.cs:line 830
   at Piranha.Services.PageService.SaveAsync[T](T model, Boolean isDraft) in C:\Users\bbqch\proj\microbians\piranha\core\Piranha\Services\Internal\PageService.cs:line 732
   at Piranha.Tests.Services.PageTests.InitializeAsync() in C:\Users\bbqch\proj\microbians\piranha\test\Piranha.Tests\Services\PageTests.cs:line 163
   at Piranha.Tests.Services.PageTestsDistributedCache.InitializeAsync() in C:\Users\bbqch\proj\microbians\piranha\test\Piranha.Tests\Services\PageTests.cs:line 38
----- Inner Stack Trace -----
   at Raven.Client.Documents.Linq.LinqPathProvider.GetMemberValue(MemberExpression memberExpression)
   at Raven.Client.Documents.Linq.LinqPathProvider.GetValueFromExpressionWithoutConversion(Expression expression, Object& value)
   at Raven.Client.Documents.Linq.RavenQueryProviderProcessor`1.VisitEquals(BinaryExpression expression)
   at Raven.Client.Documents.Linq.RavenQueryProviderProcessor`1.VisitBinaryExpression(BinaryExpression expression)
   at Raven.Client.Documents.Linq.RavenQueryProviderProcessor`1.VisitQueryableMethodCall(MethodCallExpression expression)
   at Raven.Client.Documents.Linq.RavenQueryProviderProcessor`1.VisitMethodCall(MethodCallExpression expression)
   at Raven.Client.Documents.Linq.RavenQueryProviderProcessor`1.GetAsyncDocumentQueryFor(Expression expression, Action`1 customization)
  Failed Piranha.Tests.Services.PageTestsDistributedCache.GetAll [1 ms]
  Error Message:
   System.NotSupportedException : Could not understand expression: from 'Blocks'.Where(b => (b.Id == value(Piranha.Repositories.PageRepository+<>c__DisplayClass23_3`1[Piranha.Tests.Services.PageTests+MyPage]).CS$<>8__locals2.blocks.get_Item(value(Piranha.Repositories.PageRepository+<>c__DisplayClass23_3`1[Piranha.Tests.Services.PageTests+MyPage]).n).Id))
---- System.NotSupportedException : Expression type not supported: System.Linq.Expressions.InstanceMethodCallExpression1
  Stack Trace:
     at Raven.Client.Documents.Linq.RavenQueryProviderProcessor`1.GetAsyncDocumentQueryFor(Expression expression, Action`1 customization)
   at Raven.Client.Documents.Linq.RavenQueryProvider`1.ToAsyncDocumentQuery[TResult](Expression expression)
   at Raven.Client.Documents.LinqExtensions.FirstOrDefaultAsync[TSource](IQueryable`1 source, Expression`1 predicate, CancellationToken token)
   at Piranha.Repositories.PageRepository.Save[T](T model, Boolean isDraft) in C:\Users\bbqch\proj\microbians\piranha\data\Piranha.Data.EF\Repositories\PageRepository.cs:line 830
   at Piranha.Services.PageService.SaveAsync[T](T model, Boolean isDraft) in C:\Users\bbqch\proj\microbians\piranha\core\Piranha\Services\Internal\PageService.cs:line 732
   at Piranha.Tests.Services.PageTests.InitializeAsync() in C:\Users\bbqch\proj\microbians\piranha\test\Piranha.Tests\Services\PageTests.cs:line 163
   at Piranha.Tests.Services.PageTestsDistributedCache.InitializeAsync() in C:\Users\bbqch\proj\microbians\piranha\test\Piranha.Tests\Services\PageTests.cs:line 38
----- Inner Stack Trace -----
   at Raven.Client.Documents.Linq.LinqPathProvider.GetMemberValue(MemberExpression memberExpression)
   at Raven.Client.Documents.Linq.LinqPathProvider.GetValueFromExpressionWithoutConversion(Expression expression, Object& value)
   at Raven.Client.Documents.Linq.RavenQueryProviderProcessor`1.VisitEquals(BinaryExpression expression)
   at Raven.Client.Documents.Linq.RavenQueryProviderProcessor`1.VisitBinaryExpression(BinaryExpression expression)
   at Raven.Client.Documents.Linq.RavenQueryProviderProcessor`1.VisitQueryableMethodCall(MethodCallExpression expression)
   at Raven.Client.Documents.Linq.RavenQueryProviderProcessor`1.VisitMethodCall(MethodCallExpression expression)
   at Raven.Client.Documents.Linq.RavenQueryProviderProcessor`1.GetAsyncDocumentQueryFor(Expression expression, Action`1 customization)
  Failed Piranha.Tests.Services.PageTestsDistributedCache.GetDIDynamic [1 ms]
  Error Message:
   System.NotSupportedException : Could not understand expression: from 'Blocks'.Where(b => (b.Id == value(Piranha.Repositories.PageRepository+<>c__DisplayClass23_3`1[Piranha.Tests.Services.PageTests+MyPage]).CS$<>8__locals2.blocks.get_Item(value(Piranha.Repositories.PageRepository+<>c__DisplayClass23_3`1[Piranha.Tests.Services.PageTests+MyPage]).n).Id))
---- System.NotSupportedException : Expression type not supported: System.Linq.Expressions.InstanceMethodCallExpression1
  Stack Trace:
     at Raven.Client.Documents.Linq.RavenQueryProviderProcessor`1.GetAsyncDocumentQueryFor(Expression expression, Action`1 customization)
   at Raven.Client.Documents.Linq.RavenQueryProvider`1.ToAsyncDocumentQuery[TResult](Expression expression)
   at Raven.Client.Documents.LinqExtensions.FirstOrDefaultAsync[TSource](IQueryable`1 source, Expression`1 predicate, CancellationToken token)
   at Piranha.Repositories.PageRepository.Save[T](T model, Boolean isDraft) in C:\Users\bbqch\proj\microbians\piranha\data\Piranha.Data.EF\Repositories\PageRepository.cs:line 830
   at Piranha.Services.PageService.SaveAsync[T](T model, Boolean isDraft) in C:\Users\bbqch\proj\microbians\piranha\core\Piranha\Services\Internal\PageService.cs:line 732
   at Piranha.Tests.Services.PageTests.InitializeAsync() in C:\Users\bbqch\proj\microbians\piranha\test\Piranha.Tests\Services\PageTests.cs:line 163
   at Piranha.Tests.Services.PageTestsDistributedCache.InitializeAsync() in C:\Users\bbqch\proj\microbians\piranha\test\Piranha.Tests\Services\PageTests.cs:line 38
----- Inner Stack Trace -----
   at Raven.Client.Documents.Linq.LinqPathProvider.GetMemberValue(MemberExpression memberExpression)
   at Raven.Client.Documents.Linq.LinqPathProvider.GetValueFromExpressionWithoutConversion(Expression expression, Object& value)
   at Raven.Client.Documents.Linq.RavenQueryProviderProcessor`1.VisitEquals(BinaryExpression expression)
   at Raven.Client.Documents.Linq.RavenQueryProviderProcessor`1.VisitBinaryExpression(BinaryExpression expression)
   at Raven.Client.Documents.Linq.RavenQueryProviderProcessor`1.VisitQueryableMethodCall(MethodCallExpression expression)
   at Raven.Client.Documents.Linq.RavenQueryProviderProcessor`1.VisitMethodCall(MethodCallExpression expression)
   at Raven.Client.Documents.Linq.RavenQueryProviderProcessor`1.GetAsyncDocumentQueryFor(Expression expression, Action`1 customization)
  Failed Piranha.Tests.Services.PageTestsDistributedCache.UpdateCollectionPage [1 ms]
  Error Message:
   System.NotSupportedException : Could not understand expression: from 'Blocks'.Where(b => (b.Id == value(Piranha.Repositories.PageRepository+<>c__DisplayClass23_3`1[Piranha.Tests.Services.PageTests+MyPage]).CS$<>8__locals2.blocks.get_Item(value(Piranha.Repositories.PageRepository+<>c__DisplayClass23_3`1[Piranha.Tests.Services.PageTests+MyPage]).n).Id))
---- System.NotSupportedException : Expression type not supported: System.Linq.Expressions.InstanceMethodCallExpression1
  Stack Trace:
     at Raven.Client.Documents.Linq.RavenQueryProviderProcessor`1.GetAsyncDocumentQueryFor(Expression expression, Action`1 customization)
   at Raven.Client.Documents.Linq.RavenQueryProvider`1.ToAsyncDocumentQuery[TResult](Expression expression)
   at Raven.Client.Documents.LinqExtensions.FirstOrDefaultAsync[TSource](IQueryable`1 source, Expression`1 predicate, CancellationToken token)
   at Piranha.Repositories.PageRepository.Save[T](T model, Boolean isDraft) in C:\Users\bbqch\proj\microbians\piranha\data\Piranha.Data.EF\Repositories\PageRepository.cs:line 830
   at Piranha.Services.PageService.SaveAsync[T](T model, Boolean isDraft) in C:\Users\bbqch\proj\microbians\piranha\core\Piranha\Services\Internal\PageService.cs:line 732
   at Piranha.Tests.Services.PageTests.InitializeAsync() in C:\Users\bbqch\proj\microbians\piranha\test\Piranha.Tests\Services\PageTests.cs:line 163
   at Piranha.Tests.Services.PageTestsDistributedCache.InitializeAsync() in C:\Users\bbqch\proj\microbians\piranha\test\Piranha.Tests\Services\PageTests.cs:line 38
----- Inner Stack Trace -----
   at Raven.Client.Documents.Linq.LinqPathProvider.GetMemberValue(MemberExpression memberExpression)
   at Raven.Client.Documents.Linq.LinqPathProvider.GetValueFromExpressionWithoutConversion(Expression expression, Object& value)
   at Raven.Client.Documents.Linq.RavenQueryProviderProcessor`1.VisitEquals(BinaryExpression expression)
   at Raven.Client.Documents.Linq.RavenQueryProviderProcessor`1.VisitBinaryExpression(BinaryExpression expression)
   at Raven.Client.Documents.Linq.RavenQueryProviderProcessor`1.VisitQueryableMethodCall(MethodCallExpression expression)
   at Raven.Client.Documents.Linq.RavenQueryProviderProcessor`1.VisitMethodCall(MethodCallExpression expression)
   at Raven.Client.Documents.Linq.RavenQueryProviderProcessor`1.GetAsyncDocumentQueryFor(Expression expression, Action`1 customization)
  Failed Piranha.Tests.Services.PageTestsDistributedCache.GetMultipleBaseClassById [1 ms]
  Error Message:
   System.NotSupportedException : Could not understand expression: from 'Blocks'.Where(b => (b.Id == value(Piranha.Repositories.PageRepository+<>c__DisplayClass23_3`1[Piranha.Tests.Services.PageTests+MyPage]).CS$<>8__locals2.blocks.get_Item(value(Piranha.Repositories.PageRepository+<>c__DisplayClass23_3`1[Piranha.Tests.Services.PageTests+MyPage]).n).Id))
---- System.NotSupportedException : Expression type not supported: System.Linq.Expressions.InstanceMethodCallExpression1
  Stack Trace:
     at Raven.Client.Documents.Linq.RavenQueryProviderProcessor`1.GetAsyncDocumentQueryFor(Expression expression, Action`1 customization)
   at Raven.Client.Documents.Linq.RavenQueryProvider`1.ToAsyncDocumentQuery[TResult](Expression expression)
   at Raven.Client.Documents.LinqExtensions.FirstOrDefaultAsync[TSource](IQueryable`1 source, Expression`1 predicate, CancellationToken token)
   at Piranha.Repositories.PageRepository.Save[T](T model, Boolean isDraft) in C:\Users\bbqch\proj\microbians\piranha\data\Piranha.Data.EF\Repositories\PageRepository.cs:line 830
   at Piranha.Services.PageService.SaveAsync[T](T model, Boolean isDraft) in C:\Users\bbqch\proj\microbians\piranha\core\Piranha\Services\Internal\PageService.cs:line 732
   at Piranha.Tests.Services.PageTests.InitializeAsync() in C:\Users\bbqch\proj\microbians\piranha\test\Piranha.Tests\Services\PageTests.cs:line 163
   at Piranha.Tests.Services.PageTestsDistributedCache.InitializeAsync() in C:\Users\bbqch\proj\microbians\piranha\test\Piranha.Tests\Services\PageTests.cs:line 38
----- Inner Stack Trace -----
   at Raven.Client.Documents.Linq.LinqPathProvider.GetMemberValue(MemberExpression memberExpression)
   at Raven.Client.Documents.Linq.LinqPathProvider.GetValueFromExpressionWithoutConversion(Expression expression, Object& value)
   at Raven.Client.Documents.Linq.RavenQueryProviderProcessor`1.VisitEquals(BinaryExpression expression)
   at Raven.Client.Documents.Linq.RavenQueryProviderProcessor`1.VisitBinaryExpression(BinaryExpression expression)
   at Raven.Client.Documents.Linq.RavenQueryProviderProcessor`1.VisitQueryableMethodCall(MethodCallExpression expression)
   at Raven.Client.Documents.Linq.RavenQueryProviderProcessor`1.VisitMethodCall(MethodCallExpression expression)
   at Raven.Client.Documents.Linq.RavenQueryProviderProcessor`1.GetAsyncDocumentQueryFor(Expression expression, Action`1 customization)
  Failed Piranha.Tests.Services.PageTestsDistributedCache.GetCopyGenericById [1 ms]
  Error Message:
   System.NotSupportedException : Could not understand expression: from 'Blocks'.Where(b => (b.Id == value(Piranha.Repositories.PageRepository+<>c__DisplayClass23_3`1[Piranha.Tests.Services.PageTests+MyPage]).CS$<>8__locals2.blocks.get_Item(value(Piranha.Repositories.PageRepository+<>c__DisplayClass23_3`1[Piranha.Tests.Services.PageTests+MyPage]).n).Id))
---- System.NotSupportedException : Expression type not supported: System.Linq.Expressions.InstanceMethodCallExpression1
  Stack Trace:
     at Raven.Client.Documents.Linq.RavenQueryProviderProcessor`1.GetAsyncDocumentQueryFor(Expression expression, Action`1 customization)
   at Raven.Client.Documents.Linq.RavenQueryProvider`1.ToAsyncDocumentQuery[TResult](Expression expression)
   at Raven.Client.Documents.LinqExtensions.FirstOrDefaultAsync[TSource](IQueryable`1 source, Expression`1 predicate, CancellationToken token)
   at Piranha.Repositories.PageRepository.Save[T](T model, Boolean isDraft) in C:\Users\bbqch\proj\microbians\piranha\data\Piranha.Data.EF\Repositories\PageRepository.cs:line 830
   at Piranha.Services.PageService.SaveAsync[T](T model, Boolean isDraft) in C:\Users\bbqch\proj\microbians\piranha\core\Piranha\Services\Internal\PageService.cs:line 732
   at Piranha.Tests.Services.PageTests.InitializeAsync() in C:\Users\bbqch\proj\microbians\piranha\test\Piranha.Tests\Services\PageTests.cs:line 163
   at Piranha.Tests.Services.PageTestsDistributedCache.InitializeAsync() in C:\Users\bbqch\proj\microbians\piranha\test\Piranha.Tests\Services\PageTests.cs:line 38
----- Inner Stack Trace -----
   at Raven.Client.Documents.Linq.LinqPathProvider.GetMemberValue(MemberExpression memberExpression)
   at Raven.Client.Documents.Linq.LinqPathProvider.GetValueFromExpressionWithoutConversion(Expression expression, Object& value)
   at Raven.Client.Documents.Linq.RavenQueryProviderProcessor`1.VisitEquals(BinaryExpression expression)
   at Raven.Client.Documents.Linq.RavenQueryProviderProcessor`1.VisitBinaryExpression(BinaryExpression expression)
   at Raven.Client.Documents.Linq.RavenQueryProviderProcessor`1.VisitQueryableMethodCall(MethodCallExpression expression)
   at Raven.Client.Documents.Linq.RavenQueryProviderProcessor`1.VisitMethodCall(MethodCallExpression expression)
   at Raven.Client.Documents.Linq.RavenQueryProviderProcessor`1.GetAsyncDocumentQueryFor(Expression expression, Action`1 customization)
  Failed Piranha.Tests.Services.PageTestsDistributedCache.DeleteShouldThrowWhenPageHasCopies [1 ms]
  Error Message:
   System.NotSupportedException : Could not understand expression: from 'Blocks'.Where(b => (b.Id == value(Piranha.Repositories.PageRepository+<>c__DisplayClass23_3`1[Piranha.Tests.Services.PageTests+MyPage]).CS$<>8__locals2.blocks.get_Item(value(Piranha.Repositories.PageRepository+<>c__DisplayClass23_3`1[Piranha.Tests.Services.PageTests+MyPage]).n).Id))
---- System.NotSupportedException : Expression type not supported: System.Linq.Expressions.InstanceMethodCallExpression1
  Stack Trace:
     at Raven.Client.Documents.Linq.RavenQueryProviderProcessor`1.GetAsyncDocumentQueryFor(Expression expression, Action`1 customization)
   at Raven.Client.Documents.Linq.RavenQueryProvider`1.ToAsyncDocumentQuery[TResult](Expression expression)
   at Raven.Client.Documents.LinqExtensions.FirstOrDefaultAsync[TSource](IQueryable`1 source, Expression`1 predicate, CancellationToken token)
   at Piranha.Repositories.PageRepository.Save[T](T model, Boolean isDraft) in C:\Users\bbqch\proj\microbians\piranha\data\Piranha.Data.EF\Repositories\PageRepository.cs:line 830
   at Piranha.Services.PageService.SaveAsync[T](T model, Boolean isDraft) in C:\Users\bbqch\proj\microbians\piranha\core\Piranha\Services\Internal\PageService.cs:line 732
   at Piranha.Tests.Services.PageTests.InitializeAsync() in C:\Users\bbqch\proj\microbians\piranha\test\Piranha.Tests\Services\PageTests.cs:line 163
   at Piranha.Tests.Services.PageTestsDistributedCache.InitializeAsync() in C:\Users\bbqch\proj\microbians\piranha\test\Piranha.Tests\Services\PageTests.cs:line 38
----- Inner Stack Trace -----
   at Raven.Client.Documents.Linq.LinqPathProvider.GetMemberValue(MemberExpression memberExpression)
   at Raven.Client.Documents.Linq.LinqPathProvider.GetValueFromExpressionWithoutConversion(Expression expression, Object& value)
   at Raven.Client.Documents.Linq.RavenQueryProviderProcessor`1.VisitEquals(BinaryExpression expression)
   at Raven.Client.Documents.Linq.RavenQueryProviderProcessor`1.VisitBinaryExpression(BinaryExpression expression)
   at Raven.Client.Documents.Linq.RavenQueryProviderProcessor`1.VisitQueryableMethodCall(MethodCallExpression expression)
   at Raven.Client.Documents.Linq.RavenQueryProviderProcessor`1.VisitMethodCall(MethodCallExpression expression)
   at Raven.Client.Documents.Linq.RavenQueryProviderProcessor`1.GetAsyncDocumentQueryFor(Expression expression, Action`1 customization)
  Failed Piranha.Tests.Services.PageTestsDistributedCache.CanNotUpdateCopyOriginalPageWithAnotherCopy [1 ms]
  Error Message:
   System.NotSupportedException : Could not understand expression: from 'Blocks'.Where(b => (b.Id == value(Piranha.Repositories.PageRepository+<>c__DisplayClass23_3`1[Piranha.Tests.Services.PageTests+MyPage]).CS$<>8__locals2.blocks.get_Item(value(Piranha.Repositories.PageRepository+<>c__DisplayClass23_3`1[Piranha.Tests.Services.PageTests+MyPage]).n).Id))
---- System.NotSupportedException : Expression type not supported: System.Linq.Expressions.InstanceMethodCallExpression1
  Stack Trace:
     at Raven.Client.Documents.Linq.RavenQueryProviderProcessor`1.GetAsyncDocumentQueryFor(Expression expression, Action`1 customization)
   at Raven.Client.Documents.Linq.RavenQueryProvider`1.ToAsyncDocumentQuery[TResult](Expression expression)
   at Raven.Client.Documents.LinqExtensions.FirstOrDefaultAsync[TSource](IQueryable`1 source, Expression`1 predicate, CancellationToken token)
   at Piranha.Repositories.PageRepository.Save[T](T model, Boolean isDraft) in C:\Users\bbqch\proj\microbians\piranha\data\Piranha.Data.EF\Repositories\PageRepository.cs:line 830
   at Piranha.Services.PageService.SaveAsync[T](T model, Boolean isDraft) in C:\Users\bbqch\proj\microbians\piranha\core\Piranha\Services\Internal\PageService.cs:line 732
   at Piranha.Tests.Services.PageTests.InitializeAsync() in C:\Users\bbqch\proj\microbians\piranha\test\Piranha.Tests\Services\PageTests.cs:line 163
   at Piranha.Tests.Services.PageTestsDistributedCache.InitializeAsync() in C:\Users\bbqch\proj\microbians\piranha\test\Piranha.Tests\Services\PageTests.cs:line 38
----- Inner Stack Trace -----
   at Raven.Client.Documents.Linq.LinqPathProvider.GetMemberValue(MemberExpression memberExpression)
   at Raven.Client.Documents.Linq.LinqPathProvider.GetValueFromExpressionWithoutConversion(Expression expression, Object& value)
   at Raven.Client.Documents.Linq.RavenQueryProviderProcessor`1.VisitEquals(BinaryExpression expression)
   at Raven.Client.Documents.Linq.RavenQueryProviderProcessor`1.VisitBinaryExpression(BinaryExpression expression)
   at Raven.Client.Documents.Linq.RavenQueryProviderProcessor`1.VisitQueryableMethodCall(MethodCallExpression expression)
   at Raven.Client.Documents.Linq.RavenQueryProviderProcessor`1.VisitMethodCall(MethodCallExpression expression)
   at Raven.Client.Documents.Linq.RavenQueryProviderProcessor`1.GetAsyncDocumentQueryFor(Expression expression, Action`1 customization)
  Failed Piranha.Tests.Services.PageTestsDistributedCache.IsCached [1 ms]
  Error Message:
   System.NotSupportedException : Could not understand expression: from 'Blocks'.Where(b => (b.Id == value(Piranha.Repositories.PageRepository+<>c__DisplayClass23_3`1[Piranha.Tests.Services.PageTests+MyPage]).CS$<>8__locals2.blocks.get_Item(value(Piranha.Repositories.PageRepository+<>c__DisplayClass23_3`1[Piranha.Tests.Services.PageTests+MyPage]).n).Id))
---- System.NotSupportedException : Expression type not supported: System.Linq.Expressions.InstanceMethodCallExpression1
  Stack Trace:
     at Raven.Client.Documents.Linq.RavenQueryProviderProcessor`1.GetAsyncDocumentQueryFor(Expression expression, Action`1 customization)
   at Raven.Client.Documents.Linq.RavenQueryProvider`1.ToAsyncDocumentQuery[TResult](Expression expression)
   at Raven.Client.Documents.LinqExtensions.FirstOrDefaultAsync[TSource](IQueryable`1 source, Expression`1 predicate, CancellationToken token)
   at Piranha.Repositories.PageRepository.Save[T](T model, Boolean isDraft) in C:\Users\bbqch\proj\microbians\piranha\data\Piranha.Data.EF\Repositories\PageRepository.cs:line 830
   at Piranha.Services.PageService.SaveAsync[T](T model, Boolean isDraft) in C:\Users\bbqch\proj\microbians\piranha\core\Piranha\Services\Internal\PageService.cs:line 732
   at Piranha.Tests.Services.PageTests.InitializeAsync() in C:\Users\bbqch\proj\microbians\piranha\test\Piranha.Tests\Services\PageTests.cs:line 163
   at Piranha.Tests.Services.PageTestsDistributedCache.InitializeAsync() in C:\Users\bbqch\proj\microbians\piranha\test\Piranha.Tests\Services\PageTests.cs:line 38
----- Inner Stack Trace -----
   at Raven.Client.Documents.Linq.LinqPathProvider.GetMemberValue(MemberExpression memberExpression)
   at Raven.Client.Documents.Linq.LinqPathProvider.GetValueFromExpressionWithoutConversion(Expression expression, Object& value)
   at Raven.Client.Documents.Linq.RavenQueryProviderProcessor`1.VisitEquals(BinaryExpression expression)
   at Raven.Client.Documents.Linq.RavenQueryProviderProcessor`1.VisitBinaryExpression(BinaryExpression expression)
   at Raven.Client.Documents.Linq.RavenQueryProviderProcessor`1.VisitQueryableMethodCall(MethodCallExpression expression)
   at Raven.Client.Documents.Linq.RavenQueryProviderProcessor`1.VisitMethodCall(MethodCallExpression expression)
   at Raven.Client.Documents.Linq.RavenQueryProviderProcessor`1.GetAsyncDocumentQueryFor(Expression expression, Action`1 customization)
  Failed Piranha.Tests.Services.PageTestsDistributedCache.GetDynamicById [1 ms]
  Error Message:
   System.NotSupportedException : Could not understand expression: from 'Blocks'.Where(b => (b.Id == value(Piranha.Repositories.PageRepository+<>c__DisplayClass23_3`1[Piranha.Tests.Services.PageTests+MyPage]).CS$<>8__locals2.blocks.get_Item(value(Piranha.Repositories.PageRepository+<>c__DisplayClass23_3`1[Piranha.Tests.Services.PageTests+MyPage]).n).Id))
---- System.NotSupportedException : Expression type not supported: System.Linq.Expressions.InstanceMethodCallExpression1
  Stack Trace:
     at Raven.Client.Documents.Linq.RavenQueryProviderProcessor`1.GetAsyncDocumentQueryFor(Expression expression, Action`1 customization)
   at Raven.Client.Documents.Linq.RavenQueryProvider`1.ToAsyncDocumentQuery[TResult](Expression expression)
   at Raven.Client.Documents.LinqExtensions.FirstOrDefaultAsync[TSource](IQueryable`1 source, Expression`1 predicate, CancellationToken token)
   at Piranha.Repositories.PageRepository.Save[T](T model, Boolean isDraft) in C:\Users\bbqch\proj\microbians\piranha\data\Piranha.Data.EF\Repositories\PageRepository.cs:line 830
   at Piranha.Services.PageService.SaveAsync[T](T model, Boolean isDraft) in C:\Users\bbqch\proj\microbians\piranha\core\Piranha\Services\Internal\PageService.cs:line 732
   at Piranha.Tests.Services.PageTests.InitializeAsync() in C:\Users\bbqch\proj\microbians\piranha\test\Piranha.Tests\Services\PageTests.cs:line 163
   at Piranha.Tests.Services.PageTestsDistributedCache.InitializeAsync() in C:\Users\bbqch\proj\microbians\piranha\test\Piranha.Tests\Services\PageTests.cs:line 38
----- Inner Stack Trace -----
   at Raven.Client.Documents.Linq.LinqPathProvider.GetMemberValue(MemberExpression memberExpression)
   at Raven.Client.Documents.Linq.LinqPathProvider.GetValueFromExpressionWithoutConversion(Expression expression, Object& value)
   at Raven.Client.Documents.Linq.RavenQueryProviderProcessor`1.VisitEquals(BinaryExpression expression)
   at Raven.Client.Documents.Linq.RavenQueryProviderProcessor`1.VisitBinaryExpression(BinaryExpression expression)
   at Raven.Client.Documents.Linq.RavenQueryProviderProcessor`1.VisitQueryableMethodCall(MethodCallExpression expression)
   at Raven.Client.Documents.Linq.RavenQueryProviderProcessor`1.VisitMethodCall(MethodCallExpression expression)
   at Raven.Client.Documents.Linq.RavenQueryProviderProcessor`1.GetAsyncDocumentQueryFor(Expression expression, Action`1 customization)
  Failed Piranha.Tests.Services.PageTestsDistributedCache.GetBaseClassBySlug [1 ms]
  Error Message:
   System.NotSupportedException : Could not understand expression: from 'Blocks'.Where(b => (b.Id == value(Piranha.Repositories.PageRepository+<>c__DisplayClass23_3`1[Piranha.Tests.Services.PageTests+MyPage]).CS$<>8__locals2.blocks.get_Item(value(Piranha.Repositories.PageRepository+<>c__DisplayClass23_3`1[Piranha.Tests.Services.PageTests+MyPage]).n).Id))
---- System.NotSupportedException : Expression type not supported: System.Linq.Expressions.InstanceMethodCallExpression1
  Stack Trace:
     at Raven.Client.Documents.Linq.RavenQueryProviderProcessor`1.GetAsyncDocumentQueryFor(Expression expression, Action`1 customization)
   at Raven.Client.Documents.Linq.RavenQueryProvider`1.ToAsyncDocumentQuery[TResult](Expression expression)
   at Raven.Client.Documents.LinqExtensions.FirstOrDefaultAsync[TSource](IQueryable`1 source, Expression`1 predicate, CancellationToken token)
   at Piranha.Repositories.PageRepository.Save[T](T model, Boolean isDraft) in C:\Users\bbqch\proj\microbians\piranha\data\Piranha.Data.EF\Repositories\PageRepository.cs:line 830
   at Piranha.Services.PageService.SaveAsync[T](T model, Boolean isDraft) in C:\Users\bbqch\proj\microbians\piranha\core\Piranha\Services\Internal\PageService.cs:line 732
   at Piranha.Tests.Services.PageTests.InitializeAsync() in C:\Users\bbqch\proj\microbians\piranha\test\Piranha.Tests\Services\PageTests.cs:line 163
   at Piranha.Tests.Services.PageTestsDistributedCache.InitializeAsync() in C:\Users\bbqch\proj\microbians\piranha\test\Piranha.Tests\Services\PageTests.cs:line 38
----- Inner Stack Trace -----
   at Raven.Client.Documents.Linq.LinqPathProvider.GetMemberValue(MemberExpression memberExpression)
   at Raven.Client.Documents.Linq.LinqPathProvider.GetValueFromExpressionWithoutConversion(Expression expression, Object& value)
   at Raven.Client.Documents.Linq.RavenQueryProviderProcessor`1.VisitEquals(BinaryExpression expression)
   at Raven.Client.Documents.Linq.RavenQueryProviderProcessor`1.VisitBinaryExpression(BinaryExpression expression)
   at Raven.Client.Documents.Linq.RavenQueryProviderProcessor`1.VisitQueryableMethodCall(MethodCallExpression expression)
   at Raven.Client.Documents.Linq.RavenQueryProviderProcessor`1.VisitMethodCall(MethodCallExpression expression)
   at Raven.Client.Documents.Linq.RavenQueryProviderProcessor`1.GetAsyncDocumentQueryFor(Expression expression, Action`1 customization)
  Failed Piranha.Tests.Services.PageTestsDistributedCache.GetIdBySlug [1 ms]
  Error Message:
   System.NotSupportedException : Could not understand expression: from 'Blocks'.Where(b => (b.Id == value(Piranha.Repositories.PageRepository+<>c__DisplayClass23_3`1[Piranha.Tests.Services.PageTests+MyPage]).CS$<>8__locals2.blocks.get_Item(value(Piranha.Repositories.PageRepository+<>c__DisplayClass23_3`1[Piranha.Tests.Services.PageTests+MyPage]).n).Id))
---- System.NotSupportedException : Expression type not supported: System.Linq.Expressions.InstanceMethodCallExpression1
  Stack Trace:
     at Raven.Client.Documents.Linq.RavenQueryProviderProcessor`1.GetAsyncDocumentQueryFor(Expression expression, Action`1 customization)
   at Raven.Client.Documents.Linq.RavenQueryProvider`1.ToAsyncDocumentQuery[TResult](Expression expression)
   at Raven.Client.Documents.LinqExtensions.FirstOrDefaultAsync[TSource](IQueryable`1 source, Expression`1 predicate, CancellationToken token)
   at Piranha.Repositories.PageRepository.Save[T](T model, Boolean isDraft) in C:\Users\bbqch\proj\microbians\piranha\data\Piranha.Data.EF\Repositories\PageRepository.cs:line 830
   at Piranha.Services.PageService.SaveAsync[T](T model, Boolean isDraft) in C:\Users\bbqch\proj\microbians\piranha\core\Piranha\Services\Internal\PageService.cs:line 732
   at Piranha.Tests.Services.PageTests.InitializeAsync() in C:\Users\bbqch\proj\microbians\piranha\test\Piranha.Tests\Services\PageTests.cs:line 163
   at Piranha.Tests.Services.PageTestsDistributedCache.InitializeAsync() in C:\Users\bbqch\proj\microbians\piranha\test\Piranha.Tests\Services\PageTests.cs:line 38
----- Inner Stack Trace -----
   at Raven.Client.Documents.Linq.LinqPathProvider.GetMemberValue(MemberExpression memberExpression)
   at Raven.Client.Documents.Linq.LinqPathProvider.GetValueFromExpressionWithoutConversion(Expression expression, Object& value)
   at Raven.Client.Documents.Linq.RavenQueryProviderProcessor`1.VisitEquals(BinaryExpression expression)
   at Raven.Client.Documents.Linq.RavenQueryProviderProcessor`1.VisitBinaryExpression(BinaryExpression expression)
   at Raven.Client.Documents.Linq.RavenQueryProviderProcessor`1.VisitQueryableMethodCall(MethodCallExpression expression)
   at Raven.Client.Documents.Linq.RavenQueryProviderProcessor`1.VisitMethodCall(MethodCallExpression expression)
   at Raven.Client.Documents.Linq.RavenQueryProviderProcessor`1.GetAsyncDocumentQueryFor(Expression expression, Action`1 customization)
  Failed Piranha.Tests.Services.PageTestsDistributedCache.GetDynamicCollectionPage [1 ms]
  Error Message:
   System.NotSupportedException : Could not understand expression: from 'Blocks'.Where(b => (b.Id == value(Piranha.Repositories.PageRepository+<>c__DisplayClass23_3`1[Piranha.Tests.Services.PageTests+MyPage]).CS$<>8__locals2.blocks.get_Item(value(Piranha.Repositories.PageRepository+<>c__DisplayClass23_3`1[Piranha.Tests.Services.PageTests+MyPage]).n).Id))
---- System.NotSupportedException : Expression type not supported: System.Linq.Expressions.InstanceMethodCallExpression1
  Stack Trace:
     at Raven.Client.Documents.Linq.RavenQueryProviderProcessor`1.GetAsyncDocumentQueryFor(Expression expression, Action`1 customization)
   at Raven.Client.Documents.Linq.RavenQueryProvider`1.ToAsyncDocumentQuery[TResult](Expression expression)
   at Raven.Client.Documents.LinqExtensions.FirstOrDefaultAsync[TSource](IQueryable`1 source, Expression`1 predicate, CancellationToken token)
   at Piranha.Repositories.PageRepository.Save[T](T model, Boolean isDraft) in C:\Users\bbqch\proj\microbians\piranha\data\Piranha.Data.EF\Repositories\PageRepository.cs:line 830
   at Piranha.Services.PageService.SaveAsync[T](T model, Boolean isDraft) in C:\Users\bbqch\proj\microbians\piranha\core\Piranha\Services\Internal\PageService.cs:line 732
   at Piranha.Tests.Services.PageTests.InitializeAsync() in C:\Users\bbqch\proj\microbians\piranha\test\Piranha.Tests\Services\PageTests.cs:line 163
   at Piranha.Tests.Services.PageTestsDistributedCache.InitializeAsync() in C:\Users\bbqch\proj\microbians\piranha\test\Piranha.Tests\Services\PageTests.cs:line 38
----- Inner Stack Trace -----
   at Raven.Client.Documents.Linq.LinqPathProvider.GetMemberValue(MemberExpression memberExpression)
   at Raven.Client.Documents.Linq.LinqPathProvider.GetValueFromExpressionWithoutConversion(Expression expression, Object& value)
   at Raven.Client.Documents.Linq.RavenQueryProviderProcessor`1.VisitEquals(BinaryExpression expression)
   at Raven.Client.Documents.Linq.RavenQueryProviderProcessor`1.VisitBinaryExpression(BinaryExpression expression)
   at Raven.Client.Documents.Linq.RavenQueryProviderProcessor`1.VisitQueryableMethodCall(MethodCallExpression expression)
   at Raven.Client.Documents.Linq.RavenQueryProviderProcessor`1.VisitMethodCall(MethodCallExpression expression)
   at Raven.Client.Documents.Linq.RavenQueryProviderProcessor`1.GetAsyncDocumentQueryFor(Expression expression, Action`1 customization)
  Failed Piranha.Tests.Services.PageTestsDistributedCache.CreateDIGeneric [1 ms]
  Error Message:
   System.NotSupportedException : Could not understand expression: from 'Blocks'.Where(b => (b.Id == value(Piranha.Repositories.PageRepository+<>c__DisplayClass23_3`1[Piranha.Tests.Services.PageTests+MyPage]).CS$<>8__locals2.blocks.get_Item(value(Piranha.Repositories.PageRepository+<>c__DisplayClass23_3`1[Piranha.Tests.Services.PageTests+MyPage]).n).Id))
---- System.NotSupportedException : Expression type not supported: System.Linq.Expressions.InstanceMethodCallExpression1
  Stack Trace:
     at Raven.Client.Documents.Linq.RavenQueryProviderProcessor`1.GetAsyncDocumentQueryFor(Expression expression, Action`1 customization)
   at Raven.Client.Documents.Linq.RavenQueryProvider`1.ToAsyncDocumentQuery[TResult](Expression expression)
   at Raven.Client.Documents.LinqExtensions.FirstOrDefaultAsync[TSource](IQueryable`1 source, Expression`1 predicate, CancellationToken token)
   at Piranha.Repositories.PageRepository.Save[T](T model, Boolean isDraft) in C:\Users\bbqch\proj\microbians\piranha\data\Piranha.Data.EF\Repositories\PageRepository.cs:line 830
   at Piranha.Services.PageService.SaveAsync[T](T model, Boolean isDraft) in C:\Users\bbqch\proj\microbians\piranha\core\Piranha\Services\Internal\PageService.cs:line 732
   at Piranha.Tests.Services.PageTests.InitializeAsync() in C:\Users\bbqch\proj\microbians\piranha\test\Piranha.Tests\Services\PageTests.cs:line 163
   at Piranha.Tests.Services.PageTestsDistributedCache.InitializeAsync() in C:\Users\bbqch\proj\microbians\piranha\test\Piranha.Tests\Services\PageTests.cs:line 38
----- Inner Stack Trace -----
   at Raven.Client.Documents.Linq.LinqPathProvider.GetMemberValue(MemberExpression memberExpression)
   at Raven.Client.Documents.Linq.LinqPathProvider.GetValueFromExpressionWithoutConversion(Expression expression, Object& value)
   at Raven.Client.Documents.Linq.RavenQueryProviderProcessor`1.VisitEquals(BinaryExpression expression)
   at Raven.Client.Documents.Linq.RavenQueryProviderProcessor`1.VisitBinaryExpression(BinaryExpression expression)
   at Raven.Client.Documents.Linq.RavenQueryProviderProcessor`1.VisitQueryableMethodCall(MethodCallExpression expression)
   at Raven.Client.Documents.Linq.RavenQueryProviderProcessor`1.VisitMethodCall(MethodCallExpression expression)
   at Raven.Client.Documents.Linq.RavenQueryProviderProcessor`1.GetAsyncDocumentQueryFor(Expression expression, Action`1 customization)
  Failed Piranha.Tests.Services.PageTestsDistributedCache.GetAllByBaseClass [1 ms]
  Error Message:
   System.NotSupportedException : Could not understand expression: from 'Blocks'.Where(b => (b.Id == value(Piranha.Repositories.PageRepository+<>c__DisplayClass23_3`1[Piranha.Tests.Services.PageTests+MyPage]).CS$<>8__locals2.blocks.get_Item(value(Piranha.Repositories.PageRepository+<>c__DisplayClass23_3`1[Piranha.Tests.Services.PageTests+MyPage]).n).Id))
---- System.NotSupportedException : Expression type not supported: System.Linq.Expressions.InstanceMethodCallExpression1
  Stack Trace:
     at Raven.Client.Documents.Linq.RavenQueryProviderProcessor`1.GetAsyncDocumentQueryFor(Expression expression, Action`1 customization)
   at Raven.Client.Documents.Linq.RavenQueryProvider`1.ToAsyncDocumentQuery[TResult](Expression expression)
   at Raven.Client.Documents.LinqExtensions.FirstOrDefaultAsync[TSource](IQueryable`1 source, Expression`1 predicate, CancellationToken token)
   at Piranha.Repositories.PageRepository.Save[T](T model, Boolean isDraft) in C:\Users\bbqch\proj\microbians\piranha\data\Piranha.Data.EF\Repositories\PageRepository.cs:line 830
   at Piranha.Services.PageService.SaveAsync[T](T model, Boolean isDraft) in C:\Users\bbqch\proj\microbians\piranha\core\Piranha\Services\Internal\PageService.cs:line 732
   at Piranha.Tests.Services.PageTests.InitializeAsync() in C:\Users\bbqch\proj\microbians\piranha\test\Piranha.Tests\Services\PageTests.cs:line 163
   at Piranha.Tests.Services.PageTestsDistributedCache.InitializeAsync() in C:\Users\bbqch\proj\microbians\piranha\test\Piranha.Tests\Services\PageTests.cs:line 38
----- Inner Stack Trace -----
   at Raven.Client.Documents.Linq.LinqPathProvider.GetMemberValue(MemberExpression memberExpression)
   at Raven.Client.Documents.Linq.LinqPathProvider.GetValueFromExpressionWithoutConversion(Expression expression, Object& value)
   at Raven.Client.Documents.Linq.RavenQueryProviderProcessor`1.VisitEquals(BinaryExpression expression)
   at Raven.Client.Documents.Linq.RavenQueryProviderProcessor`1.VisitBinaryExpression(BinaryExpression expression)
   at Raven.Client.Documents.Linq.RavenQueryProviderProcessor`1.VisitQueryableMethodCall(MethodCallExpression expression)
   at Raven.Client.Documents.Linq.RavenQueryProviderProcessor`1.VisitMethodCall(MethodCallExpression expression)
   at Raven.Client.Documents.Linq.RavenQueryProviderProcessor`1.GetAsyncDocumentQueryFor(Expression expression, Action`1 customization)
  Failed Piranha.Tests.Services.PageTestsDistributedCache.GetAllByMissing [1 ms]
  Error Message:
   System.NotSupportedException : Could not understand expression: from 'Blocks'.Where(b => (b.Id == value(Piranha.Repositories.PageRepository+<>c__DisplayClass23_3`1[Piranha.Tests.Services.PageTests+MyPage]).CS$<>8__locals2.blocks.get_Item(value(Piranha.Repositories.PageRepository+<>c__DisplayClass23_3`1[Piranha.Tests.Services.PageTests+MyPage]).n).Id))
---- System.NotSupportedException : Expression type not supported: System.Linq.Expressions.InstanceMethodCallExpression1
  Stack Trace:
     at Raven.Client.Documents.Linq.RavenQueryProviderProcessor`1.GetAsyncDocumentQueryFor(Expression expression, Action`1 customization)
   at Raven.Client.Documents.Linq.RavenQueryProvider`1.ToAsyncDocumentQuery[TResult](Expression expression)
   at Raven.Client.Documents.LinqExtensions.FirstOrDefaultAsync[TSource](IQueryable`1 source, Expression`1 predicate, CancellationToken token)
   at Piranha.Repositories.PageRepository.Save[T](T model, Boolean isDraft) in C:\Users\bbqch\proj\microbians\piranha\data\Piranha.Data.EF\Repositories\PageRepository.cs:line 830
   at Piranha.Services.PageService.SaveAsync[T](T model, Boolean isDraft) in C:\Users\bbqch\proj\microbians\piranha\core\Piranha\Services\Internal\PageService.cs:line 732
   at Piranha.Tests.Services.PageTests.InitializeAsync() in C:\Users\bbqch\proj\microbians\piranha\test\Piranha.Tests\Services\PageTests.cs:line 163
   at Piranha.Tests.Services.PageTestsDistributedCache.InitializeAsync() in C:\Users\bbqch\proj\microbians\piranha\test\Piranha.Tests\Services\PageTests.cs:line 38
----- Inner Stack Trace -----
   at Raven.Client.Documents.Linq.LinqPathProvider.GetMemberValue(MemberExpression memberExpression)
   at Raven.Client.Documents.Linq.LinqPathProvider.GetValueFromExpressionWithoutConversion(Expression expression, Object& value)
   at Raven.Client.Documents.Linq.RavenQueryProviderProcessor`1.VisitEquals(BinaryExpression expression)
   at Raven.Client.Documents.Linq.RavenQueryProviderProcessor`1.VisitBinaryExpression(BinaryExpression expression)
   at Raven.Client.Documents.Linq.RavenQueryProviderProcessor`1.VisitQueryableMethodCall(MethodCallExpression expression)
   at Raven.Client.Documents.Linq.RavenQueryProviderProcessor`1.VisitMethodCall(MethodCallExpression expression)
   at Raven.Client.Documents.Linq.RavenQueryProviderProcessor`1.GetAsyncDocumentQueryFor(Expression expression, Action`1 customization)
  Failed Piranha.Tests.Services.PageTestsDistributedCache.GetStartpage [1 ms]
  Error Message:
   System.NotSupportedException : Could not understand expression: from 'Blocks'.Where(b => (b.Id == value(Piranha.Repositories.PageRepository+<>c__DisplayClass23_3`1[Piranha.Tests.Services.PageTests+MyPage]).CS$<>8__locals2.blocks.get_Item(value(Piranha.Repositories.PageRepository+<>c__DisplayClass23_3`1[Piranha.Tests.Services.PageTests+MyPage]).n).Id))
---- System.NotSupportedException : Expression type not supported: System.Linq.Expressions.InstanceMethodCallExpression1
  Stack Trace:
     at Raven.Client.Documents.Linq.RavenQueryProviderProcessor`1.GetAsyncDocumentQueryFor(Expression expression, Action`1 customization)
   at Raven.Client.Documents.Linq.RavenQueryProvider`1.ToAsyncDocumentQuery[TResult](Expression expression)
   at Raven.Client.Documents.LinqExtensions.FirstOrDefaultAsync[TSource](IQueryable`1 source, Expression`1 predicate, CancellationToken token)
   at Piranha.Repositories.PageRepository.Save[T](T model, Boolean isDraft) in C:\Users\bbqch\proj\microbians\piranha\data\Piranha.Data.EF\Repositories\PageRepository.cs:line 830
   at Piranha.Services.PageService.SaveAsync[T](T model, Boolean isDraft) in C:\Users\bbqch\proj\microbians\piranha\core\Piranha\Services\Internal\PageService.cs:line 732
   at Piranha.Tests.Services.PageTests.InitializeAsync() in C:\Users\bbqch\proj\microbians\piranha\test\Piranha.Tests\Services\PageTests.cs:line 163
   at Piranha.Tests.Services.PageTestsDistributedCache.InitializeAsync() in C:\Users\bbqch\proj\microbians\piranha\test\Piranha.Tests\Services\PageTests.cs:line 38
----- Inner Stack Trace -----
   at Raven.Client.Documents.Linq.LinqPathProvider.GetMemberValue(MemberExpression memberExpression)
   at Raven.Client.Documents.Linq.LinqPathProvider.GetValueFromExpressionWithoutConversion(Expression expression, Object& value)
   at Raven.Client.Documents.Linq.RavenQueryProviderProcessor`1.VisitEquals(BinaryExpression expression)
   at Raven.Client.Documents.Linq.RavenQueryProviderProcessor`1.VisitBinaryExpression(BinaryExpression expression)
   at Raven.Client.Documents.Linq.RavenQueryProviderProcessor`1.VisitQueryableMethodCall(MethodCallExpression expression)
   at Raven.Client.Documents.Linq.RavenQueryProviderProcessor`1.VisitMethodCall(MethodCallExpression expression)
   at Raven.Client.Documents.Linq.RavenQueryProviderProcessor`1.GetAsyncDocumentQueryFor(Expression expression, Action`1 customization)
  Failed Piranha.Tests.Services.PageTestsDistributedCache.EmptyCollectionPageComplex [1 ms]
  Error Message:
   System.NotSupportedException : Could not understand expression: from 'Blocks'.Where(b => (b.Id == value(Piranha.Repositories.PageRepository+<>c__DisplayClass23_3`1[Piranha.Tests.Services.PageTests+MyPage]).CS$<>8__locals2.blocks.get_Item(value(Piranha.Repositories.PageRepository+<>c__DisplayClass23_3`1[Piranha.Tests.Services.PageTests+MyPage]).n).Id))
---- System.NotSupportedException : Expression type not supported: System.Linq.Expressions.InstanceMethodCallExpression1
  Stack Trace:
     at Raven.Client.Documents.Linq.RavenQueryProviderProcessor`1.GetAsyncDocumentQueryFor(Expression expression, Action`1 customization)
   at Raven.Client.Documents.Linq.RavenQueryProvider`1.ToAsyncDocumentQuery[TResult](Expression expression)
   at Raven.Client.Documents.LinqExtensions.FirstOrDefaultAsync[TSource](IQueryable`1 source, Expression`1 predicate, CancellationToken token)
   at Piranha.Repositories.PageRepository.Save[T](T model, Boolean isDraft) in C:\Users\bbqch\proj\microbians\piranha\data\Piranha.Data.EF\Repositories\PageRepository.cs:line 830
   at Piranha.Services.PageService.SaveAsync[T](T model, Boolean isDraft) in C:\Users\bbqch\proj\microbians\piranha\core\Piranha\Services\Internal\PageService.cs:line 732
   at Piranha.Tests.Services.PageTests.InitializeAsync() in C:\Users\bbqch\proj\microbians\piranha\test\Piranha.Tests\Services\PageTests.cs:line 163
   at Piranha.Tests.Services.PageTestsDistributedCache.InitializeAsync() in C:\Users\bbqch\proj\microbians\piranha\test\Piranha.Tests\Services\PageTests.cs:line 38
----- Inner Stack Trace -----
   at Raven.Client.Documents.Linq.LinqPathProvider.GetMemberValue(MemberExpression memberExpression)
   at Raven.Client.Documents.Linq.LinqPathProvider.GetValueFromExpressionWithoutConversion(Expression expression, Object& value)
   at Raven.Client.Documents.Linq.RavenQueryProviderProcessor`1.VisitEquals(BinaryExpression expression)
   at Raven.Client.Documents.Linq.RavenQueryProviderProcessor`1.VisitBinaryExpression(BinaryExpression expression)
   at Raven.Client.Documents.Linq.RavenQueryProviderProcessor`1.VisitQueryableMethodCall(MethodCallExpression expression)
   at Raven.Client.Documents.Linq.RavenQueryProviderProcessor`1.VisitMethodCall(MethodCallExpression expression)
   at Raven.Client.Documents.Linq.RavenQueryProviderProcessor`1.GetAsyncDocumentQueryFor(Expression expression, Action`1 customization)
  Failed Piranha.Tests.Services.PageTestsDistributedCache.GetIdBySlugSiteId [1 ms]
  Error Message:
   System.NotSupportedException : Could not understand expression: from 'Blocks'.Where(b => (b.Id == value(Piranha.Repositories.PageRepository+<>c__DisplayClass23_3`1[Piranha.Tests.Services.PageTests+MyPage]).CS$<>8__locals2.blocks.get_Item(value(Piranha.Repositories.PageRepository+<>c__DisplayClass23_3`1[Piranha.Tests.Services.PageTests+MyPage]).n).Id))
---- System.NotSupportedException : Expression type not supported: System.Linq.Expressions.InstanceMethodCallExpression1
  Stack Trace:
     at Raven.Client.Documents.Linq.RavenQueryProviderProcessor`1.GetAsyncDocumentQueryFor(Expression expression, Action`1 customization)
   at Raven.Client.Documents.Linq.RavenQueryProvider`1.ToAsyncDocumentQuery[TResult](Expression expression)
   at Raven.Client.Documents.LinqExtensions.FirstOrDefaultAsync[TSource](IQueryable`1 source, Expression`1 predicate, CancellationToken token)
   at Piranha.Repositories.PageRepository.Save[T](T model, Boolean isDraft) in C:\Users\bbqch\proj\microbians\piranha\data\Piranha.Data.EF\Repositories\PageRepository.cs:line 830
   at Piranha.Services.PageService.SaveAsync[T](T model, Boolean isDraft) in C:\Users\bbqch\proj\microbians\piranha\core\Piranha\Services\Internal\PageService.cs:line 732
   at Piranha.Tests.Services.PageTests.InitializeAsync() in C:\Users\bbqch\proj\microbians\piranha\test\Piranha.Tests\Services\PageTests.cs:line 163
   at Piranha.Tests.Services.PageTestsDistributedCache.InitializeAsync() in C:\Users\bbqch\proj\microbians\piranha\test\Piranha.Tests\Services\PageTests.cs:line 38
----- Inner Stack Trace -----
   at Raven.Client.Documents.Linq.LinqPathProvider.GetMemberValue(MemberExpression memberExpression)
   at Raven.Client.Documents.Linq.LinqPathProvider.GetValueFromExpressionWithoutConversion(Expression expression, Object& value)
   at Raven.Client.Documents.Linq.RavenQueryProviderProcessor`1.VisitEquals(BinaryExpression expression)
   at Raven.Client.Documents.Linq.RavenQueryProviderProcessor`1.VisitBinaryExpression(BinaryExpression expression)
   at Raven.Client.Documents.Linq.RavenQueryProviderProcessor`1.VisitQueryableMethodCall(MethodCallExpression expression)
   at Raven.Client.Documents.Linq.RavenQueryProviderProcessor`1.VisitMethodCall(MethodCallExpression expression)
   at Raven.Client.Documents.Linq.RavenQueryProviderProcessor`1.GetAsyncDocumentQueryFor(Expression expression, Action`1 customization)
  Failed Piranha.Tests.Services.PageTestsDistributedCache.GetMissingById [1 ms]
  Error Message:
   System.NotSupportedException : Could not understand expression: from 'Blocks'.Where(b => (b.Id == value(Piranha.Repositories.PageRepository+<>c__DisplayClass23_3`1[Piranha.Tests.Services.PageTests+MyPage]).CS$<>8__locals2.blocks.get_Item(value(Piranha.Repositories.PageRepository+<>c__DisplayClass23_3`1[Piranha.Tests.Services.PageTests+MyPage]).n).Id))
---- System.NotSupportedException : Expression type not supported: System.Linq.Expressions.InstanceMethodCallExpression1
  Stack Trace:
     at Raven.Client.Documents.Linq.RavenQueryProviderProcessor`1.GetAsyncDocumentQueryFor(Expression expression, Action`1 customization)
   at Raven.Client.Documents.Linq.RavenQueryProvider`1.ToAsyncDocumentQuery[TResult](Expression expression)
   at Raven.Client.Documents.LinqExtensions.FirstOrDefaultAsync[TSource](IQueryable`1 source, Expression`1 predicate, CancellationToken token)
   at Piranha.Repositories.PageRepository.Save[T](T model, Boolean isDraft) in C:\Users\bbqch\proj\microbians\piranha\data\Piranha.Data.EF\Repositories\PageRepository.cs:line 830
   at Piranha.Services.PageService.SaveAsync[T](T model, Boolean isDraft) in C:\Users\bbqch\proj\microbians\piranha\core\Piranha\Services\Internal\PageService.cs:line 732
   at Piranha.Tests.Services.PageTests.InitializeAsync() in C:\Users\bbqch\proj\microbians\piranha\test\Piranha.Tests\Services\PageTests.cs:line 163
   at Piranha.Tests.Services.PageTestsDistributedCache.InitializeAsync() in C:\Users\bbqch\proj\microbians\piranha\test\Piranha.Tests\Services\PageTests.cs:line 38
----- Inner Stack Trace -----
   at Raven.Client.Documents.Linq.LinqPathProvider.GetMemberValue(MemberExpression memberExpression)
   at Raven.Client.Documents.Linq.LinqPathProvider.GetValueFromExpressionWithoutConversion(Expression expression, Object& value)
   at Raven.Client.Documents.Linq.RavenQueryProviderProcessor`1.VisitEquals(BinaryExpression expression)
   at Raven.Client.Documents.Linq.RavenQueryProviderProcessor`1.VisitBinaryExpression(BinaryExpression expression)
   at Raven.Client.Documents.Linq.RavenQueryProviderProcessor`1.VisitQueryableMethodCall(MethodCallExpression expression)
   at Raven.Client.Documents.Linq.RavenQueryProviderProcessor`1.VisitMethodCall(MethodCallExpression expression)
   at Raven.Client.Documents.Linq.RavenQueryProviderProcessor`1.GetAsyncDocumentQueryFor(Expression expression, Action`1 customization)
  Failed Piranha.Tests.Services.PageTestsDistributedCache.GetAllBlogs [1 ms]
  Error Message:
   System.NotSupportedException : Could not understand expression: from 'Blocks'.Where(b => (b.Id == value(Piranha.Repositories.PageRepository+<>c__DisplayClass23_3`1[Piranha.Tests.Services.PageTests+MyPage]).CS$<>8__locals2.blocks.get_Item(value(Piranha.Repositories.PageRepository+<>c__DisplayClass23_3`1[Piranha.Tests.Services.PageTests+MyPage]).n).Id))
---- System.NotSupportedException : Expression type not supported: System.Linq.Expressions.InstanceMethodCallExpression1
  Stack Trace:
     at Raven.Client.Documents.Linq.RavenQueryProviderProcessor`1.GetAsyncDocumentQueryFor(Expression expression, Action`1 customization)
   at Raven.Client.Documents.Linq.RavenQueryProvider`1.ToAsyncDocumentQuery[TResult](Expression expression)
   at Raven.Client.Documents.LinqExtensions.FirstOrDefaultAsync[TSource](IQueryable`1 source, Expression`1 predicate, CancellationToken token)
   at Piranha.Repositories.PageRepository.Save[T](T model, Boolean isDraft) in C:\Users\bbqch\proj\microbians\piranha\data\Piranha.Data.EF\Repositories\PageRepository.cs:line 830
   at Piranha.Services.PageService.SaveAsync[T](T model, Boolean isDraft) in C:\Users\bbqch\proj\microbians\piranha\core\Piranha\Services\Internal\PageService.cs:line 732
   at Piranha.Tests.Services.PageTests.InitializeAsync() in C:\Users\bbqch\proj\microbians\piranha\test\Piranha.Tests\Services\PageTests.cs:line 163
   at Piranha.Tests.Services.PageTestsDistributedCache.InitializeAsync() in C:\Users\bbqch\proj\microbians\piranha\test\Piranha.Tests\Services\PageTests.cs:line 38
----- Inner Stack Trace -----
   at Raven.Client.Documents.Linq.LinqPathProvider.GetMemberValue(MemberExpression memberExpression)
   at Raven.Client.Documents.Linq.LinqPathProvider.GetValueFromExpressionWithoutConversion(Expression expression, Object& value)
   at Raven.Client.Documents.Linq.RavenQueryProviderProcessor`1.VisitEquals(BinaryExpression expression)
   at Raven.Client.Documents.Linq.RavenQueryProviderProcessor`1.VisitBinaryExpression(BinaryExpression expression)
   at Raven.Client.Documents.Linq.RavenQueryProviderProcessor`1.VisitQueryableMethodCall(MethodCallExpression expression)
   at Raven.Client.Documents.Linq.RavenQueryProviderProcessor`1.VisitMethodCall(MethodCallExpression expression)
   at Raven.Client.Documents.Linq.RavenQueryProviderProcessor`1.GetAsyncDocumentQueryFor(Expression expression, Action`1 customization)
  Failed Piranha.Tests.Services.PageTestsDistributedCache.GetStartpageNone [1 ms]
  Error Message:
   System.NotSupportedException : Could not understand expression: from 'Blocks'.Where(b => (b.Id == value(Piranha.Repositories.PageRepository+<>c__DisplayClass23_3`1[Piranha.Tests.Services.PageTests+MyPage]).CS$<>8__locals2.blocks.get_Item(value(Piranha.Repositories.PageRepository+<>c__DisplayClass23_3`1[Piranha.Tests.Services.PageTests+MyPage]).n).Id))
---- System.NotSupportedException : Expression type not supported: System.Linq.Expressions.InstanceMethodCallExpression1
  Stack Trace:
     at Raven.Client.Documents.Linq.RavenQueryProviderProcessor`1.GetAsyncDocumentQueryFor(Expression expression, Action`1 customization)
   at Raven.Client.Documents.Linq.RavenQueryProvider`1.ToAsyncDocumentQuery[TResult](Expression expression)
   at Raven.Client.Documents.LinqExtensions.FirstOrDefaultAsync[TSource](IQueryable`1 source, Expression`1 predicate, CancellationToken token)
   at Piranha.Repositories.PageRepository.Save[T](T model, Boolean isDraft) in C:\Users\bbqch\proj\microbians\piranha\data\Piranha.Data.EF\Repositories\PageRepository.cs:line 830
   at Piranha.Services.PageService.SaveAsync[T](T model, Boolean isDraft) in C:\Users\bbqch\proj\microbians\piranha\core\Piranha\Services\Internal\PageService.cs:line 732
   at Piranha.Tests.Services.PageTests.InitializeAsync() in C:\Users\bbqch\proj\microbians\piranha\test\Piranha.Tests\Services\PageTests.cs:line 163
   at Piranha.Tests.Services.PageTestsDistributedCache.InitializeAsync() in C:\Users\bbqch\proj\microbians\piranha\test\Piranha.Tests\Services\PageTests.cs:line 38
----- Inner Stack Trace -----
   at Raven.Client.Documents.Linq.LinqPathProvider.GetMemberValue(MemberExpression memberExpression)
   at Raven.Client.Documents.Linq.LinqPathProvider.GetValueFromExpressionWithoutConversion(Expression expression, Object& value)
   at Raven.Client.Documents.Linq.RavenQueryProviderProcessor`1.VisitEquals(BinaryExpression expression)
   at Raven.Client.Documents.Linq.RavenQueryProviderProcessor`1.VisitBinaryExpression(BinaryExpression expression)
   at Raven.Client.Documents.Linq.RavenQueryProviderProcessor`1.VisitQueryableMethodCall(MethodCallExpression expression)
   at Raven.Client.Documents.Linq.RavenQueryProviderProcessor`1.VisitMethodCall(MethodCallExpression expression)
   at Raven.Client.Documents.Linq.RavenQueryProviderProcessor`1.GetAsyncDocumentQueryFor(Expression expression, Action`1 customization)
  Failed Piranha.Tests.Services.PageTestsDistributedCache.GetDynamicBySlug [1 ms]
  Error Message:
   System.NotSupportedException : Could not understand expression: from 'Blocks'.Where(b => (b.Id == value(Piranha.Repositories.PageRepository+<>c__DisplayClass23_3`1[Piranha.Tests.Services.PageTests+MyPage]).CS$<>8__locals2.blocks.get_Item(value(Piranha.Repositories.PageRepository+<>c__DisplayClass23_3`1[Piranha.Tests.Services.PageTests+MyPage]).n).Id))
---- System.NotSupportedException : Expression type not supported: System.Linq.Expressions.InstanceMethodCallExpression1
  Stack Trace:
     at Raven.Client.Documents.Linq.RavenQueryProviderProcessor`1.GetAsyncDocumentQueryFor(Expression expression, Action`1 customization)
   at Raven.Client.Documents.Linq.RavenQueryProvider`1.ToAsyncDocumentQuery[TResult](Expression expression)
   at Raven.Client.Documents.LinqExtensions.FirstOrDefaultAsync[TSource](IQueryable`1 source, Expression`1 predicate, CancellationToken token)
   at Piranha.Repositories.PageRepository.Save[T](T model, Boolean isDraft) in C:\Users\bbqch\proj\microbians\piranha\data\Piranha.Data.EF\Repositories\PageRepository.cs:line 830
   at Piranha.Services.PageService.SaveAsync[T](T model, Boolean isDraft) in C:\Users\bbqch\proj\microbians\piranha\core\Piranha\Services\Internal\PageService.cs:line 732
   at Piranha.Tests.Services.PageTests.InitializeAsync() in C:\Users\bbqch\proj\microbians\piranha\test\Piranha.Tests\Services\PageTests.cs:line 163
   at Piranha.Tests.Services.PageTestsDistributedCache.InitializeAsync() in C:\Users\bbqch\proj\microbians\piranha\test\Piranha.Tests\Services\PageTests.cs:line 38
----- Inner Stack Trace -----
   at Raven.Client.Documents.Linq.LinqPathProvider.GetMemberValue(MemberExpression memberExpression)
   at Raven.Client.Documents.Linq.LinqPathProvider.GetValueFromExpressionWithoutConversion(Expression expression, Object& value)
   at Raven.Client.Documents.Linq.RavenQueryProviderProcessor`1.VisitEquals(BinaryExpression expression)
   at Raven.Client.Documents.Linq.RavenQueryProviderProcessor`1.VisitBinaryExpression(BinaryExpression expression)
   at Raven.Client.Documents.Linq.RavenQueryProviderProcessor`1.VisitQueryableMethodCall(MethodCallExpression expression)
   at Raven.Client.Documents.Linq.RavenQueryProviderProcessor`1.VisitMethodCall(MethodCallExpression expression)
   at Raven.Client.Documents.Linq.RavenQueryProviderProcessor`1.GetAsyncDocumentQueryFor(Expression expression, Action`1 customization)
  Failed Piranha.Tests.Services.PageTestsDistributedCache.DetachShouldCopyBlocks [1 ms]
  Error Message:
   System.NotSupportedException : Could not understand expression: from 'Blocks'.Where(b => (b.Id == value(Piranha.Repositories.PageRepository+<>c__DisplayClass23_3`1[Piranha.Tests.Services.PageTests+MyPage]).CS$<>8__locals2.blocks.get_Item(value(Piranha.Repositories.PageRepository+<>c__DisplayClass23_3`1[Piranha.Tests.Services.PageTests+MyPage]).n).Id))
---- System.NotSupportedException : Expression type not supported: System.Linq.Expressions.InstanceMethodCallExpression1
  Stack Trace:
     at Raven.Client.Documents.Linq.RavenQueryProviderProcessor`1.GetAsyncDocumentQueryFor(Expression expression, Action`1 customization)
   at Raven.Client.Documents.Linq.RavenQueryProvider`1.ToAsyncDocumentQuery[TResult](Expression expression)
   at Raven.Client.Documents.LinqExtensions.FirstOrDefaultAsync[TSource](IQueryable`1 source, Expression`1 predicate, CancellationToken token)
   at Piranha.Repositories.PageRepository.Save[T](T model, Boolean isDraft) in C:\Users\bbqch\proj\microbians\piranha\data\Piranha.Data.EF\Repositories\PageRepository.cs:line 830
   at Piranha.Services.PageService.SaveAsync[T](T model, Boolean isDraft) in C:\Users\bbqch\proj\microbians\piranha\core\Piranha\Services\Internal\PageService.cs:line 732
   at Piranha.Tests.Services.PageTests.InitializeAsync() in C:\Users\bbqch\proj\microbians\piranha\test\Piranha.Tests\Services\PageTests.cs:line 163
   at Piranha.Tests.Services.PageTestsDistributedCache.InitializeAsync() in C:\Users\bbqch\proj\microbians\piranha\test\Piranha.Tests\Services\PageTests.cs:line 38
----- Inner Stack Trace -----
   at Raven.Client.Documents.Linq.LinqPathProvider.GetMemberValue(MemberExpression memberExpression)
   at Raven.Client.Documents.Linq.LinqPathProvider.GetValueFromExpressionWithoutConversion(Expression expression, Object& value)
   at Raven.Client.Documents.Linq.RavenQueryProviderProcessor`1.VisitEquals(BinaryExpression expression)
   at Raven.Client.Documents.Linq.RavenQueryProviderProcessor`1.VisitBinaryExpression(BinaryExpression expression)
   at Raven.Client.Documents.Linq.RavenQueryProviderProcessor`1.VisitQueryableMethodCall(MethodCallExpression expression)
   at Raven.Client.Documents.Linq.RavenQueryProviderProcessor`1.VisitMethodCall(MethodCallExpression expression)
   at Raven.Client.Documents.Linq.RavenQueryProviderProcessor`1.GetAsyncDocumentQueryFor(Expression expression, Action`1 customization)
  Failed Piranha.Tests.Services.PageTestsDistributedCache.GetAllBlogsByBaseClass [1 ms]
  Error Message:
   System.NotSupportedException : Could not understand expression: from 'Blocks'.Where(b => (b.Id == value(Piranha.Repositories.PageRepository+<>c__DisplayClass23_3`1[Piranha.Tests.Services.PageTests+MyPage]).CS$<>8__locals2.blocks.get_Item(value(Piranha.Repositories.PageRepository+<>c__DisplayClass23_3`1[Piranha.Tests.Services.PageTests+MyPage]).n).Id))
---- System.NotSupportedException : Expression type not supported: System.Linq.Expressions.InstanceMethodCallExpression1
  Stack Trace:
     at Raven.Client.Documents.Linq.RavenQueryProviderProcessor`1.GetAsyncDocumentQueryFor(Expression expression, Action`1 customization)
   at Raven.Client.Documents.Linq.RavenQueryProvider`1.ToAsyncDocumentQuery[TResult](Expression expression)
   at Raven.Client.Documents.LinqExtensions.FirstOrDefaultAsync[TSource](IQueryable`1 source, Expression`1 predicate, CancellationToken token)
   at Piranha.Repositories.PageRepository.Save[T](T model, Boolean isDraft) in C:\Users\bbqch\proj\microbians\piranha\data\Piranha.Data.EF\Repositories\PageRepository.cs:line 830
   at Piranha.Services.PageService.SaveAsync[T](T model, Boolean isDraft) in C:\Users\bbqch\proj\microbians\piranha\core\Piranha\Services\Internal\PageService.cs:line 732
   at Piranha.Tests.Services.PageTests.InitializeAsync() in C:\Users\bbqch\proj\microbians\piranha\test\Piranha.Tests\Services\PageTests.cs:line 163
   at Piranha.Tests.Services.PageTestsDistributedCache.InitializeAsync() in C:\Users\bbqch\proj\microbians\piranha\test\Piranha.Tests\Services\PageTests.cs:line 38
----- Inner Stack Trace -----
   at Raven.Client.Documents.Linq.LinqPathProvider.GetMemberValue(MemberExpression memberExpression)
   at Raven.Client.Documents.Linq.LinqPathProvider.GetValueFromExpressionWithoutConversion(Expression expression, Object& value)
   at Raven.Client.Documents.Linq.RavenQueryProviderProcessor`1.VisitEquals(BinaryExpression expression)
   at Raven.Client.Documents.Linq.RavenQueryProviderProcessor`1.VisitBinaryExpression(BinaryExpression expression)
   at Raven.Client.Documents.Linq.RavenQueryProviderProcessor`1.VisitQueryableMethodCall(MethodCallExpression expression)
   at Raven.Client.Documents.Linq.RavenQueryProviderProcessor`1.VisitMethodCall(MethodCallExpression expression)
   at Raven.Client.Documents.Linq.RavenQueryProviderProcessor`1.GetAsyncDocumentQueryFor(Expression expression, Action`1 customization)
  Failed Piranha.Tests.Services.PageTestsDistributedCache.GetCollectionPageBaseClass [1 ms]
  Error Message:
   System.NotSupportedException : Could not understand expression: from 'Blocks'.Where(b => (b.Id == value(Piranha.Repositories.PageRepository+<>c__DisplayClass23_3`1[Piranha.Tests.Services.PageTests+MyPage]).CS$<>8__locals2.blocks.get_Item(value(Piranha.Repositories.PageRepository+<>c__DisplayClass23_3`1[Piranha.Tests.Services.PageTests+MyPage]).n).Id))
---- System.NotSupportedException : Expression type not supported: System.Linq.Expressions.InstanceMethodCallExpression1
  Stack Trace:
     at Raven.Client.Documents.Linq.RavenQueryProviderProcessor`1.GetAsyncDocumentQueryFor(Expression expression, Action`1 customization)
   at Raven.Client.Documents.Linq.RavenQueryProvider`1.ToAsyncDocumentQuery[TResult](Expression expression)
   at Raven.Client.Documents.LinqExtensions.FirstOrDefaultAsync[TSource](IQueryable`1 source, Expression`1 predicate, CancellationToken token)
   at Piranha.Repositories.PageRepository.Save[T](T model, Boolean isDraft) in C:\Users\bbqch\proj\microbians\piranha\data\Piranha.Data.EF\Repositories\PageRepository.cs:line 830
   at Piranha.Services.PageService.SaveAsync[T](T model, Boolean isDraft) in C:\Users\bbqch\proj\microbians\piranha\core\Piranha\Services\Internal\PageService.cs:line 732
   at Piranha.Tests.Services.PageTests.InitializeAsync() in C:\Users\bbqch\proj\microbians\piranha\test\Piranha.Tests\Services\PageTests.cs:line 163
   at Piranha.Tests.Services.PageTestsDistributedCache.InitializeAsync() in C:\Users\bbqch\proj\microbians\piranha\test\Piranha.Tests\Services\PageTests.cs:line 38
----- Inner Stack Trace -----
   at Raven.Client.Documents.Linq.LinqPathProvider.GetMemberValue(MemberExpression memberExpression)
   at Raven.Client.Documents.Linq.LinqPathProvider.GetValueFromExpressionWithoutConversion(Expression expression, Object& value)
   at Raven.Client.Documents.Linq.RavenQueryProviderProcessor`1.VisitEquals(BinaryExpression expression)
   at Raven.Client.Documents.Linq.RavenQueryProviderProcessor`1.VisitBinaryExpression(BinaryExpression expression)
   at Raven.Client.Documents.Linq.RavenQueryProviderProcessor`1.VisitQueryableMethodCall(MethodCallExpression expression)
   at Raven.Client.Documents.Linq.RavenQueryProviderProcessor`1.VisitMethodCall(MethodCallExpression expression)
   at Raven.Client.Documents.Linq.RavenQueryProviderProcessor`1.GetAsyncDocumentQueryFor(Expression expression, Action`1 customization)
  Failed Piranha.Tests.Services.PageTestsDistributedCache.GetBlocksById [1 ms]
  Error Message:
   System.NotSupportedException : Could not understand expression: from 'Blocks'.Where(b => (b.Id == value(Piranha.Repositories.PageRepository+<>c__DisplayClass23_3`1[Piranha.Tests.Services.PageTests+MyPage]).CS$<>8__locals2.blocks.get_Item(value(Piranha.Repositories.PageRepository+<>c__DisplayClass23_3`1[Piranha.Tests.Services.PageTests+MyPage]).n).Id))
---- System.NotSupportedException : Expression type not supported: System.Linq.Expressions.InstanceMethodCallExpression1
  Stack Trace:
     at Raven.Client.Documents.Linq.RavenQueryProviderProcessor`1.GetAsyncDocumentQueryFor(Expression expression, Action`1 customization)
   at Raven.Client.Documents.Linq.RavenQueryProvider`1.ToAsyncDocumentQuery[TResult](Expression expression)
   at Raven.Client.Documents.LinqExtensions.FirstOrDefaultAsync[TSource](IQueryable`1 source, Expression`1 predicate, CancellationToken token)
   at Piranha.Repositories.PageRepository.Save[T](T model, Boolean isDraft) in C:\Users\bbqch\proj\microbians\piranha\data\Piranha.Data.EF\Repositories\PageRepository.cs:line 830
   at Piranha.Services.PageService.SaveAsync[T](T model, Boolean isDraft) in C:\Users\bbqch\proj\microbians\piranha\core\Piranha\Services\Internal\PageService.cs:line 732
   at Piranha.Tests.Services.PageTests.InitializeAsync() in C:\Users\bbqch\proj\microbians\piranha\test\Piranha.Tests\Services\PageTests.cs:line 163
   at Piranha.Tests.Services.PageTestsDistributedCache.InitializeAsync() in C:\Users\bbqch\proj\microbians\piranha\test\Piranha.Tests\Services\PageTests.cs:line 38
----- Inner Stack Trace -----
   at Raven.Client.Documents.Linq.LinqPathProvider.GetMemberValue(MemberExpression memberExpression)
   at Raven.Client.Documents.Linq.LinqPathProvider.GetValueFromExpressionWithoutConversion(Expression expression, Object& value)
   at Raven.Client.Documents.Linq.RavenQueryProviderProcessor`1.VisitEquals(BinaryExpression expression)
   at Raven.Client.Documents.Linq.RavenQueryProviderProcessor`1.VisitBinaryExpression(BinaryExpression expression)
   at Raven.Client.Documents.Linq.RavenQueryProviderProcessor`1.VisitQueryableMethodCall(MethodCallExpression expression)
   at Raven.Client.Documents.Linq.RavenQueryProviderProcessor`1.VisitMethodCall(MethodCallExpression expression)
   at Raven.Client.Documents.Linq.RavenQueryProviderProcessor`1.GetAsyncDocumentQueryFor(Expression expression, Action`1 customization)
  Failed Piranha.Tests.Services.PageTestsDistributedCache.GetStartpageBySite [1 ms]
  Error Message:
   System.NotSupportedException : Could not understand expression: from 'Blocks'.Where(b => (b.Id == value(Piranha.Repositories.PageRepository+<>c__DisplayClass23_3`1[Piranha.Tests.Services.PageTests+MyPage]).CS$<>8__locals2.blocks.get_Item(value(Piranha.Repositories.PageRepository+<>c__DisplayClass23_3`1[Piranha.Tests.Services.PageTests+MyPage]).n).Id))
---- System.NotSupportedException : Expression type not supported: System.Linq.Expressions.InstanceMethodCallExpression1
  Stack Trace:
     at Raven.Client.Documents.Linq.RavenQueryProviderProcessor`1.GetAsyncDocumentQueryFor(Expression expression, Action`1 customization)
   at Raven.Client.Documents.Linq.RavenQueryProvider`1.ToAsyncDocumentQuery[TResult](Expression expression)
   at Raven.Client.Documents.LinqExtensions.FirstOrDefaultAsync[TSource](IQueryable`1 source, Expression`1 predicate, CancellationToken token)
   at Piranha.Repositories.PageRepository.Save[T](T model, Boolean isDraft) in C:\Users\bbqch\proj\microbians\piranha\data\Piranha.Data.EF\Repositories\PageRepository.cs:line 830
   at Piranha.Services.PageService.SaveAsync[T](T model, Boolean isDraft) in C:\Users\bbqch\proj\microbians\piranha\core\Piranha\Services\Internal\PageService.cs:line 732
   at Piranha.Tests.Services.PageTests.InitializeAsync() in C:\Users\bbqch\proj\microbians\piranha\test\Piranha.Tests\Services\PageTests.cs:line 163
   at Piranha.Tests.Services.PageTestsDistributedCache.InitializeAsync() in C:\Users\bbqch\proj\microbians\piranha\test\Piranha.Tests\Services\PageTests.cs:line 38
----- Inner Stack Trace -----
   at Raven.Client.Documents.Linq.LinqPathProvider.GetMemberValue(MemberExpression memberExpression)
   at Raven.Client.Documents.Linq.LinqPathProvider.GetValueFromExpressionWithoutConversion(Expression expression, Object& value)
   at Raven.Client.Documents.Linq.RavenQueryProviderProcessor`1.VisitEquals(BinaryExpression expression)
   at Raven.Client.Documents.Linq.RavenQueryProviderProcessor`1.VisitBinaryExpression(BinaryExpression expression)
   at Raven.Client.Documents.Linq.RavenQueryProviderProcessor`1.VisitQueryableMethodCall(MethodCallExpression expression)
   at Raven.Client.Documents.Linq.RavenQueryProviderProcessor`1.VisitMethodCall(MethodCallExpression expression)
   at Raven.Client.Documents.Linq.RavenQueryProviderProcessor`1.GetAsyncDocumentQueryFor(Expression expression, Action`1 customization)
  Failed Piranha.Tests.Services.PageTestsDistributedCache.DetachShouldCopyRegions [1 ms]
  Error Message:
   System.NotSupportedException : Could not understand expression: from 'Blocks'.Where(b => (b.Id == value(Piranha.Repositories.PageRepository+<>c__DisplayClass23_3`1[Piranha.Tests.Services.PageTests+MyPage]).CS$<>8__locals2.blocks.get_Item(value(Piranha.Repositories.PageRepository+<>c__DisplayClass23_3`1[Piranha.Tests.Services.PageTests+MyPage]).n).Id))
---- System.NotSupportedException : Expression type not supported: System.Linq.Expressions.InstanceMethodCallExpression1
  Stack Trace:
     at Raven.Client.Documents.Linq.RavenQueryProviderProcessor`1.GetAsyncDocumentQueryFor(Expression expression, Action`1 customization)
   at Raven.Client.Documents.Linq.RavenQueryProvider`1.ToAsyncDocumentQuery[TResult](Expression expression)
   at Raven.Client.Documents.LinqExtensions.FirstOrDefaultAsync[TSource](IQueryable`1 source, Expression`1 predicate, CancellationToken token)
   at Piranha.Repositories.PageRepository.Save[T](T model, Boolean isDraft) in C:\Users\bbqch\proj\microbians\piranha\data\Piranha.Data.EF\Repositories\PageRepository.cs:line 830
   at Piranha.Services.PageService.SaveAsync[T](T model, Boolean isDraft) in C:\Users\bbqch\proj\microbians\piranha\core\Piranha\Services\Internal\PageService.cs:line 732
   at Piranha.Tests.Services.PageTests.InitializeAsync() in C:\Users\bbqch\proj\microbians\piranha\test\Piranha.Tests\Services\PageTests.cs:line 163
   at Piranha.Tests.Services.PageTestsDistributedCache.InitializeAsync() in C:\Users\bbqch\proj\microbians\piranha\test\Piranha.Tests\Services\PageTests.cs:line 38
----- Inner Stack Trace -----
   at Raven.Client.Documents.Linq.LinqPathProvider.GetMemberValue(MemberExpression memberExpression)
   at Raven.Client.Documents.Linq.LinqPathProvider.GetValueFromExpressionWithoutConversion(Expression expression, Object& value)
   at Raven.Client.Documents.Linq.RavenQueryProviderProcessor`1.VisitEquals(BinaryExpression expression)
   at Raven.Client.Documents.Linq.RavenQueryProviderProcessor`1.VisitBinaryExpression(BinaryExpression expression)
   at Raven.Client.Documents.Linq.RavenQueryProviderProcessor`1.VisitQueryableMethodCall(MethodCallExpression expression)
   at Raven.Client.Documents.Linq.RavenQueryProviderProcessor`1.VisitMethodCall(MethodCallExpression expression)
   at Raven.Client.Documents.Linq.RavenQueryProviderProcessor`1.GetAsyncDocumentQueryFor(Expression expression, Action`1 customization)
  Failed Piranha.Tests.Services.PageTestsDistributedCache.AddHierarchical [1 ms]
  Error Message:
   System.NotSupportedException : Could not understand expression: from 'Blocks'.Where(b => (b.Id == value(Piranha.Repositories.PageRepository+<>c__DisplayClass23_3`1[Piranha.Tests.Services.PageTests+MyPage]).CS$<>8__locals2.blocks.get_Item(value(Piranha.Repositories.PageRepository+<>c__DisplayClass23_3`1[Piranha.Tests.Services.PageTests+MyPage]).n).Id))
---- System.NotSupportedException : Expression type not supported: System.Linq.Expressions.InstanceMethodCallExpression1
  Stack Trace:
     at Raven.Client.Documents.Linq.RavenQueryProviderProcessor`1.GetAsyncDocumentQueryFor(Expression expression, Action`1 customization)
   at Raven.Client.Documents.Linq.RavenQueryProvider`1.ToAsyncDocumentQuery[TResult](Expression expression)
   at Raven.Client.Documents.LinqExtensions.FirstOrDefaultAsync[TSource](IQueryable`1 source, Expression`1 predicate, CancellationToken token)
   at Piranha.Repositories.PageRepository.Save[T](T model, Boolean isDraft) in C:\Users\bbqch\proj\microbians\piranha\data\Piranha.Data.EF\Repositories\PageRepository.cs:line 830
   at Piranha.Services.PageService.SaveAsync[T](T model, Boolean isDraft) in C:\Users\bbqch\proj\microbians\piranha\core\Piranha\Services\Internal\PageService.cs:line 732
   at Piranha.Tests.Services.PageTests.InitializeAsync() in C:\Users\bbqch\proj\microbians\piranha\test\Piranha.Tests\Services\PageTests.cs:line 163
   at Piranha.Tests.Services.PageTestsDistributedCache.InitializeAsync() in C:\Users\bbqch\proj\microbians\piranha\test\Piranha.Tests\Services\PageTests.cs:line 38
----- Inner Stack Trace -----
   at Raven.Client.Documents.Linq.LinqPathProvider.GetMemberValue(MemberExpression memberExpression)
   at Raven.Client.Documents.Linq.LinqPathProvider.GetValueFromExpressionWithoutConversion(Expression expression, Object& value)
   at Raven.Client.Documents.Linq.RavenQueryProviderProcessor`1.VisitEquals(BinaryExpression expression)
   at Raven.Client.Documents.Linq.RavenQueryProviderProcessor`1.VisitBinaryExpression(BinaryExpression expression)
   at Raven.Client.Documents.Linq.RavenQueryProviderProcessor`1.VisitQueryableMethodCall(MethodCallExpression expression)
   at Raven.Client.Documents.Linq.RavenQueryProviderProcessor`1.VisitMethodCall(MethodCallExpression expression)
   at Raven.Client.Documents.Linq.RavenQueryProviderProcessor`1.GetAsyncDocumentQueryFor(Expression expression, Action`1 customization)
  Failed Piranha.Tests.Services.PageTestsDistributedCache.Move [1 ms]
  Error Message:
   System.NotSupportedException : Could not understand expression: from 'Blocks'.Where(b => (b.Id == value(Piranha.Repositories.PageRepository+<>c__DisplayClass23_3`1[Piranha.Tests.Services.PageTests+MyPage]).CS$<>8__locals2.blocks.get_Item(value(Piranha.Repositories.PageRepository+<>c__DisplayClass23_3`1[Piranha.Tests.Services.PageTests+MyPage]).n).Id))
---- System.NotSupportedException : Expression type not supported: System.Linq.Expressions.InstanceMethodCallExpression1
  Stack Trace:
     at Raven.Client.Documents.Linq.RavenQueryProviderProcessor`1.GetAsyncDocumentQueryFor(Expression expression, Action`1 customization)
   at Raven.Client.Documents.Linq.RavenQueryProvider`1.ToAsyncDocumentQuery[TResult](Expression expression)
   at Raven.Client.Documents.LinqExtensions.FirstOrDefaultAsync[TSource](IQueryable`1 source, Expression`1 predicate, CancellationToken token)
   at Piranha.Repositories.PageRepository.Save[T](T model, Boolean isDraft) in C:\Users\bbqch\proj\microbians\piranha\data\Piranha.Data.EF\Repositories\PageRepository.cs:line 830
   at Piranha.Services.PageService.SaveAsync[T](T model, Boolean isDraft) in C:\Users\bbqch\proj\microbians\piranha\core\Piranha\Services\Internal\PageService.cs:line 732
   at Piranha.Tests.Services.PageTests.InitializeAsync() in C:\Users\bbqch\proj\microbians\piranha\test\Piranha.Tests\Services\PageTests.cs:line 163
   at Piranha.Tests.Services.PageTestsDistributedCache.InitializeAsync() in C:\Users\bbqch\proj\microbians\piranha\test\Piranha.Tests\Services\PageTests.cs:line 38
----- Inner Stack Trace -----
   at Raven.Client.Documents.Linq.LinqPathProvider.GetMemberValue(MemberExpression memberExpression)
   at Raven.Client.Documents.Linq.LinqPathProvider.GetValueFromExpressionWithoutConversion(Expression expression, Object& value)
   at Raven.Client.Documents.Linq.RavenQueryProviderProcessor`1.VisitEquals(BinaryExpression expression)
   at Raven.Client.Documents.Linq.RavenQueryProviderProcessor`1.VisitBinaryExpression(BinaryExpression expression)
   at Raven.Client.Documents.Linq.RavenQueryProviderProcessor`1.VisitQueryableMethodCall(MethodCallExpression expression)
   at Raven.Client.Documents.Linq.RavenQueryProviderProcessor`1.VisitMethodCall(MethodCallExpression expression)
   at Raven.Client.Documents.Linq.RavenQueryProviderProcessor`1.GetAsyncDocumentQueryFor(Expression expression, Action`1 customization)
  Failed Piranha.Tests.Services.PageTestsDistributedCache.GetGenericById [1 ms]
  Error Message:
   System.NotSupportedException : Could not understand expression: from 'Blocks'.Where(b => (b.Id == value(Piranha.Repositories.PageRepository+<>c__DisplayClass23_3`1[Piranha.Tests.Services.PageTests+MyPage]).CS$<>8__locals2.blocks.get_Item(value(Piranha.Repositories.PageRepository+<>c__DisplayClass23_3`1[Piranha.Tests.Services.PageTests+MyPage]).n).Id))
---- System.NotSupportedException : Expression type not supported: System.Linq.Expressions.InstanceMethodCallExpression1
  Stack Trace:
     at Raven.Client.Documents.Linq.RavenQueryProviderProcessor`1.GetAsyncDocumentQueryFor(Expression expression, Action`1 customization)
   at Raven.Client.Documents.Linq.RavenQueryProvider`1.ToAsyncDocumentQuery[TResult](Expression expression)
   at Raven.Client.Documents.LinqExtensions.FirstOrDefaultAsync[TSource](IQueryable`1 source, Expression`1 predicate, CancellationToken token)
   at Piranha.Repositories.PageRepository.Save[T](T model, Boolean isDraft) in C:\Users\bbqch\proj\microbians\piranha\data\Piranha.Data.EF\Repositories\PageRepository.cs:line 830
   at Piranha.Services.PageService.SaveAsync[T](T model, Boolean isDraft) in C:\Users\bbqch\proj\microbians\piranha\core\Piranha\Services\Internal\PageService.cs:line 732
   at Piranha.Tests.Services.PageTests.InitializeAsync() in C:\Users\bbqch\proj\microbians\piranha\test\Piranha.Tests\Services\PageTests.cs:line 163
   at Piranha.Tests.Services.PageTestsDistributedCache.InitializeAsync() in C:\Users\bbqch\proj\microbians\piranha\test\Piranha.Tests\Services\PageTests.cs:line 38
----- Inner Stack Trace -----
   at Raven.Client.Documents.Linq.LinqPathProvider.GetMemberValue(MemberExpression memberExpression)
   at Raven.Client.Documents.Linq.LinqPathProvider.GetValueFromExpressionWithoutConversion(Expression expression, Object& value)
   at Raven.Client.Documents.Linq.RavenQueryProviderProcessor`1.VisitEquals(BinaryExpression expression)
   at Raven.Client.Documents.Linq.RavenQueryProviderProcessor`1.VisitBinaryExpression(BinaryExpression expression)
   at Raven.Client.Documents.Linq.RavenQueryProviderProcessor`1.VisitQueryableMethodCall(MethodCallExpression expression)
   at Raven.Client.Documents.Linq.RavenQueryProviderProcessor`1.VisitMethodCall(MethodCallExpression expression)
   at Raven.Client.Documents.Linq.RavenQueryProviderProcessor`1.GetAsyncDocumentQueryFor(Expression expression, Action`1 customization)
  Failed Piranha.Tests.Services.PageTestsDistributedCache.Update [1 ms]
  Error Message:
   System.NotSupportedException : Could not understand expression: from 'Blocks'.Where(b => (b.Id == value(Piranha.Repositories.PageRepository+<>c__DisplayClass23_3`1[Piranha.Tests.Services.PageTests+MyPage]).CS$<>8__locals2.blocks.get_Item(value(Piranha.Repositories.PageRepository+<>c__DisplayClass23_3`1[Piranha.Tests.Services.PageTests+MyPage]).n).Id))
---- System.NotSupportedException : Expression type not supported: System.Linq.Expressions.InstanceMethodCallExpression1
  Stack Trace:
     at Raven.Client.Documents.Linq.RavenQueryProviderProcessor`1.GetAsyncDocumentQueryFor(Expression expression, Action`1 customization)
   at Raven.Client.Documents.Linq.RavenQueryProvider`1.ToAsyncDocumentQuery[TResult](Expression expression)
   at Raven.Client.Documents.LinqExtensions.FirstOrDefaultAsync[TSource](IQueryable`1 source, Expression`1 predicate, CancellationToken token)
   at Piranha.Repositories.PageRepository.Save[T](T model, Boolean isDraft) in C:\Users\bbqch\proj\microbians\piranha\data\Piranha.Data.EF\Repositories\PageRepository.cs:line 830
   at Piranha.Services.PageService.SaveAsync[T](T model, Boolean isDraft) in C:\Users\bbqch\proj\microbians\piranha\core\Piranha\Services\Internal\PageService.cs:line 732
   at Piranha.Tests.Services.PageTests.InitializeAsync() in C:\Users\bbqch\proj\microbians\piranha\test\Piranha.Tests\Services\PageTests.cs:line 163
   at Piranha.Tests.Services.PageTestsDistributedCache.InitializeAsync() in C:\Users\bbqch\proj\microbians\piranha\test\Piranha.Tests\Services\PageTests.cs:line 38
----- Inner Stack Trace -----
   at Raven.Client.Documents.Linq.LinqPathProvider.GetMemberValue(MemberExpression memberExpression)
   at Raven.Client.Documents.Linq.LinqPathProvider.GetValueFromExpressionWithoutConversion(Expression expression, Object& value)
   at Raven.Client.Documents.Linq.RavenQueryProviderProcessor`1.VisitEquals(BinaryExpression expression)
   at Raven.Client.Documents.Linq.RavenQueryProviderProcessor`1.VisitBinaryExpression(BinaryExpression expression)
   at Raven.Client.Documents.Linq.RavenQueryProviderProcessor`1.VisitQueryableMethodCall(MethodCallExpression expression)
   at Raven.Client.Documents.Linq.RavenQueryProviderProcessor`1.VisitMethodCall(MethodCallExpression expression)
   at Raven.Client.Documents.Linq.RavenQueryProviderProcessor`1.GetAsyncDocumentQueryFor(Expression expression, Action`1 customization)
  Failed Piranha.Tests.Services.PageTestsDistributedCache.GetInfoById [1 ms]
  Error Message:
   System.NotSupportedException : Could not understand expression: from 'Blocks'.Where(b => (b.Id == value(Piranha.Repositories.PageRepository+<>c__DisplayClass23_3`1[Piranha.Tests.Services.PageTests+MyPage]).CS$<>8__locals2.blocks.get_Item(value(Piranha.Repositories.PageRepository+<>c__DisplayClass23_3`1[Piranha.Tests.Services.PageTests+MyPage]).n).Id))
---- System.NotSupportedException : Expression type not supported: System.Linq.Expressions.InstanceMethodCallExpression1
  Stack Trace:
     at Raven.Client.Documents.Linq.RavenQueryProviderProcessor`1.GetAsyncDocumentQueryFor(Expression expression, Action`1 customization)
   at Raven.Client.Documents.Linq.RavenQueryProvider`1.ToAsyncDocumentQuery[TResult](Expression expression)
   at Raven.Client.Documents.LinqExtensions.FirstOrDefaultAsync[TSource](IQueryable`1 source, Expression`1 predicate, CancellationToken token)
   at Piranha.Repositories.PageRepository.Save[T](T model, Boolean isDraft) in C:\Users\bbqch\proj\microbians\piranha\data\Piranha.Data.EF\Repositories\PageRepository.cs:line 830
   at Piranha.Services.PageService.SaveAsync[T](T model, Boolean isDraft) in C:\Users\bbqch\proj\microbians\piranha\core\Piranha\Services\Internal\PageService.cs:line 732
   at Piranha.Tests.Services.PageTests.InitializeAsync() in C:\Users\bbqch\proj\microbians\piranha\test\Piranha.Tests\Services\PageTests.cs:line 163
   at Piranha.Tests.Services.PageTestsDistributedCache.InitializeAsync() in C:\Users\bbqch\proj\microbians\piranha\test\Piranha.Tests\Services\PageTests.cs:line 38
----- Inner Stack Trace -----
   at Raven.Client.Documents.Linq.LinqPathProvider.GetMemberValue(MemberExpression memberExpression)
   at Raven.Client.Documents.Linq.LinqPathProvider.GetValueFromExpressionWithoutConversion(Expression expression, Object& value)
   at Raven.Client.Documents.Linq.RavenQueryProviderProcessor`1.VisitEquals(BinaryExpression expression)
   at Raven.Client.Documents.Linq.RavenQueryProviderProcessor`1.VisitBinaryExpression(BinaryExpression expression)
   at Raven.Client.Documents.Linq.RavenQueryProviderProcessor`1.VisitQueryableMethodCall(MethodCallExpression expression)
   at Raven.Client.Documents.Linq.RavenQueryProviderProcessor`1.VisitMethodCall(MethodCallExpression expression)
   at Raven.Client.Documents.Linq.RavenQueryProviderProcessor`1.GetAsyncDocumentQueryFor(Expression expression, Action`1 customization)
  Failed Piranha.Tests.Services.PageTestsDistributedCache.EmptyCollectionPage [1 ms]
  Error Message:
   System.NotSupportedException : Could not understand expression: from 'Blocks'.Where(b => (b.Id == value(Piranha.Repositories.PageRepository+<>c__DisplayClass23_3`1[Piranha.Tests.Services.PageTests+MyPage]).CS$<>8__locals2.blocks.get_Item(value(Piranha.Repositories.PageRepository+<>c__DisplayClass23_3`1[Piranha.Tests.Services.PageTests+MyPage]).n).Id))
---- System.NotSupportedException : Expression type not supported: System.Linq.Expressions.InstanceMethodCallExpression1
  Stack Trace:
     at Raven.Client.Documents.Linq.RavenQueryProviderProcessor`1.GetAsyncDocumentQueryFor(Expression expression, Action`1 customization)
   at Raven.Client.Documents.Linq.RavenQueryProvider`1.ToAsyncDocumentQuery[TResult](Expression expression)
   at Raven.Client.Documents.LinqExtensions.FirstOrDefaultAsync[TSource](IQueryable`1 source, Expression`1 predicate, CancellationToken token)
   at Piranha.Repositories.PageRepository.Save[T](T model, Boolean isDraft) in C:\Users\bbqch\proj\microbians\piranha\data\Piranha.Data.EF\Repositories\PageRepository.cs:line 830
   at Piranha.Services.PageService.SaveAsync[T](T model, Boolean isDraft) in C:\Users\bbqch\proj\microbians\piranha\core\Piranha\Services\Internal\PageService.cs:line 732
   at Piranha.Tests.Services.PageTests.InitializeAsync() in C:\Users\bbqch\proj\microbians\piranha\test\Piranha.Tests\Services\PageTests.cs:line 163
   at Piranha.Tests.Services.PageTestsDistributedCache.InitializeAsync() in C:\Users\bbqch\proj\microbians\piranha\test\Piranha.Tests\Services\PageTests.cs:line 38
----- Inner Stack Trace -----
   at Raven.Client.Documents.Linq.LinqPathProvider.GetMemberValue(MemberExpression memberExpression)
   at Raven.Client.Documents.Linq.LinqPathProvider.GetValueFromExpressionWithoutConversion(Expression expression, Object& value)
   at Raven.Client.Documents.Linq.RavenQueryProviderProcessor`1.VisitEquals(BinaryExpression expression)
   at Raven.Client.Documents.Linq.RavenQueryProviderProcessor`1.VisitBinaryExpression(BinaryExpression expression)
   at Raven.Client.Documents.Linq.RavenQueryProviderProcessor`1.VisitQueryableMethodCall(MethodCallExpression expression)
   at Raven.Client.Documents.Linq.RavenQueryProviderProcessor`1.VisitMethodCall(MethodCallExpression expression)
   at Raven.Client.Documents.Linq.RavenQueryProviderProcessor`1.GetAsyncDocumentQueryFor(Expression expression, Action`1 customization)
  Failed Piranha.Tests.Services.PageTestsDistributedCache.EmptyDynamicCollectionPageComplex [1 ms]
  Error Message:
   System.NotSupportedException : Could not understand expression: from 'Blocks'.Where(b => (b.Id == value(Piranha.Repositories.PageRepository+<>c__DisplayClass23_3`1[Piranha.Tests.Services.PageTests+MyPage]).CS$<>8__locals2.blocks.get_Item(value(Piranha.Repositories.PageRepository+<>c__DisplayClass23_3`1[Piranha.Tests.Services.PageTests+MyPage]).n).Id))
---- System.NotSupportedException : Expression type not supported: System.Linq.Expressions.InstanceMethodCallExpression1
  Stack Trace:
     at Raven.Client.Documents.Linq.RavenQueryProviderProcessor`1.GetAsyncDocumentQueryFor(Expression expression, Action`1 customization)
   at Raven.Client.Documents.Linq.RavenQueryProvider`1.ToAsyncDocumentQuery[TResult](Expression expression)
   at Raven.Client.Documents.LinqExtensions.FirstOrDefaultAsync[TSource](IQueryable`1 source, Expression`1 predicate, CancellationToken token)
   at Piranha.Repositories.PageRepository.Save[T](T model, Boolean isDraft) in C:\Users\bbqch\proj\microbians\piranha\data\Piranha.Data.EF\Repositories\PageRepository.cs:line 830
   at Piranha.Services.PageService.SaveAsync[T](T model, Boolean isDraft) in C:\Users\bbqch\proj\microbians\piranha\core\Piranha\Services\Internal\PageService.cs:line 732
   at Piranha.Tests.Services.PageTests.InitializeAsync() in C:\Users\bbqch\proj\microbians\piranha\test\Piranha.Tests\Services\PageTests.cs:line 163
   at Piranha.Tests.Services.PageTestsDistributedCache.InitializeAsync() in C:\Users\bbqch\proj\microbians\piranha\test\Piranha.Tests\Services\PageTests.cs:line 38
----- Inner Stack Trace -----
   at Raven.Client.Documents.Linq.LinqPathProvider.GetMemberValue(MemberExpression memberExpression)
   at Raven.Client.Documents.Linq.LinqPathProvider.GetValueFromExpressionWithoutConversion(Expression expression, Object& value)
   at Raven.Client.Documents.Linq.RavenQueryProviderProcessor`1.VisitEquals(BinaryExpression expression)
   at Raven.Client.Documents.Linq.RavenQueryProviderProcessor`1.VisitBinaryExpression(BinaryExpression expression)
   at Raven.Client.Documents.Linq.RavenQueryProviderProcessor`1.VisitQueryableMethodCall(MethodCallExpression expression)
   at Raven.Client.Documents.Linq.RavenQueryProviderProcessor`1.VisitMethodCall(MethodCallExpression expression)
   at Raven.Client.Documents.Linq.RavenQueryProviderProcessor`1.GetAsyncDocumentQueryFor(Expression expression, Action`1 customization)
  Failed Piranha.Tests.Services.PageTestsDistributedCache.Add [1 ms]
  Error Message:
   System.NotSupportedException : Could not understand expression: from 'Blocks'.Where(b => (b.Id == value(Piranha.Repositories.PageRepository+<>c__DisplayClass23_3`1[Piranha.Tests.Services.PageTests+MyPage]).CS$<>8__locals2.blocks.get_Item(value(Piranha.Repositories.PageRepository+<>c__DisplayClass23_3`1[Piranha.Tests.Services.PageTests+MyPage]).n).Id))
---- System.NotSupportedException : Expression type not supported: System.Linq.Expressions.InstanceMethodCallExpression1
  Stack Trace:
     at Raven.Client.Documents.Linq.RavenQueryProviderProcessor`1.GetAsyncDocumentQueryFor(Expression expression, Action`1 customization)
   at Raven.Client.Documents.Linq.RavenQueryProvider`1.ToAsyncDocumentQuery[TResult](Expression expression)
   at Raven.Client.Documents.LinqExtensions.FirstOrDefaultAsync[TSource](IQueryable`1 source, Expression`1 predicate, CancellationToken token)
   at Piranha.Repositories.PageRepository.Save[T](T model, Boolean isDraft) in C:\Users\bbqch\proj\microbians\piranha\data\Piranha.Data.EF\Repositories\PageRepository.cs:line 830
   at Piranha.Services.PageService.SaveAsync[T](T model, Boolean isDraft) in C:\Users\bbqch\proj\microbians\piranha\core\Piranha\Services\Internal\PageService.cs:line 732
   at Piranha.Tests.Services.PageTests.InitializeAsync() in C:\Users\bbqch\proj\microbians\piranha\test\Piranha.Tests\Services\PageTests.cs:line 163
   at Piranha.Tests.Services.PageTestsDistributedCache.InitializeAsync() in C:\Users\bbqch\proj\microbians\piranha\test\Piranha.Tests\Services\PageTests.cs:line 38
----- Inner Stack Trace -----
   at Raven.Client.Documents.Linq.LinqPathProvider.GetMemberValue(MemberExpression memberExpression)
   at Raven.Client.Documents.Linq.LinqPathProvider.GetValueFromExpressionWithoutConversion(Expression expression, Object& value)
   at Raven.Client.Documents.Linq.RavenQueryProviderProcessor`1.VisitEquals(BinaryExpression expression)
   at Raven.Client.Documents.Linq.RavenQueryProviderProcessor`1.VisitBinaryExpression(BinaryExpression expression)
   at Raven.Client.Documents.Linq.RavenQueryProviderProcessor`1.VisitQueryableMethodCall(MethodCallExpression expression)
   at Raven.Client.Documents.Linq.RavenQueryProviderProcessor`1.VisitMethodCall(MethodCallExpression expression)
   at Raven.Client.Documents.Linq.RavenQueryProviderProcessor`1.GetAsyncDocumentQueryFor(Expression expression, Action`1 customization)
  Failed Piranha.Tests.Services.PageTestsDistributedCache.GetGenericBySlug [1 ms]
  Error Message:
   System.NotSupportedException : Could not understand expression: from 'Blocks'.Where(b => (b.Id == value(Piranha.Repositories.PageRepository+<>c__DisplayClass23_3`1[Piranha.Tests.Services.PageTests+MyPage]).CS$<>8__locals2.blocks.get_Item(value(Piranha.Repositories.PageRepository+<>c__DisplayClass23_3`1[Piranha.Tests.Services.PageTests+MyPage]).n).Id))
---- System.NotSupportedException : Expression type not supported: System.Linq.Expressions.InstanceMethodCallExpression1
  Stack Trace:
     at Raven.Client.Documents.Linq.RavenQueryProviderProcessor`1.GetAsyncDocumentQueryFor(Expression expression, Action`1 customization)
   at Raven.Client.Documents.Linq.RavenQueryProvider`1.ToAsyncDocumentQuery[TResult](Expression expression)
   at Raven.Client.Documents.LinqExtensions.FirstOrDefaultAsync[TSource](IQueryable`1 source, Expression`1 predicate, CancellationToken token)
   at Piranha.Repositories.PageRepository.Save[T](T model, Boolean isDraft) in C:\Users\bbqch\proj\microbians\piranha\data\Piranha.Data.EF\Repositories\PageRepository.cs:line 830
   at Piranha.Services.PageService.SaveAsync[T](T model, Boolean isDraft) in C:\Users\bbqch\proj\microbians\piranha\core\Piranha\Services\Internal\PageService.cs:line 732
   at Piranha.Tests.Services.PageTests.InitializeAsync() in C:\Users\bbqch\proj\microbians\piranha\test\Piranha.Tests\Services\PageTests.cs:line 163
   at Piranha.Tests.Services.PageTestsDistributedCache.InitializeAsync() in C:\Users\bbqch\proj\microbians\piranha\test\Piranha.Tests\Services\PageTests.cs:line 38
----- Inner Stack Trace -----
   at Raven.Client.Documents.Linq.LinqPathProvider.GetMemberValue(MemberExpression memberExpression)
   at Raven.Client.Documents.Linq.LinqPathProvider.GetValueFromExpressionWithoutConversion(Expression expression, Object& value)
   at Raven.Client.Documents.Linq.RavenQueryProviderProcessor`1.VisitEquals(BinaryExpression expression)
   at Raven.Client.Documents.Linq.RavenQueryProviderProcessor`1.VisitBinaryExpression(BinaryExpression expression)
   at Raven.Client.Documents.Linq.RavenQueryProviderProcessor`1.VisitQueryableMethodCall(MethodCallExpression expression)
   at Raven.Client.Documents.Linq.RavenQueryProviderProcessor`1.VisitMethodCall(MethodCallExpression expression)
   at Raven.Client.Documents.Linq.RavenQueryProviderProcessor`1.GetAsyncDocumentQueryFor(Expression expression, Action`1 customization)
  Failed Piranha.Tests.Services.PageTestsDistributedCache.GetCollectionPage [1 ms]
  Error Message:
   System.NotSupportedException : Could not understand expression: from 'Blocks'.Where(b => (b.Id == value(Piranha.Repositories.PageRepository+<>c__DisplayClass23_3`1[Piranha.Tests.Services.PageTests+MyPage]).CS$<>8__locals2.blocks.get_Item(value(Piranha.Repositories.PageRepository+<>c__DisplayClass23_3`1[Piranha.Tests.Services.PageTests+MyPage]).n).Id))
---- System.NotSupportedException : Expression type not supported: System.Linq.Expressions.InstanceMethodCallExpression1
  Stack Trace:
     at Raven.Client.Documents.Linq.RavenQueryProviderProcessor`1.GetAsyncDocumentQueryFor(Expression expression, Action`1 customization)
   at Raven.Client.Documents.Linq.RavenQueryProvider`1.ToAsyncDocumentQuery[TResult](Expression expression)
   at Raven.Client.Documents.LinqExtensions.FirstOrDefaultAsync[TSource](IQueryable`1 source, Expression`1 predicate, CancellationToken token)
   at Piranha.Repositories.PageRepository.Save[T](T model, Boolean isDraft) in C:\Users\bbqch\proj\microbians\piranha\data\Piranha.Data.EF\Repositories\PageRepository.cs:line 830
   at Piranha.Services.PageService.SaveAsync[T](T model, Boolean isDraft) in C:\Users\bbqch\proj\microbians\piranha\core\Piranha\Services\Internal\PageService.cs:line 732
   at Piranha.Tests.Services.PageTests.InitializeAsync() in C:\Users\bbqch\proj\microbians\piranha\test\Piranha.Tests\Services\PageTests.cs:line 163
   at Piranha.Tests.Services.PageTestsDistributedCache.InitializeAsync() in C:\Users\bbqch\proj\microbians\piranha\test\Piranha.Tests\Services\PageTests.cs:line 38
----- Inner Stack Trace -----
   at Raven.Client.Documents.Linq.LinqPathProvider.GetMemberValue(MemberExpression memberExpression)
   at Raven.Client.Documents.Linq.LinqPathProvider.GetValueFromExpressionWithoutConversion(Expression expression, Object& value)
   at Raven.Client.Documents.Linq.RavenQueryProviderProcessor`1.VisitEquals(BinaryExpression expression)
   at Raven.Client.Documents.Linq.RavenQueryProviderProcessor`1.VisitBinaryExpression(BinaryExpression expression)
   at Raven.Client.Documents.Linq.RavenQueryProviderProcessor`1.VisitQueryableMethodCall(MethodCallExpression expression)
   at Raven.Client.Documents.Linq.RavenQueryProviderProcessor`1.VisitMethodCall(MethodCallExpression expression)
   at Raven.Client.Documents.Linq.RavenQueryProviderProcessor`1.GetAsyncDocumentQueryFor(Expression expression, Action`1 customization)
  Failed Piranha.Tests.Services.PageTestsDistributedCache.Delete [1 ms]
  Error Message:
   System.NotSupportedException : Could not understand expression: from 'Blocks'.Where(b => (b.Id == value(Piranha.Repositories.PageRepository+<>c__DisplayClass23_3`1[Piranha.Tests.Services.PageTests+MyPage]).CS$<>8__locals2.blocks.get_Item(value(Piranha.Repositories.PageRepository+<>c__DisplayClass23_3`1[Piranha.Tests.Services.PageTests+MyPage]).n).Id))
---- System.NotSupportedException : Expression type not supported: System.Linq.Expressions.InstanceMethodCallExpression1
  Stack Trace:
     at Raven.Client.Documents.Linq.RavenQueryProviderProcessor`1.GetAsyncDocumentQueryFor(Expression expression, Action`1 customization)
   at Raven.Client.Documents.Linq.RavenQueryProvider`1.ToAsyncDocumentQuery[TResult](Expression expression)
   at Raven.Client.Documents.LinqExtensions.FirstOrDefaultAsync[TSource](IQueryable`1 source, Expression`1 predicate, CancellationToken token)
   at Piranha.Repositories.PageRepository.Save[T](T model, Boolean isDraft) in C:\Users\bbqch\proj\microbians\piranha\data\Piranha.Data.EF\Repositories\PageRepository.cs:line 830
   at Piranha.Services.PageService.SaveAsync[T](T model, Boolean isDraft) in C:\Users\bbqch\proj\microbians\piranha\core\Piranha\Services\Internal\PageService.cs:line 732
   at Piranha.Tests.Services.PageTests.InitializeAsync() in C:\Users\bbqch\proj\microbians\piranha\test\Piranha.Tests\Services\PageTests.cs:line 163
   at Piranha.Tests.Services.PageTestsDistributedCache.InitializeAsync() in C:\Users\bbqch\proj\microbians\piranha\test\Piranha.Tests\Services\PageTests.cs:line 38
----- Inner Stack Trace -----
   at Raven.Client.Documents.Linq.LinqPathProvider.GetMemberValue(MemberExpression memberExpression)
   at Raven.Client.Documents.Linq.LinqPathProvider.GetValueFromExpressionWithoutConversion(Expression expression, Object& value)
   at Raven.Client.Documents.Linq.RavenQueryProviderProcessor`1.VisitEquals(BinaryExpression expression)
   at Raven.Client.Documents.Linq.RavenQueryProviderProcessor`1.VisitBinaryExpression(BinaryExpression expression)
   at Raven.Client.Documents.Linq.RavenQueryProviderProcessor`1.VisitQueryableMethodCall(MethodCallExpression expression)
   at Raven.Client.Documents.Linq.RavenQueryProviderProcessor`1.VisitMethodCall(MethodCallExpression expression)
   at Raven.Client.Documents.Linq.RavenQueryProviderProcessor`1.GetAsyncDocumentQueryFor(Expression expression, Action`1 customization)
  Failed Piranha.Tests.Services.PageTestsDistributedCache.AddNonHierarchical [1 ms]
  Error Message:
   System.NotSupportedException : Could not understand expression: from 'Blocks'.Where(b => (b.Id == value(Piranha.Repositories.PageRepository+<>c__DisplayClass23_3`1[Piranha.Tests.Services.PageTests+MyPage]).CS$<>8__locals2.blocks.get_Item(value(Piranha.Repositories.PageRepository+<>c__DisplayClass23_3`1[Piranha.Tests.Services.PageTests+MyPage]).n).Id))
---- System.NotSupportedException : Expression type not supported: System.Linq.Expressions.InstanceMethodCallExpression1
  Stack Trace:
     at Raven.Client.Documents.Linq.RavenQueryProviderProcessor`1.GetAsyncDocumentQueryFor(Expression expression, Action`1 customization)
   at Raven.Client.Documents.Linq.RavenQueryProvider`1.ToAsyncDocumentQuery[TResult](Expression expression)
   at Raven.Client.Documents.LinqExtensions.FirstOrDefaultAsync[TSource](IQueryable`1 source, Expression`1 predicate, CancellationToken token)
   at Piranha.Repositories.PageRepository.Save[T](T model, Boolean isDraft) in C:\Users\bbqch\proj\microbians\piranha\data\Piranha.Data.EF\Repositories\PageRepository.cs:line 830
   at Piranha.Services.PageService.SaveAsync[T](T model, Boolean isDraft) in C:\Users\bbqch\proj\microbians\piranha\core\Piranha\Services\Internal\PageService.cs:line 732
   at Piranha.Tests.Services.PageTests.InitializeAsync() in C:\Users\bbqch\proj\microbians\piranha\test\Piranha.Tests\Services\PageTests.cs:line 163
   at Piranha.Tests.Services.PageTestsDistributedCache.InitializeAsync() in C:\Users\bbqch\proj\microbians\piranha\test\Piranha.Tests\Services\PageTests.cs:line 38
----- Inner Stack Trace -----
   at Raven.Client.Documents.Linq.LinqPathProvider.GetMemberValue(MemberExpression memberExpression)
   at Raven.Client.Documents.Linq.LinqPathProvider.GetValueFromExpressionWithoutConversion(Expression expression, Object& value)
   at Raven.Client.Documents.Linq.RavenQueryProviderProcessor`1.VisitEquals(BinaryExpression expression)
   at Raven.Client.Documents.Linq.RavenQueryProviderProcessor`1.VisitBinaryExpression(BinaryExpression expression)
   at Raven.Client.Documents.Linq.RavenQueryProviderProcessor`1.VisitQueryableMethodCall(MethodCallExpression expression)
   at Raven.Client.Documents.Linq.RavenQueryProviderProcessor`1.VisitMethodCall(MethodCallExpression expression)
   at Raven.Client.Documents.Linq.RavenQueryProviderProcessor`1.GetAsyncDocumentQueryFor(Expression expression, Action`1 customization)
  Failed Piranha.Tests.Services.PageTestsDistributedCache.GetDIGeneric [1 ms]
  Error Message:
   System.NotSupportedException : Could not understand expression: from 'Blocks'.Where(b => (b.Id == value(Piranha.Repositories.PageRepository+<>c__DisplayClass23_3`1[Piranha.Tests.Services.PageTests+MyPage]).CS$<>8__locals2.blocks.get_Item(value(Piranha.Repositories.PageRepository+<>c__DisplayClass23_3`1[Piranha.Tests.Services.PageTests+MyPage]).n).Id))
---- System.NotSupportedException : Expression type not supported: System.Linq.Expressions.InstanceMethodCallExpression1
  Stack Trace:
     at Raven.Client.Documents.Linq.RavenQueryProviderProcessor`1.GetAsyncDocumentQueryFor(Expression expression, Action`1 customization)
   at Raven.Client.Documents.Linq.RavenQueryProvider`1.ToAsyncDocumentQuery[TResult](Expression expression)
   at Raven.Client.Documents.LinqExtensions.FirstOrDefaultAsync[TSource](IQueryable`1 source, Expression`1 predicate, CancellationToken token)
   at Piranha.Repositories.PageRepository.Save[T](T model, Boolean isDraft) in C:\Users\bbqch\proj\microbians\piranha\data\Piranha.Data.EF\Repositories\PageRepository.cs:line 830
   at Piranha.Services.PageService.SaveAsync[T](T model, Boolean isDraft) in C:\Users\bbqch\proj\microbians\piranha\core\Piranha\Services\Internal\PageService.cs:line 732
   at Piranha.Tests.Services.PageTests.InitializeAsync() in C:\Users\bbqch\proj\microbians\piranha\test\Piranha.Tests\Services\PageTests.cs:line 163
   at Piranha.Tests.Services.PageTestsDistributedCache.InitializeAsync() in C:\Users\bbqch\proj\microbians\piranha\test\Piranha.Tests\Services\PageTests.cs:line 38
----- Inner Stack Trace -----
   at Raven.Client.Documents.Linq.LinqPathProvider.GetMemberValue(MemberExpression memberExpression)
   at Raven.Client.Documents.Linq.LinqPathProvider.GetValueFromExpressionWithoutConversion(Expression expression, Object& value)
   at Raven.Client.Documents.Linq.RavenQueryProviderProcessor`1.VisitEquals(BinaryExpression expression)
   at Raven.Client.Documents.Linq.RavenQueryProviderProcessor`1.VisitBinaryExpression(BinaryExpression expression)
   at Raven.Client.Documents.Linq.RavenQueryProviderProcessor`1.VisitQueryableMethodCall(MethodCallExpression expression)
   at Raven.Client.Documents.Linq.RavenQueryProviderProcessor`1.VisitMethodCall(MethodCallExpression expression)
   at Raven.Client.Documents.Linq.RavenQueryProviderProcessor`1.GetAsyncDocumentQueryFor(Expression expression, Action`1 customization)
  Failed Piranha.Tests.Services.PageTestsDistributedCache.GetBaseClassById [1 ms]
  Error Message:
   System.NotSupportedException : Could not understand expression: from 'Blocks'.Where(b => (b.Id == value(Piranha.Repositories.PageRepository+<>c__DisplayClass23_3`1[Piranha.Tests.Services.PageTests+MyPage]).CS$<>8__locals2.blocks.get_Item(value(Piranha.Repositories.PageRepository+<>c__DisplayClass23_3`1[Piranha.Tests.Services.PageTests+MyPage]).n).Id))
---- System.NotSupportedException : Expression type not supported: System.Linq.Expressions.InstanceMethodCallExpression1
  Stack Trace:
     at Raven.Client.Documents.Linq.RavenQueryProviderProcessor`1.GetAsyncDocumentQueryFor(Expression expression, Action`1 customization)
   at Raven.Client.Documents.Linq.RavenQueryProvider`1.ToAsyncDocumentQuery[TResult](Expression expression)
   at Raven.Client.Documents.LinqExtensions.FirstOrDefaultAsync[TSource](IQueryable`1 source, Expression`1 predicate, CancellationToken token)
   at Piranha.Repositories.PageRepository.Save[T](T model, Boolean isDraft) in C:\Users\bbqch\proj\microbians\piranha\data\Piranha.Data.EF\Repositories\PageRepository.cs:line 830
   at Piranha.Services.PageService.SaveAsync[T](T model, Boolean isDraft) in C:\Users\bbqch\proj\microbians\piranha\core\Piranha\Services\Internal\PageService.cs:line 732
   at Piranha.Tests.Services.PageTests.InitializeAsync() in C:\Users\bbqch\proj\microbians\piranha\test\Piranha.Tests\Services\PageTests.cs:line 163
   at Piranha.Tests.Services.PageTestsDistributedCache.InitializeAsync() in C:\Users\bbqch\proj\microbians\piranha\test\Piranha.Tests\Services\PageTests.cs:line 38
----- Inner Stack Trace -----
   at Raven.Client.Documents.Linq.LinqPathProvider.GetMemberValue(MemberExpression memberExpression)
   at Raven.Client.Documents.Linq.LinqPathProvider.GetValueFromExpressionWithoutConversion(Expression expression, Object& value)
   at Raven.Client.Documents.Linq.RavenQueryProviderProcessor`1.VisitEquals(BinaryExpression expression)
   at Raven.Client.Documents.Linq.RavenQueryProviderProcessor`1.VisitBinaryExpression(BinaryExpression expression)
   at Raven.Client.Documents.Linq.RavenQueryProviderProcessor`1.VisitQueryableMethodCall(MethodCallExpression expression)
   at Raven.Client.Documents.Linq.RavenQueryProviderProcessor`1.VisitMethodCall(MethodCallExpression expression)
   at Raven.Client.Documents.Linq.RavenQueryProviderProcessor`1.GetAsyncDocumentQueryFor(Expression expression, Action`1 customization)
  Failed Piranha.Tests.Services.PageTestsDistributedCache.SaveDraft [1 ms]
  Error Message:
   System.NotSupportedException : Could not understand expression: from 'Blocks'.Where(b => (b.Id == value(Piranha.Repositories.PageRepository+<>c__DisplayClass23_3`1[Piranha.Tests.Services.PageTests+MyPage]).CS$<>8__locals2.blocks.get_Item(value(Piranha.Repositories.PageRepository+<>c__DisplayClass23_3`1[Piranha.Tests.Services.PageTests+MyPage]).n).Id))
---- System.NotSupportedException : Expression type not supported: System.Linq.Expressions.InstanceMethodCallExpression1
  Stack Trace:
     at Raven.Client.Documents.Linq.RavenQueryProviderProcessor`1.GetAsyncDocumentQueryFor(Expression expression, Action`1 customization)
   at Raven.Client.Documents.Linq.RavenQueryProvider`1.ToAsyncDocumentQuery[TResult](Expression expression)
   at Raven.Client.Documents.LinqExtensions.FirstOrDefaultAsync[TSource](IQueryable`1 source, Expression`1 predicate, CancellationToken token)
   at Piranha.Repositories.PageRepository.Save[T](T model, Boolean isDraft) in C:\Users\bbqch\proj\microbians\piranha\data\Piranha.Data.EF\Repositories\PageRepository.cs:line 830
   at Piranha.Services.PageService.SaveAsync[T](T model, Boolean isDraft) in C:\Users\bbqch\proj\microbians\piranha\core\Piranha\Services\Internal\PageService.cs:line 732
   at Piranha.Tests.Services.PageTests.InitializeAsync() in C:\Users\bbqch\proj\microbians\piranha\test\Piranha.Tests\Services\PageTests.cs:line 163
   at Piranha.Tests.Services.PageTestsDistributedCache.InitializeAsync() in C:\Users\bbqch\proj\microbians\piranha\test\Piranha.Tests\Services\PageTests.cs:line 38
----- Inner Stack Trace -----
   at Raven.Client.Documents.Linq.LinqPathProvider.GetMemberValue(MemberExpression memberExpression)
   at Raven.Client.Documents.Linq.LinqPathProvider.GetValueFromExpressionWithoutConversion(Expression expression, Object& value)
   at Raven.Client.Documents.Linq.RavenQueryProviderProcessor`1.VisitEquals(BinaryExpression expression)
   at Raven.Client.Documents.Linq.RavenQueryProviderProcessor`1.VisitBinaryExpression(BinaryExpression expression)
   at Raven.Client.Documents.Linq.RavenQueryProviderProcessor`1.VisitQueryableMethodCall(MethodCallExpression expression)
   at Raven.Client.Documents.Linq.RavenQueryProviderProcessor`1.VisitMethodCall(MethodCallExpression expression)
   at Raven.Client.Documents.Linq.RavenQueryProviderProcessor`1.GetAsyncDocumentQueryFor(Expression expression, Action`1 customization)
  Failed Piranha.Tests.Services.PageTestsDistributedCache.GetNoneBySlug [1 ms]
  Error Message:
   System.NotSupportedException : Could not understand expression: from 'Blocks'.Where(b => (b.Id == value(Piranha.Repositories.PageRepository+<>c__DisplayClass23_3`1[Piranha.Tests.Services.PageTests+MyPage]).CS$<>8__locals2.blocks.get_Item(value(Piranha.Repositories.PageRepository+<>c__DisplayClass23_3`1[Piranha.Tests.Services.PageTests+MyPage]).n).Id))
---- System.NotSupportedException : Expression type not supported: System.Linq.Expressions.InstanceMethodCallExpression1
  Stack Trace:
     at Raven.Client.Documents.Linq.RavenQueryProviderProcessor`1.GetAsyncDocumentQueryFor(Expression expression, Action`1 customization)
   at Raven.Client.Documents.Linq.RavenQueryProvider`1.ToAsyncDocumentQuery[TResult](Expression expression)
   at Raven.Client.Documents.LinqExtensions.FirstOrDefaultAsync[TSource](IQueryable`1 source, Expression`1 predicate, CancellationToken token)
   at Piranha.Repositories.PageRepository.Save[T](T model, Boolean isDraft) in C:\Users\bbqch\proj\microbians\piranha\data\Piranha.Data.EF\Repositories\PageRepository.cs:line 830
   at Piranha.Services.PageService.SaveAsync[T](T model, Boolean isDraft) in C:\Users\bbqch\proj\microbians\piranha\core\Piranha\Services\Internal\PageService.cs:line 732
   at Piranha.Tests.Services.PageTests.InitializeAsync() in C:\Users\bbqch\proj\microbians\piranha\test\Piranha.Tests\Services\PageTests.cs:line 163
   at Piranha.Tests.Services.PageTestsDistributedCache.InitializeAsync() in C:\Users\bbqch\proj\microbians\piranha\test\Piranha.Tests\Services\PageTests.cs:line 38
----- Inner Stack Trace -----
   at Raven.Client.Documents.Linq.LinqPathProvider.GetMemberValue(MemberExpression memberExpression)
   at Raven.Client.Documents.Linq.LinqPathProvider.GetValueFromExpressionWithoutConversion(Expression expression, Object& value)
   at Raven.Client.Documents.Linq.RavenQueryProviderProcessor`1.VisitEquals(BinaryExpression expression)
   at Raven.Client.Documents.Linq.RavenQueryProviderProcessor`1.VisitBinaryExpression(BinaryExpression expression)
   at Raven.Client.Documents.Linq.RavenQueryProviderProcessor`1.VisitQueryableMethodCall(MethodCallExpression expression)
   at Raven.Client.Documents.Linq.RavenQueryProviderProcessor`1.VisitMethodCall(MethodCallExpression expression)
   at Raven.Client.Documents.Linq.RavenQueryProviderProcessor`1.GetAsyncDocumentQueryFor(Expression expression, Action`1 customization)
  Failed Piranha.Tests.Services.PageTestsDistributedCache.DeleteById [1 ms]
  Error Message:
   System.NotSupportedException : Could not understand expression: from 'Blocks'.Where(b => (b.Id == value(Piranha.Repositories.PageRepository+<>c__DisplayClass23_3`1[Piranha.Tests.Services.PageTests+MyPage]).CS$<>8__locals2.blocks.get_Item(value(Piranha.Repositories.PageRepository+<>c__DisplayClass23_3`1[Piranha.Tests.Services.PageTests+MyPage]).n).Id))
---- System.NotSupportedException : Expression type not supported: System.Linq.Expressions.InstanceMethodCallExpression1
  Stack Trace:
     at Raven.Client.Documents.Linq.RavenQueryProviderProcessor`1.GetAsyncDocumentQueryFor(Expression expression, Action`1 customization)
   at Raven.Client.Documents.Linq.RavenQueryProvider`1.ToAsyncDocumentQuery[TResult](Expression expression)
   at Raven.Client.Documents.LinqExtensions.FirstOrDefaultAsync[TSource](IQueryable`1 source, Expression`1 predicate, CancellationToken token)
   at Piranha.Repositories.PageRepository.Save[T](T model, Boolean isDraft) in C:\Users\bbqch\proj\microbians\piranha\data\Piranha.Data.EF\Repositories\PageRepository.cs:line 830
   at Piranha.Services.PageService.SaveAsync[T](T model, Boolean isDraft) in C:\Users\bbqch\proj\microbians\piranha\core\Piranha\Services\Internal\PageService.cs:line 732
   at Piranha.Tests.Services.PageTests.InitializeAsync() in C:\Users\bbqch\proj\microbians\piranha\test\Piranha.Tests\Services\PageTests.cs:line 163
   at Piranha.Tests.Services.PageTestsDistributedCache.InitializeAsync() in C:\Users\bbqch\proj\microbians\piranha\test\Piranha.Tests\Services\PageTests.cs:line 38
----- Inner Stack Trace -----
   at Raven.Client.Documents.Linq.LinqPathProvider.GetMemberValue(MemberExpression memberExpression)
   at Raven.Client.Documents.Linq.LinqPathProvider.GetValueFromExpressionWithoutConversion(Expression expression, Object& value)
   at Raven.Client.Documents.Linq.RavenQueryProviderProcessor`1.VisitEquals(BinaryExpression expression)
   at Raven.Client.Documents.Linq.RavenQueryProviderProcessor`1.VisitBinaryExpression(BinaryExpression expression)
   at Raven.Client.Documents.Linq.RavenQueryProviderProcessor`1.VisitQueryableMethodCall(MethodCallExpression expression)
   at Raven.Client.Documents.Linq.RavenQueryProviderProcessor`1.VisitMethodCall(MethodCallExpression expression)
   at Raven.Client.Documents.Linq.RavenQueryProviderProcessor`1.GetAsyncDocumentQueryFor(Expression expression, Action`1 customization)
  Failed Piranha.Tests.Services.PageTestsDistributedCache.CanNotUpdateCopyWithAnotherTypeIdOtherThanOriginalPageTypeId [1 ms]
  Error Message:
   System.NotSupportedException : Could not understand expression: from 'Blocks'.Where(b => (b.Id == value(Piranha.Repositories.PageRepository+<>c__DisplayClass23_3`1[Piranha.Tests.Services.PageTests+MyPage]).CS$<>8__locals2.blocks.get_Item(value(Piranha.Repositories.PageRepository+<>c__DisplayClass23_3`1[Piranha.Tests.Services.PageTests+MyPage]).n).Id))
---- System.NotSupportedException : Expression type not supported: System.Linq.Expressions.InstanceMethodCallExpression1
  Stack Trace:
     at Raven.Client.Documents.Linq.RavenQueryProviderProcessor`1.GetAsyncDocumentQueryFor(Expression expression, Action`1 customization)
   at Raven.Client.Documents.Linq.RavenQueryProvider`1.ToAsyncDocumentQuery[TResult](Expression expression)
   at Raven.Client.Documents.LinqExtensions.FirstOrDefaultAsync[TSource](IQueryable`1 source, Expression`1 predicate, CancellationToken token)
   at Piranha.Repositories.PageRepository.Save[T](T model, Boolean isDraft) in C:\Users\bbqch\proj\microbians\piranha\data\Piranha.Data.EF\Repositories\PageRepository.cs:line 830
   at Piranha.Services.PageService.SaveAsync[T](T model, Boolean isDraft) in C:\Users\bbqch\proj\microbians\piranha\core\Piranha\Services\Internal\PageService.cs:line 732
   at Piranha.Tests.Services.PageTests.InitializeAsync() in C:\Users\bbqch\proj\microbians\piranha\test\Piranha.Tests\Services\PageTests.cs:line 163
   at Piranha.Tests.Services.PageTestsDistributedCache.InitializeAsync() in C:\Users\bbqch\proj\microbians\piranha\test\Piranha.Tests\Services\PageTests.cs:line 38
----- Inner Stack Trace -----
   at Raven.Client.Documents.Linq.LinqPathProvider.GetMemberValue(MemberExpression memberExpression)
   at Raven.Client.Documents.Linq.LinqPathProvider.GetValueFromExpressionWithoutConversion(Expression expression, Object& value)
   at Raven.Client.Documents.Linq.RavenQueryProviderProcessor`1.VisitEquals(BinaryExpression expression)
   at Raven.Client.Documents.Linq.RavenQueryProviderProcessor`1.VisitBinaryExpression(BinaryExpression expression)
   at Raven.Client.Documents.Linq.RavenQueryProviderProcessor`1.VisitQueryableMethodCall(MethodCallExpression expression)
   at Raven.Client.Documents.Linq.RavenQueryProviderProcessor`1.VisitMethodCall(MethodCallExpression expression)
   at Raven.Client.Documents.Linq.RavenQueryProviderProcessor`1.GetAsyncDocumentQueryFor(Expression expression, Action`1 customization)
  Failed Piranha.Tests.Services.PageTestsDistributedCache.GetNoneById [1 ms]
  Error Message:
   System.NotSupportedException : Could not understand expression: from 'Blocks'.Where(b => (b.Id == value(Piranha.Repositories.PageRepository+<>c__DisplayClass23_3`1[Piranha.Tests.Services.PageTests+MyPage]).CS$<>8__locals2.blocks.get_Item(value(Piranha.Repositories.PageRepository+<>c__DisplayClass23_3`1[Piranha.Tests.Services.PageTests+MyPage]).n).Id))
---- System.NotSupportedException : Expression type not supported: System.Linq.Expressions.InstanceMethodCallExpression1
  Stack Trace:
     at Raven.Client.Documents.Linq.RavenQueryProviderProcessor`1.GetAsyncDocumentQueryFor(Expression expression, Action`1 customization)
   at Raven.Client.Documents.Linq.RavenQueryProvider`1.ToAsyncDocumentQuery[TResult](Expression expression)
   at Raven.Client.Documents.LinqExtensions.FirstOrDefaultAsync[TSource](IQueryable`1 source, Expression`1 predicate, CancellationToken token)
   at Piranha.Repositories.PageRepository.Save[T](T model, Boolean isDraft) in C:\Users\bbqch\proj\microbians\piranha\data\Piranha.Data.EF\Repositories\PageRepository.cs:line 830
   at Piranha.Services.PageService.SaveAsync[T](T model, Boolean isDraft) in C:\Users\bbqch\proj\microbians\piranha\core\Piranha\Services\Internal\PageService.cs:line 732
   at Piranha.Tests.Services.PageTests.InitializeAsync() in C:\Users\bbqch\proj\microbians\piranha\test\Piranha.Tests\Services\PageTests.cs:line 163
   at Piranha.Tests.Services.PageTestsDistributedCache.InitializeAsync() in C:\Users\bbqch\proj\microbians\piranha\test\Piranha.Tests\Services\PageTests.cs:line 38
----- Inner Stack Trace -----
   at Raven.Client.Documents.Linq.LinqPathProvider.GetMemberValue(MemberExpression memberExpression)
   at Raven.Client.Documents.Linq.LinqPathProvider.GetValueFromExpressionWithoutConversion(Expression expression, Object& value)
   at Raven.Client.Documents.Linq.RavenQueryProviderProcessor`1.VisitEquals(BinaryExpression expression)
   at Raven.Client.Documents.Linq.RavenQueryProviderProcessor`1.VisitBinaryExpression(BinaryExpression expression)
   at Raven.Client.Documents.Linq.RavenQueryProviderProcessor`1.VisitQueryableMethodCall(MethodCallExpression expression)
   at Raven.Client.Documents.Linq.RavenQueryProviderProcessor`1.VisitMethodCall(MethodCallExpression expression)
   at Raven.Client.Documents.Linq.RavenQueryProviderProcessor`1.GetAsyncDocumentQueryFor(Expression expression, Action`1 customization)
  Failed Piranha.Tests.Services.PageTestsDistributedCache.GetInfoBySlug [1 ms]
  Error Message:
   System.NotSupportedException : Could not understand expression: from 'Blocks'.Where(b => (b.Id == value(Piranha.Repositories.PageRepository+<>c__DisplayClass23_3`1[Piranha.Tests.Services.PageTests+MyPage]).CS$<>8__locals2.blocks.get_Item(value(Piranha.Repositories.PageRepository+<>c__DisplayClass23_3`1[Piranha.Tests.Services.PageTests+MyPage]).n).Id))
---- System.NotSupportedException : Expression type not supported: System.Linq.Expressions.InstanceMethodCallExpression1
  Stack Trace:
     at Raven.Client.Documents.Linq.RavenQueryProviderProcessor`1.GetAsyncDocumentQueryFor(Expression expression, Action`1 customization)
   at Raven.Client.Documents.Linq.RavenQueryProvider`1.ToAsyncDocumentQuery[TResult](Expression expression)
   at Raven.Client.Documents.LinqExtensions.FirstOrDefaultAsync[TSource](IQueryable`1 source, Expression`1 predicate, CancellationToken token)
   at Piranha.Repositories.PageRepository.Save[T](T model, Boolean isDraft) in C:\Users\bbqch\proj\microbians\piranha\data\Piranha.Data.EF\Repositories\PageRepository.cs:line 830
   at Piranha.Services.PageService.SaveAsync[T](T model, Boolean isDraft) in C:\Users\bbqch\proj\microbians\piranha\core\Piranha\Services\Internal\PageService.cs:line 732
   at Piranha.Tests.Services.PageTests.InitializeAsync() in C:\Users\bbqch\proj\microbians\piranha\test\Piranha.Tests\Services\PageTests.cs:line 163
   at Piranha.Tests.Services.PageTestsDistributedCache.InitializeAsync() in C:\Users\bbqch\proj\microbians\piranha\test\Piranha.Tests\Services\PageTests.cs:line 38
----- Inner Stack Trace -----
   at Raven.Client.Documents.Linq.LinqPathProvider.GetMemberValue(MemberExpression memberExpression)
   at Raven.Client.Documents.Linq.LinqPathProvider.GetValueFromExpressionWithoutConversion(Expression expression, Object& value)
   at Raven.Client.Documents.Linq.RavenQueryProviderProcessor`1.VisitEquals(BinaryExpression expression)
   at Raven.Client.Documents.Linq.RavenQueryProviderProcessor`1.VisitBinaryExpression(BinaryExpression expression)
   at Raven.Client.Documents.Linq.RavenQueryProviderProcessor`1.VisitQueryableMethodCall(MethodCallExpression expression)
   at Raven.Client.Documents.Linq.RavenQueryProviderProcessor`1.VisitMethodCall(MethodCallExpression expression)
   at Raven.Client.Documents.Linq.RavenQueryProviderProcessor`1.GetAsyncDocumentQueryFor(Expression expression, Action`1 customization)
  Failed Piranha.Tests.Services.PageTestsDistributedCache.CreateDIDynamic [1 ms]
  Error Message:
   System.NotSupportedException : Could not understand expression: from 'Blocks'.Where(b => (b.Id == value(Piranha.Repositories.PageRepository+<>c__DisplayClass23_3`1[Piranha.Tests.Services.PageTests+MyPage]).CS$<>8__locals2.blocks.get_Item(value(Piranha.Repositories.PageRepository+<>c__DisplayClass23_3`1[Piranha.Tests.Services.PageTests+MyPage]).n).Id))
---- System.NotSupportedException : Expression type not supported: System.Linq.Expressions.InstanceMethodCallExpression1
  Stack Trace:
     at Raven.Client.Documents.Linq.RavenQueryProviderProcessor`1.GetAsyncDocumentQueryFor(Expression expression, Action`1 customization)
   at Raven.Client.Documents.Linq.RavenQueryProvider`1.ToAsyncDocumentQuery[TResult](Expression expression)
   at Raven.Client.Documents.LinqExtensions.FirstOrDefaultAsync[TSource](IQueryable`1 source, Expression`1 predicate, CancellationToken token)
   at Piranha.Repositories.PageRepository.Save[T](T model, Boolean isDraft) in C:\Users\bbqch\proj\microbians\piranha\data\Piranha.Data.EF\Repositories\PageRepository.cs:line 830
   at Piranha.Services.PageService.SaveAsync[T](T model, Boolean isDraft) in C:\Users\bbqch\proj\microbians\piranha\core\Piranha\Services\Internal\PageService.cs:line 732
   at Piranha.Tests.Services.PageTests.InitializeAsync() in C:\Users\bbqch\proj\microbians\piranha\test\Piranha.Tests\Services\PageTests.cs:line 163
   at Piranha.Tests.Services.PageTestsDistributedCache.InitializeAsync() in C:\Users\bbqch\proj\microbians\piranha\test\Piranha.Tests\Services\PageTests.cs:line 38
----- Inner Stack Trace -----
   at Raven.Client.Documents.Linq.LinqPathProvider.GetMemberValue(MemberExpression memberExpression)
   at Raven.Client.Documents.Linq.LinqPathProvider.GetValueFromExpressionWithoutConversion(Expression expression, Object& value)
   at Raven.Client.Documents.Linq.RavenQueryProviderProcessor`1.VisitEquals(BinaryExpression expression)
   at Raven.Client.Documents.Linq.RavenQueryProviderProcessor`1.VisitBinaryExpression(BinaryExpression expression)
   at Raven.Client.Documents.Linq.RavenQueryProviderProcessor`1.VisitQueryableMethodCall(MethodCallExpression expression)
   at Raven.Client.Documents.Linq.RavenQueryProviderProcessor`1.VisitMethodCall(MethodCallExpression expression)
   at Raven.Client.Documents.Linq.RavenQueryProviderProcessor`1.GetAsyncDocumentQueryFor(Expression expression, Action`1 customization)
  Failed Piranha.Tests.Services.PageTests.GetMissingBySlug [1 ms]
  Error Message:
   System.NotSupportedException : Could not understand expression: from 'Blocks'.Where(b => (b.Id == value(Piranha.Repositories.PageRepository+<>c__DisplayClass23_3`1[Piranha.Tests.Services.PageTests+MyPage]).CS$<>8__locals2.blocks.get_Item(value(Piranha.Repositories.PageRepository+<>c__DisplayClass23_3`1[Piranha.Tests.Services.PageTests+MyPage]).n).Id))
---- System.NotSupportedException : Expression type not supported: System.Linq.Expressions.InstanceMethodCallExpression1
  Stack Trace:
     at Raven.Client.Documents.Linq.RavenQueryProviderProcessor`1.GetAsyncDocumentQueryFor(Expression expression, Action`1 customization)
   at Raven.Client.Documents.Linq.RavenQueryProvider`1.ToAsyncDocumentQuery[TResult](Expression expression)
   at Raven.Client.Documents.LinqExtensions.FirstOrDefaultAsync[TSource](IQueryable`1 source, Expression`1 predicate, CancellationToken token)
   at Piranha.Repositories.PageRepository.Save[T](T model, Boolean isDraft) in C:\Users\bbqch\proj\microbians\piranha\data\Piranha.Data.EF\Repositories\PageRepository.cs:line 830
   at Piranha.Services.PageService.SaveAsync[T](T model, Boolean isDraft) in C:\Users\bbqch\proj\microbians\piranha\core\Piranha\Services\Internal\PageService.cs:line 732
   at Piranha.Tests.Services.PageTests.InitializeAsync() in C:\Users\bbqch\proj\microbians\piranha\test\Piranha.Tests\Services\PageTests.cs:line 163
----- Inner Stack Trace -----
   at Raven.Client.Documents.Linq.LinqPathProvider.GetMemberValue(MemberExpression memberExpression)
   at Raven.Client.Documents.Linq.LinqPathProvider.GetValueFromExpressionWithoutConversion(Expression expression, Object& value)
   at Raven.Client.Documents.Linq.RavenQueryProviderProcessor`1.VisitEquals(BinaryExpression expression)
   at Raven.Client.Documents.Linq.RavenQueryProviderProcessor`1.VisitBinaryExpression(BinaryExpression expression)
   at Raven.Client.Documents.Linq.RavenQueryProviderProcessor`1.VisitQueryableMethodCall(MethodCallExpression expression)
   at Raven.Client.Documents.Linq.RavenQueryProviderProcessor`1.VisitMethodCall(MethodCallExpression expression)
   at Raven.Client.Documents.Linq.RavenQueryProviderProcessor`1.GetAsyncDocumentQueryFor(Expression expression, Action`1 customization)
  Failed Piranha.Tests.Services.PageTests.SaveDraft [1 ms]
  Error Message:
   System.NotSupportedException : Could not understand expression: from 'Blocks'.Where(b => (b.Id == value(Piranha.Repositories.PageRepository+<>c__DisplayClass23_3`1[Piranha.Tests.Services.PageTests+MyPage]).CS$<>8__locals2.blocks.get_Item(value(Piranha.Repositories.PageRepository+<>c__DisplayClass23_3`1[Piranha.Tests.Services.PageTests+MyPage]).n).Id))
---- System.NotSupportedException : Expression type not supported: System.Linq.Expressions.InstanceMethodCallExpression1
  Stack Trace:
     at Raven.Client.Documents.Linq.RavenQueryProviderProcessor`1.GetAsyncDocumentQueryFor(Expression expression, Action`1 customization)
   at Raven.Client.Documents.Linq.RavenQueryProvider`1.ToAsyncDocumentQuery[TResult](Expression expression)
   at Raven.Client.Documents.LinqExtensions.FirstOrDefaultAsync[TSource](IQueryable`1 source, Expression`1 predicate, CancellationToken token)
   at Piranha.Repositories.PageRepository.Save[T](T model, Boolean isDraft) in C:\Users\bbqch\proj\microbians\piranha\data\Piranha.Data.EF\Repositories\PageRepository.cs:line 830
   at Piranha.Services.PageService.SaveAsync[T](T model, Boolean isDraft) in C:\Users\bbqch\proj\microbians\piranha\core\Piranha\Services\Internal\PageService.cs:line 732
   at Piranha.Tests.Services.PageTests.InitializeAsync() in C:\Users\bbqch\proj\microbians\piranha\test\Piranha.Tests\Services\PageTests.cs:line 163
----- Inner Stack Trace -----
   at Raven.Client.Documents.Linq.LinqPathProvider.GetMemberValue(MemberExpression memberExpression)
   at Raven.Client.Documents.Linq.LinqPathProvider.GetValueFromExpressionWithoutConversion(Expression expression, Object& value)
   at Raven.Client.Documents.Linq.RavenQueryProviderProcessor`1.VisitEquals(BinaryExpression expression)
   at Raven.Client.Documents.Linq.RavenQueryProviderProcessor`1.VisitBinaryExpression(BinaryExpression expression)
   at Raven.Client.Documents.Linq.RavenQueryProviderProcessor`1.VisitQueryableMethodCall(MethodCallExpression expression)
   at Raven.Client.Documents.Linq.RavenQueryProviderProcessor`1.VisitMethodCall(MethodCallExpression expression)
   at Raven.Client.Documents.Linq.RavenQueryProviderProcessor`1.GetAsyncDocumentQueryFor(Expression expression, Action`1 customization)
  Failed Piranha.Tests.Services.PageTests.GetGenericById [1 ms]
  Error Message:
   System.NotSupportedException : Could not understand expression: from 'Blocks'.Where(b => (b.Id == value(Piranha.Repositories.PageRepository+<>c__DisplayClass23_3`1[Piranha.Tests.Services.PageTests+MyPage]).CS$<>8__locals2.blocks.get_Item(value(Piranha.Repositories.PageRepository+<>c__DisplayClass23_3`1[Piranha.Tests.Services.PageTests+MyPage]).n).Id))
---- System.NotSupportedException : Expression type not supported: System.Linq.Expressions.InstanceMethodCallExpression1
  Stack Trace:
     at Raven.Client.Documents.Linq.RavenQueryProviderProcessor`1.GetAsyncDocumentQueryFor(Expression expression, Action`1 customization)
   at Raven.Client.Documents.Linq.RavenQueryProvider`1.ToAsyncDocumentQuery[TResult](Expression expression)
   at Raven.Client.Documents.LinqExtensions.FirstOrDefaultAsync[TSource](IQueryable`1 source, Expression`1 predicate, CancellationToken token)
   at Piranha.Repositories.PageRepository.Save[T](T model, Boolean isDraft) in C:\Users\bbqch\proj\microbians\piranha\data\Piranha.Data.EF\Repositories\PageRepository.cs:line 830
   at Piranha.Services.PageService.SaveAsync[T](T model, Boolean isDraft) in C:\Users\bbqch\proj\microbians\piranha\core\Piranha\Services\Internal\PageService.cs:line 732
   at Piranha.Tests.Services.PageTests.InitializeAsync() in C:\Users\bbqch\proj\microbians\piranha\test\Piranha.Tests\Services\PageTests.cs:line 163
----- Inner Stack Trace -----
   at Raven.Client.Documents.Linq.LinqPathProvider.GetMemberValue(MemberExpression memberExpression)
   at Raven.Client.Documents.Linq.LinqPathProvider.GetValueFromExpressionWithoutConversion(Expression expression, Object& value)
   at Raven.Client.Documents.Linq.RavenQueryProviderProcessor`1.VisitEquals(BinaryExpression expression)
   at Raven.Client.Documents.Linq.RavenQueryProviderProcessor`1.VisitBinaryExpression(BinaryExpression expression)
   at Raven.Client.Documents.Linq.RavenQueryProviderProcessor`1.VisitQueryableMethodCall(MethodCallExpression expression)
   at Raven.Client.Documents.Linq.RavenQueryProviderProcessor`1.VisitMethodCall(MethodCallExpression expression)
   at Raven.Client.Documents.Linq.RavenQueryProviderProcessor`1.GetAsyncDocumentQueryFor(Expression expression, Action`1 customization)
  Failed Piranha.Tests.Services.PageTests.DetachShouldCopyRegions [1 ms]
  Error Message:
   System.NotSupportedException : Could not understand expression: from 'Blocks'.Where(b => (b.Id == value(Piranha.Repositories.PageRepository+<>c__DisplayClass23_3`1[Piranha.Tests.Services.PageTests+MyPage]).CS$<>8__locals2.blocks.get_Item(value(Piranha.Repositories.PageRepository+<>c__DisplayClass23_3`1[Piranha.Tests.Services.PageTests+MyPage]).n).Id))
---- System.NotSupportedException : Expression type not supported: System.Linq.Expressions.InstanceMethodCallExpression1
  Stack Trace:
     at Raven.Client.Documents.Linq.RavenQueryProviderProcessor`1.GetAsyncDocumentQueryFor(Expression expression, Action`1 customization)
   at Raven.Client.Documents.Linq.RavenQueryProvider`1.ToAsyncDocumentQuery[TResult](Expression expression)
   at Raven.Client.Documents.LinqExtensions.FirstOrDefaultAsync[TSource](IQueryable`1 source, Expression`1 predicate, CancellationToken token)
   at Piranha.Repositories.PageRepository.Save[T](T model, Boolean isDraft) in C:\Users\bbqch\proj\microbians\piranha\data\Piranha.Data.EF\Repositories\PageRepository.cs:line 830
   at Piranha.Services.PageService.SaveAsync[T](T model, Boolean isDraft) in C:\Users\bbqch\proj\microbians\piranha\core\Piranha\Services\Internal\PageService.cs:line 732
   at Piranha.Tests.Services.PageTests.InitializeAsync() in C:\Users\bbqch\proj\microbians\piranha\test\Piranha.Tests\Services\PageTests.cs:line 163
----- Inner Stack Trace -----
   at Raven.Client.Documents.Linq.LinqPathProvider.GetMemberValue(MemberExpression memberExpression)
   at Raven.Client.Documents.Linq.LinqPathProvider.GetValueFromExpressionWithoutConversion(Expression expression, Object& value)
   at Raven.Client.Documents.Linq.RavenQueryProviderProcessor`1.VisitEquals(BinaryExpression expression)
   at Raven.Client.Documents.Linq.RavenQueryProviderProcessor`1.VisitBinaryExpression(BinaryExpression expression)
   at Raven.Client.Documents.Linq.RavenQueryProviderProcessor`1.VisitQueryableMethodCall(MethodCallExpression expression)
   at Raven.Client.Documents.Linq.RavenQueryProviderProcessor`1.VisitMethodCall(MethodCallExpression expression)
   at Raven.Client.Documents.Linq.RavenQueryProviderProcessor`1.GetAsyncDocumentQueryFor(Expression expression, Action`1 customization)
  Failed Piranha.Tests.Services.PageTests.GetCopyGenericBySlug [1 ms]
  Error Message:
   System.NotSupportedException : Could not understand expression: from 'Blocks'.Where(b => (b.Id == value(Piranha.Repositories.PageRepository+<>c__DisplayClass23_3`1[Piranha.Tests.Services.PageTests+MyPage]).CS$<>8__locals2.blocks.get_Item(value(Piranha.Repositories.PageRepository+<>c__DisplayClass23_3`1[Piranha.Tests.Services.PageTests+MyPage]).n).Id))
---- System.NotSupportedException : Expression type not supported: System.Linq.Expressions.InstanceMethodCallExpression1
  Stack Trace:
     at Raven.Client.Documents.Linq.RavenQueryProviderProcessor`1.GetAsyncDocumentQueryFor(Expression expression, Action`1 customization)
   at Raven.Client.Documents.Linq.RavenQueryProvider`1.ToAsyncDocumentQuery[TResult](Expression expression)
   at Raven.Client.Documents.LinqExtensions.FirstOrDefaultAsync[TSource](IQueryable`1 source, Expression`1 predicate, CancellationToken token)
   at Piranha.Repositories.PageRepository.Save[T](T model, Boolean isDraft) in C:\Users\bbqch\proj\microbians\piranha\data\Piranha.Data.EF\Repositories\PageRepository.cs:line 830
   at Piranha.Services.PageService.SaveAsync[T](T model, Boolean isDraft) in C:\Users\bbqch\proj\microbians\piranha\core\Piranha\Services\Internal\PageService.cs:line 732
   at Piranha.Tests.Services.PageTests.InitializeAsync() in C:\Users\bbqch\proj\microbians\piranha\test\Piranha.Tests\Services\PageTests.cs:line 163
----- Inner Stack Trace -----
   at Raven.Client.Documents.Linq.LinqPathProvider.GetMemberValue(MemberExpression memberExpression)
   at Raven.Client.Documents.Linq.LinqPathProvider.GetValueFromExpressionWithoutConversion(Expression expression, Object& value)
   at Raven.Client.Documents.Linq.RavenQueryProviderProcessor`1.VisitEquals(BinaryExpression expression)
   at Raven.Client.Documents.Linq.RavenQueryProviderProcessor`1.VisitBinaryExpression(BinaryExpression expression)
   at Raven.Client.Documents.Linq.RavenQueryProviderProcessor`1.VisitQueryableMethodCall(MethodCallExpression expression)
   at Raven.Client.Documents.Linq.RavenQueryProviderProcessor`1.VisitMethodCall(MethodCallExpression expression)
   at Raven.Client.Documents.Linq.RavenQueryProviderProcessor`1.GetAsyncDocumentQueryFor(Expression expression, Action`1 customization)
  Failed Piranha.Tests.Services.PageTests.GetDynamicById [1 ms]
  Error Message:
   System.NotSupportedException : Could not understand expression: from 'Blocks'.Where(b => (b.Id == value(Piranha.Repositories.PageRepository+<>c__DisplayClass23_3`1[Piranha.Tests.Services.PageTests+MyPage]).CS$<>8__locals2.blocks.get_Item(value(Piranha.Repositories.PageRepository+<>c__DisplayClass23_3`1[Piranha.Tests.Services.PageTests+MyPage]).n).Id))
---- System.NotSupportedException : Expression type not supported: System.Linq.Expressions.InstanceMethodCallExpression1
  Stack Trace:
     at Raven.Client.Documents.Linq.RavenQueryProviderProcessor`1.GetAsyncDocumentQueryFor(Expression expression, Action`1 customization)
   at Raven.Client.Documents.Linq.RavenQueryProvider`1.ToAsyncDocumentQuery[TResult](Expression expression)
   at Raven.Client.Documents.LinqExtensions.FirstOrDefaultAsync[TSource](IQueryable`1 source, Expression`1 predicate, CancellationToken token)
   at Piranha.Repositories.PageRepository.Save[T](T model, Boolean isDraft) in C:\Users\bbqch\proj\microbians\piranha\data\Piranha.Data.EF\Repositories\PageRepository.cs:line 830
   at Piranha.Services.PageService.SaveAsync[T](T model, Boolean isDraft) in C:\Users\bbqch\proj\microbians\piranha\core\Piranha\Services\Internal\PageService.cs:line 732
   at Piranha.Tests.Services.PageTests.InitializeAsync() in C:\Users\bbqch\proj\microbians\piranha\test\Piranha.Tests\Services\PageTests.cs:line 163
----- Inner Stack Trace -----
   at Raven.Client.Documents.Linq.LinqPathProvider.GetMemberValue(MemberExpression memberExpression)
   at Raven.Client.Documents.Linq.LinqPathProvider.GetValueFromExpressionWithoutConversion(Expression expression, Object& value)
   at Raven.Client.Documents.Linq.RavenQueryProviderProcessor`1.VisitEquals(BinaryExpression expression)
   at Raven.Client.Documents.Linq.RavenQueryProviderProcessor`1.VisitBinaryExpression(BinaryExpression expression)
   at Raven.Client.Documents.Linq.RavenQueryProviderProcessor`1.VisitQueryableMethodCall(MethodCallExpression expression)
   at Raven.Client.Documents.Linq.RavenQueryProviderProcessor`1.VisitMethodCall(MethodCallExpression expression)
   at Raven.Client.Documents.Linq.RavenQueryProviderProcessor`1.GetAsyncDocumentQueryFor(Expression expression, Action`1 customization)
  Failed Piranha.Tests.Services.PageTests.GetIdBySlugSiteId [1 ms]
  Error Message:
   System.NotSupportedException : Could not understand expression: from 'Blocks'.Where(b => (b.Id == value(Piranha.Repositories.PageRepository+<>c__DisplayClass23_3`1[Piranha.Tests.Services.PageTests+MyPage]).CS$<>8__locals2.blocks.get_Item(value(Piranha.Repositories.PageRepository+<>c__DisplayClass23_3`1[Piranha.Tests.Services.PageTests+MyPage]).n).Id))
---- System.NotSupportedException : Expression type not supported: System.Linq.Expressions.InstanceMethodCallExpression1
  Stack Trace:
     at Raven.Client.Documents.Linq.RavenQueryProviderProcessor`1.GetAsyncDocumentQueryFor(Expression expression, Action`1 customization)
   at Raven.Client.Documents.Linq.RavenQueryProvider`1.ToAsyncDocumentQuery[TResult](Expression expression)
   at Raven.Client.Documents.LinqExtensions.FirstOrDefaultAsync[TSource](IQueryable`1 source, Expression`1 predicate, CancellationToken token)
   at Piranha.Repositories.PageRepository.Save[T](T model, Boolean isDraft) in C:\Users\bbqch\proj\microbians\piranha\data\Piranha.Data.EF\Repositories\PageRepository.cs:line 830
   at Piranha.Services.PageService.SaveAsync[T](T model, Boolean isDraft) in C:\Users\bbqch\proj\microbians\piranha\core\Piranha\Services\Internal\PageService.cs:line 732
   at Piranha.Tests.Services.PageTests.InitializeAsync() in C:\Users\bbqch\proj\microbians\piranha\test\Piranha.Tests\Services\PageTests.cs:line 163
----- Inner Stack Trace -----
   at Raven.Client.Documents.Linq.LinqPathProvider.GetMemberValue(MemberExpression memberExpression)
   at Raven.Client.Documents.Linq.LinqPathProvider.GetValueFromExpressionWithoutConversion(Expression expression, Object& value)
   at Raven.Client.Documents.Linq.RavenQueryProviderProcessor`1.VisitEquals(BinaryExpression expression)
   at Raven.Client.Documents.Linq.RavenQueryProviderProcessor`1.VisitBinaryExpression(BinaryExpression expression)
   at Raven.Client.Documents.Linq.RavenQueryProviderProcessor`1.VisitQueryableMethodCall(MethodCallExpression expression)
   at Raven.Client.Documents.Linq.RavenQueryProviderProcessor`1.VisitMethodCall(MethodCallExpression expression)
   at Raven.Client.Documents.Linq.RavenQueryProviderProcessor`1.GetAsyncDocumentQueryFor(Expression expression, Action`1 customization)
  Failed Piranha.Tests.Services.PageTests.GetInfoById [1 ms]
  Error Message:
   System.NotSupportedException : Could not understand expression: from 'Blocks'.Where(b => (b.Id == value(Piranha.Repositories.PageRepository+<>c__DisplayClass23_3`1[Piranha.Tests.Services.PageTests+MyPage]).CS$<>8__locals2.blocks.get_Item(value(Piranha.Repositories.PageRepository+<>c__DisplayClass23_3`1[Piranha.Tests.Services.PageTests+MyPage]).n).Id))
---- System.NotSupportedException : Expression type not supported: System.Linq.Expressions.InstanceMethodCallExpression1
  Stack Trace:
     at Raven.Client.Documents.Linq.RavenQueryProviderProcessor`1.GetAsyncDocumentQueryFor(Expression expression, Action`1 customization)
   at Raven.Client.Documents.Linq.RavenQueryProvider`1.ToAsyncDocumentQuery[TResult](Expression expression)
   at Raven.Client.Documents.LinqExtensions.FirstOrDefaultAsync[TSource](IQueryable`1 source, Expression`1 predicate, CancellationToken token)
   at Piranha.Repositories.PageRepository.Save[T](T model, Boolean isDraft) in C:\Users\bbqch\proj\microbians\piranha\data\Piranha.Data.EF\Repositories\PageRepository.cs:line 830
   at Piranha.Services.PageService.SaveAsync[T](T model, Boolean isDraft) in C:\Users\bbqch\proj\microbians\piranha\core\Piranha\Services\Internal\PageService.cs:line 732
   at Piranha.Tests.Services.PageTests.InitializeAsync() in C:\Users\bbqch\proj\microbians\piranha\test\Piranha.Tests\Services\PageTests.cs:line 163
----- Inner Stack Trace -----
   at Raven.Client.Documents.Linq.LinqPathProvider.GetMemberValue(MemberExpression memberExpression)
   at Raven.Client.Documents.Linq.LinqPathProvider.GetValueFromExpressionWithoutConversion(Expression expression, Object& value)
   at Raven.Client.Documents.Linq.RavenQueryProviderProcessor`1.VisitEquals(BinaryExpression expression)
   at Raven.Client.Documents.Linq.RavenQueryProviderProcessor`1.VisitBinaryExpression(BinaryExpression expression)
   at Raven.Client.Documents.Linq.RavenQueryProviderProcessor`1.VisitQueryableMethodCall(MethodCallExpression expression)
   at Raven.Client.Documents.Linq.RavenQueryProviderProcessor`1.VisitMethodCall(MethodCallExpression expression)
   at Raven.Client.Documents.Linq.RavenQueryProviderProcessor`1.GetAsyncDocumentQueryFor(Expression expression, Action`1 customization)
  Failed Piranha.Tests.Services.PageTests.EmptyDynamicCollectionPageComplex [1 ms]
  Error Message:
   System.NotSupportedException : Could not understand expression: from 'Blocks'.Where(b => (b.Id == value(Piranha.Repositories.PageRepository+<>c__DisplayClass23_3`1[Piranha.Tests.Services.PageTests+MyPage]).CS$<>8__locals2.blocks.get_Item(value(Piranha.Repositories.PageRepository+<>c__DisplayClass23_3`1[Piranha.Tests.Services.PageTests+MyPage]).n).Id))
---- System.NotSupportedException : Expression type not supported: System.Linq.Expressions.InstanceMethodCallExpression1
  Stack Trace:
     at Raven.Client.Documents.Linq.RavenQueryProviderProcessor`1.GetAsyncDocumentQueryFor(Expression expression, Action`1 customization)
   at Raven.Client.Documents.Linq.RavenQueryProvider`1.ToAsyncDocumentQuery[TResult](Expression expression)
   at Raven.Client.Documents.LinqExtensions.FirstOrDefaultAsync[TSource](IQueryable`1 source, Expression`1 predicate, CancellationToken token)
   at Piranha.Repositories.PageRepository.Save[T](T model, Boolean isDraft) in C:\Users\bbqch\proj\microbians\piranha\data\Piranha.Data.EF\Repositories\PageRepository.cs:line 830
   at Piranha.Services.PageService.SaveAsync[T](T model, Boolean isDraft) in C:\Users\bbqch\proj\microbians\piranha\core\Piranha\Services\Internal\PageService.cs:line 732
   at Piranha.Tests.Services.PageTests.InitializeAsync() in C:\Users\bbqch\proj\microbians\piranha\test\Piranha.Tests\Services\PageTests.cs:line 163
----- Inner Stack Trace -----
   at Raven.Client.Documents.Linq.LinqPathProvider.GetMemberValue(MemberExpression memberExpression)
   at Raven.Client.Documents.Linq.LinqPathProvider.GetValueFromExpressionWithoutConversion(Expression expression, Object& value)
   at Raven.Client.Documents.Linq.RavenQueryProviderProcessor`1.VisitEquals(BinaryExpression expression)
   at Raven.Client.Documents.Linq.RavenQueryProviderProcessor`1.VisitBinaryExpression(BinaryExpression expression)
   at Raven.Client.Documents.Linq.RavenQueryProviderProcessor`1.VisitQueryableMethodCall(MethodCallExpression expression)
   at Raven.Client.Documents.Linq.RavenQueryProviderProcessor`1.VisitMethodCall(MethodCallExpression expression)
   at Raven.Client.Documents.Linq.RavenQueryProviderProcessor`1.GetAsyncDocumentQueryFor(Expression expression, Action`1 customization)
  Failed Piranha.Tests.Services.PageTests.Update [1 ms]
  Error Message:
   System.NotSupportedException : Could not understand expression: from 'Blocks'.Where(b => (b.Id == value(Piranha.Repositories.PageRepository+<>c__DisplayClass23_3`1[Piranha.Tests.Services.PageTests+MyPage]).CS$<>8__locals2.blocks.get_Item(value(Piranha.Repositories.PageRepository+<>c__DisplayClass23_3`1[Piranha.Tests.Services.PageTests+MyPage]).n).Id))
---- System.NotSupportedException : Expression type not supported: System.Linq.Expressions.InstanceMethodCallExpression1
  Stack Trace:
     at Raven.Client.Documents.Linq.RavenQueryProviderProcessor`1.GetAsyncDocumentQueryFor(Expression expression, Action`1 customization)
   at Raven.Client.Documents.Linq.RavenQueryProvider`1.ToAsyncDocumentQuery[TResult](Expression expression)
   at Raven.Client.Documents.LinqExtensions.FirstOrDefaultAsync[TSource](IQueryable`1 source, Expression`1 predicate, CancellationToken token)
   at Piranha.Repositories.PageRepository.Save[T](T model, Boolean isDraft) in C:\Users\bbqch\proj\microbians\piranha\data\Piranha.Data.EF\Repositories\PageRepository.cs:line 830
   at Piranha.Services.PageService.SaveAsync[T](T model, Boolean isDraft) in C:\Users\bbqch\proj\microbians\piranha\core\Piranha\Services\Internal\PageService.cs:line 732
   at Piranha.Tests.Services.PageTests.InitializeAsync() in C:\Users\bbqch\proj\microbians\piranha\test\Piranha.Tests\Services\PageTests.cs:line 163
----- Inner Stack Trace -----
   at Raven.Client.Documents.Linq.LinqPathProvider.GetMemberValue(MemberExpression memberExpression)
   at Raven.Client.Documents.Linq.LinqPathProvider.GetValueFromExpressionWithoutConversion(Expression expression, Object& value)
   at Raven.Client.Documents.Linq.RavenQueryProviderProcessor`1.VisitEquals(BinaryExpression expression)
   at Raven.Client.Documents.Linq.RavenQueryProviderProcessor`1.VisitBinaryExpression(BinaryExpression expression)
   at Raven.Client.Documents.Linq.RavenQueryProviderProcessor`1.VisitQueryableMethodCall(MethodCallExpression expression)
   at Raven.Client.Documents.Linq.RavenQueryProviderProcessor`1.VisitMethodCall(MethodCallExpression expression)
   at Raven.Client.Documents.Linq.RavenQueryProviderProcessor`1.GetAsyncDocumentQueryFor(Expression expression, Action`1 customization)
  Failed Piranha.Tests.Services.PageTests.GetAllByBaseClass [1 ms]
  Error Message:
   System.NotSupportedException : Could not understand expression: from 'Blocks'.Where(b => (b.Id == value(Piranha.Repositories.PageRepository+<>c__DisplayClass23_3`1[Piranha.Tests.Services.PageTests+MyPage]).CS$<>8__locals2.blocks.get_Item(value(Piranha.Repositories.PageRepository+<>c__DisplayClass23_3`1[Piranha.Tests.Services.PageTests+MyPage]).n).Id))
---- System.NotSupportedException : Expression type not supported: System.Linq.Expressions.InstanceMethodCallExpression1
  Stack Trace:
     at Raven.Client.Documents.Linq.RavenQueryProviderProcessor`1.GetAsyncDocumentQueryFor(Expression expression, Action`1 customization)
   at Raven.Client.Documents.Linq.RavenQueryProvider`1.ToAsyncDocumentQuery[TResult](Expression expression)
   at Raven.Client.Documents.LinqExtensions.FirstOrDefaultAsync[TSource](IQueryable`1 source, Expression`1 predicate, CancellationToken token)
   at Piranha.Repositories.PageRepository.Save[T](T model, Boolean isDraft) in C:\Users\bbqch\proj\microbians\piranha\data\Piranha.Data.EF\Repositories\PageRepository.cs:line 830
   at Piranha.Services.PageService.SaveAsync[T](T model, Boolean isDraft) in C:\Users\bbqch\proj\microbians\piranha\core\Piranha\Services\Internal\PageService.cs:line 732
   at Piranha.Tests.Services.PageTests.InitializeAsync() in C:\Users\bbqch\proj\microbians\piranha\test\Piranha.Tests\Services\PageTests.cs:line 163
----- Inner Stack Trace -----
   at Raven.Client.Documents.Linq.LinqPathProvider.GetMemberValue(MemberExpression memberExpression)
   at Raven.Client.Documents.Linq.LinqPathProvider.GetValueFromExpressionWithoutConversion(Expression expression, Object& value)
   at Raven.Client.Documents.Linq.RavenQueryProviderProcessor`1.VisitEquals(BinaryExpression expression)
   at Raven.Client.Documents.Linq.RavenQueryProviderProcessor`1.VisitBinaryExpression(BinaryExpression expression)
   at Raven.Client.Documents.Linq.RavenQueryProviderProcessor`1.VisitQueryableMethodCall(MethodCallExpression expression)
   at Raven.Client.Documents.Linq.RavenQueryProviderProcessor`1.VisitMethodCall(MethodCallExpression expression)
   at Raven.Client.Documents.Linq.RavenQueryProviderProcessor`1.GetAsyncDocumentQueryFor(Expression expression, Action`1 customization)
  Failed Piranha.Tests.Services.PageTests.GetBlocksById [1 ms]
  Error Message:
   System.NotSupportedException : Could not understand expression: from 'Blocks'.Where(b => (b.Id == value(Piranha.Repositories.PageRepository+<>c__DisplayClass23_3`1[Piranha.Tests.Services.PageTests+MyPage]).CS$<>8__locals2.blocks.get_Item(value(Piranha.Repositories.PageRepository+<>c__DisplayClass23_3`1[Piranha.Tests.Services.PageTests+MyPage]).n).Id))
---- System.NotSupportedException : Expression type not supported: System.Linq.Expressions.InstanceMethodCallExpression1
  Stack Trace:
     at Raven.Client.Documents.Linq.RavenQueryProviderProcessor`1.GetAsyncDocumentQueryFor(Expression expression, Action`1 customization)
   at Raven.Client.Documents.Linq.RavenQueryProvider`1.ToAsyncDocumentQuery[TResult](Expression expression)
   at Raven.Client.Documents.LinqExtensions.FirstOrDefaultAsync[TSource](IQueryable`1 source, Expression`1 predicate, CancellationToken token)
   at Piranha.Repositories.PageRepository.Save[T](T model, Boolean isDraft) in C:\Users\bbqch\proj\microbians\piranha\data\Piranha.Data.EF\Repositories\PageRepository.cs:line 830
   at Piranha.Services.PageService.SaveAsync[T](T model, Boolean isDraft) in C:\Users\bbqch\proj\microbians\piranha\core\Piranha\Services\Internal\PageService.cs:line 732
   at Piranha.Tests.Services.PageTests.InitializeAsync() in C:\Users\bbqch\proj\microbians\piranha\test\Piranha.Tests\Services\PageTests.cs:line 163
----- Inner Stack Trace -----
   at Raven.Client.Documents.Linq.LinqPathProvider.GetMemberValue(MemberExpression memberExpression)
   at Raven.Client.Documents.Linq.LinqPathProvider.GetValueFromExpressionWithoutConversion(Expression expression, Object& value)
   at Raven.Client.Documents.Linq.RavenQueryProviderProcessor`1.VisitEquals(BinaryExpression expression)
   at Raven.Client.Documents.Linq.RavenQueryProviderProcessor`1.VisitBinaryExpression(BinaryExpression expression)
   at Raven.Client.Documents.Linq.RavenQueryProviderProcessor`1.VisitQueryableMethodCall(MethodCallExpression expression)
   at Raven.Client.Documents.Linq.RavenQueryProviderProcessor`1.VisitMethodCall(MethodCallExpression expression)
   at Raven.Client.Documents.Linq.RavenQueryProviderProcessor`1.GetAsyncDocumentQueryFor(Expression expression, Action`1 customization)
  Failed Piranha.Tests.Services.PageTests.Delete [1 ms]
  Error Message:
   System.NotSupportedException : Could not understand expression: from 'Blocks'.Where(b => (b.Id == value(Piranha.Repositories.PageRepository+<>c__DisplayClass23_3`1[Piranha.Tests.Services.PageTests+MyPage]).CS$<>8__locals2.blocks.get_Item(value(Piranha.Repositories.PageRepository+<>c__DisplayClass23_3`1[Piranha.Tests.Services.PageTests+MyPage]).n).Id))
---- System.NotSupportedException : Expression type not supported: System.Linq.Expressions.InstanceMethodCallExpression1
  Stack Trace:
     at Raven.Client.Documents.Linq.RavenQueryProviderProcessor`1.GetAsyncDocumentQueryFor(Expression expression, Action`1 customization)
   at Raven.Client.Documents.Linq.RavenQueryProvider`1.ToAsyncDocumentQuery[TResult](Expression expression)
   at Raven.Client.Documents.LinqExtensions.FirstOrDefaultAsync[TSource](IQueryable`1 source, Expression`1 predicate, CancellationToken token)
   at Piranha.Repositories.PageRepository.Save[T](T model, Boolean isDraft) in C:\Users\bbqch\proj\microbians\piranha\data\Piranha.Data.EF\Repositories\PageRepository.cs:line 830
   at Piranha.Services.PageService.SaveAsync[T](T model, Boolean isDraft) in C:\Users\bbqch\proj\microbians\piranha\core\Piranha\Services\Internal\PageService.cs:line 732
   at Piranha.Tests.Services.PageTests.InitializeAsync() in C:\Users\bbqch\proj\microbians\piranha\test\Piranha.Tests\Services\PageTests.cs:line 163
----- Inner Stack Trace -----
   at Raven.Client.Documents.Linq.LinqPathProvider.GetMemberValue(MemberExpression memberExpression)
   at Raven.Client.Documents.Linq.LinqPathProvider.GetValueFromExpressionWithoutConversion(Expression expression, Object& value)
   at Raven.Client.Documents.Linq.RavenQueryProviderProcessor`1.VisitEquals(BinaryExpression expression)
   at Raven.Client.Documents.Linq.RavenQueryProviderProcessor`1.VisitBinaryExpression(BinaryExpression expression)
   at Raven.Client.Documents.Linq.RavenQueryProviderProcessor`1.VisitQueryableMethodCall(MethodCallExpression expression)
   at Raven.Client.Documents.Linq.RavenQueryProviderProcessor`1.VisitMethodCall(MethodCallExpression expression)
   at Raven.Client.Documents.Linq.RavenQueryProviderProcessor`1.GetAsyncDocumentQueryFor(Expression expression, Action`1 customization)
  Failed Piranha.Tests.Services.PageTests.AddNonHierarchical [1 ms]
  Error Message:
   System.NotSupportedException : Could not understand expression: from 'Blocks'.Where(b => (b.Id == value(Piranha.Repositories.PageRepository+<>c__DisplayClass23_3`1[Piranha.Tests.Services.PageTests+MyPage]).CS$<>8__locals2.blocks.get_Item(value(Piranha.Repositories.PageRepository+<>c__DisplayClass23_3`1[Piranha.Tests.Services.PageTests+MyPage]).n).Id))
---- System.NotSupportedException : Expression type not supported: System.Linq.Expressions.InstanceMethodCallExpression1
  Stack Trace:
     at Raven.Client.Documents.Linq.RavenQueryProviderProcessor`1.GetAsyncDocumentQueryFor(Expression expression, Action`1 customization)
   at Raven.Client.Documents.Linq.RavenQueryProvider`1.ToAsyncDocumentQuery[TResult](Expression expression)
   at Raven.Client.Documents.LinqExtensions.FirstOrDefaultAsync[TSource](IQueryable`1 source, Expression`1 predicate, CancellationToken token)
   at Piranha.Repositories.PageRepository.Save[T](T model, Boolean isDraft) in C:\Users\bbqch\proj\microbians\piranha\data\Piranha.Data.EF\Repositories\PageRepository.cs:line 830
   at Piranha.Services.PageService.SaveAsync[T](T model, Boolean isDraft) in C:\Users\bbqch\proj\microbians\piranha\core\Piranha\Services\Internal\PageService.cs:line 732
   at Piranha.Tests.Services.PageTests.InitializeAsync() in C:\Users\bbqch\proj\microbians\piranha\test\Piranha.Tests\Services\PageTests.cs:line 163
----- Inner Stack Trace -----
   at Raven.Client.Documents.Linq.LinqPathProvider.GetMemberValue(MemberExpression memberExpression)
   at Raven.Client.Documents.Linq.LinqPathProvider.GetValueFromExpressionWithoutConversion(Expression expression, Object& value)
   at Raven.Client.Documents.Linq.RavenQueryProviderProcessor`1.VisitEquals(BinaryExpression expression)
   at Raven.Client.Documents.Linq.RavenQueryProviderProcessor`1.VisitBinaryExpression(BinaryExpression expression)
   at Raven.Client.Documents.Linq.RavenQueryProviderProcessor`1.VisitQueryableMethodCall(MethodCallExpression expression)
   at Raven.Client.Documents.Linq.RavenQueryProviderProcessor`1.VisitMethodCall(MethodCallExpression expression)
   at Raven.Client.Documents.Linq.RavenQueryProviderProcessor`1.GetAsyncDocumentQueryFor(Expression expression, Action`1 customization)
  Failed Piranha.Tests.Services.PageTests.GetMissingById [1 ms]
  Error Message:
   System.NotSupportedException : Could not understand expression: from 'Blocks'.Where(b => (b.Id == value(Piranha.Repositories.PageRepository+<>c__DisplayClass23_3`1[Piranha.Tests.Services.PageTests+MyPage]).CS$<>8__locals2.blocks.get_Item(value(Piranha.Repositories.PageRepository+<>c__DisplayClass23_3`1[Piranha.Tests.Services.PageTests+MyPage]).n).Id))
---- System.NotSupportedException : Expression type not supported: System.Linq.Expressions.InstanceMethodCallExpression1
  Stack Trace:
     at Raven.Client.Documents.Linq.RavenQueryProviderProcessor`1.GetAsyncDocumentQueryFor(Expression expression, Action`1 customization)
   at Raven.Client.Documents.Linq.RavenQueryProvider`1.ToAsyncDocumentQuery[TResult](Expression expression)
   at Raven.Client.Documents.LinqExtensions.FirstOrDefaultAsync[TSource](IQueryable`1 source, Expression`1 predicate, CancellationToken token)
   at Piranha.Repositories.PageRepository.Save[T](T model, Boolean isDraft) in C:\Users\bbqch\proj\microbians\piranha\data\Piranha.Data.EF\Repositories\PageRepository.cs:line 830
   at Piranha.Services.PageService.SaveAsync[T](T model, Boolean isDraft) in C:\Users\bbqch\proj\microbians\piranha\core\Piranha\Services\Internal\PageService.cs:line 732
   at Piranha.Tests.Services.PageTests.InitializeAsync() in C:\Users\bbqch\proj\microbians\piranha\test\Piranha.Tests\Services\PageTests.cs:line 163
----- Inner Stack Trace -----
   at Raven.Client.Documents.Linq.LinqPathProvider.GetMemberValue(MemberExpression memberExpression)
   at Raven.Client.Documents.Linq.LinqPathProvider.GetValueFromExpressionWithoutConversion(Expression expression, Object& value)
   at Raven.Client.Documents.Linq.RavenQueryProviderProcessor`1.VisitEquals(BinaryExpression expression)
   at Raven.Client.Documents.Linq.RavenQueryProviderProcessor`1.VisitBinaryExpression(BinaryExpression expression)
   at Raven.Client.Documents.Linq.RavenQueryProviderProcessor`1.VisitQueryableMethodCall(MethodCallExpression expression)
   at Raven.Client.Documents.Linq.RavenQueryProviderProcessor`1.VisitMethodCall(MethodCallExpression expression)
   at Raven.Client.Documents.Linq.RavenQueryProviderProcessor`1.GetAsyncDocumentQueryFor(Expression expression, Action`1 customization)
  Failed Piranha.Tests.Services.PageTests.IsCached [1 ms]
  Error Message:
   System.NotSupportedException : Could not understand expression: from 'Blocks'.Where(b => (b.Id == value(Piranha.Repositories.PageRepository+<>c__DisplayClass23_3`1[Piranha.Tests.Services.PageTests+MyPage]).CS$<>8__locals2.blocks.get_Item(value(Piranha.Repositories.PageRepository+<>c__DisplayClass23_3`1[Piranha.Tests.Services.PageTests+MyPage]).n).Id))
---- System.NotSupportedException : Expression type not supported: System.Linq.Expressions.InstanceMethodCallExpression1
  Stack Trace:
     at Raven.Client.Documents.Linq.RavenQueryProviderProcessor`1.GetAsyncDocumentQueryFor(Expression expression, Action`1 customization)
   at Raven.Client.Documents.Linq.RavenQueryProvider`1.ToAsyncDocumentQuery[TResult](Expression expression)
   at Raven.Client.Documents.LinqExtensions.FirstOrDefaultAsync[TSource](IQueryable`1 source, Expression`1 predicate, CancellationToken token)
   at Piranha.Repositories.PageRepository.Save[T](T model, Boolean isDraft) in C:\Users\bbqch\proj\microbians\piranha\data\Piranha.Data.EF\Repositories\PageRepository.cs:line 830
   at Piranha.Services.PageService.SaveAsync[T](T model, Boolean isDraft) in C:\Users\bbqch\proj\microbians\piranha\core\Piranha\Services\Internal\PageService.cs:line 732
   at Piranha.Tests.Services.PageTests.InitializeAsync() in C:\Users\bbqch\proj\microbians\piranha\test\Piranha.Tests\Services\PageTests.cs:line 163
----- Inner Stack Trace -----
   at Raven.Client.Documents.Linq.LinqPathProvider.GetMemberValue(MemberExpression memberExpression)
   at Raven.Client.Documents.Linq.LinqPathProvider.GetValueFromExpressionWithoutConversion(Expression expression, Object& value)
   at Raven.Client.Documents.Linq.RavenQueryProviderProcessor`1.VisitEquals(BinaryExpression expression)
   at Raven.Client.Documents.Linq.RavenQueryProviderProcessor`1.VisitBinaryExpression(BinaryExpression expression)
   at Raven.Client.Documents.Linq.RavenQueryProviderProcessor`1.VisitQueryableMethodCall(MethodCallExpression expression)
   at Raven.Client.Documents.Linq.RavenQueryProviderProcessor`1.VisitMethodCall(MethodCallExpression expression)
   at Raven.Client.Documents.Linq.RavenQueryProviderProcessor`1.GetAsyncDocumentQueryFor(Expression expression, Action`1 customization)
  Failed Piranha.Tests.Services.PageTests.GetDIDynamic [1 ms]
  Error Message:
   System.NotSupportedException : Could not understand expression: from 'Blocks'.Where(b => (b.Id == value(Piranha.Repositories.PageRepository+<>c__DisplayClass23_3`1[Piranha.Tests.Services.PageTests+MyPage]).CS$<>8__locals2.blocks.get_Item(value(Piranha.Repositories.PageRepository+<>c__DisplayClass23_3`1[Piranha.Tests.Services.PageTests+MyPage]).n).Id))
---- System.NotSupportedException : Expression type not supported: System.Linq.Expressions.InstanceMethodCallExpression1
  Stack Trace:
     at Raven.Client.Documents.Linq.RavenQueryProviderProcessor`1.GetAsyncDocumentQueryFor(Expression expression, Action`1 customization)
   at Raven.Client.Documents.Linq.RavenQueryProvider`1.ToAsyncDocumentQuery[TResult](Expression expression)
   at Raven.Client.Documents.LinqExtensions.FirstOrDefaultAsync[TSource](IQueryable`1 source, Expression`1 predicate, CancellationToken token)
   at Piranha.Repositories.PageRepository.Save[T](T model, Boolean isDraft) in C:\Users\bbqch\proj\microbians\piranha\data\Piranha.Data.EF\Repositories\PageRepository.cs:line 830
   at Piranha.Services.PageService.SaveAsync[T](T model, Boolean isDraft) in C:\Users\bbqch\proj\microbians\piranha\core\Piranha\Services\Internal\PageService.cs:line 732
   at Piranha.Tests.Services.PageTests.InitializeAsync() in C:\Users\bbqch\proj\microbians\piranha\test\Piranha.Tests\Services\PageTests.cs:line 163
----- Inner Stack Trace -----
   at Raven.Client.Documents.Linq.LinqPathProvider.GetMemberValue(MemberExpression memberExpression)
   at Raven.Client.Documents.Linq.LinqPathProvider.GetValueFromExpressionWithoutConversion(Expression expression, Object& value)
   at Raven.Client.Documents.Linq.RavenQueryProviderProcessor`1.VisitEquals(BinaryExpression expression)
   at Raven.Client.Documents.Linq.RavenQueryProviderProcessor`1.VisitBinaryExpression(BinaryExpression expression)
   at Raven.Client.Documents.Linq.RavenQueryProviderProcessor`1.VisitQueryableMethodCall(MethodCallExpression expression)
   at Raven.Client.Documents.Linq.RavenQueryProviderProcessor`1.VisitMethodCall(MethodCallExpression expression)
   at Raven.Client.Documents.Linq.RavenQueryProviderProcessor`1.GetAsyncDocumentQueryFor(Expression expression, Action`1 customization)
  Failed Piranha.Tests.Services.PageTests.CreateDIDynamic [1 ms]
  Error Message:
   System.NotSupportedException : Could not understand expression: from 'Blocks'.Where(b => (b.Id == value(Piranha.Repositories.PageRepository+<>c__DisplayClass23_3`1[Piranha.Tests.Services.PageTests+MyPage]).CS$<>8__locals2.blocks.get_Item(value(Piranha.Repositories.PageRepository+<>c__DisplayClass23_3`1[Piranha.Tests.Services.PageTests+MyPage]).n).Id))
---- System.NotSupportedException : Expression type not supported: System.Linq.Expressions.InstanceMethodCallExpression1
  Stack Trace:
     at Raven.Client.Documents.Linq.RavenQueryProviderProcessor`1.GetAsyncDocumentQueryFor(Expression expression, Action`1 customization)
   at Raven.Client.Documents.Linq.RavenQueryProvider`1.ToAsyncDocumentQuery[TResult](Expression expression)
   at Raven.Client.Documents.LinqExtensions.FirstOrDefaultAsync[TSource](IQueryable`1 source, Expression`1 predicate, CancellationToken token)
   at Piranha.Repositories.PageRepository.Save[T](T model, Boolean isDraft) in C:\Users\bbqch\proj\microbians\piranha\data\Piranha.Data.EF\Repositories\PageRepository.cs:line 830
   at Piranha.Services.PageService.SaveAsync[T](T model, Boolean isDraft) in C:\Users\bbqch\proj\microbians\piranha\core\Piranha\Services\Internal\PageService.cs:line 732
   at Piranha.Tests.Services.PageTests.InitializeAsync() in C:\Users\bbqch\proj\microbians\piranha\test\Piranha.Tests\Services\PageTests.cs:line 163
----- Inner Stack Trace -----
   at Raven.Client.Documents.Linq.LinqPathProvider.GetMemberValue(MemberExpression memberExpression)
   at Raven.Client.Documents.Linq.LinqPathProvider.GetValueFromExpressionWithoutConversion(Expression expression, Object& value)
   at Raven.Client.Documents.Linq.RavenQueryProviderProcessor`1.VisitEquals(BinaryExpression expression)
   at Raven.Client.Documents.Linq.RavenQueryProviderProcessor`1.VisitBinaryExpression(BinaryExpression expression)
   at Raven.Client.Documents.Linq.RavenQueryProviderProcessor`1.VisitQueryableMethodCall(MethodCallExpression expression)
   at Raven.Client.Documents.Linq.RavenQueryProviderProcessor`1.VisitMethodCall(MethodCallExpression expression)
   at Raven.Client.Documents.Linq.RavenQueryProviderProcessor`1.GetAsyncDocumentQueryFor(Expression expression, Action`1 customization)
  Failed Piranha.Tests.Services.PageTests.GetIdBySlug [1 ms]
  Error Message:
   System.NotSupportedException : Could not understand expression: from 'Blocks'.Where(b => (b.Id == value(Piranha.Repositories.PageRepository+<>c__DisplayClass23_3`1[Piranha.Tests.Services.PageTests+MyPage]).CS$<>8__locals2.blocks.get_Item(value(Piranha.Repositories.PageRepository+<>c__DisplayClass23_3`1[Piranha.Tests.Services.PageTests+MyPage]).n).Id))
---- System.NotSupportedException : Expression type not supported: System.Linq.Expressions.InstanceMethodCallExpression1
  Stack Trace:
     at Raven.Client.Documents.Linq.RavenQueryProviderProcessor`1.GetAsyncDocumentQueryFor(Expression expression, Action`1 customization)
   at Raven.Client.Documents.Linq.RavenQueryProvider`1.ToAsyncDocumentQuery[TResult](Expression expression)
   at Raven.Client.Documents.LinqExtensions.FirstOrDefaultAsync[TSource](IQueryable`1 source, Expression`1 predicate, CancellationToken token)
   at Piranha.Repositories.PageRepository.Save[T](T model, Boolean isDraft) in C:\Users\bbqch\proj\microbians\piranha\data\Piranha.Data.EF\Repositories\PageRepository.cs:line 830
   at Piranha.Services.PageService.SaveAsync[T](T model, Boolean isDraft) in C:\Users\bbqch\proj\microbians\piranha\core\Piranha\Services\Internal\PageService.cs:line 732
   at Piranha.Tests.Services.PageTests.InitializeAsync() in C:\Users\bbqch\proj\microbians\piranha\test\Piranha.Tests\Services\PageTests.cs:line 163
----- Inner Stack Trace -----
   at Raven.Client.Documents.Linq.LinqPathProvider.GetMemberValue(MemberExpression memberExpression)
   at Raven.Client.Documents.Linq.LinqPathProvider.GetValueFromExpressionWithoutConversion(Expression expression, Object& value)
   at Raven.Client.Documents.Linq.RavenQueryProviderProcessor`1.VisitEquals(BinaryExpression expression)
   at Raven.Client.Documents.Linq.RavenQueryProviderProcessor`1.VisitBinaryExpression(BinaryExpression expression)
   at Raven.Client.Documents.Linq.RavenQueryProviderProcessor`1.VisitQueryableMethodCall(MethodCallExpression expression)
   at Raven.Client.Documents.Linq.RavenQueryProviderProcessor`1.VisitMethodCall(MethodCallExpression expression)
   at Raven.Client.Documents.Linq.RavenQueryProviderProcessor`1.GetAsyncDocumentQueryFor(Expression expression, Action`1 customization)
  Failed Piranha.Tests.Services.PageTests.GetDynamicBySlug [1 ms]
  Error Message:
   System.NotSupportedException : Could not understand expression: from 'Blocks'.Where(b => (b.Id == value(Piranha.Repositories.PageRepository+<>c__DisplayClass23_3`1[Piranha.Tests.Services.PageTests+MyPage]).CS$<>8__locals2.blocks.get_Item(value(Piranha.Repositories.PageRepository+<>c__DisplayClass23_3`1[Piranha.Tests.Services.PageTests+MyPage]).n).Id))
---- System.NotSupportedException : Expression type not supported: System.Linq.Expressions.InstanceMethodCallExpression1
  Stack Trace:
     at Raven.Client.Documents.Linq.RavenQueryProviderProcessor`1.GetAsyncDocumentQueryFor(Expression expression, Action`1 customization)
   at Raven.Client.Documents.Linq.RavenQueryProvider`1.ToAsyncDocumentQuery[TResult](Expression expression)
   at Raven.Client.Documents.LinqExtensions.FirstOrDefaultAsync[TSource](IQueryable`1 source, Expression`1 predicate, CancellationToken token)
   at Piranha.Repositories.PageRepository.Save[T](T model, Boolean isDraft) in C:\Users\bbqch\proj\microbians\piranha\data\Piranha.Data.EF\Repositories\PageRepository.cs:line 830
   at Piranha.Services.PageService.SaveAsync[T](T model, Boolean isDraft) in C:\Users\bbqch\proj\microbians\piranha\core\Piranha\Services\Internal\PageService.cs:line 732
   at Piranha.Tests.Services.PageTests.InitializeAsync() in C:\Users\bbqch\proj\microbians\piranha\test\Piranha.Tests\Services\PageTests.cs:line 163
----- Inner Stack Trace -----
   at Raven.Client.Documents.Linq.LinqPathProvider.GetMemberValue(MemberExpression memberExpression)
   at Raven.Client.Documents.Linq.LinqPathProvider.GetValueFromExpressionWithoutConversion(Expression expression, Object& value)
   at Raven.Client.Documents.Linq.RavenQueryProviderProcessor`1.VisitEquals(BinaryExpression expression)
   at Raven.Client.Documents.Linq.RavenQueryProviderProcessor`1.VisitBinaryExpression(BinaryExpression expression)
   at Raven.Client.Documents.Linq.RavenQueryProviderProcessor`1.VisitQueryableMethodCall(MethodCallExpression expression)
   at Raven.Client.Documents.Linq.RavenQueryProviderProcessor`1.VisitMethodCall(MethodCallExpression expression)
   at Raven.Client.Documents.Linq.RavenQueryProviderProcessor`1.GetAsyncDocumentQueryFor(Expression expression, Action`1 customization)
  Failed Piranha.Tests.Services.PageTests.DetachShouldCopyBlocks [1 ms]
  Error Message:
   System.NotSupportedException : Could not understand expression: from 'Blocks'.Where(b => (b.Id == value(Piranha.Repositories.PageRepository+<>c__DisplayClass23_3`1[Piranha.Tests.Services.PageTests+MyPage]).CS$<>8__locals2.blocks.get_Item(value(Piranha.Repositories.PageRepository+<>c__DisplayClass23_3`1[Piranha.Tests.Services.PageTests+MyPage]).n).Id))
---- System.NotSupportedException : Expression type not supported: System.Linq.Expressions.InstanceMethodCallExpression1
  Stack Trace:
     at Raven.Client.Documents.Linq.RavenQueryProviderProcessor`1.GetAsyncDocumentQueryFor(Expression expression, Action`1 customization)
   at Raven.Client.Documents.Linq.RavenQueryProvider`1.ToAsyncDocumentQuery[TResult](Expression expression)
   at Raven.Client.Documents.LinqExtensions.FirstOrDefaultAsync[TSource](IQueryable`1 source, Expression`1 predicate, CancellationToken token)
   at Piranha.Repositories.PageRepository.Save[T](T model, Boolean isDraft) in C:\Users\bbqch\proj\microbians\piranha\data\Piranha.Data.EF\Repositories\PageRepository.cs:line 830
   at Piranha.Services.PageService.SaveAsync[T](T model, Boolean isDraft) in C:\Users\bbqch\proj\microbians\piranha\core\Piranha\Services\Internal\PageService.cs:line 732
   at Piranha.Tests.Services.PageTests.InitializeAsync() in C:\Users\bbqch\proj\microbians\piranha\test\Piranha.Tests\Services\PageTests.cs:line 163
----- Inner Stack Trace -----
   at Raven.Client.Documents.Linq.LinqPathProvider.GetMemberValue(MemberExpression memberExpression)
   at Raven.Client.Documents.Linq.LinqPathProvider.GetValueFromExpressionWithoutConversion(Expression expression, Object& value)
   at Raven.Client.Documents.Linq.RavenQueryProviderProcessor`1.VisitEquals(BinaryExpression expression)
   at Raven.Client.Documents.Linq.RavenQueryProviderProcessor`1.VisitBinaryExpression(BinaryExpression expression)
   at Raven.Client.Documents.Linq.RavenQueryProviderProcessor`1.VisitQueryableMethodCall(MethodCallExpression expression)
   at Raven.Client.Documents.Linq.RavenQueryProviderProcessor`1.VisitMethodCall(MethodCallExpression expression)
   at Raven.Client.Documents.Linq.RavenQueryProviderProcessor`1.GetAsyncDocumentQueryFor(Expression expression, Action`1 customization)
  Failed Piranha.Tests.Services.PageTests.GetAllByMissing [1 ms]
  Error Message:
   System.NotSupportedException : Could not understand expression: from 'Blocks'.Where(b => (b.Id == value(Piranha.Repositories.PageRepository+<>c__DisplayClass23_3`1[Piranha.Tests.Services.PageTests+MyPage]).CS$<>8__locals2.blocks.get_Item(value(Piranha.Repositories.PageRepository+<>c__DisplayClass23_3`1[Piranha.Tests.Services.PageTests+MyPage]).n).Id))
---- System.NotSupportedException : Expression type not supported: System.Linq.Expressions.InstanceMethodCallExpression1
  Stack Trace:
     at Raven.Client.Documents.Linq.RavenQueryProviderProcessor`1.GetAsyncDocumentQueryFor(Expression expression, Action`1 customization)
   at Raven.Client.Documents.Linq.RavenQueryProvider`1.ToAsyncDocumentQuery[TResult](Expression expression)
   at Raven.Client.Documents.LinqExtensions.FirstOrDefaultAsync[TSource](IQueryable`1 source, Expression`1 predicate, CancellationToken token)
   at Piranha.Repositories.PageRepository.Save[T](T model, Boolean isDraft) in C:\Users\bbqch\proj\microbians\piranha\data\Piranha.Data.EF\Repositories\PageRepository.cs:line 830
   at Piranha.Services.PageService.SaveAsync[T](T model, Boolean isDraft) in C:\Users\bbqch\proj\microbians\piranha\core\Piranha\Services\Internal\PageService.cs:line 732
   at Piranha.Tests.Services.PageTests.InitializeAsync() in C:\Users\bbqch\proj\microbians\piranha\test\Piranha.Tests\Services\PageTests.cs:line 163
----- Inner Stack Trace -----
   at Raven.Client.Documents.Linq.LinqPathProvider.GetMemberValue(MemberExpression memberExpression)
   at Raven.Client.Documents.Linq.LinqPathProvider.GetValueFromExpressionWithoutConversion(Expression expression, Object& value)
   at Raven.Client.Documents.Linq.RavenQueryProviderProcessor`1.VisitEquals(BinaryExpression expression)
   at Raven.Client.Documents.Linq.RavenQueryProviderProcessor`1.VisitBinaryExpression(BinaryExpression expression)
   at Raven.Client.Documents.Linq.RavenQueryProviderProcessor`1.VisitQueryableMethodCall(MethodCallExpression expression)
   at Raven.Client.Documents.Linq.RavenQueryProviderProcessor`1.VisitMethodCall(MethodCallExpression expression)
   at Raven.Client.Documents.Linq.RavenQueryProviderProcessor`1.GetAsyncDocumentQueryFor(Expression expression, Action`1 customization)
  Failed Piranha.Tests.Services.PageTests.GetDynamicCollectionPage [1 ms]
  Error Message:
   System.NotSupportedException : Could not understand expression: from 'Blocks'.Where(b => (b.Id == value(Piranha.Repositories.PageRepository+<>c__DisplayClass23_3`1[Piranha.Tests.Services.PageTests+MyPage]).CS$<>8__locals2.blocks.get_Item(value(Piranha.Repositories.PageRepository+<>c__DisplayClass23_3`1[Piranha.Tests.Services.PageTests+MyPage]).n).Id))
---- System.NotSupportedException : Expression type not supported: System.Linq.Expressions.InstanceMethodCallExpression1
  Stack Trace:
     at Raven.Client.Documents.Linq.RavenQueryProviderProcessor`1.GetAsyncDocumentQueryFor(Expression expression, Action`1 customization)
   at Raven.Client.Documents.Linq.RavenQueryProvider`1.ToAsyncDocumentQuery[TResult](Expression expression)
   at Raven.Client.Documents.LinqExtensions.FirstOrDefaultAsync[TSource](IQueryable`1 source, Expression`1 predicate, CancellationToken token)
   at Piranha.Repositories.PageRepository.Save[T](T model, Boolean isDraft) in C:\Users\bbqch\proj\microbians\piranha\data\Piranha.Data.EF\Repositories\PageRepository.cs:line 830
   at Piranha.Services.PageService.SaveAsync[T](T model, Boolean isDraft) in C:\Users\bbqch\proj\microbians\piranha\core\Piranha\Services\Internal\PageService.cs:line 732
   at Piranha.Tests.Services.PageTests.InitializeAsync() in C:\Users\bbqch\proj\microbians\piranha\test\Piranha.Tests\Services\PageTests.cs:line 163
----- Inner Stack Trace -----
   at Raven.Client.Documents.Linq.LinqPathProvider.GetMemberValue(MemberExpression memberExpression)
   at Raven.Client.Documents.Linq.LinqPathProvider.GetValueFromExpressionWithoutConversion(Expression expression, Object& value)
   at Raven.Client.Documents.Linq.RavenQueryProviderProcessor`1.VisitEquals(BinaryExpression expression)
   at Raven.Client.Documents.Linq.RavenQueryProviderProcessor`1.VisitBinaryExpression(BinaryExpression expression)
   at Raven.Client.Documents.Linq.RavenQueryProviderProcessor`1.VisitQueryableMethodCall(MethodCallExpression expression)
   at Raven.Client.Documents.Linq.RavenQueryProviderProcessor`1.VisitMethodCall(MethodCallExpression expression)
   at Raven.Client.Documents.Linq.RavenQueryProviderProcessor`1.GetAsyncDocumentQueryFor(Expression expression, Action`1 customization)
  Failed Piranha.Tests.Services.PageTests.GetAll [1 ms]
  Error Message:
   System.NotSupportedException : Could not understand expression: from 'Blocks'.Where(b => (b.Id == value(Piranha.Repositories.PageRepository+<>c__DisplayClass23_3`1[Piranha.Tests.Services.PageTests+MyPage]).CS$<>8__locals2.blocks.get_Item(value(Piranha.Repositories.PageRepository+<>c__DisplayClass23_3`1[Piranha.Tests.Services.PageTests+MyPage]).n).Id))
---- System.NotSupportedException : Expression type not supported: System.Linq.Expressions.InstanceMethodCallExpression1
  Stack Trace:
     at Raven.Client.Documents.Linq.RavenQueryProviderProcessor`1.GetAsyncDocumentQueryFor(Expression expression, Action`1 customization)
   at Raven.Client.Documents.Linq.RavenQueryProvider`1.ToAsyncDocumentQuery[TResult](Expression expression)
   at Raven.Client.Documents.LinqExtensions.FirstOrDefaultAsync[TSource](IQueryable`1 source, Expression`1 predicate, CancellationToken token)
   at Piranha.Repositories.PageRepository.Save[T](T model, Boolean isDraft) in C:\Users\bbqch\proj\microbians\piranha\data\Piranha.Data.EF\Repositories\PageRepository.cs:line 830
   at Piranha.Services.PageService.SaveAsync[T](T model, Boolean isDraft) in C:\Users\bbqch\proj\microbians\piranha\core\Piranha\Services\Internal\PageService.cs:line 732
   at Piranha.Tests.Services.PageTests.InitializeAsync() in C:\Users\bbqch\proj\microbians\piranha\test\Piranha.Tests\Services\PageTests.cs:line 163
----- Inner Stack Trace -----
   at Raven.Client.Documents.Linq.LinqPathProvider.GetMemberValue(MemberExpression memberExpression)
   at Raven.Client.Documents.Linq.LinqPathProvider.GetValueFromExpressionWithoutConversion(Expression expression, Object& value)
   at Raven.Client.Documents.Linq.RavenQueryProviderProcessor`1.VisitEquals(BinaryExpression expression)
   at Raven.Client.Documents.Linq.RavenQueryProviderProcessor`1.VisitBinaryExpression(BinaryExpression expression)
   at Raven.Client.Documents.Linq.RavenQueryProviderProcessor`1.VisitQueryableMethodCall(MethodCallExpression expression)
   at Raven.Client.Documents.Linq.RavenQueryProviderProcessor`1.VisitMethodCall(MethodCallExpression expression)
   at Raven.Client.Documents.Linq.RavenQueryProviderProcessor`1.GetAsyncDocumentQueryFor(Expression expression, Action`1 customization)
  Failed Piranha.Tests.Services.PageTests.GetDIGeneric [1 ms]
  Error Message:
   System.NotSupportedException : Could not understand expression: from 'Blocks'.Where(b => (b.Id == value(Piranha.Repositories.PageRepository+<>c__DisplayClass23_3`1[Piranha.Tests.Services.PageTests+MyPage]).CS$<>8__locals2.blocks.get_Item(value(Piranha.Repositories.PageRepository+<>c__DisplayClass23_3`1[Piranha.Tests.Services.PageTests+MyPage]).n).Id))
---- System.NotSupportedException : Expression type not supported: System.Linq.Expressions.InstanceMethodCallExpression1
  Stack Trace:
     at Raven.Client.Documents.Linq.RavenQueryProviderProcessor`1.GetAsyncDocumentQueryFor(Expression expression, Action`1 customization)
   at Raven.Client.Documents.Linq.RavenQueryProvider`1.ToAsyncDocumentQuery[TResult](Expression expression)
   at Raven.Client.Documents.LinqExtensions.FirstOrDefaultAsync[TSource](IQueryable`1 source, Expression`1 predicate, CancellationToken token)
   at Piranha.Repositories.PageRepository.Save[T](T model, Boolean isDraft) in C:\Users\bbqch\proj\microbians\piranha\data\Piranha.Data.EF\Repositories\PageRepository.cs:line 830
   at Piranha.Services.PageService.SaveAsync[T](T model, Boolean isDraft) in C:\Users\bbqch\proj\microbians\piranha\core\Piranha\Services\Internal\PageService.cs:line 732
   at Piranha.Tests.Services.PageTests.InitializeAsync() in C:\Users\bbqch\proj\microbians\piranha\test\Piranha.Tests\Services\PageTests.cs:line 163
----- Inner Stack Trace -----
   at Raven.Client.Documents.Linq.LinqPathProvider.GetMemberValue(MemberExpression memberExpression)
   at Raven.Client.Documents.Linq.LinqPathProvider.GetValueFromExpressionWithoutConversion(Expression expression, Object& value)
   at Raven.Client.Documents.Linq.RavenQueryProviderProcessor`1.VisitEquals(BinaryExpression expression)
   at Raven.Client.Documents.Linq.RavenQueryProviderProcessor`1.VisitBinaryExpression(BinaryExpression expression)
   at Raven.Client.Documents.Linq.RavenQueryProviderProcessor`1.VisitQueryableMethodCall(MethodCallExpression expression)
   at Raven.Client.Documents.Linq.RavenQueryProviderProcessor`1.VisitMethodCall(MethodCallExpression expression)
   at Raven.Client.Documents.Linq.RavenQueryProviderProcessor`1.GetAsyncDocumentQueryFor(Expression expression, Action`1 customization)
  Failed Piranha.Tests.Services.PageTests.CreateDIGeneric [1 ms]
  Error Message:
   System.NotSupportedException : Could not understand expression: from 'Blocks'.Where(b => (b.Id == value(Piranha.Repositories.PageRepository+<>c__DisplayClass23_3`1[Piranha.Tests.Services.PageTests+MyPage]).CS$<>8__locals2.blocks.get_Item(value(Piranha.Repositories.PageRepository+<>c__DisplayClass23_3`1[Piranha.Tests.Services.PageTests+MyPage]).n).Id))
---- System.NotSupportedException : Expression type not supported: System.Linq.Expressions.InstanceMethodCallExpression1
  Stack Trace:
     at Raven.Client.Documents.Linq.RavenQueryProviderProcessor`1.GetAsyncDocumentQueryFor(Expression expression, Action`1 customization)
   at Raven.Client.Documents.Linq.RavenQueryProvider`1.ToAsyncDocumentQuery[TResult](Expression expression)
   at Raven.Client.Documents.LinqExtensions.FirstOrDefaultAsync[TSource](IQueryable`1 source, Expression`1 predicate, CancellationToken token)
   at Piranha.Repositories.PageRepository.Save[T](T model, Boolean isDraft) in C:\Users\bbqch\proj\microbians\piranha\data\Piranha.Data.EF\Repositories\PageRepository.cs:line 830
   at Piranha.Services.PageService.SaveAsync[T](T model, Boolean isDraft) in C:\Users\bbqch\proj\microbians\piranha\core\Piranha\Services\Internal\PageService.cs:line 732
   at Piranha.Tests.Services.PageTests.InitializeAsync() in C:\Users\bbqch\proj\microbians\piranha\test\Piranha.Tests\Services\PageTests.cs:line 163
----- Inner Stack Trace -----
   at Raven.Client.Documents.Linq.LinqPathProvider.GetMemberValue(MemberExpression memberExpression)
   at Raven.Client.Documents.Linq.LinqPathProvider.GetValueFromExpressionWithoutConversion(Expression expression, Object& value)
   at Raven.Client.Documents.Linq.RavenQueryProviderProcessor`1.VisitEquals(BinaryExpression expression)
   at Raven.Client.Documents.Linq.RavenQueryProviderProcessor`1.VisitBinaryExpression(BinaryExpression expression)
   at Raven.Client.Documents.Linq.RavenQueryProviderProcessor`1.VisitQueryableMethodCall(MethodCallExpression expression)
   at Raven.Client.Documents.Linq.RavenQueryProviderProcessor`1.VisitMethodCall(MethodCallExpression expression)
   at Raven.Client.Documents.Linq.RavenQueryProviderProcessor`1.GetAsyncDocumentQueryFor(Expression expression, Action`1 customization)
  Failed Piranha.Tests.Services.PageTests.GetNoneById [1 ms]
  Error Message:
   System.NotSupportedException : Could not understand expression: from 'Blocks'.Where(b => (b.Id == value(Piranha.Repositories.PageRepository+<>c__DisplayClass23_3`1[Piranha.Tests.Services.PageTests+MyPage]).CS$<>8__locals2.blocks.get_Item(value(Piranha.Repositories.PageRepository+<>c__DisplayClass23_3`1[Piranha.Tests.Services.PageTests+MyPage]).n).Id))
---- System.NotSupportedException : Expression type not supported: System.Linq.Expressions.InstanceMethodCallExpression1
  Stack Trace:
     at Raven.Client.Documents.Linq.RavenQueryProviderProcessor`1.GetAsyncDocumentQueryFor(Expression expression, Action`1 customization)
   at Raven.Client.Documents.Linq.RavenQueryProvider`1.ToAsyncDocumentQuery[TResult](Expression expression)
   at Raven.Client.Documents.LinqExtensions.FirstOrDefaultAsync[TSource](IQueryable`1 source, Expression`1 predicate, CancellationToken token)
   at Piranha.Repositories.PageRepository.Save[T](T model, Boolean isDraft) in C:\Users\bbqch\proj\microbians\piranha\data\Piranha.Data.EF\Repositories\PageRepository.cs:line 830
   at Piranha.Services.PageService.SaveAsync[T](T model, Boolean isDraft) in C:\Users\bbqch\proj\microbians\piranha\core\Piranha\Services\Internal\PageService.cs:line 732
   at Piranha.Tests.Services.PageTests.InitializeAsync() in C:\Users\bbqch\proj\microbians\piranha\test\Piranha.Tests\Services\PageTests.cs:line 163
----- Inner Stack Trace -----
   at Raven.Client.Documents.Linq.LinqPathProvider.GetMemberValue(MemberExpression memberExpression)
   at Raven.Client.Documents.Linq.LinqPathProvider.GetValueFromExpressionWithoutConversion(Expression expression, Object& value)
   at Raven.Client.Documents.Linq.RavenQueryProviderProcessor`1.VisitEquals(BinaryExpression expression)
   at Raven.Client.Documents.Linq.RavenQueryProviderProcessor`1.VisitBinaryExpression(BinaryExpression expression)
   at Raven.Client.Documents.Linq.RavenQueryProviderProcessor`1.VisitQueryableMethodCall(MethodCallExpression expression)
   at Raven.Client.Documents.Linq.RavenQueryProviderProcessor`1.VisitMethodCall(MethodCallExpression expression)
   at Raven.Client.Documents.Linq.RavenQueryProviderProcessor`1.GetAsyncDocumentQueryFor(Expression expression, Action`1 customization)
  Failed Piranha.Tests.Services.PageTests.GetNoneBySlug [1 ms]
  Error Message:
   System.NotSupportedException : Could not understand expression: from 'Blocks'.Where(b => (b.Id == value(Piranha.Repositories.PageRepository+<>c__DisplayClass23_3`1[Piranha.Tests.Services.PageTests+MyPage]).CS$<>8__locals2.blocks.get_Item(value(Piranha.Repositories.PageRepository+<>c__DisplayClass23_3`1[Piranha.Tests.Services.PageTests+MyPage]).n).Id))
---- System.NotSupportedException : Expression type not supported: System.Linq.Expressions.InstanceMethodCallExpression1
  Stack Trace:
     at Raven.Client.Documents.Linq.RavenQueryProviderProcessor`1.GetAsyncDocumentQueryFor(Expression expression, Action`1 customization)
   at Raven.Client.Documents.Linq.RavenQueryProvider`1.ToAsyncDocumentQuery[TResult](Expression expression)
   at Raven.Client.Documents.LinqExtensions.FirstOrDefaultAsync[TSource](IQueryable`1 source, Expression`1 predicate, CancellationToken token)
   at Piranha.Repositories.PageRepository.Save[T](T model, Boolean isDraft) in C:\Users\bbqch\proj\microbians\piranha\data\Piranha.Data.EF\Repositories\PageRepository.cs:line 830
   at Piranha.Services.PageService.SaveAsync[T](T model, Boolean isDraft) in C:\Users\bbqch\proj\microbians\piranha\core\Piranha\Services\Internal\PageService.cs:line 732
   at Piranha.Tests.Services.PageTests.InitializeAsync() in C:\Users\bbqch\proj\microbians\piranha\test\Piranha.Tests\Services\PageTests.cs:line 163
----- Inner Stack Trace -----
   at Raven.Client.Documents.Linq.LinqPathProvider.GetMemberValue(MemberExpression memberExpression)
   at Raven.Client.Documents.Linq.LinqPathProvider.GetValueFromExpressionWithoutConversion(Expression expression, Object& value)
   at Raven.Client.Documents.Linq.RavenQueryProviderProcessor`1.VisitEquals(BinaryExpression expression)
   at Raven.Client.Documents.Linq.RavenQueryProviderProcessor`1.VisitBinaryExpression(BinaryExpression expression)
   at Raven.Client.Documents.Linq.RavenQueryProviderProcessor`1.VisitQueryableMethodCall(MethodCallExpression expression)
   at Raven.Client.Documents.Linq.RavenQueryProviderProcessor`1.VisitMethodCall(MethodCallExpression expression)
   at Raven.Client.Documents.Linq.RavenQueryProviderProcessor`1.GetAsyncDocumentQueryFor(Expression expression, Action`1 customization)
  Failed Piranha.Tests.Services.PageTests.GetStartpageNone [1 ms]
  Error Message:
   System.NotSupportedException : Could not understand expression: from 'Blocks'.Where(b => (b.Id == value(Piranha.Repositories.PageRepository+<>c__DisplayClass23_3`1[Piranha.Tests.Services.PageTests+MyPage]).CS$<>8__locals2.blocks.get_Item(value(Piranha.Repositories.PageRepository+<>c__DisplayClass23_3`1[Piranha.Tests.Services.PageTests+MyPage]).n).Id))
---- System.NotSupportedException : Expression type not supported: System.Linq.Expressions.InstanceMethodCallExpression1
  Stack Trace:
     at Raven.Client.Documents.Linq.RavenQueryProviderProcessor`1.GetAsyncDocumentQueryFor(Expression expression, Action`1 customization)
   at Raven.Client.Documents.Linq.RavenQueryProvider`1.ToAsyncDocumentQuery[TResult](Expression expression)
   at Raven.Client.Documents.LinqExtensions.FirstOrDefaultAsync[TSource](IQueryable`1 source, Expression`1 predicate, CancellationToken token)
   at Piranha.Repositories.PageRepository.Save[T](T model, Boolean isDraft) in C:\Users\bbqch\proj\microbians\piranha\data\Piranha.Data.EF\Repositories\PageRepository.cs:line 830
   at Piranha.Services.PageService.SaveAsync[T](T model, Boolean isDraft) in C:\Users\bbqch\proj\microbians\piranha\core\Piranha\Services\Internal\PageService.cs:line 732
   at Piranha.Tests.Services.PageTests.InitializeAsync() in C:\Users\bbqch\proj\microbians\piranha\test\Piranha.Tests\Services\PageTests.cs:line 163
----- Inner Stack Trace -----
   at Raven.Client.Documents.Linq.LinqPathProvider.GetMemberValue(MemberExpression memberExpression)
   at Raven.Client.Documents.Linq.LinqPathProvider.GetValueFromExpressionWithoutConversion(Expression expression, Object& value)
   at Raven.Client.Documents.Linq.RavenQueryProviderProcessor`1.VisitEquals(BinaryExpression expression)
   at Raven.Client.Documents.Linq.RavenQueryProviderProcessor`1.VisitBinaryExpression(BinaryExpression expression)
   at Raven.Client.Documents.Linq.RavenQueryProviderProcessor`1.VisitQueryableMethodCall(MethodCallExpression expression)
   at Raven.Client.Documents.Linq.RavenQueryProviderProcessor`1.VisitMethodCall(MethodCallExpression expression)
   at Raven.Client.Documents.Linq.RavenQueryProviderProcessor`1.GetAsyncDocumentQueryFor(Expression expression, Action`1 customization)
  Failed Piranha.Tests.Services.PageTests.GetStartpage [1 ms]
  Error Message:
   System.NotSupportedException : Could not understand expression: from 'Blocks'.Where(b => (b.Id == value(Piranha.Repositories.PageRepository+<>c__DisplayClass23_3`1[Piranha.Tests.Services.PageTests+MyPage]).CS$<>8__locals2.blocks.get_Item(value(Piranha.Repositories.PageRepository+<>c__DisplayClass23_3`1[Piranha.Tests.Services.PageTests+MyPage]).n).Id))
---- System.NotSupportedException : Expression type not supported: System.Linq.Expressions.InstanceMethodCallExpression1
  Stack Trace:
     at Raven.Client.Documents.Linq.RavenQueryProviderProcessor`1.GetAsyncDocumentQueryFor(Expression expression, Action`1 customization)
   at Raven.Client.Documents.Linq.RavenQueryProvider`1.ToAsyncDocumentQuery[TResult](Expression expression)
   at Raven.Client.Documents.LinqExtensions.FirstOrDefaultAsync[TSource](IQueryable`1 source, Expression`1 predicate, CancellationToken token)
   at Piranha.Repositories.PageRepository.Save[T](T model, Boolean isDraft) in C:\Users\bbqch\proj\microbians\piranha\data\Piranha.Data.EF\Repositories\PageRepository.cs:line 830
   at Piranha.Services.PageService.SaveAsync[T](T model, Boolean isDraft) in C:\Users\bbqch\proj\microbians\piranha\core\Piranha\Services\Internal\PageService.cs:line 732
   at Piranha.Tests.Services.PageTests.InitializeAsync() in C:\Users\bbqch\proj\microbians\piranha\test\Piranha.Tests\Services\PageTests.cs:line 163
----- Inner Stack Trace -----
   at Raven.Client.Documents.Linq.LinqPathProvider.GetMemberValue(MemberExpression memberExpression)
   at Raven.Client.Documents.Linq.LinqPathProvider.GetValueFromExpressionWithoutConversion(Expression expression, Object& value)
   at Raven.Client.Documents.Linq.RavenQueryProviderProcessor`1.VisitEquals(BinaryExpression expression)
   at Raven.Client.Documents.Linq.RavenQueryProviderProcessor`1.VisitBinaryExpression(BinaryExpression expression)
   at Raven.Client.Documents.Linq.RavenQueryProviderProcessor`1.VisitQueryableMethodCall(MethodCallExpression expression)
   at Raven.Client.Documents.Linq.RavenQueryProviderProcessor`1.VisitMethodCall(MethodCallExpression expression)
   at Raven.Client.Documents.Linq.RavenQueryProviderProcessor`1.GetAsyncDocumentQueryFor(Expression expression, Action`1 customization)
  Failed Piranha.Tests.Services.PageTests.CanNotUpdateCopyOriginalPageWithAnotherCopy [1 ms]
  Error Message:
   System.NotSupportedException : Could not understand expression: from 'Blocks'.Where(b => (b.Id == value(Piranha.Repositories.PageRepository+<>c__DisplayClass23_3`1[Piranha.Tests.Services.PageTests+MyPage]).CS$<>8__locals2.blocks.get_Item(value(Piranha.Repositories.PageRepository+<>c__DisplayClass23_3`1[Piranha.Tests.Services.PageTests+MyPage]).n).Id))
---- System.NotSupportedException : Expression type not supported: System.Linq.Expressions.InstanceMethodCallExpression1
  Stack Trace:
     at Raven.Client.Documents.Linq.RavenQueryProviderProcessor`1.GetAsyncDocumentQueryFor(Expression expression, Action`1 customization)
   at Raven.Client.Documents.Linq.RavenQueryProvider`1.ToAsyncDocumentQuery[TResult](Expression expression)
   at Raven.Client.Documents.LinqExtensions.FirstOrDefaultAsync[TSource](IQueryable`1 source, Expression`1 predicate, CancellationToken token)
   at Piranha.Repositories.PageRepository.Save[T](T model, Boolean isDraft) in C:\Users\bbqch\proj\microbians\piranha\data\Piranha.Data.EF\Repositories\PageRepository.cs:line 830
   at Piranha.Services.PageService.SaveAsync[T](T model, Boolean isDraft) in C:\Users\bbqch\proj\microbians\piranha\core\Piranha\Services\Internal\PageService.cs:line 732
   at Piranha.Tests.Services.PageTests.InitializeAsync() in C:\Users\bbqch\proj\microbians\piranha\test\Piranha.Tests\Services\PageTests.cs:line 163
----- Inner Stack Trace -----
   at Raven.Client.Documents.Linq.LinqPathProvider.GetMemberValue(MemberExpression memberExpression)
   at Raven.Client.Documents.Linq.LinqPathProvider.GetValueFromExpressionWithoutConversion(Expression expression, Object& value)
   at Raven.Client.Documents.Linq.RavenQueryProviderProcessor`1.VisitEquals(BinaryExpression expression)
   at Raven.Client.Documents.Linq.RavenQueryProviderProcessor`1.VisitBinaryExpression(BinaryExpression expression)
   at Raven.Client.Documents.Linq.RavenQueryProviderProcessor`1.VisitQueryableMethodCall(MethodCallExpression expression)
   at Raven.Client.Documents.Linq.RavenQueryProviderProcessor`1.VisitMethodCall(MethodCallExpression expression)
   at Raven.Client.Documents.Linq.RavenQueryProviderProcessor`1.GetAsyncDocumentQueryFor(Expression expression, Action`1 customization)
  Failed Piranha.Tests.Services.PageTests.DeleteShouldThrowWhenPageHasCopies [1 ms]
  Error Message:
   System.NotSupportedException : Could not understand expression: from 'Blocks'.Where(b => (b.Id == value(Piranha.Repositories.PageRepository+<>c__DisplayClass23_3`1[Piranha.Tests.Services.PageTests+MyPage]).CS$<>8__locals2.blocks.get_Item(value(Piranha.Repositories.PageRepository+<>c__DisplayClass23_3`1[Piranha.Tests.Services.PageTests+MyPage]).n).Id))
---- System.NotSupportedException : Expression type not supported: System.Linq.Expressions.InstanceMethodCallExpression1
  Stack Trace:
     at Raven.Client.Documents.Linq.RavenQueryProviderProcessor`1.GetAsyncDocumentQueryFor(Expression expression, Action`1 customization)
   at Raven.Client.Documents.Linq.RavenQueryProvider`1.ToAsyncDocumentQuery[TResult](Expression expression)
   at Raven.Client.Documents.LinqExtensions.FirstOrDefaultAsync[TSource](IQueryable`1 source, Expression`1 predicate, CancellationToken token)
   at Piranha.Repositories.PageRepository.Save[T](T model, Boolean isDraft) in C:\Users\bbqch\proj\microbians\piranha\data\Piranha.Data.EF\Repositories\PageRepository.cs:line 830
   at Piranha.Services.PageService.SaveAsync[T](T model, Boolean isDraft) in C:\Users\bbqch\proj\microbians\piranha\core\Piranha\Services\Internal\PageService.cs:line 732
   at Piranha.Tests.Services.PageTests.InitializeAsync() in C:\Users\bbqch\proj\microbians\piranha\test\Piranha.Tests\Services\PageTests.cs:line 163
----- Inner Stack Trace -----
   at Raven.Client.Documents.Linq.LinqPathProvider.GetMemberValue(MemberExpression memberExpression)
   at Raven.Client.Documents.Linq.LinqPathProvider.GetValueFromExpressionWithoutConversion(Expression expression, Object& value)
   at Raven.Client.Documents.Linq.RavenQueryProviderProcessor`1.VisitEquals(BinaryExpression expression)
   at Raven.Client.Documents.Linq.RavenQueryProviderProcessor`1.VisitBinaryExpression(BinaryExpression expression)
   at Raven.Client.Documents.Linq.RavenQueryProviderProcessor`1.VisitQueryableMethodCall(MethodCallExpression expression)
   at Raven.Client.Documents.Linq.RavenQueryProviderProcessor`1.VisitMethodCall(MethodCallExpression expression)
   at Raven.Client.Documents.Linq.RavenQueryProviderProcessor`1.GetAsyncDocumentQueryFor(Expression expression, Action`1 customization)
  Failed Piranha.Tests.Services.PageTests.GetCollectionPage [1 ms]
  Error Message:
   System.NotSupportedException : Could not understand expression: from 'Blocks'.Where(b => (b.Id == value(Piranha.Repositories.PageRepository+<>c__DisplayClass23_3`1[Piranha.Tests.Services.PageTests+MyPage]).CS$<>8__locals2.blocks.get_Item(value(Piranha.Repositories.PageRepository+<>c__DisplayClass23_3`1[Piranha.Tests.Services.PageTests+MyPage]).n).Id))
---- System.NotSupportedException : Expression type not supported: System.Linq.Expressions.InstanceMethodCallExpression1
  Stack Trace:
     at Raven.Client.Documents.Linq.RavenQueryProviderProcessor`1.GetAsyncDocumentQueryFor(Expression expression, Action`1 customization)
   at Raven.Client.Documents.Linq.RavenQueryProvider`1.ToAsyncDocumentQuery[TResult](Expression expression)
   at Raven.Client.Documents.LinqExtensions.FirstOrDefaultAsync[TSource](IQueryable`1 source, Expression`1 predicate, CancellationToken token)
   at Piranha.Repositories.PageRepository.Save[T](T model, Boolean isDraft) in C:\Users\bbqch\proj\microbians\piranha\data\Piranha.Data.EF\Repositories\PageRepository.cs:line 830
   at Piranha.Services.PageService.SaveAsync[T](T model, Boolean isDraft) in C:\Users\bbqch\proj\microbians\piranha\core\Piranha\Services\Internal\PageService.cs:line 732
   at Piranha.Tests.Services.PageTests.InitializeAsync() in C:\Users\bbqch\proj\microbians\piranha\test\Piranha.Tests\Services\PageTests.cs:line 163
----- Inner Stack Trace -----
   at Raven.Client.Documents.Linq.LinqPathProvider.GetMemberValue(MemberExpression memberExpression)
   at Raven.Client.Documents.Linq.LinqPathProvider.GetValueFromExpressionWithoutConversion(Expression expression, Object& value)
   at Raven.Client.Documents.Linq.RavenQueryProviderProcessor`1.VisitEquals(BinaryExpression expression)
   at Raven.Client.Documents.Linq.RavenQueryProviderProcessor`1.VisitBinaryExpression(BinaryExpression expression)
   at Raven.Client.Documents.Linq.RavenQueryProviderProcessor`1.VisitQueryableMethodCall(MethodCallExpression expression)
   at Raven.Client.Documents.Linq.RavenQueryProviderProcessor`1.VisitMethodCall(MethodCallExpression expression)
   at Raven.Client.Documents.Linq.RavenQueryProviderProcessor`1.GetAsyncDocumentQueryFor(Expression expression, Action`1 customization)
  Failed Piranha.Tests.Services.PageTests.GetAllBlogs [1 ms]
  Error Message:
   System.NotSupportedException : Could not understand expression: from 'Blocks'.Where(b => (b.Id == value(Piranha.Repositories.PageRepository+<>c__DisplayClass23_3`1[Piranha.Tests.Services.PageTests+MyPage]).CS$<>8__locals2.blocks.get_Item(value(Piranha.Repositories.PageRepository+<>c__DisplayClass23_3`1[Piranha.Tests.Services.PageTests+MyPage]).n).Id))
---- System.NotSupportedException : Expression type not supported: System.Linq.Expressions.InstanceMethodCallExpression1
  Stack Trace:
     at Raven.Client.Documents.Linq.RavenQueryProviderProcessor`1.GetAsyncDocumentQueryFor(Expression expression, Action`1 customization)
   at Raven.Client.Documents.Linq.RavenQueryProvider`1.ToAsyncDocumentQuery[TResult](Expression expression)
   at Raven.Client.Documents.LinqExtensions.FirstOrDefaultAsync[TSource](IQueryable`1 source, Expression`1 predicate, CancellationToken token)
   at Piranha.Repositories.PageRepository.Save[T](T model, Boolean isDraft) in C:\Users\bbqch\proj\microbians\piranha\data\Piranha.Data.EF\Repositories\PageRepository.cs:line 830
   at Piranha.Services.PageService.SaveAsync[T](T model, Boolean isDraft) in C:\Users\bbqch\proj\microbians\piranha\core\Piranha\Services\Internal\PageService.cs:line 732
   at Piranha.Tests.Services.PageTests.InitializeAsync() in C:\Users\bbqch\proj\microbians\piranha\test\Piranha.Tests\Services\PageTests.cs:line 163
----- Inner Stack Trace -----
   at Raven.Client.Documents.Linq.LinqPathProvider.GetMemberValue(MemberExpression memberExpression)
   at Raven.Client.Documents.Linq.LinqPathProvider.GetValueFromExpressionWithoutConversion(Expression expression, Object& value)
   at Raven.Client.Documents.Linq.RavenQueryProviderProcessor`1.VisitEquals(BinaryExpression expression)
   at Raven.Client.Documents.Linq.RavenQueryProviderProcessor`1.VisitBinaryExpression(BinaryExpression expression)
   at Raven.Client.Documents.Linq.RavenQueryProviderProcessor`1.VisitQueryableMethodCall(MethodCallExpression expression)
   at Raven.Client.Documents.Linq.RavenQueryProviderProcessor`1.VisitMethodCall(MethodCallExpression expression)
   at Raven.Client.Documents.Linq.RavenQueryProviderProcessor`1.GetAsyncDocumentQueryFor(Expression expression, Action`1 customization)
  Failed Piranha.Tests.Services.PageTests.EmptyCollectionPage [1 ms]
  Error Message:
   System.NotSupportedException : Could not understand expression: from 'Blocks'.Where(b => (b.Id == value(Piranha.Repositories.PageRepository+<>c__DisplayClass23_3`1[Piranha.Tests.Services.PageTests+MyPage]).CS$<>8__locals2.blocks.get_Item(value(Piranha.Repositories.PageRepository+<>c__DisplayClass23_3`1[Piranha.Tests.Services.PageTests+MyPage]).n).Id))
---- System.NotSupportedException : Expression type not supported: System.Linq.Expressions.InstanceMethodCallExpression1
  Stack Trace:
     at Raven.Client.Documents.Linq.RavenQueryProviderProcessor`1.GetAsyncDocumentQueryFor(Expression expression, Action`1 customization)
   at Raven.Client.Documents.Linq.RavenQueryProvider`1.ToAsyncDocumentQuery[TResult](Expression expression)
   at Raven.Client.Documents.LinqExtensions.FirstOrDefaultAsync[TSource](IQueryable`1 source, Expression`1 predicate, CancellationToken token)
   at Piranha.Repositories.PageRepository.Save[T](T model, Boolean isDraft) in C:\Users\bbqch\proj\microbians\piranha\data\Piranha.Data.EF\Repositories\PageRepository.cs:line 830
   at Piranha.Services.PageService.SaveAsync[T](T model, Boolean isDraft) in C:\Users\bbqch\proj\microbians\piranha\core\Piranha\Services\Internal\PageService.cs:line 732
   at Piranha.Tests.Services.PageTests.InitializeAsync() in C:\Users\bbqch\proj\microbians\piranha\test\Piranha.Tests\Services\PageTests.cs:line 163
----- Inner Stack Trace -----
   at Raven.Client.Documents.Linq.LinqPathProvider.GetMemberValue(MemberExpression memberExpression)
   at Raven.Client.Documents.Linq.LinqPathProvider.GetValueFromExpressionWithoutConversion(Expression expression, Object& value)
   at Raven.Client.Documents.Linq.RavenQueryProviderProcessor`1.VisitEquals(BinaryExpression expression)
   at Raven.Client.Documents.Linq.RavenQueryProviderProcessor`1.VisitBinaryExpression(BinaryExpression expression)
   at Raven.Client.Documents.Linq.RavenQueryProviderProcessor`1.VisitQueryableMethodCall(MethodCallExpression expression)
   at Raven.Client.Documents.Linq.RavenQueryProviderProcessor`1.VisitMethodCall(MethodCallExpression expression)
   at Raven.Client.Documents.Linq.RavenQueryProviderProcessor`1.GetAsyncDocumentQueryFor(Expression expression, Action`1 customization)
  Failed Piranha.Tests.Services.PageTests.GetStartpageBySite [1 ms]
  Error Message:
   System.NotSupportedException : Could not understand expression: from 'Blocks'.Where(b => (b.Id == value(Piranha.Repositories.PageRepository+<>c__DisplayClass23_3`1[Piranha.Tests.Services.PageTests+MyPage]).CS$<>8__locals2.blocks.get_Item(value(Piranha.Repositories.PageRepository+<>c__DisplayClass23_3`1[Piranha.Tests.Services.PageTests+MyPage]).n).Id))
---- System.NotSupportedException : Expression type not supported: System.Linq.Expressions.InstanceMethodCallExpression1
  Stack Trace:
     at Raven.Client.Documents.Linq.RavenQueryProviderProcessor`1.GetAsyncDocumentQueryFor(Expression expression, Action`1 customization)
   at Raven.Client.Documents.Linq.RavenQueryProvider`1.ToAsyncDocumentQuery[TResult](Expression expression)
   at Raven.Client.Documents.LinqExtensions.FirstOrDefaultAsync[TSource](IQueryable`1 source, Expression`1 predicate, CancellationToken token)
   at Piranha.Repositories.PageRepository.Save[T](T model, Boolean isDraft) in C:\Users\bbqch\proj\microbians\piranha\data\Piranha.Data.EF\Repositories\PageRepository.cs:line 830
   at Piranha.Services.PageService.SaveAsync[T](T model, Boolean isDraft) in C:\Users\bbqch\proj\microbians\piranha\core\Piranha\Services\Internal\PageService.cs:line 732
   at Piranha.Tests.Services.PageTests.InitializeAsync() in C:\Users\bbqch\proj\microbians\piranha\test\Piranha.Tests\Services\PageTests.cs:line 163
----- Inner Stack Trace -----
   at Raven.Client.Documents.Linq.LinqPathProvider.GetMemberValue(MemberExpression memberExpression)
   at Raven.Client.Documents.Linq.LinqPathProvider.GetValueFromExpressionWithoutConversion(Expression expression, Object& value)
   at Raven.Client.Documents.Linq.RavenQueryProviderProcessor`1.VisitEquals(BinaryExpression expression)
   at Raven.Client.Documents.Linq.RavenQueryProviderProcessor`1.VisitBinaryExpression(BinaryExpression expression)
   at Raven.Client.Documents.Linq.RavenQueryProviderProcessor`1.VisitQueryableMethodCall(MethodCallExpression expression)
   at Raven.Client.Documents.Linq.RavenQueryProviderProcessor`1.VisitMethodCall(MethodCallExpression expression)
   at Raven.Client.Documents.Linq.RavenQueryProviderProcessor`1.GetAsyncDocumentQueryFor(Expression expression, Action`1 customization)
  Failed Piranha.Tests.Services.PageTests.CanNotUpdateCopyWithAnotherTypeIdOtherThanOriginalPageTypeId [1 ms]
  Error Message:
   System.NotSupportedException : Could not understand expression: from 'Blocks'.Where(b => (b.Id == value(Piranha.Repositories.PageRepository+<>c__DisplayClass23_3`1[Piranha.Tests.Services.PageTests+MyPage]).CS$<>8__locals2.blocks.get_Item(value(Piranha.Repositories.PageRepository+<>c__DisplayClass23_3`1[Piranha.Tests.Services.PageTests+MyPage]).n).Id))
---- System.NotSupportedException : Expression type not supported: System.Linq.Expressions.InstanceMethodCallExpression1
  Stack Trace:
     at Raven.Client.Documents.Linq.RavenQueryProviderProcessor`1.GetAsyncDocumentQueryFor(Expression expression, Action`1 customization)
   at Raven.Client.Documents.Linq.RavenQueryProvider`1.ToAsyncDocumentQuery[TResult](Expression expression)
   at Raven.Client.Documents.LinqExtensions.FirstOrDefaultAsync[TSource](IQueryable`1 source, Expression`1 predicate, CancellationToken token)
   at Piranha.Repositories.PageRepository.Save[T](T model, Boolean isDraft) in C:\Users\bbqch\proj\microbians\piranha\data\Piranha.Data.EF\Repositories\PageRepository.cs:line 830
   at Piranha.Services.PageService.SaveAsync[T](T model, Boolean isDraft) in C:\Users\bbqch\proj\microbians\piranha\core\Piranha\Services\Internal\PageService.cs:line 732
   at Piranha.Tests.Services.PageTests.InitializeAsync() in C:\Users\bbqch\proj\microbians\piranha\test\Piranha.Tests\Services\PageTests.cs:line 163
----- Inner Stack Trace -----
   at Raven.Client.Documents.Linq.LinqPathProvider.GetMemberValue(MemberExpression memberExpression)
   at Raven.Client.Documents.Linq.LinqPathProvider.GetValueFromExpressionWithoutConversion(Expression expression, Object& value)
   at Raven.Client.Documents.Linq.RavenQueryProviderProcessor`1.VisitEquals(BinaryExpression expression)
   at Raven.Client.Documents.Linq.RavenQueryProviderProcessor`1.VisitBinaryExpression(BinaryExpression expression)
   at Raven.Client.Documents.Linq.RavenQueryProviderProcessor`1.VisitQueryableMethodCall(MethodCallExpression expression)
   at Raven.Client.Documents.Linq.RavenQueryProviderProcessor`1.VisitMethodCall(MethodCallExpression expression)
   at Raven.Client.Documents.Linq.RavenQueryProviderProcessor`1.GetAsyncDocumentQueryFor(Expression expression, Action`1 customization)
  Failed Piranha.Tests.Services.PageTests.AddHierarchical [1 ms]
  Error Message:
   System.NotSupportedException : Could not understand expression: from 'Blocks'.Where(b => (b.Id == value(Piranha.Repositories.PageRepository+<>c__DisplayClass23_3`1[Piranha.Tests.Services.PageTests+MyPage]).CS$<>8__locals2.blocks.get_Item(value(Piranha.Repositories.PageRepository+<>c__DisplayClass23_3`1[Piranha.Tests.Services.PageTests+MyPage]).n).Id))
---- System.NotSupportedException : Expression type not supported: System.Linq.Expressions.InstanceMethodCallExpression1
  Stack Trace:
     at Raven.Client.Documents.Linq.RavenQueryProviderProcessor`1.GetAsyncDocumentQueryFor(Expression expression, Action`1 customization)
   at Raven.Client.Documents.Linq.RavenQueryProvider`1.ToAsyncDocumentQuery[TResult](Expression expression)
   at Raven.Client.Documents.LinqExtensions.FirstOrDefaultAsync[TSource](IQueryable`1 source, Expression`1 predicate, CancellationToken token)
   at Piranha.Repositories.PageRepository.Save[T](T model, Boolean isDraft) in C:\Users\bbqch\proj\microbians\piranha\data\Piranha.Data.EF\Repositories\PageRepository.cs:line 830
   at Piranha.Services.PageService.SaveAsync[T](T model, Boolean isDraft) in C:\Users\bbqch\proj\microbians\piranha\core\Piranha\Services\Internal\PageService.cs:line 732
   at Piranha.Tests.Services.PageTests.InitializeAsync() in C:\Users\bbqch\proj\microbians\piranha\test\Piranha.Tests\Services\PageTests.cs:line 163
----- Inner Stack Trace -----
   at Raven.Client.Documents.Linq.LinqPathProvider.GetMemberValue(MemberExpression memberExpression)
   at Raven.Client.Documents.Linq.LinqPathProvider.GetValueFromExpressionWithoutConversion(Expression expression, Object& value)
   at Raven.Client.Documents.Linq.RavenQueryProviderProcessor`1.VisitEquals(BinaryExpression expression)
   at Raven.Client.Documents.Linq.RavenQueryProviderProcessor`1.VisitBinaryExpression(BinaryExpression expression)
   at Raven.Client.Documents.Linq.RavenQueryProviderProcessor`1.VisitQueryableMethodCall(MethodCallExpression expression)
   at Raven.Client.Documents.Linq.RavenQueryProviderProcessor`1.VisitMethodCall(MethodCallExpression expression)
   at Raven.Client.Documents.Linq.RavenQueryProviderProcessor`1.GetAsyncDocumentQueryFor(Expression expression, Action`1 customization)
  Failed Piranha.Tests.Services.PageTests.GetBaseClassById [1 ms]
  Error Message:
   System.NotSupportedException : Could not understand expression: from 'Blocks'.Where(b => (b.Id == value(Piranha.Repositories.PageRepository+<>c__DisplayClass23_3`1[Piranha.Tests.Services.PageTests+MyPage]).CS$<>8__locals2.blocks.get_Item(value(Piranha.Repositories.PageRepository+<>c__DisplayClass23_3`1[Piranha.Tests.Services.PageTests+MyPage]).n).Id))
---- System.NotSupportedException : Expression type not supported: System.Linq.Expressions.InstanceMethodCallExpression1
  Stack Trace:
     at Raven.Client.Documents.Linq.RavenQueryProviderProcessor`1.GetAsyncDocumentQueryFor(Expression expression, Action`1 customization)
   at Raven.Client.Documents.Linq.RavenQueryProvider`1.ToAsyncDocumentQuery[TResult](Expression expression)
   at Raven.Client.Documents.LinqExtensions.FirstOrDefaultAsync[TSource](IQueryable`1 source, Expression`1 predicate, CancellationToken token)
   at Piranha.Repositories.PageRepository.Save[T](T model, Boolean isDraft) in C:\Users\bbqch\proj\microbians\piranha\data\Piranha.Data.EF\Repositories\PageRepository.cs:line 830
   at Piranha.Services.PageService.SaveAsync[T](T model, Boolean isDraft) in C:\Users\bbqch\proj\microbians\piranha\core\Piranha\Services\Internal\PageService.cs:line 732
   at Piranha.Tests.Services.PageTests.InitializeAsync() in C:\Users\bbqch\proj\microbians\piranha\test\Piranha.Tests\Services\PageTests.cs:line 163
----- Inner Stack Trace -----
   at Raven.Client.Documents.Linq.LinqPathProvider.GetMemberValue(MemberExpression memberExpression)
   at Raven.Client.Documents.Linq.LinqPathProvider.GetValueFromExpressionWithoutConversion(Expression expression, Object& value)
   at Raven.Client.Documents.Linq.RavenQueryProviderProcessor`1.VisitEquals(BinaryExpression expression)
   at Raven.Client.Documents.Linq.RavenQueryProviderProcessor`1.VisitBinaryExpression(BinaryExpression expression)
   at Raven.Client.Documents.Linq.RavenQueryProviderProcessor`1.VisitQueryableMethodCall(MethodCallExpression expression)
   at Raven.Client.Documents.Linq.RavenQueryProviderProcessor`1.VisitMethodCall(MethodCallExpression expression)
   at Raven.Client.Documents.Linq.RavenQueryProviderProcessor`1.GetAsyncDocumentQueryFor(Expression expression, Action`1 customization)
  Failed Piranha.Tests.Services.PageTests.GetBaseClassBySlug [1 ms]
  Error Message:
   System.NotSupportedException : Could not understand expression: from 'Blocks'.Where(b => (b.Id == value(Piranha.Repositories.PageRepository+<>c__DisplayClass23_3`1[Piranha.Tests.Services.PageTests+MyPage]).CS$<>8__locals2.blocks.get_Item(value(Piranha.Repositories.PageRepository+<>c__DisplayClass23_3`1[Piranha.Tests.Services.PageTests+MyPage]).n).Id))
---- System.NotSupportedException : Expression type not supported: System.Linq.Expressions.InstanceMethodCallExpression1
  Stack Trace:
     at Raven.Client.Documents.Linq.RavenQueryProviderProcessor`1.GetAsyncDocumentQueryFor(Expression expression, Action`1 customization)
   at Raven.Client.Documents.Linq.RavenQueryProvider`1.ToAsyncDocumentQuery[TResult](Expression expression)
   at Raven.Client.Documents.LinqExtensions.FirstOrDefaultAsync[TSource](IQueryable`1 source, Expression`1 predicate, CancellationToken token)
   at Piranha.Repositories.PageRepository.Save[T](T model, Boolean isDraft) in C:\Users\bbqch\proj\microbians\piranha\data\Piranha.Data.EF\Repositories\PageRepository.cs:line 830
   at Piranha.Services.PageService.SaveAsync[T](T model, Boolean isDraft) in C:\Users\bbqch\proj\microbians\piranha\core\Piranha\Services\Internal\PageService.cs:line 732
   at Piranha.Tests.Services.PageTests.InitializeAsync() in C:\Users\bbqch\proj\microbians\piranha\test\Piranha.Tests\Services\PageTests.cs:line 163
----- Inner Stack Trace -----
   at Raven.Client.Documents.Linq.LinqPathProvider.GetMemberValue(MemberExpression memberExpression)
   at Raven.Client.Documents.Linq.LinqPathProvider.GetValueFromExpressionWithoutConversion(Expression expression, Object& value)
   at Raven.Client.Documents.Linq.RavenQueryProviderProcessor`1.VisitEquals(BinaryExpression expression)
   at Raven.Client.Documents.Linq.RavenQueryProviderProcessor`1.VisitBinaryExpression(BinaryExpression expression)
   at Raven.Client.Documents.Linq.RavenQueryProviderProcessor`1.VisitQueryableMethodCall(MethodCallExpression expression)
   at Raven.Client.Documents.Linq.RavenQueryProviderProcessor`1.VisitMethodCall(MethodCallExpression expression)
   at Raven.Client.Documents.Linq.RavenQueryProviderProcessor`1.GetAsyncDocumentQueryFor(Expression expression, Action`1 customization)
  Failed Piranha.Tests.Services.PageTests.GetAllBlogsByBaseClass [1 ms]
  Error Message:
   System.NotSupportedException : Could not understand expression: from 'Blocks'.Where(b => (b.Id == value(Piranha.Repositories.PageRepository+<>c__DisplayClass23_3`1[Piranha.Tests.Services.PageTests+MyPage]).CS$<>8__locals2.blocks.get_Item(value(Piranha.Repositories.PageRepository+<>c__DisplayClass23_3`1[Piranha.Tests.Services.PageTests+MyPage]).n).Id))
---- System.NotSupportedException : Expression type not supported: System.Linq.Expressions.InstanceMethodCallExpression1
  Stack Trace:
     at Raven.Client.Documents.Linq.RavenQueryProviderProcessor`1.GetAsyncDocumentQueryFor(Expression expression, Action`1 customization)
   at Raven.Client.Documents.Linq.RavenQueryProvider`1.ToAsyncDocumentQuery[TResult](Expression expression)
   at Raven.Client.Documents.LinqExtensions.FirstOrDefaultAsync[TSource](IQueryable`1 source, Expression`1 predicate, CancellationToken token)
   at Piranha.Repositories.PageRepository.Save[T](T model, Boolean isDraft) in C:\Users\bbqch\proj\microbians\piranha\data\Piranha.Data.EF\Repositories\PageRepository.cs:line 830
   at Piranha.Services.PageService.SaveAsync[T](T model, Boolean isDraft) in C:\Users\bbqch\proj\microbians\piranha\core\Piranha\Services\Internal\PageService.cs:line 732
   at Piranha.Tests.Services.PageTests.InitializeAsync() in C:\Users\bbqch\proj\microbians\piranha\test\Piranha.Tests\Services\PageTests.cs:line 163
----- Inner Stack Trace -----
   at Raven.Client.Documents.Linq.LinqPathProvider.GetMemberValue(MemberExpression memberExpression)
   at Raven.Client.Documents.Linq.LinqPathProvider.GetValueFromExpressionWithoutConversion(Expression expression, Object& value)
   at Raven.Client.Documents.Linq.RavenQueryProviderProcessor`1.VisitEquals(BinaryExpression expression)
   at Raven.Client.Documents.Linq.RavenQueryProviderProcessor`1.VisitBinaryExpression(BinaryExpression expression)
   at Raven.Client.Documents.Linq.RavenQueryProviderProcessor`1.VisitQueryableMethodCall(MethodCallExpression expression)
   at Raven.Client.Documents.Linq.RavenQueryProviderProcessor`1.VisitMethodCall(MethodCallExpression expression)
   at Raven.Client.Documents.Linq.RavenQueryProviderProcessor`1.GetAsyncDocumentQueryFor(Expression expression, Action`1 customization)
  Failed Piranha.Tests.Services.PageTests.Add [1 ms]
  Error Message:
   System.NotSupportedException : Could not understand expression: from 'Blocks'.Where(b => (b.Id == value(Piranha.Repositories.PageRepository+<>c__DisplayClass23_3`1[Piranha.Tests.Services.PageTests+MyPage]).CS$<>8__locals2.blocks.get_Item(value(Piranha.Repositories.PageRepository+<>c__DisplayClass23_3`1[Piranha.Tests.Services.PageTests+MyPage]).n).Id))
---- System.NotSupportedException : Expression type not supported: System.Linq.Expressions.InstanceMethodCallExpression1
  Stack Trace:
     at Raven.Client.Documents.Linq.RavenQueryProviderProcessor`1.GetAsyncDocumentQueryFor(Expression expression, Action`1 customization)
   at Raven.Client.Documents.Linq.RavenQueryProvider`1.ToAsyncDocumentQuery[TResult](Expression expression)
   at Raven.Client.Documents.LinqExtensions.FirstOrDefaultAsync[TSource](IQueryable`1 source, Expression`1 predicate, CancellationToken token)
   at Piranha.Repositories.PageRepository.Save[T](T model, Boolean isDraft) in C:\Users\bbqch\proj\microbians\piranha\data\Piranha.Data.EF\Repositories\PageRepository.cs:line 830
   at Piranha.Services.PageService.SaveAsync[T](T model, Boolean isDraft) in C:\Users\bbqch\proj\microbians\piranha\core\Piranha\Services\Internal\PageService.cs:line 732
   at Piranha.Tests.Services.PageTests.InitializeAsync() in C:\Users\bbqch\proj\microbians\piranha\test\Piranha.Tests\Services\PageTests.cs:line 163
----- Inner Stack Trace -----
   at Raven.Client.Documents.Linq.LinqPathProvider.GetMemberValue(MemberExpression memberExpression)
   at Raven.Client.Documents.Linq.LinqPathProvider.GetValueFromExpressionWithoutConversion(Expression expression, Object& value)
   at Raven.Client.Documents.Linq.RavenQueryProviderProcessor`1.VisitEquals(BinaryExpression expression)
   at Raven.Client.Documents.Linq.RavenQueryProviderProcessor`1.VisitBinaryExpression(BinaryExpression expression)
   at Raven.Client.Documents.Linq.RavenQueryProviderProcessor`1.VisitQueryableMethodCall(MethodCallExpression expression)
   at Raven.Client.Documents.Linq.RavenQueryProviderProcessor`1.VisitMethodCall(MethodCallExpression expression)
   at Raven.Client.Documents.Linq.RavenQueryProviderProcessor`1.GetAsyncDocumentQueryFor(Expression expression, Action`1 customization)
  Failed Piranha.Tests.Services.PageTests.UpdateCollectionPage [1 ms]
  Error Message:
   System.NotSupportedException : Could not understand expression: from 'Blocks'.Where(b => (b.Id == value(Piranha.Repositories.PageRepository+<>c__DisplayClass23_3`1[Piranha.Tests.Services.PageTests+MyPage]).CS$<>8__locals2.blocks.get_Item(value(Piranha.Repositories.PageRepository+<>c__DisplayClass23_3`1[Piranha.Tests.Services.PageTests+MyPage]).n).Id))
---- System.NotSupportedException : Expression type not supported: System.Linq.Expressions.InstanceMethodCallExpression1
  Stack Trace:
     at Raven.Client.Documents.Linq.RavenQueryProviderProcessor`1.GetAsyncDocumentQueryFor(Expression expression, Action`1 customization)
   at Raven.Client.Documents.Linq.RavenQueryProvider`1.ToAsyncDocumentQuery[TResult](Expression expression)
   at Raven.Client.Documents.LinqExtensions.FirstOrDefaultAsync[TSource](IQueryable`1 source, Expression`1 predicate, CancellationToken token)
   at Piranha.Repositories.PageRepository.Save[T](T model, Boolean isDraft) in C:\Users\bbqch\proj\microbians\piranha\data\Piranha.Data.EF\Repositories\PageRepository.cs:line 830
   at Piranha.Services.PageService.SaveAsync[T](T model, Boolean isDraft) in C:\Users\bbqch\proj\microbians\piranha\core\Piranha\Services\Internal\PageService.cs:line 732
   at Piranha.Tests.Services.PageTests.InitializeAsync() in C:\Users\bbqch\proj\microbians\piranha\test\Piranha.Tests\Services\PageTests.cs:line 163
----- Inner Stack Trace -----
   at Raven.Client.Documents.Linq.LinqPathProvider.GetMemberValue(MemberExpression memberExpression)
   at Raven.Client.Documents.Linq.LinqPathProvider.GetValueFromExpressionWithoutConversion(Expression expression, Object& value)
   at Raven.Client.Documents.Linq.RavenQueryProviderProcessor`1.VisitEquals(BinaryExpression expression)
   at Raven.Client.Documents.Linq.RavenQueryProviderProcessor`1.VisitBinaryExpression(BinaryExpression expression)
   at Raven.Client.Documents.Linq.RavenQueryProviderProcessor`1.VisitQueryableMethodCall(MethodCallExpression expression)
   at Raven.Client.Documents.Linq.RavenQueryProviderProcessor`1.VisitMethodCall(MethodCallExpression expression)
   at Raven.Client.Documents.Linq.RavenQueryProviderProcessor`1.GetAsyncDocumentQueryFor(Expression expression, Action`1 customization)
  Failed Piranha.Tests.Services.PageTests.EmptyDynamicCollectionPage [1 ms]
  Error Message:
   System.NotSupportedException : Could not understand expression: from 'Blocks'.Where(b => (b.Id == value(Piranha.Repositories.PageRepository+<>c__DisplayClass23_3`1[Piranha.Tests.Services.PageTests+MyPage]).CS$<>8__locals2.blocks.get_Item(value(Piranha.Repositories.PageRepository+<>c__DisplayClass23_3`1[Piranha.Tests.Services.PageTests+MyPage]).n).Id))
---- System.NotSupportedException : Expression type not supported: System.Linq.Expressions.InstanceMethodCallExpression1
  Stack Trace:
     at Raven.Client.Documents.Linq.RavenQueryProviderProcessor`1.GetAsyncDocumentQueryFor(Expression expression, Action`1 customization)
   at Raven.Client.Documents.Linq.RavenQueryProvider`1.ToAsyncDocumentQuery[TResult](Expression expression)
   at Raven.Client.Documents.LinqExtensions.FirstOrDefaultAsync[TSource](IQueryable`1 source, Expression`1 predicate, CancellationToken token)
   at Piranha.Repositories.PageRepository.Save[T](T model, Boolean isDraft) in C:\Users\bbqch\proj\microbians\piranha\data\Piranha.Data.EF\Repositories\PageRepository.cs:line 830
   at Piranha.Services.PageService.SaveAsync[T](T model, Boolean isDraft) in C:\Users\bbqch\proj\microbians\piranha\core\Piranha\Services\Internal\PageService.cs:line 732
   at Piranha.Tests.Services.PageTests.InitializeAsync() in C:\Users\bbqch\proj\microbians\piranha\test\Piranha.Tests\Services\PageTests.cs:line 163
----- Inner Stack Trace -----
   at Raven.Client.Documents.Linq.LinqPathProvider.GetMemberValue(MemberExpression memberExpression)
   at Raven.Client.Documents.Linq.LinqPathProvider.GetValueFromExpressionWithoutConversion(Expression expression, Object& value)
   at Raven.Client.Documents.Linq.RavenQueryProviderProcessor`1.VisitEquals(BinaryExpression expression)
   at Raven.Client.Documents.Linq.RavenQueryProviderProcessor`1.VisitBinaryExpression(BinaryExpression expression)
   at Raven.Client.Documents.Linq.RavenQueryProviderProcessor`1.VisitQueryableMethodCall(MethodCallExpression expression)
   at Raven.Client.Documents.Linq.RavenQueryProviderProcessor`1.VisitMethodCall(MethodCallExpression expression)
   at Raven.Client.Documents.Linq.RavenQueryProviderProcessor`1.GetAsyncDocumentQueryFor(Expression expression, Action`1 customization)
  Failed Piranha.Tests.Services.PageTests.DeleteById [1 ms]
  Error Message:
   System.NotSupportedException : Could not understand expression: from 'Blocks'.Where(b => (b.Id == value(Piranha.Repositories.PageRepository+<>c__DisplayClass23_3`1[Piranha.Tests.Services.PageTests+MyPage]).CS$<>8__locals2.blocks.get_Item(value(Piranha.Repositories.PageRepository+<>c__DisplayClass23_3`1[Piranha.Tests.Services.PageTests+MyPage]).n).Id))
---- System.NotSupportedException : Expression type not supported: System.Linq.Expressions.InstanceMethodCallExpression1
  Stack Trace:
     at Raven.Client.Documents.Linq.RavenQueryProviderProcessor`1.GetAsyncDocumentQueryFor(Expression expression, Action`1 customization)
   at Raven.Client.Documents.Linq.RavenQueryProvider`1.ToAsyncDocumentQuery[TResult](Expression expression)
   at Raven.Client.Documents.LinqExtensions.FirstOrDefaultAsync[TSource](IQueryable`1 source, Expression`1 predicate, CancellationToken token)
   at Piranha.Repositories.PageRepository.Save[T](T model, Boolean isDraft) in C:\Users\bbqch\proj\microbians\piranha\data\Piranha.Data.EF\Repositories\PageRepository.cs:line 830
   at Piranha.Services.PageService.SaveAsync[T](T model, Boolean isDraft) in C:\Users\bbqch\proj\microbians\piranha\core\Piranha\Services\Internal\PageService.cs:line 732
   at Piranha.Tests.Services.PageTests.InitializeAsync() in C:\Users\bbqch\proj\microbians\piranha\test\Piranha.Tests\Services\PageTests.cs:line 163
----- Inner Stack Trace -----
   at Raven.Client.Documents.Linq.LinqPathProvider.GetMemberValue(MemberExpression memberExpression)
   at Raven.Client.Documents.Linq.LinqPathProvider.GetValueFromExpressionWithoutConversion(Expression expression, Object& value)
   at Raven.Client.Documents.Linq.RavenQueryProviderProcessor`1.VisitEquals(BinaryExpression expression)
   at Raven.Client.Documents.Linq.RavenQueryProviderProcessor`1.VisitBinaryExpression(BinaryExpression expression)
   at Raven.Client.Documents.Linq.RavenQueryProviderProcessor`1.VisitQueryableMethodCall(MethodCallExpression expression)
   at Raven.Client.Documents.Linq.RavenQueryProviderProcessor`1.VisitMethodCall(MethodCallExpression expression)
   at Raven.Client.Documents.Linq.RavenQueryProviderProcessor`1.GetAsyncDocumentQueryFor(Expression expression, Action`1 customization)
  Failed Piranha.Tests.Services.PageTests.CheckPermlinkSyntax [1 ms]
  Error Message:
   System.NotSupportedException : Could not understand expression: from 'Blocks'.Where(b => (b.Id == value(Piranha.Repositories.PageRepository+<>c__DisplayClass23_3`1[Piranha.Tests.Services.PageTests+MyPage]).CS$<>8__locals2.blocks.get_Item(value(Piranha.Repositories.PageRepository+<>c__DisplayClass23_3`1[Piranha.Tests.Services.PageTests+MyPage]).n).Id))
---- System.NotSupportedException : Expression type not supported: System.Linq.Expressions.InstanceMethodCallExpression1
  Stack Trace:
     at Raven.Client.Documents.Linq.RavenQueryProviderProcessor`1.GetAsyncDocumentQueryFor(Expression expression, Action`1 customization)
   at Raven.Client.Documents.Linq.RavenQueryProvider`1.ToAsyncDocumentQuery[TResult](Expression expression)
   at Raven.Client.Documents.LinqExtensions.FirstOrDefaultAsync[TSource](IQueryable`1 source, Expression`1 predicate, CancellationToken token)
   at Piranha.Repositories.PageRepository.Save[T](T model, Boolean isDraft) in C:\Users\bbqch\proj\microbians\piranha\data\Piranha.Data.EF\Repositories\PageRepository.cs:line 830
   at Piranha.Services.PageService.SaveAsync[T](T model, Boolean isDraft) in C:\Users\bbqch\proj\microbians\piranha\core\Piranha\Services\Internal\PageService.cs:line 732
   at Piranha.Tests.Services.PageTests.InitializeAsync() in C:\Users\bbqch\proj\microbians\piranha\test\Piranha.Tests\Services\PageTests.cs:line 163
----- Inner Stack Trace -----
   at Raven.Client.Documents.Linq.LinqPathProvider.GetMemberValue(MemberExpression memberExpression)
   at Raven.Client.Documents.Linq.LinqPathProvider.GetValueFromExpressionWithoutConversion(Expression expression, Object& value)
   at Raven.Client.Documents.Linq.RavenQueryProviderProcessor`1.VisitEquals(BinaryExpression expression)
   at Raven.Client.Documents.Linq.RavenQueryProviderProcessor`1.VisitBinaryExpression(BinaryExpression expression)
   at Raven.Client.Documents.Linq.RavenQueryProviderProcessor`1.VisitQueryableMethodCall(MethodCallExpression expression)
   at Raven.Client.Documents.Linq.RavenQueryProviderProcessor`1.VisitMethodCall(MethodCallExpression expression)
   at Raven.Client.Documents.Linq.RavenQueryProviderProcessor`1.GetAsyncDocumentQueryFor(Expression expression, Action`1 customization)
  Failed Piranha.Tests.Services.PageTests.UpdatingCopyShouldIgnoreBodyAndDate [1 ms]
  Error Message:
   System.NotSupportedException : Could not understand expression: from 'Blocks'.Where(b => (b.Id == value(Piranha.Repositories.PageRepository+<>c__DisplayClass23_3`1[Piranha.Tests.Services.PageTests+MyPage]).CS$<>8__locals2.blocks.get_Item(value(Piranha.Repositories.PageRepository+<>c__DisplayClass23_3`1[Piranha.Tests.Services.PageTests+MyPage]).n).Id))
---- System.NotSupportedException : Expression type not supported: System.Linq.Expressions.InstanceMethodCallExpression1
  Stack Trace:
     at Raven.Client.Documents.Linq.RavenQueryProviderProcessor`1.GetAsyncDocumentQueryFor(Expression expression, Action`1 customization)
   at Raven.Client.Documents.Linq.RavenQueryProvider`1.ToAsyncDocumentQuery[TResult](Expression expression)
   at Raven.Client.Documents.LinqExtensions.FirstOrDefaultAsync[TSource](IQueryable`1 source, Expression`1 predicate, CancellationToken token)
   at Piranha.Repositories.PageRepository.Save[T](T model, Boolean isDraft) in C:\Users\bbqch\proj\microbians\piranha\data\Piranha.Data.EF\Repositories\PageRepository.cs:line 830
   at Piranha.Services.PageService.SaveAsync[T](T model, Boolean isDraft) in C:\Users\bbqch\proj\microbians\piranha\core\Piranha\Services\Internal\PageService.cs:line 732
   at Piranha.Tests.Services.PageTests.InitializeAsync() in C:\Users\bbqch\proj\microbians\piranha\test\Piranha.Tests\Services\PageTests.cs:line 163
----- Inner Stack Trace -----
   at Raven.Client.Documents.Linq.LinqPathProvider.GetMemberValue(MemberExpression memberExpression)
   at Raven.Client.Documents.Linq.LinqPathProvider.GetValueFromExpressionWithoutConversion(Expression expression, Object& value)
   at Raven.Client.Documents.Linq.RavenQueryProviderProcessor`1.VisitEquals(BinaryExpression expression)
   at Raven.Client.Documents.Linq.RavenQueryProviderProcessor`1.VisitBinaryExpression(BinaryExpression expression)
   at Raven.Client.Documents.Linq.RavenQueryProviderProcessor`1.VisitQueryableMethodCall(MethodCallExpression expression)
   at Raven.Client.Documents.Linq.RavenQueryProviderProcessor`1.VisitMethodCall(MethodCallExpression expression)
   at Raven.Client.Documents.Linq.RavenQueryProviderProcessor`1.GetAsyncDocumentQueryFor(Expression expression, Action`1 customization)
  Failed Piranha.Tests.Services.PageTests.AddDuplicateSlugShouldThrow [1 ms]
  Error Message:
   System.NotSupportedException : Could not understand expression: from 'Blocks'.Where(b => (b.Id == value(Piranha.Repositories.PageRepository+<>c__DisplayClass23_3`1[Piranha.Tests.Services.PageTests+MyPage]).CS$<>8__locals2.blocks.get_Item(value(Piranha.Repositories.PageRepository+<>c__DisplayClass23_3`1[Piranha.Tests.Services.PageTests+MyPage]).n).Id))
---- System.NotSupportedException : Expression type not supported: System.Linq.Expressions.InstanceMethodCallExpression1
  Stack Trace:
     at Raven.Client.Documents.Linq.RavenQueryProviderProcessor`1.GetAsyncDocumentQueryFor(Expression expression, Action`1 customization)
   at Raven.Client.Documents.Linq.RavenQueryProvider`1.ToAsyncDocumentQuery[TResult](Expression expression)
   at Raven.Client.Documents.LinqExtensions.FirstOrDefaultAsync[TSource](IQueryable`1 source, Expression`1 predicate, CancellationToken token)
   at Piranha.Repositories.PageRepository.Save[T](T model, Boolean isDraft) in C:\Users\bbqch\proj\microbians\piranha\data\Piranha.Data.EF\Repositories\PageRepository.cs:line 830
   at Piranha.Services.PageService.SaveAsync[T](T model, Boolean isDraft) in C:\Users\bbqch\proj\microbians\piranha\core\Piranha\Services\Internal\PageService.cs:line 732
   at Piranha.Tests.Services.PageTests.InitializeAsync() in C:\Users\bbqch\proj\microbians\piranha\test\Piranha.Tests\Services\PageTests.cs:line 163
----- Inner Stack Trace -----
   at Raven.Client.Documents.Linq.LinqPathProvider.GetMemberValue(MemberExpression memberExpression)
   at Raven.Client.Documents.Linq.LinqPathProvider.GetValueFromExpressionWithoutConversion(Expression expression, Object& value)
   at Raven.Client.Documents.Linq.RavenQueryProviderProcessor`1.VisitEquals(BinaryExpression expression)
   at Raven.Client.Documents.Linq.RavenQueryProviderProcessor`1.VisitBinaryExpression(BinaryExpression expression)
   at Raven.Client.Documents.Linq.RavenQueryProviderProcessor`1.VisitQueryableMethodCall(MethodCallExpression expression)
   at Raven.Client.Documents.Linq.RavenQueryProviderProcessor`1.VisitMethodCall(MethodCallExpression expression)
   at Raven.Client.Documents.Linq.RavenQueryProviderProcessor`1.GetAsyncDocumentQueryFor(Expression expression, Action`1 customization)
  Failed Piranha.Tests.Services.PageTests.GetInfoBySlug [1 ms]
  Error Message:
   System.NotSupportedException : Could not understand expression: from 'Blocks'.Where(b => (b.Id == value(Piranha.Repositories.PageRepository+<>c__DisplayClass23_3`1[Piranha.Tests.Services.PageTests+MyPage]).CS$<>8__locals2.blocks.get_Item(value(Piranha.Repositories.PageRepository+<>c__DisplayClass23_3`1[Piranha.Tests.Services.PageTests+MyPage]).n).Id))
---- System.NotSupportedException : Expression type not supported: System.Linq.Expressions.InstanceMethodCallExpression1
  Stack Trace:
     at Raven.Client.Documents.Linq.RavenQueryProviderProcessor`1.GetAsyncDocumentQueryFor(Expression expression, Action`1 customization)
   at Raven.Client.Documents.Linq.RavenQueryProvider`1.ToAsyncDocumentQuery[TResult](Expression expression)
   at Raven.Client.Documents.LinqExtensions.FirstOrDefaultAsync[TSource](IQueryable`1 source, Expression`1 predicate, CancellationToken token)
   at Piranha.Repositories.PageRepository.Save[T](T model, Boolean isDraft) in C:\Users\bbqch\proj\microbians\piranha\data\Piranha.Data.EF\Repositories\PageRepository.cs:line 830
   at Piranha.Services.PageService.SaveAsync[T](T model, Boolean isDraft) in C:\Users\bbqch\proj\microbians\piranha\core\Piranha\Services\Internal\PageService.cs:line 732
   at Piranha.Tests.Services.PageTests.InitializeAsync() in C:\Users\bbqch\proj\microbians\piranha\test\Piranha.Tests\Services\PageTests.cs:line 163
----- Inner Stack Trace -----
   at Raven.Client.Documents.Linq.LinqPathProvider.GetMemberValue(MemberExpression memberExpression)
   at Raven.Client.Documents.Linq.LinqPathProvider.GetValueFromExpressionWithoutConversion(Expression expression, Object& value)
   at Raven.Client.Documents.Linq.RavenQueryProviderProcessor`1.VisitEquals(BinaryExpression expression)
   at Raven.Client.Documents.Linq.RavenQueryProviderProcessor`1.VisitBinaryExpression(BinaryExpression expression)
   at Raven.Client.Documents.Linq.RavenQueryProviderProcessor`1.VisitQueryableMethodCall(MethodCallExpression expression)
   at Raven.Client.Documents.Linq.RavenQueryProviderProcessor`1.VisitMethodCall(MethodCallExpression expression)
   at Raven.Client.Documents.Linq.RavenQueryProviderProcessor`1.GetAsyncDocumentQueryFor(Expression expression, Action`1 customization)
  Failed Piranha.Tests.Services.PageTests.GetCopyGenericById [1 ms]
  Error Message:
   System.NotSupportedException : Could not understand expression: from 'Blocks'.Where(b => (b.Id == value(Piranha.Repositories.PageRepository+<>c__DisplayClass23_3`1[Piranha.Tests.Services.PageTests+MyPage]).CS$<>8__locals2.blocks.get_Item(value(Piranha.Repositories.PageRepository+<>c__DisplayClass23_3`1[Piranha.Tests.Services.PageTests+MyPage]).n).Id))
---- System.NotSupportedException : Expression type not supported: System.Linq.Expressions.InstanceMethodCallExpression1
  Stack Trace:
     at Raven.Client.Documents.Linq.RavenQueryProviderProcessor`1.GetAsyncDocumentQueryFor(Expression expression, Action`1 customization)
   at Raven.Client.Documents.Linq.RavenQueryProvider`1.ToAsyncDocumentQuery[TResult](Expression expression)
   at Raven.Client.Documents.LinqExtensions.FirstOrDefaultAsync[TSource](IQueryable`1 source, Expression`1 predicate, CancellationToken token)
   at Piranha.Repositories.PageRepository.Save[T](T model, Boolean isDraft) in C:\Users\bbqch\proj\microbians\piranha\data\Piranha.Data.EF\Repositories\PageRepository.cs:line 830
   at Piranha.Services.PageService.SaveAsync[T](T model, Boolean isDraft) in C:\Users\bbqch\proj\microbians\piranha\core\Piranha\Services\Internal\PageService.cs:line 732
   at Piranha.Tests.Services.PageTests.InitializeAsync() in C:\Users\bbqch\proj\microbians\piranha\test\Piranha.Tests\Services\PageTests.cs:line 163
----- Inner Stack Trace -----
   at Raven.Client.Documents.Linq.LinqPathProvider.GetMemberValue(MemberExpression memberExpression)
   at Raven.Client.Documents.Linq.LinqPathProvider.GetValueFromExpressionWithoutConversion(Expression expression, Object& value)
   at Raven.Client.Documents.Linq.RavenQueryProviderProcessor`1.VisitEquals(BinaryExpression expression)
   at Raven.Client.Documents.Linq.RavenQueryProviderProcessor`1.VisitBinaryExpression(BinaryExpression expression)
   at Raven.Client.Documents.Linq.RavenQueryProviderProcessor`1.VisitQueryableMethodCall(MethodCallExpression expression)
   at Raven.Client.Documents.Linq.RavenQueryProviderProcessor`1.VisitMethodCall(MethodCallExpression expression)
   at Raven.Client.Documents.Linq.RavenQueryProviderProcessor`1.GetAsyncDocumentQueryFor(Expression expression, Action`1 customization)
  Failed Piranha.Tests.Services.PageTests.GetCollectionPageBaseClass [1 ms]
  Error Message:
   System.NotSupportedException : Could not understand expression: from 'Blocks'.Where(b => (b.Id == value(Piranha.Repositories.PageRepository+<>c__DisplayClass23_3`1[Piranha.Tests.Services.PageTests+MyPage]).CS$<>8__locals2.blocks.get_Item(value(Piranha.Repositories.PageRepository+<>c__DisplayClass23_3`1[Piranha.Tests.Services.PageTests+MyPage]).n).Id))
---- System.NotSupportedException : Expression type not supported: System.Linq.Expressions.InstanceMethodCallExpression1
  Stack Trace:
     at Raven.Client.Documents.Linq.RavenQueryProviderProcessor`1.GetAsyncDocumentQueryFor(Expression expression, Action`1 customization)
   at Raven.Client.Documents.Linq.RavenQueryProvider`1.ToAsyncDocumentQuery[TResult](Expression expression)
   at Raven.Client.Documents.LinqExtensions.FirstOrDefaultAsync[TSource](IQueryable`1 source, Expression`1 predicate, CancellationToken token)
   at Piranha.Repositories.PageRepository.Save[T](T model, Boolean isDraft) in C:\Users\bbqch\proj\microbians\piranha\data\Piranha.Data.EF\Repositories\PageRepository.cs:line 830
   at Piranha.Services.PageService.SaveAsync[T](T model, Boolean isDraft) in C:\Users\bbqch\proj\microbians\piranha\core\Piranha\Services\Internal\PageService.cs:line 732
   at Piranha.Tests.Services.PageTests.InitializeAsync() in C:\Users\bbqch\proj\microbians\piranha\test\Piranha.Tests\Services\PageTests.cs:line 163
----- Inner Stack Trace -----
   at Raven.Client.Documents.Linq.LinqPathProvider.GetMemberValue(MemberExpression memberExpression)
   at Raven.Client.Documents.Linq.LinqPathProvider.GetValueFromExpressionWithoutConversion(Expression expression, Object& value)
   at Raven.Client.Documents.Linq.RavenQueryProviderProcessor`1.VisitEquals(BinaryExpression expression)
   at Raven.Client.Documents.Linq.RavenQueryProviderProcessor`1.VisitBinaryExpression(BinaryExpression expression)
   at Raven.Client.Documents.Linq.RavenQueryProviderProcessor`1.VisitQueryableMethodCall(MethodCallExpression expression)
   at Raven.Client.Documents.Linq.RavenQueryProviderProcessor`1.VisitMethodCall(MethodCallExpression expression)
   at Raven.Client.Documents.Linq.RavenQueryProviderProcessor`1.GetAsyncDocumentQueryFor(Expression expression, Action`1 customization)
  Failed Piranha.Tests.Services.PageTests.GetGenericBySlug [1 ms]
  Error Message:
   System.NotSupportedException : Could not understand expression: from 'Blocks'.Where(b => (b.Id == value(Piranha.Repositories.PageRepository+<>c__DisplayClass23_3`1[Piranha.Tests.Services.PageTests+MyPage]).CS$<>8__locals2.blocks.get_Item(value(Piranha.Repositories.PageRepository+<>c__DisplayClass23_3`1[Piranha.Tests.Services.PageTests+MyPage]).n).Id))
---- System.NotSupportedException : Expression type not supported: System.Linq.Expressions.InstanceMethodCallExpression1
  Stack Trace:
     at Raven.Client.Documents.Linq.RavenQueryProviderProcessor`1.GetAsyncDocumentQueryFor(Expression expression, Action`1 customization)
   at Raven.Client.Documents.Linq.RavenQueryProvider`1.ToAsyncDocumentQuery[TResult](Expression expression)
   at Raven.Client.Documents.LinqExtensions.FirstOrDefaultAsync[TSource](IQueryable`1 source, Expression`1 predicate, CancellationToken token)
   at Piranha.Repositories.PageRepository.Save[T](T model, Boolean isDraft) in C:\Users\bbqch\proj\microbians\piranha\data\Piranha.Data.EF\Repositories\PageRepository.cs:line 830
   at Piranha.Services.PageService.SaveAsync[T](T model, Boolean isDraft) in C:\Users\bbqch\proj\microbians\piranha\core\Piranha\Services\Internal\PageService.cs:line 732
   at Piranha.Tests.Services.PageTests.InitializeAsync() in C:\Users\bbqch\proj\microbians\piranha\test\Piranha.Tests\Services\PageTests.cs:line 163
----- Inner Stack Trace -----
   at Raven.Client.Documents.Linq.LinqPathProvider.GetMemberValue(MemberExpression memberExpression)
   at Raven.Client.Documents.Linq.LinqPathProvider.GetValueFromExpressionWithoutConversion(Expression expression, Object& value)
   at Raven.Client.Documents.Linq.RavenQueryProviderProcessor`1.VisitEquals(BinaryExpression expression)
   at Raven.Client.Documents.Linq.RavenQueryProviderProcessor`1.VisitBinaryExpression(BinaryExpression expression)
   at Raven.Client.Documents.Linq.RavenQueryProviderProcessor`1.VisitQueryableMethodCall(MethodCallExpression expression)
   at Raven.Client.Documents.Linq.RavenQueryProviderProcessor`1.VisitMethodCall(MethodCallExpression expression)
   at Raven.Client.Documents.Linq.RavenQueryProviderProcessor`1.GetAsyncDocumentQueryFor(Expression expression, Action`1 customization)
  Failed Piranha.Tests.Services.PageTests.Move [1 ms]
  Error Message:
   System.NotSupportedException : Could not understand expression: from 'Blocks'.Where(b => (b.Id == value(Piranha.Repositories.PageRepository+<>c__DisplayClass23_3`1[Piranha.Tests.Services.PageTests+MyPage]).CS$<>8__locals2.blocks.get_Item(value(Piranha.Repositories.PageRepository+<>c__DisplayClass23_3`1[Piranha.Tests.Services.PageTests+MyPage]).n).Id))
---- System.NotSupportedException : Expression type not supported: System.Linq.Expressions.InstanceMethodCallExpression1
  Stack Trace:
     at Raven.Client.Documents.Linq.RavenQueryProviderProcessor`1.GetAsyncDocumentQueryFor(Expression expression, Action`1 customization)
   at Raven.Client.Documents.Linq.RavenQueryProvider`1.ToAsyncDocumentQuery[TResult](Expression expression)
   at Raven.Client.Documents.LinqExtensions.FirstOrDefaultAsync[TSource](IQueryable`1 source, Expression`1 predicate, CancellationToken token)
   at Piranha.Repositories.PageRepository.Save[T](T model, Boolean isDraft) in C:\Users\bbqch\proj\microbians\piranha\data\Piranha.Data.EF\Repositories\PageRepository.cs:line 830
   at Piranha.Services.PageService.SaveAsync[T](T model, Boolean isDraft) in C:\Users\bbqch\proj\microbians\piranha\core\Piranha\Services\Internal\PageService.cs:line 732
   at Piranha.Tests.Services.PageTests.InitializeAsync() in C:\Users\bbqch\proj\microbians\piranha\test\Piranha.Tests\Services\PageTests.cs:line 163
----- Inner Stack Trace -----
   at Raven.Client.Documents.Linq.LinqPathProvider.GetMemberValue(MemberExpression memberExpression)
   at Raven.Client.Documents.Linq.LinqPathProvider.GetValueFromExpressionWithoutConversion(Expression expression, Object& value)
   at Raven.Client.Documents.Linq.RavenQueryProviderProcessor`1.VisitEquals(BinaryExpression expression)
   at Raven.Client.Documents.Linq.RavenQueryProviderProcessor`1.VisitBinaryExpression(BinaryExpression expression)
   at Raven.Client.Documents.Linq.RavenQueryProviderProcessor`1.VisitQueryableMethodCall(MethodCallExpression expression)
   at Raven.Client.Documents.Linq.RavenQueryProviderProcessor`1.VisitMethodCall(MethodCallExpression expression)
   at Raven.Client.Documents.Linq.RavenQueryProviderProcessor`1.GetAsyncDocumentQueryFor(Expression expression, Action`1 customization)
  Failed Piranha.Tests.Services.PageTests.GetMultipleBaseClassById [1 ms]
  Error Message:
   System.NotSupportedException : Could not understand expression: from 'Blocks'.Where(b => (b.Id == value(Piranha.Repositories.PageRepository+<>c__DisplayClass23_3`1[Piranha.Tests.Services.PageTests+MyPage]).CS$<>8__locals2.blocks.get_Item(value(Piranha.Repositories.PageRepository+<>c__DisplayClass23_3`1[Piranha.Tests.Services.PageTests+MyPage]).n).Id))
---- System.NotSupportedException : Expression type not supported: System.Linq.Expressions.InstanceMethodCallExpression1
  Stack Trace:
     at Raven.Client.Documents.Linq.RavenQueryProviderProcessor`1.GetAsyncDocumentQueryFor(Expression expression, Action`1 customization)
   at Raven.Client.Documents.Linq.RavenQueryProvider`1.ToAsyncDocumentQuery[TResult](Expression expression)
   at Raven.Client.Documents.LinqExtensions.FirstOrDefaultAsync[TSource](IQueryable`1 source, Expression`1 predicate, CancellationToken token)
   at Piranha.Repositories.PageRepository.Save[T](T model, Boolean isDraft) in C:\Users\bbqch\proj\microbians\piranha\data\Piranha.Data.EF\Repositories\PageRepository.cs:line 830
   at Piranha.Services.PageService.SaveAsync[T](T model, Boolean isDraft) in C:\Users\bbqch\proj\microbians\piranha\core\Piranha\Services\Internal\PageService.cs:line 732
   at Piranha.Tests.Services.PageTests.InitializeAsync() in C:\Users\bbqch\proj\microbians\piranha\test\Piranha.Tests\Services\PageTests.cs:line 163
----- Inner Stack Trace -----
   at Raven.Client.Documents.Linq.LinqPathProvider.GetMemberValue(MemberExpression memberExpression)
   at Raven.Client.Documents.Linq.LinqPathProvider.GetValueFromExpressionWithoutConversion(Expression expression, Object& value)
   at Raven.Client.Documents.Linq.RavenQueryProviderProcessor`1.VisitEquals(BinaryExpression expression)
   at Raven.Client.Documents.Linq.RavenQueryProviderProcessor`1.VisitBinaryExpression(BinaryExpression expression)
   at Raven.Client.Documents.Linq.RavenQueryProviderProcessor`1.VisitQueryableMethodCall(MethodCallExpression expression)
   at Raven.Client.Documents.Linq.RavenQueryProviderProcessor`1.VisitMethodCall(MethodCallExpression expression)
   at Raven.Client.Documents.Linq.RavenQueryProviderProcessor`1.GetAsyncDocumentQueryFor(Expression expression, Action`1 customization)
  Failed Piranha.Tests.Services.PageTests.EmptyCollectionPageComplex [1 ms]
  Error Message:
   System.NotSupportedException : Could not understand expression: from 'Blocks'.Where(b => (b.Id == value(Piranha.Repositories.PageRepository+<>c__DisplayClass23_3`1[Piranha.Tests.Services.PageTests+MyPage]).CS$<>8__locals2.blocks.get_Item(value(Piranha.Repositories.PageRepository+<>c__DisplayClass23_3`1[Piranha.Tests.Services.PageTests+MyPage]).n).Id))
---- System.NotSupportedException : Expression type not supported: System.Linq.Expressions.InstanceMethodCallExpression1
  Stack Trace:
     at Raven.Client.Documents.Linq.RavenQueryProviderProcessor`1.GetAsyncDocumentQueryFor(Expression expression, Action`1 customization)
   at Raven.Client.Documents.Linq.RavenQueryProvider`1.ToAsyncDocumentQuery[TResult](Expression expression)
   at Raven.Client.Documents.LinqExtensions.FirstOrDefaultAsync[TSource](IQueryable`1 source, Expression`1 predicate, CancellationToken token)
   at Piranha.Repositories.PageRepository.Save[T](T model, Boolean isDraft) in C:\Users\bbqch\proj\microbians\piranha\data\Piranha.Data.EF\Repositories\PageRepository.cs:line 830
   at Piranha.Services.PageService.SaveAsync[T](T model, Boolean isDraft) in C:\Users\bbqch\proj\microbians\piranha\core\Piranha\Services\Internal\PageService.cs:line 732
   at Piranha.Tests.Services.PageTests.InitializeAsync() in C:\Users\bbqch\proj\microbians\piranha\test\Piranha.Tests\Services\PageTests.cs:line 163
----- Inner Stack Trace -----
   at Raven.Client.Documents.Linq.LinqPathProvider.GetMemberValue(MemberExpression memberExpression)
   at Raven.Client.Documents.Linq.LinqPathProvider.GetValueFromExpressionWithoutConversion(Expression expression, Object& value)
   at Raven.Client.Documents.Linq.RavenQueryProviderProcessor`1.VisitEquals(BinaryExpression expression)
   at Raven.Client.Documents.Linq.RavenQueryProviderProcessor`1.VisitBinaryExpression(BinaryExpression expression)
   at Raven.Client.Documents.Linq.RavenQueryProviderProcessor`1.VisitQueryableMethodCall(MethodCallExpression expression)
   at Raven.Client.Documents.Linq.RavenQueryProviderProcessor`1.VisitMethodCall(MethodCallExpression expression)
   at Raven.Client.Documents.Linq.RavenQueryProviderProcessor`1.GetAsyncDocumentQueryFor(Expression expression, Action`1 customization)
  Failed Piranha.Tests.Services.PostTestsMemoryCache.GetAllNoneBySlugAndSite [1 ms]
  Error Message:
   System.NullReferenceException : Object reference not set to an instance of an object.
  Stack Trace:
     at Piranha.Repositories.SiteRepository.GetById(String id) in C:\Users\bbqch\proj\microbians\piranha\data\Piranha.Data.EF\Repositories\SiteRepository.cs:line 97
   at Piranha.Services.SiteService.GetByIdAsync(String id) in C:\Users\bbqch\proj\microbians\piranha\core\Piranha\Services\Internal\SiteService.cs:line 85
   at Piranha.Services.SiteService.InvalidateSitemapAsync(String id, Boolean updateLastModified) in C:\Users\bbqch\proj\microbians\piranha\core\Piranha\Services\Internal\SiteService.cs:line 434
   at Piranha.Services.PageService.SaveAsync[T](T model, Boolean isDraft) in C:\Users\bbqch\proj\microbians\piranha\core\Piranha\Services\Internal\PageService.cs:line 763
   at Piranha.Tests.Services.PostTests.InitializeAsync() in C:\Users\bbqch\proj\microbians\piranha\test\Piranha.Tests\Services\PostTests.cs:line 140
   at Piranha.Tests.Services.PostTestsMemoryCache.InitializeAsync() in C:\Users\bbqch\proj\microbians\piranha\test\Piranha.Tests\Services\PostTests.cs:line 28
  Failed Piranha.Tests.Services.PostTestsMemoryCache.GetInfoById [1 ms]
  Error Message:
   System.NullReferenceException : Object reference not set to an instance of an object.
  Stack Trace:
     at Piranha.Repositories.SiteRepository.GetById(String id) in C:\Users\bbqch\proj\microbians\piranha\data\Piranha.Data.EF\Repositories\SiteRepository.cs:line 97
   at Piranha.Services.SiteService.GetByIdAsync(String id) in C:\Users\bbqch\proj\microbians\piranha\core\Piranha\Services\Internal\SiteService.cs:line 85
   at Piranha.Services.SiteService.InvalidateSitemapAsync(String id, Boolean updateLastModified) in C:\Users\bbqch\proj\microbians\piranha\core\Piranha\Services\Internal\SiteService.cs:line 434
   at Piranha.Services.PageService.SaveAsync[T](T model, Boolean isDraft) in C:\Users\bbqch\proj\microbians\piranha\core\Piranha\Services\Internal\PageService.cs:line 763
   at Piranha.Tests.Services.PostTests.InitializeAsync() in C:\Users\bbqch\proj\microbians\piranha\test\Piranha.Tests\Services\PostTests.cs:line 140
   at Piranha.Tests.Services.PostTestsMemoryCache.InitializeAsync() in C:\Users\bbqch\proj\microbians\piranha\test\Piranha.Tests\Services\PostTests.cs:line 28
  Failed Piranha.Tests.Services.PostTestsMemoryCache.GetBaseClassCollectionPost [1 ms]
  Error Message:
   System.NullReferenceException : Object reference not set to an instance of an object.
  Stack Trace:
     at Piranha.Repositories.SiteRepository.GetById(String id) in C:\Users\bbqch\proj\microbians\piranha\data\Piranha.Data.EF\Repositories\SiteRepository.cs:line 97
   at Piranha.Services.SiteService.GetByIdAsync(String id) in C:\Users\bbqch\proj\microbians\piranha\core\Piranha\Services\Internal\SiteService.cs:line 85
   at Piranha.Services.SiteService.InvalidateSitemapAsync(String id, Boolean updateLastModified) in C:\Users\bbqch\proj\microbians\piranha\core\Piranha\Services\Internal\SiteService.cs:line 434
   at Piranha.Services.PageService.SaveAsync[T](T model, Boolean isDraft) in C:\Users\bbqch\proj\microbians\piranha\core\Piranha\Services\Internal\PageService.cs:line 763
   at Piranha.Tests.Services.PostTests.InitializeAsync() in C:\Users\bbqch\proj\microbians\piranha\test\Piranha.Tests\Services\PostTests.cs:line 140
   at Piranha.Tests.Services.PostTestsMemoryCache.InitializeAsync() in C:\Users\bbqch\proj\microbians\piranha\test\Piranha.Tests\Services\PostTests.cs:line 28
  Failed Piranha.Tests.Services.PostTestsMemoryCache.GetNoneById [1 ms]
  Error Message:
   System.NullReferenceException : Object reference not set to an instance of an object.
  Stack Trace:
     at Piranha.Repositories.SiteRepository.GetById(String id) in C:\Users\bbqch\proj\microbians\piranha\data\Piranha.Data.EF\Repositories\SiteRepository.cs:line 97
   at Piranha.Services.SiteService.GetByIdAsync(String id) in C:\Users\bbqch\proj\microbians\piranha\core\Piranha\Services\Internal\SiteService.cs:line 85
   at Piranha.Services.SiteService.InvalidateSitemapAsync(String id, Boolean updateLastModified) in C:\Users\bbqch\proj\microbians\piranha\core\Piranha\Services\Internal\SiteService.cs:line 434
   at Piranha.Services.PageService.SaveAsync[T](T model, Boolean isDraft) in C:\Users\bbqch\proj\microbians\piranha\core\Piranha\Services\Internal\PageService.cs:line 763
   at Piranha.Tests.Services.PostTests.InitializeAsync() in C:\Users\bbqch\proj\microbians\piranha\test\Piranha.Tests\Services\PostTests.cs:line 140
   at Piranha.Tests.Services.PostTestsMemoryCache.InitializeAsync() in C:\Users\bbqch\proj\microbians\piranha\test\Piranha.Tests\Services\PostTests.cs:line 28
  Failed Piranha.Tests.Services.PostTestsMemoryCache.AddWithTags [1 ms]
  Error Message:
   System.NullReferenceException : Object reference not set to an instance of an object.
  Stack Trace:
     at Piranha.Repositories.SiteRepository.GetById(String id) in C:\Users\bbqch\proj\microbians\piranha\data\Piranha.Data.EF\Repositories\SiteRepository.cs:line 97
   at Piranha.Services.SiteService.GetByIdAsync(String id) in C:\Users\bbqch\proj\microbians\piranha\core\Piranha\Services\Internal\SiteService.cs:line 85
   at Piranha.Services.SiteService.InvalidateSitemapAsync(String id, Boolean updateLastModified) in C:\Users\bbqch\proj\microbians\piranha\core\Piranha\Services\Internal\SiteService.cs:line 434
   at Piranha.Services.PageService.SaveAsync[T](T model, Boolean isDraft) in C:\Users\bbqch\proj\microbians\piranha\core\Piranha\Services\Internal\PageService.cs:line 763
   at Piranha.Tests.Services.PostTests.InitializeAsync() in C:\Users\bbqch\proj\microbians\piranha\test\Piranha.Tests\Services\PostTests.cs:line 140
   at Piranha.Tests.Services.PostTestsMemoryCache.InitializeAsync() in C:\Users\bbqch\proj\microbians\piranha\test\Piranha.Tests\Services\PostTests.cs:line 28
  Failed Piranha.Tests.Services.PostTestsMemoryCache.GetAllBySlugAndSite [1 ms]
  Error Message:
   System.NullReferenceException : Object reference not set to an instance of an object.
  Stack Trace:
     at Piranha.Repositories.SiteRepository.GetById(String id) in C:\Users\bbqch\proj\microbians\piranha\data\Piranha.Data.EF\Repositories\SiteRepository.cs:line 97
   at Piranha.Services.SiteService.GetByIdAsync(String id) in C:\Users\bbqch\proj\microbians\piranha\core\Piranha\Services\Internal\SiteService.cs:line 85
   at Piranha.Services.SiteService.InvalidateSitemapAsync(String id, Boolean updateLastModified) in C:\Users\bbqch\proj\microbians\piranha\core\Piranha\Services\Internal\SiteService.cs:line 434
   at Piranha.Services.PageService.SaveAsync[T](T model, Boolean isDraft) in C:\Users\bbqch\proj\microbians\piranha\core\Piranha\Services\Internal\PageService.cs:line 763
   at Piranha.Tests.Services.PostTests.InitializeAsync() in C:\Users\bbqch\proj\microbians\piranha\test\Piranha.Tests\Services\PostTests.cs:line 140
   at Piranha.Tests.Services.PostTestsMemoryCache.InitializeAsync() in C:\Users\bbqch\proj\microbians\piranha\test\Piranha.Tests\Services\PostTests.cs:line 28
  Failed Piranha.Tests.Services.PostTestsMemoryCache.GetAllBySlug [1 ms]
  Error Message:
   System.NullReferenceException : Object reference not set to an instance of an object.
  Stack Trace:
     at Piranha.Repositories.SiteRepository.GetById(String id) in C:\Users\bbqch\proj\microbians\piranha\data\Piranha.Data.EF\Repositories\SiteRepository.cs:line 97
   at Piranha.Services.SiteService.GetByIdAsync(String id) in C:\Users\bbqch\proj\microbians\piranha\core\Piranha\Services\Internal\SiteService.cs:line 85
   at Piranha.Services.SiteService.InvalidateSitemapAsync(String id, Boolean updateLastModified) in C:\Users\bbqch\proj\microbians\piranha\core\Piranha\Services\Internal\SiteService.cs:line 434
   at Piranha.Services.PageService.SaveAsync[T](T model, Boolean isDraft) in C:\Users\bbqch\proj\microbians\piranha\core\Piranha\Services\Internal\PageService.cs:line 763
   at Piranha.Tests.Services.PostTests.InitializeAsync() in C:\Users\bbqch\proj\microbians\piranha\test\Piranha.Tests\Services\PostTests.cs:line 140
   at Piranha.Tests.Services.PostTestsMemoryCache.InitializeAsync() in C:\Users\bbqch\proj\microbians\piranha\test\Piranha.Tests\Services\PostTests.cs:line 28
  Failed Piranha.Tests.Services.PostTestsMemoryCache.DeleteById [1 ms]
  Error Message:
   System.NullReferenceException : Object reference not set to an instance of an object.
  Stack Trace:
     at Piranha.Repositories.SiteRepository.GetById(String id) in C:\Users\bbqch\proj\microbians\piranha\data\Piranha.Data.EF\Repositories\SiteRepository.cs:line 97
   at Piranha.Services.SiteService.GetByIdAsync(String id) in C:\Users\bbqch\proj\microbians\piranha\core\Piranha\Services\Internal\SiteService.cs:line 85
   at Piranha.Services.SiteService.InvalidateSitemapAsync(String id, Boolean updateLastModified) in C:\Users\bbqch\proj\microbians\piranha\core\Piranha\Services\Internal\SiteService.cs:line 434
   at Piranha.Services.PageService.SaveAsync[T](T model, Boolean isDraft) in C:\Users\bbqch\proj\microbians\piranha\core\Piranha\Services\Internal\PageService.cs:line 763
   at Piranha.Tests.Services.PostTests.InitializeAsync() in C:\Users\bbqch\proj\microbians\piranha\test\Piranha.Tests\Services\PostTests.cs:line 140
   at Piranha.Tests.Services.PostTestsMemoryCache.InitializeAsync() in C:\Users\bbqch\proj\microbians\piranha\test\Piranha.Tests\Services\PostTests.cs:line 28
  Failed Piranha.Tests.Services.PostTestsMemoryCache.AddDuplicateSlugShouldThrow [1 ms]
  Error Message:
   System.NullReferenceException : Object reference not set to an instance of an object.
  Stack Trace:
     at Piranha.Repositories.SiteRepository.GetById(String id) in C:\Users\bbqch\proj\microbians\piranha\data\Piranha.Data.EF\Repositories\SiteRepository.cs:line 97
   at Piranha.Services.SiteService.GetByIdAsync(String id) in C:\Users\bbqch\proj\microbians\piranha\core\Piranha\Services\Internal\SiteService.cs:line 85
   at Piranha.Services.SiteService.InvalidateSitemapAsync(String id, Boolean updateLastModified) in C:\Users\bbqch\proj\microbians\piranha\core\Piranha\Services\Internal\SiteService.cs:line 434
   at Piranha.Services.PageService.SaveAsync[T](T model, Boolean isDraft) in C:\Users\bbqch\proj\microbians\piranha\core\Piranha\Services\Internal\PageService.cs:line 763
   at Piranha.Tests.Services.PostTests.InitializeAsync() in C:\Users\bbqch\proj\microbians\piranha\test\Piranha.Tests\Services\PostTests.cs:line 140
   at Piranha.Tests.Services.PostTestsMemoryCache.InitializeAsync() in C:\Users\bbqch\proj\microbians\piranha\test\Piranha.Tests\Services\PostTests.cs:line 28
  Failed Piranha.Tests.Services.PostTestsMemoryCache.GetGenericById [1 ms]
  Error Message:
   System.NullReferenceException : Object reference not set to an instance of an object.
  Stack Trace:
     at Piranha.Repositories.SiteRepository.GetById(String id) in C:\Users\bbqch\proj\microbians\piranha\data\Piranha.Data.EF\Repositories\SiteRepository.cs:line 97
   at Piranha.Services.SiteService.GetByIdAsync(String id) in C:\Users\bbqch\proj\microbians\piranha\core\Piranha\Services\Internal\SiteService.cs:line 85
   at Piranha.Services.SiteService.InvalidateSitemapAsync(String id, Boolean updateLastModified) in C:\Users\bbqch\proj\microbians\piranha\core\Piranha\Services\Internal\SiteService.cs:line 434
   at Piranha.Services.PageService.SaveAsync[T](T model, Boolean isDraft) in C:\Users\bbqch\proj\microbians\piranha\core\Piranha\Services\Internal\PageService.cs:line 763
   at Piranha.Tests.Services.PostTests.InitializeAsync() in C:\Users\bbqch\proj\microbians\piranha\test\Piranha.Tests\Services\PostTests.cs:line 140
   at Piranha.Tests.Services.PostTestsMemoryCache.InitializeAsync() in C:\Users\bbqch\proj\microbians\piranha\test\Piranha.Tests\Services\PostTests.cs:line 28
  Failed Piranha.Tests.Services.PostTestsMemoryCache.GetDIDynamic [1 ms]
  Error Message:
   System.NullReferenceException : Object reference not set to an instance of an object.
  Stack Trace:
     at Piranha.Repositories.SiteRepository.GetById(String id) in C:\Users\bbqch\proj\microbians\piranha\data\Piranha.Data.EF\Repositories\SiteRepository.cs:line 97
   at Piranha.Services.SiteService.GetByIdAsync(String id) in C:\Users\bbqch\proj\microbians\piranha\core\Piranha\Services\Internal\SiteService.cs:line 85
   at Piranha.Services.SiteService.InvalidateSitemapAsync(String id, Boolean updateLastModified) in C:\Users\bbqch\proj\microbians\piranha\core\Piranha\Services\Internal\SiteService.cs:line 434
   at Piranha.Services.PageService.SaveAsync[T](T model, Boolean isDraft) in C:\Users\bbqch\proj\microbians\piranha\core\Piranha\Services\Internal\PageService.cs:line 763
   at Piranha.Tests.Services.PostTests.InitializeAsync() in C:\Users\bbqch\proj\microbians\piranha\test\Piranha.Tests\Services\PostTests.cs:line 140
   at Piranha.Tests.Services.PostTestsMemoryCache.InitializeAsync() in C:\Users\bbqch\proj\microbians\piranha\test\Piranha.Tests\Services\PostTests.cs:line 28
  Failed Piranha.Tests.Services.PostTestsMemoryCache.GetAllBaseClassBySlug [1 ms]
  Error Message:
   System.NullReferenceException : Object reference not set to an instance of an object.
  Stack Trace:
     at Piranha.Repositories.SiteRepository.GetById(String id) in C:\Users\bbqch\proj\microbians\piranha\data\Piranha.Data.EF\Repositories\SiteRepository.cs:line 97
   at Piranha.Services.SiteService.GetByIdAsync(String id) in C:\Users\bbqch\proj\microbians\piranha\core\Piranha\Services\Internal\SiteService.cs:line 85
   at Piranha.Services.SiteService.InvalidateSitemapAsync(String id, Boolean updateLastModified) in C:\Users\bbqch\proj\microbians\piranha\core\Piranha\Services\Internal\SiteService.cs:line 434
   at Piranha.Services.PageService.SaveAsync[T](T model, Boolean isDraft) in C:\Users\bbqch\proj\microbians\piranha\core\Piranha\Services\Internal\PageService.cs:line 763
   at Piranha.Tests.Services.PostTests.InitializeAsync() in C:\Users\bbqch\proj\microbians\piranha\test\Piranha.Tests\Services\PostTests.cs:line 140
   at Piranha.Tests.Services.PostTestsMemoryCache.InitializeAsync() in C:\Users\bbqch\proj\microbians\piranha\test\Piranha.Tests\Services\PostTests.cs:line 28
  Failed Piranha.Tests.Services.PostTestsMemoryCache.GetGenericBySlug [1 ms]
  Error Message:
   System.NullReferenceException : Object reference not set to an instance of an object.
  Stack Trace:
     at Piranha.Repositories.SiteRepository.GetById(String id) in C:\Users\bbqch\proj\microbians\piranha\data\Piranha.Data.EF\Repositories\SiteRepository.cs:line 97
   at Piranha.Services.SiteService.GetByIdAsync(String id) in C:\Users\bbqch\proj\microbians\piranha\core\Piranha\Services\Internal\SiteService.cs:line 85
   at Piranha.Services.SiteService.InvalidateSitemapAsync(String id, Boolean updateLastModified) in C:\Users\bbqch\proj\microbians\piranha\core\Piranha\Services\Internal\SiteService.cs:line 434
   at Piranha.Services.PageService.SaveAsync[T](T model, Boolean isDraft) in C:\Users\bbqch\proj\microbians\piranha\core\Piranha\Services\Internal\PageService.cs:line 763
   at Piranha.Tests.Services.PostTests.InitializeAsync() in C:\Users\bbqch\proj\microbians\piranha\test\Piranha.Tests\Services\PostTests.cs:line 140
   at Piranha.Tests.Services.PostTestsMemoryCache.InitializeAsync() in C:\Users\bbqch\proj\microbians\piranha\test\Piranha.Tests\Services\PostTests.cs:line 28
  Failed Piranha.Tests.Services.PostTestsMemoryCache.GetBaseClassBySlug [1 ms]
  Error Message:
   System.NullReferenceException : Object reference not set to an instance of an object.
  Stack Trace:
     at Piranha.Repositories.SiteRepository.GetById(String id) in C:\Users\bbqch\proj\microbians\piranha\data\Piranha.Data.EF\Repositories\SiteRepository.cs:line 97
   at Piranha.Services.SiteService.GetByIdAsync(String id) in C:\Users\bbqch\proj\microbians\piranha\core\Piranha\Services\Internal\SiteService.cs:line 85
   at Piranha.Services.SiteService.InvalidateSitemapAsync(String id, Boolean updateLastModified) in C:\Users\bbqch\proj\microbians\piranha\core\Piranha\Services\Internal\SiteService.cs:line 434
   at Piranha.Services.PageService.SaveAsync[T](T model, Boolean isDraft) in C:\Users\bbqch\proj\microbians\piranha\core\Piranha\Services\Internal\PageService.cs:line 763
   at Piranha.Tests.Services.PostTests.InitializeAsync() in C:\Users\bbqch\proj\microbians\piranha\test\Piranha.Tests\Services\PostTests.cs:line 140
   at Piranha.Tests.Services.PostTestsMemoryCache.InitializeAsync() in C:\Users\bbqch\proj\microbians\piranha\test\Piranha.Tests\Services\PostTests.cs:line 28
  Failed Piranha.Tests.Services.PostTestsMemoryCache.GetNoneBySlug [1 ms]
  Error Message:
   System.NullReferenceException : Object reference not set to an instance of an object.
  Stack Trace:
     at Piranha.Repositories.SiteRepository.GetById(String id) in C:\Users\bbqch\proj\microbians\piranha\data\Piranha.Data.EF\Repositories\SiteRepository.cs:line 97
   at Piranha.Services.SiteService.GetByIdAsync(String id) in C:\Users\bbqch\proj\microbians\piranha\core\Piranha\Services\Internal\SiteService.cs:line 85
   at Piranha.Services.SiteService.InvalidateSitemapAsync(String id, Boolean updateLastModified) in C:\Users\bbqch\proj\microbians\piranha\core\Piranha\Services\Internal\SiteService.cs:line 434
   at Piranha.Services.PageService.SaveAsync[T](T model, Boolean isDraft) in C:\Users\bbqch\proj\microbians\piranha\core\Piranha\Services\Internal\PageService.cs:line 763
   at Piranha.Tests.Services.PostTests.InitializeAsync() in C:\Users\bbqch\proj\microbians\piranha\test\Piranha.Tests\Services\PostTests.cs:line 140
   at Piranha.Tests.Services.PostTestsMemoryCache.InitializeAsync() in C:\Users\bbqch\proj\microbians\piranha\test\Piranha.Tests\Services\PostTests.cs:line 28
  Failed Piranha.Tests.Services.PostTestsMemoryCache.UpdateCollectionPost [1 ms]
  Error Message:
   System.NullReferenceException : Object reference not set to an instance of an object.
  Stack Trace:
     at Piranha.Repositories.SiteRepository.GetById(String id) in C:\Users\bbqch\proj\microbians\piranha\data\Piranha.Data.EF\Repositories\SiteRepository.cs:line 97
   at Piranha.Services.SiteService.GetByIdAsync(String id) in C:\Users\bbqch\proj\microbians\piranha\core\Piranha\Services\Internal\SiteService.cs:line 85
   at Piranha.Services.SiteService.InvalidateSitemapAsync(String id, Boolean updateLastModified) in C:\Users\bbqch\proj\microbians\piranha\core\Piranha\Services\Internal\SiteService.cs:line 434
   at Piranha.Services.PageService.SaveAsync[T](T model, Boolean isDraft) in C:\Users\bbqch\proj\microbians\piranha\core\Piranha\Services\Internal\PageService.cs:line 763
   at Piranha.Tests.Services.PostTests.InitializeAsync() in C:\Users\bbqch\proj\microbians\piranha\test\Piranha.Tests\Services\PostTests.cs:line 140
   at Piranha.Tests.Services.PostTestsMemoryCache.InitializeAsync() in C:\Users\bbqch\proj\microbians\piranha\test\Piranha.Tests\Services\PostTests.cs:line 28
  Failed Piranha.Tests.Services.PostTestsMemoryCache.GetDIGeneric [1 ms]
  Error Message:
   System.NullReferenceException : Object reference not set to an instance of an object.
  Stack Trace:
     at Piranha.Repositories.SiteRepository.GetById(String id) in C:\Users\bbqch\proj\microbians\piranha\data\Piranha.Data.EF\Repositories\SiteRepository.cs:line 97
   at Piranha.Services.SiteService.GetByIdAsync(String id) in C:\Users\bbqch\proj\microbians\piranha\core\Piranha\Services\Internal\SiteService.cs:line 85
   at Piranha.Services.SiteService.InvalidateSitemapAsync(String id, Boolean updateLastModified) in C:\Users\bbqch\proj\microbians\piranha\core\Piranha\Services\Internal\SiteService.cs:line 434
   at Piranha.Services.PageService.SaveAsync[T](T model, Boolean isDraft) in C:\Users\bbqch\proj\microbians\piranha\core\Piranha\Services\Internal\PageService.cs:line 763
   at Piranha.Tests.Services.PostTests.InitializeAsync() in C:\Users\bbqch\proj\microbians\piranha\test\Piranha.Tests\Services\PostTests.cs:line 140
   at Piranha.Tests.Services.PostTestsMemoryCache.InitializeAsync() in C:\Users\bbqch\proj\microbians\piranha\test\Piranha.Tests\Services\PostTests.cs:line 28
  Failed Piranha.Tests.Services.PostTestsMemoryCache.Add [1 ms]
  Error Message:
   System.NullReferenceException : Object reference not set to an instance of an object.
  Stack Trace:
     at Piranha.Repositories.SiteRepository.GetById(String id) in C:\Users\bbqch\proj\microbians\piranha\data\Piranha.Data.EF\Repositories\SiteRepository.cs:line 97
   at Piranha.Services.SiteService.GetByIdAsync(String id) in C:\Users\bbqch\proj\microbians\piranha\core\Piranha\Services\Internal\SiteService.cs:line 85
   at Piranha.Services.SiteService.InvalidateSitemapAsync(String id, Boolean updateLastModified) in C:\Users\bbqch\proj\microbians\piranha\core\Piranha\Services\Internal\SiteService.cs:line 434
   at Piranha.Services.PageService.SaveAsync[T](T model, Boolean isDraft) in C:\Users\bbqch\proj\microbians\piranha\core\Piranha\Services\Internal\PageService.cs:line 763
   at Piranha.Tests.Services.PostTests.InitializeAsync() in C:\Users\bbqch\proj\microbians\piranha\test\Piranha.Tests\Services\PostTests.cs:line 140
   at Piranha.Tests.Services.PostTestsMemoryCache.InitializeAsync() in C:\Users\bbqch\proj\microbians\piranha\test\Piranha.Tests\Services\PostTests.cs:line 28
  Failed Piranha.Tests.Services.PostTestsMemoryCache.GetCollectionPost [1 ms]
  Error Message:
   System.NullReferenceException : Object reference not set to an instance of an object.
  Stack Trace:
     at Piranha.Repositories.SiteRepository.GetById(String id) in C:\Users\bbqch\proj\microbians\piranha\data\Piranha.Data.EF\Repositories\SiteRepository.cs:line 97
   at Piranha.Services.SiteService.GetByIdAsync(String id) in C:\Users\bbqch\proj\microbians\piranha\core\Piranha\Services\Internal\SiteService.cs:line 85
   at Piranha.Services.SiteService.InvalidateSitemapAsync(String id, Boolean updateLastModified) in C:\Users\bbqch\proj\microbians\piranha\core\Piranha\Services\Internal\SiteService.cs:line 434
   at Piranha.Services.PageService.SaveAsync[T](T model, Boolean isDraft) in C:\Users\bbqch\proj\microbians\piranha\core\Piranha\Services\Internal\PageService.cs:line 763
   at Piranha.Tests.Services.PostTests.InitializeAsync() in C:\Users\bbqch\proj\microbians\piranha\test\Piranha.Tests\Services\PostTests.cs:line 140
   at Piranha.Tests.Services.PostTestsMemoryCache.InitializeAsync() in C:\Users\bbqch\proj\microbians\piranha\test\Piranha.Tests\Services\PostTests.cs:line 28
  Failed Piranha.Tests.Services.PostTestsMemoryCache.GetAllByIdMissing [1 ms]
  Error Message:
   System.NullReferenceException : Object reference not set to an instance of an object.
  Stack Trace:
     at Piranha.Repositories.SiteRepository.GetById(String id) in C:\Users\bbqch\proj\microbians\piranha\data\Piranha.Data.EF\Repositories\SiteRepository.cs:line 97
   at Piranha.Services.SiteService.GetByIdAsync(String id) in C:\Users\bbqch\proj\microbians\piranha\core\Piranha\Services\Internal\SiteService.cs:line 85
   at Piranha.Services.SiteService.InvalidateSitemapAsync(String id, Boolean updateLastModified) in C:\Users\bbqch\proj\microbians\piranha\core\Piranha\Services\Internal\SiteService.cs:line 434
   at Piranha.Services.PageService.SaveAsync[T](T model, Boolean isDraft) in C:\Users\bbqch\proj\microbians\piranha\core\Piranha\Services\Internal\PageService.cs:line 763
   at Piranha.Tests.Services.PostTests.InitializeAsync() in C:\Users\bbqch\proj\microbians\piranha\test\Piranha.Tests\Services\PostTests.cs:line 140
   at Piranha.Tests.Services.PostTestsMemoryCache.InitializeAsync() in C:\Users\bbqch\proj\microbians\piranha\test\Piranha.Tests\Services\PostTests.cs:line 28
  Failed Piranha.Tests.Services.PostTestsMemoryCache.Delete [1 ms]
  Error Message:
   System.NullReferenceException : Object reference not set to an instance of an object.
  Stack Trace:
     at Piranha.Repositories.SiteRepository.GetById(String id) in C:\Users\bbqch\proj\microbians\piranha\data\Piranha.Data.EF\Repositories\SiteRepository.cs:line 97
   at Piranha.Services.SiteService.GetByIdAsync(String id) in C:\Users\bbqch\proj\microbians\piranha\core\Piranha\Services\Internal\SiteService.cs:line 85
   at Piranha.Services.SiteService.InvalidateSitemapAsync(String id, Boolean updateLastModified) in C:\Users\bbqch\proj\microbians\piranha\core\Piranha\Services\Internal\SiteService.cs:line 434
   at Piranha.Services.PageService.SaveAsync[T](T model, Boolean isDraft) in C:\Users\bbqch\proj\microbians\piranha\core\Piranha\Services\Internal\PageService.cs:line 763
   at Piranha.Tests.Services.PostTests.InitializeAsync() in C:\Users\bbqch\proj\microbians\piranha\test\Piranha.Tests\Services\PostTests.cs:line 140
   at Piranha.Tests.Services.PostTestsMemoryCache.InitializeAsync() in C:\Users\bbqch\proj\microbians\piranha\test\Piranha.Tests\Services\PostTests.cs:line 28
  Failed Piranha.Tests.Services.PostTestsMemoryCache.GetDynamicById [1 ms]
  Error Message:
   System.NullReferenceException : Object reference not set to an instance of an object.
  Stack Trace:
     at Piranha.Repositories.SiteRepository.GetById(String id) in C:\Users\bbqch\proj\microbians\piranha\data\Piranha.Data.EF\Repositories\SiteRepository.cs:line 97
   at Piranha.Services.SiteService.GetByIdAsync(String id) in C:\Users\bbqch\proj\microbians\piranha\core\Piranha\Services\Internal\SiteService.cs:line 85
   at Piranha.Services.SiteService.InvalidateSitemapAsync(String id, Boolean updateLastModified) in C:\Users\bbqch\proj\microbians\piranha\core\Piranha\Services\Internal\SiteService.cs:line 434
   at Piranha.Services.PageService.SaveAsync[T](T model, Boolean isDraft) in C:\Users\bbqch\proj\microbians\piranha\core\Piranha\Services\Internal\PageService.cs:line 763
   at Piranha.Tests.Services.PostTests.InitializeAsync() in C:\Users\bbqch\proj\microbians\piranha\test\Piranha.Tests\Services\PostTests.cs:line 140
   at Piranha.Tests.Services.PostTestsMemoryCache.InitializeAsync() in C:\Users\bbqch\proj\microbians\piranha\test\Piranha.Tests\Services\PostTests.cs:line 28
  Failed Piranha.Tests.Services.PostTestsMemoryCache.GetMissingById [1 ms]
  Error Message:
   System.NullReferenceException : Object reference not set to an instance of an object.
  Stack Trace:
     at Piranha.Repositories.SiteRepository.GetById(String id) in C:\Users\bbqch\proj\microbians\piranha\data\Piranha.Data.EF\Repositories\SiteRepository.cs:line 97
   at Piranha.Services.SiteService.GetByIdAsync(String id) in C:\Users\bbqch\proj\microbians\piranha\core\Piranha\Services\Internal\SiteService.cs:line 85
   at Piranha.Services.SiteService.InvalidateSitemapAsync(String id, Boolean updateLastModified) in C:\Users\bbqch\proj\microbians\piranha\core\Piranha\Services\Internal\SiteService.cs:line 434
   at Piranha.Services.PageService.SaveAsync[T](T model, Boolean isDraft) in C:\Users\bbqch\proj\microbians\piranha\core\Piranha\Services\Internal\PageService.cs:line 763
   at Piranha.Tests.Services.PostTests.InitializeAsync() in C:\Users\bbqch\proj\microbians\piranha\test\Piranha.Tests\Services\PostTests.cs:line 140
   at Piranha.Tests.Services.PostTestsMemoryCache.InitializeAsync() in C:\Users\bbqch\proj\microbians\piranha\test\Piranha.Tests\Services\PostTests.cs:line 28
  Failed Piranha.Tests.Services.PostTestsMemoryCache.CheckPermlinkSyntax [1 ms]
  Error Message:
   System.NullReferenceException : Object reference not set to an instance of an object.
  Stack Trace:
     at Piranha.Repositories.SiteRepository.GetById(String id) in C:\Users\bbqch\proj\microbians\piranha\data\Piranha.Data.EF\Repositories\SiteRepository.cs:line 97
   at Piranha.Services.SiteService.GetByIdAsync(String id) in C:\Users\bbqch\proj\microbians\piranha\core\Piranha\Services\Internal\SiteService.cs:line 85
   at Piranha.Services.SiteService.InvalidateSitemapAsync(String id, Boolean updateLastModified) in C:\Users\bbqch\proj\microbians\piranha\core\Piranha\Services\Internal\SiteService.cs:line 434
   at Piranha.Services.PageService.SaveAsync[T](T model, Boolean isDraft) in C:\Users\bbqch\proj\microbians\piranha\core\Piranha\Services\Internal\PageService.cs:line 763
   at Piranha.Tests.Services.PostTests.InitializeAsync() in C:\Users\bbqch\proj\microbians\piranha\test\Piranha.Tests\Services\PostTests.cs:line 140
   at Piranha.Tests.Services.PostTestsMemoryCache.InitializeAsync() in C:\Users\bbqch\proj\microbians\piranha\test\Piranha.Tests\Services\PostTests.cs:line 28
  Failed Piranha.Tests.Services.PostTestsMemoryCache.GetNoneBySlugId [1 ms]
  Error Message:
   System.NullReferenceException : Object reference not set to an instance of an object.
  Stack Trace:
     at Piranha.Repositories.SiteRepository.GetById(String id) in C:\Users\bbqch\proj\microbians\piranha\data\Piranha.Data.EF\Repositories\SiteRepository.cs:line 97
   at Piranha.Services.SiteService.GetByIdAsync(String id) in C:\Users\bbqch\proj\microbians\piranha\core\Piranha\Services\Internal\SiteService.cs:line 85
   at Piranha.Services.SiteService.InvalidateSitemapAsync(String id, Boolean updateLastModified) in C:\Users\bbqch\proj\microbians\piranha\core\Piranha\Services\Internal\SiteService.cs:line 434
   at Piranha.Services.PageService.SaveAsync[T](T model, Boolean isDraft) in C:\Users\bbqch\proj\microbians\piranha\core\Piranha\Services\Internal\PageService.cs:line 763
   at Piranha.Tests.Services.PostTests.InitializeAsync() in C:\Users\bbqch\proj\microbians\piranha\test\Piranha.Tests\Services\PostTests.cs:line 140
   at Piranha.Tests.Services.PostTestsMemoryCache.InitializeAsync() in C:\Users\bbqch\proj\microbians\piranha\test\Piranha.Tests\Services\PostTests.cs:line 28
  Failed Piranha.Tests.Services.PostTestsMemoryCache.GetAll [1 ms]
  Error Message:
   System.NullReferenceException : Object reference not set to an instance of an object.
  Stack Trace:
     at Piranha.Repositories.SiteRepository.GetById(String id) in C:\Users\bbqch\proj\microbians\piranha\data\Piranha.Data.EF\Repositories\SiteRepository.cs:line 97
   at Piranha.Services.SiteService.GetByIdAsync(String id) in C:\Users\bbqch\proj\microbians\piranha\core\Piranha\Services\Internal\SiteService.cs:line 85
   at Piranha.Services.SiteService.InvalidateSitemapAsync(String id, Boolean updateLastModified) in C:\Users\bbqch\proj\microbians\piranha\core\Piranha\Services\Internal\SiteService.cs:line 434
   at Piranha.Services.PageService.SaveAsync[T](T model, Boolean isDraft) in C:\Users\bbqch\proj\microbians\piranha\core\Piranha\Services\Internal\PageService.cs:line 763
   at Piranha.Tests.Services.PostTests.InitializeAsync() in C:\Users\bbqch\proj\microbians\piranha\test\Piranha.Tests\Services\PostTests.cs:line 140
   at Piranha.Tests.Services.PostTestsMemoryCache.InitializeAsync() in C:\Users\bbqch\proj\microbians\piranha\test\Piranha.Tests\Services\PostTests.cs:line 28
  Failed Piranha.Tests.Services.PostTestsMemoryCache.GetAllBySlugMissing [1 ms]
  Error Message:
   System.NullReferenceException : Object reference not set to an instance of an object.
  Stack Trace:
     at Piranha.Repositories.SiteRepository.GetById(String id) in C:\Users\bbqch\proj\microbians\piranha\data\Piranha.Data.EF\Repositories\SiteRepository.cs:line 97
   at Piranha.Services.SiteService.GetByIdAsync(String id) in C:\Users\bbqch\proj\microbians\piranha\core\Piranha\Services\Internal\SiteService.cs:line 85
   at Piranha.Services.SiteService.InvalidateSitemapAsync(String id, Boolean updateLastModified) in C:\Users\bbqch\proj\microbians\piranha\core\Piranha\Services\Internal\SiteService.cs:line 434
   at Piranha.Services.PageService.SaveAsync[T](T model, Boolean isDraft) in C:\Users\bbqch\proj\microbians\piranha\core\Piranha\Services\Internal\PageService.cs:line 763
   at Piranha.Tests.Services.PostTests.InitializeAsync() in C:\Users\bbqch\proj\microbians\piranha\test\Piranha.Tests\Services\PostTests.cs:line 140
   at Piranha.Tests.Services.PostTestsMemoryCache.InitializeAsync() in C:\Users\bbqch\proj\microbians\piranha\test\Piranha.Tests\Services\PostTests.cs:line 28
  Failed Piranha.Tests.Services.PostTestsMemoryCache.GetBlocksById [1 ms]
  Error Message:
   System.NullReferenceException : Object reference not set to an instance of an object.
  Stack Trace:
     at Piranha.Repositories.SiteRepository.GetById(String id) in C:\Users\bbqch\proj\microbians\piranha\data\Piranha.Data.EF\Repositories\SiteRepository.cs:line 97
   at Piranha.Services.SiteService.GetByIdAsync(String id) in C:\Users\bbqch\proj\microbians\piranha\core\Piranha\Services\Internal\SiteService.cs:line 85
   at Piranha.Services.SiteService.InvalidateSitemapAsync(String id, Boolean updateLastModified) in C:\Users\bbqch\proj\microbians\piranha\core\Piranha\Services\Internal\SiteService.cs:line 434
   at Piranha.Services.PageService.SaveAsync[T](T model, Boolean isDraft) in C:\Users\bbqch\proj\microbians\piranha\core\Piranha\Services\Internal\PageService.cs:line 763
   at Piranha.Tests.Services.PostTests.InitializeAsync() in C:\Users\bbqch\proj\microbians\piranha\test\Piranha.Tests\Services\PostTests.cs:line 140
   at Piranha.Tests.Services.PostTestsMemoryCache.InitializeAsync() in C:\Users\bbqch\proj\microbians\piranha\test\Piranha.Tests\Services\PostTests.cs:line 28
  Failed Piranha.Tests.Services.PostTestsMemoryCache.Update [1 ms]
  Error Message:
   System.NullReferenceException : Object reference not set to an instance of an object.
  Stack Trace:
     at Piranha.Repositories.SiteRepository.GetById(String id) in C:\Users\bbqch\proj\microbians\piranha\data\Piranha.Data.EF\Repositories\SiteRepository.cs:line 97
   at Piranha.Services.SiteService.GetByIdAsync(String id) in C:\Users\bbqch\proj\microbians\piranha\core\Piranha\Services\Internal\SiteService.cs:line 85
   at Piranha.Services.SiteService.InvalidateSitemapAsync(String id, Boolean updateLastModified) in C:\Users\bbqch\proj\microbians\piranha\core\Piranha\Services\Internal\SiteService.cs:line 434
   at Piranha.Services.PageService.SaveAsync[T](T model, Boolean isDraft) in C:\Users\bbqch\proj\microbians\piranha\core\Piranha\Services\Internal\PageService.cs:line 763
   at Piranha.Tests.Services.PostTests.InitializeAsync() in C:\Users\bbqch\proj\microbians\piranha\test\Piranha.Tests\Services\PostTests.cs:line 140
   at Piranha.Tests.Services.PostTestsMemoryCache.InitializeAsync() in C:\Users\bbqch\proj\microbians\piranha\test\Piranha.Tests\Services\PostTests.cs:line 28
  Failed Piranha.Tests.Services.PostTestsMemoryCache.GetInfoBySlug [1 ms]
  Error Message:
   System.NullReferenceException : Object reference not set to an instance of an object.
  Stack Trace:
     at Piranha.Repositories.SiteRepository.GetById(String id) in C:\Users\bbqch\proj\microbians\piranha\data\Piranha.Data.EF\Repositories\SiteRepository.cs:line 97
   at Piranha.Services.SiteService.GetByIdAsync(String id) in C:\Users\bbqch\proj\microbians\piranha\core\Piranha\Services\Internal\SiteService.cs:line 85
   at Piranha.Services.SiteService.InvalidateSitemapAsync(String id, Boolean updateLastModified) in C:\Users\bbqch\proj\microbians\piranha\core\Piranha\Services\Internal\SiteService.cs:line 434
   at Piranha.Services.PageService.SaveAsync[T](T model, Boolean isDraft) in C:\Users\bbqch\proj\microbians\piranha\core\Piranha\Services\Internal\PageService.cs:line 763
   at Piranha.Tests.Services.PostTests.InitializeAsync() in C:\Users\bbqch\proj\microbians\piranha\test\Piranha.Tests\Services\PostTests.cs:line 140
   at Piranha.Tests.Services.PostTestsMemoryCache.InitializeAsync() in C:\Users\bbqch\proj\microbians\piranha\test\Piranha.Tests\Services\PostTests.cs:line 28
  Failed Piranha.Tests.Services.PostTestsMemoryCache.GetAllBaseClass [1 ms]
  Error Message:
   System.NullReferenceException : Object reference not set to an instance of an object.
  Stack Trace:
     at Piranha.Repositories.SiteRepository.GetById(String id) in C:\Users\bbqch\proj\microbians\piranha\data\Piranha.Data.EF\Repositories\SiteRepository.cs:line 97
   at Piranha.Services.SiteService.GetByIdAsync(String id) in C:\Users\bbqch\proj\microbians\piranha\core\Piranha\Services\Internal\SiteService.cs:line 85
   at Piranha.Services.SiteService.InvalidateSitemapAsync(String id, Boolean updateLastModified) in C:\Users\bbqch\proj\microbians\piranha\core\Piranha\Services\Internal\SiteService.cs:line 434
   at Piranha.Services.PageService.SaveAsync[T](T model, Boolean isDraft) in C:\Users\bbqch\proj\microbians\piranha\core\Piranha\Services\Internal\PageService.cs:line 763
   at Piranha.Tests.Services.PostTests.InitializeAsync() in C:\Users\bbqch\proj\microbians\piranha\test\Piranha.Tests\Services\PostTests.cs:line 140
   at Piranha.Tests.Services.PostTestsMemoryCache.InitializeAsync() in C:\Users\bbqch\proj\microbians\piranha\test\Piranha.Tests\Services\PostTests.cs:line 28
  Failed Piranha.Tests.Services.PostTestsMemoryCache.GetNoneBySlugBlogId [1 ms]
  Error Message:
   System.NullReferenceException : Object reference not set to an instance of an object.
  Stack Trace:
     at Piranha.Repositories.SiteRepository.GetById(String id) in C:\Users\bbqch\proj\microbians\piranha\data\Piranha.Data.EF\Repositories\SiteRepository.cs:line 97
   at Piranha.Services.SiteService.GetByIdAsync(String id) in C:\Users\bbqch\proj\microbians\piranha\core\Piranha\Services\Internal\SiteService.cs:line 85
   at Piranha.Services.SiteService.InvalidateSitemapAsync(String id, Boolean updateLastModified) in C:\Users\bbqch\proj\microbians\piranha\core\Piranha\Services\Internal\SiteService.cs:line 434
   at Piranha.Services.PageService.SaveAsync[T](T model, Boolean isDraft) in C:\Users\bbqch\proj\microbians\piranha\core\Piranha\Services\Internal\PageService.cs:line 763
   at Piranha.Tests.Services.PostTests.InitializeAsync() in C:\Users\bbqch\proj\microbians\piranha\test\Piranha.Tests\Services\PostTests.cs:line 140
   at Piranha.Tests.Services.PostTestsMemoryCache.InitializeAsync() in C:\Users\bbqch\proj\microbians\piranha\test\Piranha.Tests\Services\PostTests.cs:line 28
  Failed Piranha.Tests.Services.PostTestsMemoryCache.GetMissingBySlug [1 ms]
  Error Message:
   System.NullReferenceException : Object reference not set to an instance of an object.
  Stack Trace:
     at Piranha.Repositories.SiteRepository.GetById(String id) in C:\Users\bbqch\proj\microbians\piranha\data\Piranha.Data.EF\Repositories\SiteRepository.cs:line 97
   at Piranha.Services.SiteService.GetByIdAsync(String id) in C:\Users\bbqch\proj\microbians\piranha\core\Piranha\Services\Internal\SiteService.cs:line 85
   at Piranha.Services.SiteService.InvalidateSitemapAsync(String id, Boolean updateLastModified) in C:\Users\bbqch\proj\microbians\piranha\core\Piranha\Services\Internal\SiteService.cs:line 434
   at Piranha.Services.PageService.SaveAsync[T](T model, Boolean isDraft) in C:\Users\bbqch\proj\microbians\piranha\core\Piranha\Services\Internal\PageService.cs:line 763
   at Piranha.Tests.Services.PostTests.InitializeAsync() in C:\Users\bbqch\proj\microbians\piranha\test\Piranha.Tests\Services\PostTests.cs:line 140
   at Piranha.Tests.Services.PostTestsMemoryCache.InitializeAsync() in C:\Users\bbqch\proj\microbians\piranha\test\Piranha.Tests\Services\PostTests.cs:line 28
  Failed Piranha.Tests.Services.PostTestsMemoryCache.GetBaseClassById [1 ms]
  Error Message:
   System.NullReferenceException : Object reference not set to an instance of an object.
  Stack Trace:
     at Piranha.Repositories.SiteRepository.GetById(String id) in C:\Users\bbqch\proj\microbians\piranha\data\Piranha.Data.EF\Repositories\SiteRepository.cs:line 97
   at Piranha.Services.SiteService.GetByIdAsync(String id) in C:\Users\bbqch\proj\microbians\piranha\core\Piranha\Services\Internal\SiteService.cs:line 85
   at Piranha.Services.SiteService.InvalidateSitemapAsync(String id, Boolean updateLastModified) in C:\Users\bbqch\proj\microbians\piranha\core\Piranha\Services\Internal\SiteService.cs:line 434
   at Piranha.Services.PageService.SaveAsync[T](T model, Boolean isDraft) in C:\Users\bbqch\proj\microbians\piranha\core\Piranha\Services\Internal\PageService.cs:line 763
   at Piranha.Tests.Services.PostTests.InitializeAsync() in C:\Users\bbqch\proj\microbians\piranha\test\Piranha.Tests\Services\PostTests.cs:line 140
   at Piranha.Tests.Services.PostTestsMemoryCache.InitializeAsync() in C:\Users\bbqch\proj\microbians\piranha\test\Piranha.Tests\Services\PostTests.cs:line 28
  Failed Piranha.Tests.Services.PostTestsMemoryCache.GetDynamicCollectionPost [1 ms]
  Error Message:
   System.NullReferenceException : Object reference not set to an instance of an object.
  Stack Trace:
     at Piranha.Repositories.SiteRepository.GetById(String id) in C:\Users\bbqch\proj\microbians\piranha\data\Piranha.Data.EF\Repositories\SiteRepository.cs:line 97
   at Piranha.Services.SiteService.GetByIdAsync(String id) in C:\Users\bbqch\proj\microbians\piranha\core\Piranha\Services\Internal\SiteService.cs:line 85
   at Piranha.Services.SiteService.InvalidateSitemapAsync(String id, Boolean updateLastModified) in C:\Users\bbqch\proj\microbians\piranha\core\Piranha\Services\Internal\SiteService.cs:line 434
   at Piranha.Services.PageService.SaveAsync[T](T model, Boolean isDraft) in C:\Users\bbqch\proj\microbians\piranha\core\Piranha\Services\Internal\PageService.cs:line 763
   at Piranha.Tests.Services.PostTests.InitializeAsync() in C:\Users\bbqch\proj\microbians\piranha\test\Piranha.Tests\Services\PostTests.cs:line 140
   at Piranha.Tests.Services.PostTestsMemoryCache.InitializeAsync() in C:\Users\bbqch\proj\microbians\piranha\test\Piranha.Tests\Services\PostTests.cs:line 28
  Failed Piranha.Tests.Services.PostTestsMemoryCache.GetAllNoneBySlug [1 ms]
  Error Message:
   System.NullReferenceException : Object reference not set to an instance of an object.
  Stack Trace:
     at Piranha.Repositories.SiteRepository.GetById(String id) in C:\Users\bbqch\proj\microbians\piranha\data\Piranha.Data.EF\Repositories\SiteRepository.cs:line 97
   at Piranha.Services.SiteService.GetByIdAsync(String id) in C:\Users\bbqch\proj\microbians\piranha\core\Piranha\Services\Internal\SiteService.cs:line 85
   at Piranha.Services.SiteService.InvalidateSitemapAsync(String id, Boolean updateLastModified) in C:\Users\bbqch\proj\microbians\piranha\core\Piranha\Services\Internal\SiteService.cs:line 434
   at Piranha.Services.PageService.SaveAsync[T](T model, Boolean isDraft) in C:\Users\bbqch\proj\microbians\piranha\core\Piranha\Services\Internal\PageService.cs:line 763
   at Piranha.Tests.Services.PostTests.InitializeAsync() in C:\Users\bbqch\proj\microbians\piranha\test\Piranha.Tests\Services\PostTests.cs:line 140
   at Piranha.Tests.Services.PostTestsMemoryCache.InitializeAsync() in C:\Users\bbqch\proj\microbians\piranha\test\Piranha.Tests\Services\PostTests.cs:line 28
  Failed Piranha.Tests.Services.PostTestsMemoryCache.IsCached [1 ms]
  Error Message:
   System.NullReferenceException : Object reference not set to an instance of an object.
  Stack Trace:
     at Piranha.Repositories.SiteRepository.GetById(String id) in C:\Users\bbqch\proj\microbians\piranha\data\Piranha.Data.EF\Repositories\SiteRepository.cs:line 97
   at Piranha.Services.SiteService.GetByIdAsync(String id) in C:\Users\bbqch\proj\microbians\piranha\core\Piranha\Services\Internal\SiteService.cs:line 85
   at Piranha.Services.SiteService.InvalidateSitemapAsync(String id, Boolean updateLastModified) in C:\Users\bbqch\proj\microbians\piranha\core\Piranha\Services\Internal\SiteService.cs:line 434
   at Piranha.Services.PageService.SaveAsync[T](T model, Boolean isDraft) in C:\Users\bbqch\proj\microbians\piranha\core\Piranha\Services\Internal\PageService.cs:line 763
   at Piranha.Tests.Services.PostTests.InitializeAsync() in C:\Users\bbqch\proj\microbians\piranha\test\Piranha.Tests\Services\PostTests.cs:line 140
   at Piranha.Tests.Services.PostTestsMemoryCache.InitializeAsync() in C:\Users\bbqch\proj\microbians\piranha\test\Piranha.Tests\Services\PostTests.cs:line 28
  Failed Piranha.Tests.Services.PostTestsMemoryCache.GetAllById [1 ms]
  Error Message:
   System.NullReferenceException : Object reference not set to an instance of an object.
  Stack Trace:
     at Piranha.Repositories.SiteRepository.GetById(String id) in C:\Users\bbqch\proj\microbians\piranha\data\Piranha.Data.EF\Repositories\SiteRepository.cs:line 97
   at Piranha.Services.SiteService.GetByIdAsync(String id) in C:\Users\bbqch\proj\microbians\piranha\core\Piranha\Services\Internal\SiteService.cs:line 85
   at Piranha.Services.SiteService.InvalidateSitemapAsync(String id, Boolean updateLastModified) in C:\Users\bbqch\proj\microbians\piranha\core\Piranha\Services\Internal\SiteService.cs:line 434
   at Piranha.Services.PageService.SaveAsync[T](T model, Boolean isDraft) in C:\Users\bbqch\proj\microbians\piranha\core\Piranha\Services\Internal\PageService.cs:line 763
   at Piranha.Tests.Services.PostTests.InitializeAsync() in C:\Users\bbqch\proj\microbians\piranha\test\Piranha.Tests\Services\PostTests.cs:line 140
   at Piranha.Tests.Services.PostTestsMemoryCache.InitializeAsync() in C:\Users\bbqch\proj\microbians\piranha\test\Piranha.Tests\Services\PostTests.cs:line 28
  Failed Piranha.Tests.Services.PostTestsMemoryCache.GetNoneBySlugBlog [1 ms]
  Error Message:
   System.NullReferenceException : Object reference not set to an instance of an object.
  Stack Trace:
     at Piranha.Repositories.SiteRepository.GetById(String id) in C:\Users\bbqch\proj\microbians\piranha\data\Piranha.Data.EF\Repositories\SiteRepository.cs:line 97
   at Piranha.Services.SiteService.GetByIdAsync(String id) in C:\Users\bbqch\proj\microbians\piranha\core\Piranha\Services\Internal\SiteService.cs:line 85
   at Piranha.Services.SiteService.InvalidateSitemapAsync(String id, Boolean updateLastModified) in C:\Users\bbqch\proj\microbians\piranha\core\Piranha\Services\Internal\SiteService.cs:line 434
   at Piranha.Services.PageService.SaveAsync[T](T model, Boolean isDraft) in C:\Users\bbqch\proj\microbians\piranha\core\Piranha\Services\Internal\PageService.cs:line 763
   at Piranha.Tests.Services.PostTests.InitializeAsync() in C:\Users\bbqch\proj\microbians\piranha\test\Piranha.Tests\Services\PostTests.cs:line 140
   at Piranha.Tests.Services.PostTestsMemoryCache.InitializeAsync() in C:\Users\bbqch\proj\microbians\piranha\test\Piranha.Tests\Services\PostTests.cs:line 28
  Failed Piranha.Tests.Services.PostTestsMemoryCache.GetAllBaseClassById [1 ms]
  Error Message:
   System.NullReferenceException : Object reference not set to an instance of an object.
  Stack Trace:
     at Piranha.Repositories.SiteRepository.GetById(String id) in C:\Users\bbqch\proj\microbians\piranha\data\Piranha.Data.EF\Repositories\SiteRepository.cs:line 97
   at Piranha.Services.SiteService.GetByIdAsync(String id) in C:\Users\bbqch\proj\microbians\piranha\core\Piranha\Services\Internal\SiteService.cs:line 85
   at Piranha.Services.SiteService.InvalidateSitemapAsync(String id, Boolean updateLastModified) in C:\Users\bbqch\proj\microbians\piranha\core\Piranha\Services\Internal\SiteService.cs:line 434
   at Piranha.Services.PageService.SaveAsync[T](T model, Boolean isDraft) in C:\Users\bbqch\proj\microbians\piranha\core\Piranha\Services\Internal\PageService.cs:line 763
   at Piranha.Tests.Services.PostTests.InitializeAsync() in C:\Users\bbqch\proj\microbians\piranha\test\Piranha.Tests\Services\PostTests.cs:line 140
   at Piranha.Tests.Services.PostTestsMemoryCache.InitializeAsync() in C:\Users\bbqch\proj\microbians\piranha\test\Piranha.Tests\Services\PostTests.cs:line 28
  Failed Piranha.Tests.Services.PostTestsMemoryCache.GetAllNoneById [1 ms]
  Error Message:
   System.NullReferenceException : Object reference not set to an instance of an object.
  Stack Trace:
     at Piranha.Repositories.SiteRepository.GetById(String id) in C:\Users\bbqch\proj\microbians\piranha\data\Piranha.Data.EF\Repositories\SiteRepository.cs:line 97
   at Piranha.Services.SiteService.GetByIdAsync(String id) in C:\Users\bbqch\proj\microbians\piranha\core\Piranha\Services\Internal\SiteService.cs:line 85
   at Piranha.Services.SiteService.InvalidateSitemapAsync(String id, Boolean updateLastModified) in C:\Users\bbqch\proj\microbians\piranha\core\Piranha\Services\Internal\SiteService.cs:line 434
   at Piranha.Services.PageService.SaveAsync[T](T model, Boolean isDraft) in C:\Users\bbqch\proj\microbians\piranha\core\Piranha\Services\Internal\PageService.cs:line 763
   at Piranha.Tests.Services.PostTests.InitializeAsync() in C:\Users\bbqch\proj\microbians\piranha\test\Piranha.Tests\Services\PostTests.cs:line 140
   at Piranha.Tests.Services.PostTestsMemoryCache.InitializeAsync() in C:\Users\bbqch\proj\microbians\piranha\test\Piranha.Tests\Services\PostTests.cs:line 28
  Failed Piranha.Tests.Services.PostTestsMemoryCache.GetDynamicBySlug [1 ms]
  Error Message:
   System.NullReferenceException : Object reference not set to an instance of an object.
  Stack Trace:
     at Piranha.Repositories.SiteRepository.GetById(String id) in C:\Users\bbqch\proj\microbians\piranha\data\Piranha.Data.EF\Repositories\SiteRepository.cs:line 97
   at Piranha.Services.SiteService.GetByIdAsync(String id) in C:\Users\bbqch\proj\microbians\piranha\core\Piranha\Services\Internal\SiteService.cs:line 85
   at Piranha.Services.SiteService.InvalidateSitemapAsync(String id, Boolean updateLastModified) in C:\Users\bbqch\proj\microbians\piranha\core\Piranha\Services\Internal\SiteService.cs:line 434
   at Piranha.Services.PageService.SaveAsync[T](T model, Boolean isDraft) in C:\Users\bbqch\proj\microbians\piranha\core\Piranha\Services\Internal\PageService.cs:line 763
   at Piranha.Tests.Services.PostTests.InitializeAsync() in C:\Users\bbqch\proj\microbians\piranha\test\Piranha.Tests\Services\PostTests.cs:line 140
   at Piranha.Tests.Services.PostTestsMemoryCache.InitializeAsync() in C:\Users\bbqch\proj\microbians\piranha\test\Piranha.Tests\Services\PostTests.cs:line 28
  Failed Piranha.Tests.Services.PostTestsDistributedCache.AddDuplicateSlugShouldThrow [1 ms]
  Error Message:
   System.NullReferenceException : Object reference not set to an instance of an object.
  Stack Trace:
     at Piranha.Repositories.SiteRepository.GetById(String id) in C:\Users\bbqch\proj\microbians\piranha\data\Piranha.Data.EF\Repositories\SiteRepository.cs:line 97
   at Piranha.Services.SiteService.GetByIdAsync(String id) in C:\Users\bbqch\proj\microbians\piranha\core\Piranha\Services\Internal\SiteService.cs:line 85
   at Piranha.Services.SiteService.InvalidateSitemapAsync(String id, Boolean updateLastModified) in C:\Users\bbqch\proj\microbians\piranha\core\Piranha\Services\Internal\SiteService.cs:line 434
   at Piranha.Services.PageService.SaveAsync[T](T model, Boolean isDraft) in C:\Users\bbqch\proj\microbians\piranha\core\Piranha\Services\Internal\PageService.cs:line 763
   at Piranha.Tests.Services.PostTests.InitializeAsync() in C:\Users\bbqch\proj\microbians\piranha\test\Piranha.Tests\Services\PostTests.cs:line 140
   at Piranha.Tests.Services.PostTestsDistributedCache.InitializeAsync() in C:\Users\bbqch\proj\microbians\piranha\test\Piranha.Tests\Services\PostTests.cs:line 38
  Failed Piranha.Tests.Services.PostTestsDistributedCache.AddWithTags [1 ms]
  Error Message:
   System.NullReferenceException : Object reference not set to an instance of an object.
  Stack Trace:
     at Piranha.Repositories.SiteRepository.GetById(String id) in C:\Users\bbqch\proj\microbians\piranha\data\Piranha.Data.EF\Repositories\SiteRepository.cs:line 97
   at Piranha.Services.SiteService.GetByIdAsync(String id) in C:\Users\bbqch\proj\microbians\piranha\core\Piranha\Services\Internal\SiteService.cs:line 85
   at Piranha.Services.SiteService.InvalidateSitemapAsync(String id, Boolean updateLastModified) in C:\Users\bbqch\proj\microbians\piranha\core\Piranha\Services\Internal\SiteService.cs:line 434
   at Piranha.Services.PageService.SaveAsync[T](T model, Boolean isDraft) in C:\Users\bbqch\proj\microbians\piranha\core\Piranha\Services\Internal\PageService.cs:line 763
   at Piranha.Tests.Services.PostTests.InitializeAsync() in C:\Users\bbqch\proj\microbians\piranha\test\Piranha.Tests\Services\PostTests.cs:line 140
   at Piranha.Tests.Services.PostTestsDistributedCache.InitializeAsync() in C:\Users\bbqch\proj\microbians\piranha\test\Piranha.Tests\Services\PostTests.cs:line 38
  Failed Piranha.Tests.Services.PostTestsDistributedCache.Delete [1 ms]
  Error Message:
   System.NullReferenceException : Object reference not set to an instance of an object.
  Stack Trace:
     at Piranha.Repositories.SiteRepository.GetById(String id) in C:\Users\bbqch\proj\microbians\piranha\data\Piranha.Data.EF\Repositories\SiteRepository.cs:line 97
   at Piranha.Services.SiteService.GetByIdAsync(String id) in C:\Users\bbqch\proj\microbians\piranha\core\Piranha\Services\Internal\SiteService.cs:line 85
   at Piranha.Services.SiteService.InvalidateSitemapAsync(String id, Boolean updateLastModified) in C:\Users\bbqch\proj\microbians\piranha\core\Piranha\Services\Internal\SiteService.cs:line 434
   at Piranha.Services.PageService.SaveAsync[T](T model, Boolean isDraft) in C:\Users\bbqch\proj\microbians\piranha\core\Piranha\Services\Internal\PageService.cs:line 763
   at Piranha.Tests.Services.PostTests.InitializeAsync() in C:\Users\bbqch\proj\microbians\piranha\test\Piranha.Tests\Services\PostTests.cs:line 140
   at Piranha.Tests.Services.PostTestsDistributedCache.InitializeAsync() in C:\Users\bbqch\proj\microbians\piranha\test\Piranha.Tests\Services\PostTests.cs:line 38
  Failed Piranha.Tests.Services.PostTestsDistributedCache.GetDynamicById [1 ms]
  Error Message:
   System.NullReferenceException : Object reference not set to an instance of an object.
  Stack Trace:
     at Piranha.Repositories.SiteRepository.GetById(String id) in C:\Users\bbqch\proj\microbians\piranha\data\Piranha.Data.EF\Repositories\SiteRepository.cs:line 97
   at Piranha.Services.SiteService.GetByIdAsync(String id) in C:\Users\bbqch\proj\microbians\piranha\core\Piranha\Services\Internal\SiteService.cs:line 85
   at Piranha.Services.SiteService.InvalidateSitemapAsync(String id, Boolean updateLastModified) in C:\Users\bbqch\proj\microbians\piranha\core\Piranha\Services\Internal\SiteService.cs:line 434
   at Piranha.Services.PageService.SaveAsync[T](T model, Boolean isDraft) in C:\Users\bbqch\proj\microbians\piranha\core\Piranha\Services\Internal\PageService.cs:line 763
   at Piranha.Tests.Services.PostTests.InitializeAsync() in C:\Users\bbqch\proj\microbians\piranha\test\Piranha.Tests\Services\PostTests.cs:line 140
   at Piranha.Tests.Services.PostTestsDistributedCache.InitializeAsync() in C:\Users\bbqch\proj\microbians\piranha\test\Piranha.Tests\Services\PostTests.cs:line 38
  Failed Piranha.Tests.Services.PostTestsDistributedCache.GetNoneBySlugBlogId [1 ms]
  Error Message:
   System.NullReferenceException : Object reference not set to an instance of an object.
  Stack Trace:
     at Piranha.Repositories.SiteRepository.GetById(String id) in C:\Users\bbqch\proj\microbians\piranha\data\Piranha.Data.EF\Repositories\SiteRepository.cs:line 97
   at Piranha.Services.SiteService.GetByIdAsync(String id) in C:\Users\bbqch\proj\microbians\piranha\core\Piranha\Services\Internal\SiteService.cs:line 85
   at Piranha.Services.SiteService.InvalidateSitemapAsync(String id, Boolean updateLastModified) in C:\Users\bbqch\proj\microbians\piranha\core\Piranha\Services\Internal\SiteService.cs:line 434
   at Piranha.Services.PageService.SaveAsync[T](T model, Boolean isDraft) in C:\Users\bbqch\proj\microbians\piranha\core\Piranha\Services\Internal\PageService.cs:line 763
   at Piranha.Tests.Services.PostTests.InitializeAsync() in C:\Users\bbqch\proj\microbians\piranha\test\Piranha.Tests\Services\PostTests.cs:line 140
   at Piranha.Tests.Services.PostTestsDistributedCache.InitializeAsync() in C:\Users\bbqch\proj\microbians\piranha\test\Piranha.Tests\Services\PostTests.cs:line 38
  Failed Piranha.Tests.Services.PostTestsDistributedCache.GetAllByIdMissing [1 ms]
  Error Message:
   System.NullReferenceException : Object reference not set to an instance of an object.
  Stack Trace:
     at Piranha.Repositories.SiteRepository.GetById(String id) in C:\Users\bbqch\proj\microbians\piranha\data\Piranha.Data.EF\Repositories\SiteRepository.cs:line 97
   at Piranha.Services.SiteService.GetByIdAsync(String id) in C:\Users\bbqch\proj\microbians\piranha\core\Piranha\Services\Internal\SiteService.cs:line 85
   at Piranha.Services.SiteService.InvalidateSitemapAsync(String id, Boolean updateLastModified) in C:\Users\bbqch\proj\microbians\piranha\core\Piranha\Services\Internal\SiteService.cs:line 434
   at Piranha.Services.PageService.SaveAsync[T](T model, Boolean isDraft) in C:\Users\bbqch\proj\microbians\piranha\core\Piranha\Services\Internal\PageService.cs:line 763
   at Piranha.Tests.Services.PostTests.InitializeAsync() in C:\Users\bbqch\proj\microbians\piranha\test\Piranha.Tests\Services\PostTests.cs:line 140
   at Piranha.Tests.Services.PostTestsDistributedCache.InitializeAsync() in C:\Users\bbqch\proj\microbians\piranha\test\Piranha.Tests\Services\PostTests.cs:line 38
  Failed Piranha.Tests.Services.PostTestsDistributedCache.GetBlocksById [1 ms]
  Error Message:
   System.NullReferenceException : Object reference not set to an instance of an object.
  Stack Trace:
     at Piranha.Repositories.SiteRepository.GetById(String id) in C:\Users\bbqch\proj\microbians\piranha\data\Piranha.Data.EF\Repositories\SiteRepository.cs:line 97
   at Piranha.Services.SiteService.GetByIdAsync(String id) in C:\Users\bbqch\proj\microbians\piranha\core\Piranha\Services\Internal\SiteService.cs:line 85
   at Piranha.Services.SiteService.InvalidateSitemapAsync(String id, Boolean updateLastModified) in C:\Users\bbqch\proj\microbians\piranha\core\Piranha\Services\Internal\SiteService.cs:line 434
   at Piranha.Services.PageService.SaveAsync[T](T model, Boolean isDraft) in C:\Users\bbqch\proj\microbians\piranha\core\Piranha\Services\Internal\PageService.cs:line 763
   at Piranha.Tests.Services.PostTests.InitializeAsync() in C:\Users\bbqch\proj\microbians\piranha\test\Piranha.Tests\Services\PostTests.cs:line 140
   at Piranha.Tests.Services.PostTestsDistributedCache.InitializeAsync() in C:\Users\bbqch\proj\microbians\piranha\test\Piranha.Tests\Services\PostTests.cs:line 38
  Failed Piranha.Tests.Services.PostTestsDistributedCache.GetAllBaseClass [1 ms]
  Error Message:
   System.NullReferenceException : Object reference not set to an instance of an object.
  Stack Trace:
     at Piranha.Repositories.SiteRepository.GetById(String id) in C:\Users\bbqch\proj\microbians\piranha\data\Piranha.Data.EF\Repositories\SiteRepository.cs:line 97
   at Piranha.Services.SiteService.GetByIdAsync(String id) in C:\Users\bbqch\proj\microbians\piranha\core\Piranha\Services\Internal\SiteService.cs:line 85
   at Piranha.Services.SiteService.InvalidateSitemapAsync(String id, Boolean updateLastModified) in C:\Users\bbqch\proj\microbians\piranha\core\Piranha\Services\Internal\SiteService.cs:line 434
   at Piranha.Services.PageService.SaveAsync[T](T model, Boolean isDraft) in C:\Users\bbqch\proj\microbians\piranha\core\Piranha\Services\Internal\PageService.cs:line 763
   at Piranha.Tests.Services.PostTests.InitializeAsync() in C:\Users\bbqch\proj\microbians\piranha\test\Piranha.Tests\Services\PostTests.cs:line 140
   at Piranha.Tests.Services.PostTestsDistributedCache.InitializeAsync() in C:\Users\bbqch\proj\microbians\piranha\test\Piranha.Tests\Services\PostTests.cs:line 38
  Failed Piranha.Tests.Services.PostTestsDistributedCache.GetDynamicBySlug [1 ms]
  Error Message:
   System.NullReferenceException : Object reference not set to an instance of an object.
  Stack Trace:
     at Piranha.Repositories.SiteRepository.GetById(String id) in C:\Users\bbqch\proj\microbians\piranha\data\Piranha.Data.EF\Repositories\SiteRepository.cs:line 97
   at Piranha.Services.SiteService.GetByIdAsync(String id) in C:\Users\bbqch\proj\microbians\piranha\core\Piranha\Services\Internal\SiteService.cs:line 85
   at Piranha.Services.SiteService.InvalidateSitemapAsync(String id, Boolean updateLastModified) in C:\Users\bbqch\proj\microbians\piranha\core\Piranha\Services\Internal\SiteService.cs:line 434
   at Piranha.Services.PageService.SaveAsync[T](T model, Boolean isDraft) in C:\Users\bbqch\proj\microbians\piranha\core\Piranha\Services\Internal\PageService.cs:line 763
   at Piranha.Tests.Services.PostTests.InitializeAsync() in C:\Users\bbqch\proj\microbians\piranha\test\Piranha.Tests\Services\PostTests.cs:line 140
   at Piranha.Tests.Services.PostTestsDistributedCache.InitializeAsync() in C:\Users\bbqch\proj\microbians\piranha\test\Piranha.Tests\Services\PostTests.cs:line 38
  Failed Piranha.Tests.Services.PostTestsDistributedCache.GetNoneBySlugId [1 ms]
  Error Message:
   System.NullReferenceException : Object reference not set to an instance of an object.
  Stack Trace:
     at Piranha.Repositories.SiteRepository.GetById(String id) in C:\Users\bbqch\proj\microbians\piranha\data\Piranha.Data.EF\Repositories\SiteRepository.cs:line 97
   at Piranha.Services.SiteService.GetByIdAsync(String id) in C:\Users\bbqch\proj\microbians\piranha\core\Piranha\Services\Internal\SiteService.cs:line 85
   at Piranha.Services.SiteService.InvalidateSitemapAsync(String id, Boolean updateLastModified) in C:\Users\bbqch\proj\microbians\piranha\core\Piranha\Services\Internal\SiteService.cs:line 434
   at Piranha.Services.PageService.SaveAsync[T](T model, Boolean isDraft) in C:\Users\bbqch\proj\microbians\piranha\core\Piranha\Services\Internal\PageService.cs:line 763
   at Piranha.Tests.Services.PostTests.InitializeAsync() in C:\Users\bbqch\proj\microbians\piranha\test\Piranha.Tests\Services\PostTests.cs:line 140
   at Piranha.Tests.Services.PostTestsDistributedCache.InitializeAsync() in C:\Users\bbqch\proj\microbians\piranha\test\Piranha.Tests\Services\PostTests.cs:line 38
  Failed Piranha.Tests.Services.PostTestsDistributedCache.GetMissingBySlug [1 ms]
  Error Message:
   System.NullReferenceException : Object reference not set to an instance of an object.
  Stack Trace:
     at Piranha.Repositories.SiteRepository.GetById(String id) in C:\Users\bbqch\proj\microbians\piranha\data\Piranha.Data.EF\Repositories\SiteRepository.cs:line 97
   at Piranha.Services.SiteService.GetByIdAsync(String id) in C:\Users\bbqch\proj\microbians\piranha\core\Piranha\Services\Internal\SiteService.cs:line 85
   at Piranha.Services.SiteService.InvalidateSitemapAsync(String id, Boolean updateLastModified) in C:\Users\bbqch\proj\microbians\piranha\core\Piranha\Services\Internal\SiteService.cs:line 434
   at Piranha.Services.PageService.SaveAsync[T](T model, Boolean isDraft) in C:\Users\bbqch\proj\microbians\piranha\core\Piranha\Services\Internal\PageService.cs:line 763
   at Piranha.Tests.Services.PostTests.InitializeAsync() in C:\Users\bbqch\proj\microbians\piranha\test\Piranha.Tests\Services\PostTests.cs:line 140
   at Piranha.Tests.Services.PostTestsDistributedCache.InitializeAsync() in C:\Users\bbqch\proj\microbians\piranha\test\Piranha.Tests\Services\PostTests.cs:line 38
  Failed Piranha.Tests.Services.PostTestsDistributedCache.GetGenericById [1 ms]
  Error Message:
   System.NullReferenceException : Object reference not set to an instance of an object.
  Stack Trace:
     at Piranha.Repositories.SiteRepository.GetById(String id) in C:\Users\bbqch\proj\microbians\piranha\data\Piranha.Data.EF\Repositories\SiteRepository.cs:line 97
   at Piranha.Services.SiteService.GetByIdAsync(String id) in C:\Users\bbqch\proj\microbians\piranha\core\Piranha\Services\Internal\SiteService.cs:line 85
   at Piranha.Services.SiteService.InvalidateSitemapAsync(String id, Boolean updateLastModified) in C:\Users\bbqch\proj\microbians\piranha\core\Piranha\Services\Internal\SiteService.cs:line 434
   at Piranha.Services.PageService.SaveAsync[T](T model, Boolean isDraft) in C:\Users\bbqch\proj\microbians\piranha\core\Piranha\Services\Internal\PageService.cs:line 763
   at Piranha.Tests.Services.PostTests.InitializeAsync() in C:\Users\bbqch\proj\microbians\piranha\test\Piranha.Tests\Services\PostTests.cs:line 140
   at Piranha.Tests.Services.PostTestsDistributedCache.InitializeAsync() in C:\Users\bbqch\proj\microbians\piranha\test\Piranha.Tests\Services\PostTests.cs:line 38
  Failed Piranha.Tests.Services.PostTestsDistributedCache.GetBaseClassById [1 ms]
  Error Message:
   System.NullReferenceException : Object reference not set to an instance of an object.
  Stack Trace:
     at Piranha.Repositories.SiteRepository.GetById(String id) in C:\Users\bbqch\proj\microbians\piranha\data\Piranha.Data.EF\Repositories\SiteRepository.cs:line 97
   at Piranha.Services.SiteService.GetByIdAsync(String id) in C:\Users\bbqch\proj\microbians\piranha\core\Piranha\Services\Internal\SiteService.cs:line 85
   at Piranha.Services.SiteService.InvalidateSitemapAsync(String id, Boolean updateLastModified) in C:\Users\bbqch\proj\microbians\piranha\core\Piranha\Services\Internal\SiteService.cs:line 434
   at Piranha.Services.PageService.SaveAsync[T](T model, Boolean isDraft) in C:\Users\bbqch\proj\microbians\piranha\core\Piranha\Services\Internal\PageService.cs:line 763
   at Piranha.Tests.Services.PostTests.InitializeAsync() in C:\Users\bbqch\proj\microbians\piranha\test\Piranha.Tests\Services\PostTests.cs:line 140
   at Piranha.Tests.Services.PostTestsDistributedCache.InitializeAsync() in C:\Users\bbqch\proj\microbians\piranha\test\Piranha.Tests\Services\PostTests.cs:line 38
  Failed Piranha.Tests.Services.PostTestsDistributedCache.GetGenericBySlug [1 ms]
  Error Message:
   System.NullReferenceException : Object reference not set to an instance of an object.
  Stack Trace:
     at Piranha.Repositories.SiteRepository.GetById(String id) in C:\Users\bbqch\proj\microbians\piranha\data\Piranha.Data.EF\Repositories\SiteRepository.cs:line 97
   at Piranha.Services.SiteService.GetByIdAsync(String id) in C:\Users\bbqch\proj\microbians\piranha\core\Piranha\Services\Internal\SiteService.cs:line 85
   at Piranha.Services.SiteService.InvalidateSitemapAsync(String id, Boolean updateLastModified) in C:\Users\bbqch\proj\microbians\piranha\core\Piranha\Services\Internal\SiteService.cs:line 434
   at Piranha.Services.PageService.SaveAsync[T](T model, Boolean isDraft) in C:\Users\bbqch\proj\microbians\piranha\core\Piranha\Services\Internal\PageService.cs:line 763
   at Piranha.Tests.Services.PostTests.InitializeAsync() in C:\Users\bbqch\proj\microbians\piranha\test\Piranha.Tests\Services\PostTests.cs:line 140
   at Piranha.Tests.Services.PostTestsDistributedCache.InitializeAsync() in C:\Users\bbqch\proj\microbians\piranha\test\Piranha.Tests\Services\PostTests.cs:line 38
  Failed Piranha.Tests.Services.PostTestsDistributedCache.GetDIGeneric [1 ms]
  Error Message:
   System.NullReferenceException : Object reference not set to an instance of an object.
  Stack Trace:
     at Piranha.Repositories.SiteRepository.GetById(String id) in C:\Users\bbqch\proj\microbians\piranha\data\Piranha.Data.EF\Repositories\SiteRepository.cs:line 97
   at Piranha.Services.SiteService.GetByIdAsync(String id) in C:\Users\bbqch\proj\microbians\piranha\core\Piranha\Services\Internal\SiteService.cs:line 85
   at Piranha.Services.SiteService.InvalidateSitemapAsync(String id, Boolean updateLastModified) in C:\Users\bbqch\proj\microbians\piranha\core\Piranha\Services\Internal\SiteService.cs:line 434
   at Piranha.Services.PageService.SaveAsync[T](T model, Boolean isDraft) in C:\Users\bbqch\proj\microbians\piranha\core\Piranha\Services\Internal\PageService.cs:line 763
   at Piranha.Tests.Services.PostTests.InitializeAsync() in C:\Users\bbqch\proj\microbians\piranha\test\Piranha.Tests\Services\PostTests.cs:line 140
   at Piranha.Tests.Services.PostTestsDistributedCache.InitializeAsync() in C:\Users\bbqch\proj\microbians\piranha\test\Piranha.Tests\Services\PostTests.cs:line 38
  Failed Piranha.Tests.Services.PostTestsDistributedCache.GetDynamicCollectionPost [1 ms]
  Error Message:
   System.NullReferenceException : Object reference not set to an instance of an object.
  Stack Trace:
     at Piranha.Repositories.SiteRepository.GetById(String id) in C:\Users\bbqch\proj\microbians\piranha\data\Piranha.Data.EF\Repositories\SiteRepository.cs:line 97
   at Piranha.Services.SiteService.GetByIdAsync(String id) in C:\Users\bbqch\proj\microbians\piranha\core\Piranha\Services\Internal\SiteService.cs:line 85
   at Piranha.Services.SiteService.InvalidateSitemapAsync(String id, Boolean updateLastModified) in C:\Users\bbqch\proj\microbians\piranha\core\Piranha\Services\Internal\SiteService.cs:line 434
   at Piranha.Services.PageService.SaveAsync[T](T model, Boolean isDraft) in C:\Users\bbqch\proj\microbians\piranha\core\Piranha\Services\Internal\PageService.cs:line 763
   at Piranha.Tests.Services.PostTests.InitializeAsync() in C:\Users\bbqch\proj\microbians\piranha\test\Piranha.Tests\Services\PostTests.cs:line 140
   at Piranha.Tests.Services.PostTestsDistributedCache.InitializeAsync() in C:\Users\bbqch\proj\microbians\piranha\test\Piranha.Tests\Services\PostTests.cs:line 38
  Failed Piranha.Tests.Services.PostTestsDistributedCache.GetAllBySlugAndSite [1 ms]
  Error Message:
   System.NullReferenceException : Object reference not set to an instance of an object.
  Stack Trace:
     at Piranha.Repositories.SiteRepository.GetById(String id) in C:\Users\bbqch\proj\microbians\piranha\data\Piranha.Data.EF\Repositories\SiteRepository.cs:line 97
   at Piranha.Services.SiteService.GetByIdAsync(String id) in C:\Users\bbqch\proj\microbians\piranha\core\Piranha\Services\Internal\SiteService.cs:line 85
   at Piranha.Services.SiteService.InvalidateSitemapAsync(String id, Boolean updateLastModified) in C:\Users\bbqch\proj\microbians\piranha\core\Piranha\Services\Internal\SiteService.cs:line 434
   at Piranha.Services.PageService.SaveAsync[T](T model, Boolean isDraft) in C:\Users\bbqch\proj\microbians\piranha\core\Piranha\Services\Internal\PageService.cs:line 763
   at Piranha.Tests.Services.PostTests.InitializeAsync() in C:\Users\bbqch\proj\microbians\piranha\test\Piranha.Tests\Services\PostTests.cs:line 140
   at Piranha.Tests.Services.PostTestsDistributedCache.InitializeAsync() in C:\Users\bbqch\proj\microbians\piranha\test\Piranha.Tests\Services\PostTests.cs:line 38
  Failed Piranha.Tests.Services.PostTestsDistributedCache.GetNoneBySlug [1 ms]
  Error Message:
   System.NullReferenceException : Object reference not set to an instance of an object.
  Stack Trace:
     at Piranha.Repositories.SiteRepository.GetById(String id) in C:\Users\bbqch\proj\microbians\piranha\data\Piranha.Data.EF\Repositories\SiteRepository.cs:line 97
   at Piranha.Services.SiteService.GetByIdAsync(String id) in C:\Users\bbqch\proj\microbians\piranha\core\Piranha\Services\Internal\SiteService.cs:line 85
   at Piranha.Services.SiteService.InvalidateSitemapAsync(String id, Boolean updateLastModified) in C:\Users\bbqch\proj\microbians\piranha\core\Piranha\Services\Internal\SiteService.cs:line 434
   at Piranha.Services.PageService.SaveAsync[T](T model, Boolean isDraft) in C:\Users\bbqch\proj\microbians\piranha\core\Piranha\Services\Internal\PageService.cs:line 763
   at Piranha.Tests.Services.PostTests.InitializeAsync() in C:\Users\bbqch\proj\microbians\piranha\test\Piranha.Tests\Services\PostTests.cs:line 140
   at Piranha.Tests.Services.PostTestsDistributedCache.InitializeAsync() in C:\Users\bbqch\proj\microbians\piranha\test\Piranha.Tests\Services\PostTests.cs:line 38
  Failed Piranha.Tests.Services.PostTestsDistributedCache.GetAllNoneBySlugAndSite [1 ms]
  Error Message:
   System.NullReferenceException : Object reference not set to an instance of an object.
  Stack Trace:
     at Piranha.Repositories.SiteRepository.GetById(String id) in C:\Users\bbqch\proj\microbians\piranha\data\Piranha.Data.EF\Repositories\SiteRepository.cs:line 97
   at Piranha.Services.SiteService.GetByIdAsync(String id) in C:\Users\bbqch\proj\microbians\piranha\core\Piranha\Services\Internal\SiteService.cs:line 85
   at Piranha.Services.SiteService.InvalidateSitemapAsync(String id, Boolean updateLastModified) in C:\Users\bbqch\proj\microbians\piranha\core\Piranha\Services\Internal\SiteService.cs:line 434
   at Piranha.Services.PageService.SaveAsync[T](T model, Boolean isDraft) in C:\Users\bbqch\proj\microbians\piranha\core\Piranha\Services\Internal\PageService.cs:line 763
   at Piranha.Tests.Services.PostTests.InitializeAsync() in C:\Users\bbqch\proj\microbians\piranha\test\Piranha.Tests\Services\PostTests.cs:line 140
   at Piranha.Tests.Services.PostTestsDistributedCache.InitializeAsync() in C:\Users\bbqch\proj\microbians\piranha\test\Piranha.Tests\Services\PostTests.cs:line 38
  Failed Piranha.Tests.Services.PostTestsDistributedCache.GetAllBySlugMissing [1 ms]
  Error Message:
   System.NullReferenceException : Object reference not set to an instance of an object.
  Stack Trace:
     at Piranha.Repositories.SiteRepository.GetById(String id) in C:\Users\bbqch\proj\microbians\piranha\data\Piranha.Data.EF\Repositories\SiteRepository.cs:line 97
   at Piranha.Services.SiteService.GetByIdAsync(String id) in C:\Users\bbqch\proj\microbians\piranha\core\Piranha\Services\Internal\SiteService.cs:line 85
   at Piranha.Services.SiteService.InvalidateSitemapAsync(String id, Boolean updateLastModified) in C:\Users\bbqch\proj\microbians\piranha\core\Piranha\Services\Internal\SiteService.cs:line 434
   at Piranha.Services.PageService.SaveAsync[T](T model, Boolean isDraft) in C:\Users\bbqch\proj\microbians\piranha\core\Piranha\Services\Internal\PageService.cs:line 763
   at Piranha.Tests.Services.PostTests.InitializeAsync() in C:\Users\bbqch\proj\microbians\piranha\test\Piranha.Tests\Services\PostTests.cs:line 140
   at Piranha.Tests.Services.PostTestsDistributedCache.InitializeAsync() in C:\Users\bbqch\proj\microbians\piranha\test\Piranha.Tests\Services\PostTests.cs:line 38
  Failed Piranha.Tests.Services.PostTestsDistributedCache.Add [1 ms]
  Error Message:
   System.NullReferenceException : Object reference not set to an instance of an object.
  Stack Trace:
     at Piranha.Repositories.SiteRepository.GetById(String id) in C:\Users\bbqch\proj\microbians\piranha\data\Piranha.Data.EF\Repositories\SiteRepository.cs:line 97
   at Piranha.Services.SiteService.GetByIdAsync(String id) in C:\Users\bbqch\proj\microbians\piranha\core\Piranha\Services\Internal\SiteService.cs:line 85
   at Piranha.Services.SiteService.InvalidateSitemapAsync(String id, Boolean updateLastModified) in C:\Users\bbqch\proj\microbians\piranha\core\Piranha\Services\Internal\SiteService.cs:line 434
   at Piranha.Services.PageService.SaveAsync[T](T model, Boolean isDraft) in C:\Users\bbqch\proj\microbians\piranha\core\Piranha\Services\Internal\PageService.cs:line 763
   at Piranha.Tests.Services.PostTests.InitializeAsync() in C:\Users\bbqch\proj\microbians\piranha\test\Piranha.Tests\Services\PostTests.cs:line 140
   at Piranha.Tests.Services.PostTestsDistributedCache.InitializeAsync() in C:\Users\bbqch\proj\microbians\piranha\test\Piranha.Tests\Services\PostTests.cs:line 38
  Failed Piranha.Tests.Services.PostTestsDistributedCache.GetAll [1 ms]
  Error Message:
   System.NullReferenceException : Object reference not set to an instance of an object.
  Stack Trace:
     at Piranha.Repositories.SiteRepository.GetById(String id) in C:\Users\bbqch\proj\microbians\piranha\data\Piranha.Data.EF\Repositories\SiteRepository.cs:line 97
   at Piranha.Services.SiteService.GetByIdAsync(String id) in C:\Users\bbqch\proj\microbians\piranha\core\Piranha\Services\Internal\SiteService.cs:line 85
   at Piranha.Services.SiteService.InvalidateSitemapAsync(String id, Boolean updateLastModified) in C:\Users\bbqch\proj\microbians\piranha\core\Piranha\Services\Internal\SiteService.cs:line 434
   at Piranha.Services.PageService.SaveAsync[T](T model, Boolean isDraft) in C:\Users\bbqch\proj\microbians\piranha\core\Piranha\Services\Internal\PageService.cs:line 763
   at Piranha.Tests.Services.PostTests.InitializeAsync() in C:\Users\bbqch\proj\microbians\piranha\test\Piranha.Tests\Services\PostTests.cs:line 140
   at Piranha.Tests.Services.PostTestsDistributedCache.InitializeAsync() in C:\Users\bbqch\proj\microbians\piranha\test\Piranha.Tests\Services\PostTests.cs:line 38
  Failed Piranha.Tests.Services.PostTestsDistributedCache.DeleteById [1 ms]
  Error Message:
   System.NullReferenceException : Object reference not set to an instance of an object.
  Stack Trace:
     at Piranha.Repositories.SiteRepository.GetById(String id) in C:\Users\bbqch\proj\microbians\piranha\data\Piranha.Data.EF\Repositories\SiteRepository.cs:line 97
   at Piranha.Services.SiteService.GetByIdAsync(String id) in C:\Users\bbqch\proj\microbians\piranha\core\Piranha\Services\Internal\SiteService.cs:line 85
   at Piranha.Services.SiteService.InvalidateSitemapAsync(String id, Boolean updateLastModified) in C:\Users\bbqch\proj\microbians\piranha\core\Piranha\Services\Internal\SiteService.cs:line 434
   at Piranha.Services.PageService.SaveAsync[T](T model, Boolean isDraft) in C:\Users\bbqch\proj\microbians\piranha\core\Piranha\Services\Internal\PageService.cs:line 763
   at Piranha.Tests.Services.PostTests.InitializeAsync() in C:\Users\bbqch\proj\microbians\piranha\test\Piranha.Tests\Services\PostTests.cs:line 140
   at Piranha.Tests.Services.PostTestsDistributedCache.InitializeAsync() in C:\Users\bbqch\proj\microbians\piranha\test\Piranha.Tests\Services\PostTests.cs:line 38
  Failed Piranha.Tests.Services.PostTestsDistributedCache.IsCached [1 ms]
  Error Message:
   System.NullReferenceException : Object reference not set to an instance of an object.
  Stack Trace:
     at Piranha.Repositories.SiteRepository.GetById(String id) in C:\Users\bbqch\proj\microbians\piranha\data\Piranha.Data.EF\Repositories\SiteRepository.cs:line 97
   at Piranha.Services.SiteService.GetByIdAsync(String id) in C:\Users\bbqch\proj\microbians\piranha\core\Piranha\Services\Internal\SiteService.cs:line 85
   at Piranha.Services.SiteService.InvalidateSitemapAsync(String id, Boolean updateLastModified) in C:\Users\bbqch\proj\microbians\piranha\core\Piranha\Services\Internal\SiteService.cs:line 434
   at Piranha.Services.PageService.SaveAsync[T](T model, Boolean isDraft) in C:\Users\bbqch\proj\microbians\piranha\core\Piranha\Services\Internal\PageService.cs:line 763
   at Piranha.Tests.Services.PostTests.InitializeAsync() in C:\Users\bbqch\proj\microbians\piranha\test\Piranha.Tests\Services\PostTests.cs:line 140
   at Piranha.Tests.Services.PostTestsDistributedCache.InitializeAsync() in C:\Users\bbqch\proj\microbians\piranha\test\Piranha.Tests\Services\PostTests.cs:line 38
  Failed Piranha.Tests.Services.PostTestsDistributedCache.UpdateCollectionPost [1 ms]
  Error Message:
   System.NullReferenceException : Object reference not set to an instance of an object.
  Stack Trace:
     at Piranha.Repositories.SiteRepository.GetById(String id) in C:\Users\bbqch\proj\microbians\piranha\data\Piranha.Data.EF\Repositories\SiteRepository.cs:line 97
   at Piranha.Services.SiteService.GetByIdAsync(String id) in C:\Users\bbqch\proj\microbians\piranha\core\Piranha\Services\Internal\SiteService.cs:line 85
   at Piranha.Services.SiteService.InvalidateSitemapAsync(String id, Boolean updateLastModified) in C:\Users\bbqch\proj\microbians\piranha\core\Piranha\Services\Internal\SiteService.cs:line 434
   at Piranha.Services.PageService.SaveAsync[T](T model, Boolean isDraft) in C:\Users\bbqch\proj\microbians\piranha\core\Piranha\Services\Internal\PageService.cs:line 763
   at Piranha.Tests.Services.PostTests.InitializeAsync() in C:\Users\bbqch\proj\microbians\piranha\test\Piranha.Tests\Services\PostTests.cs:line 140
   at Piranha.Tests.Services.PostTestsDistributedCache.InitializeAsync() in C:\Users\bbqch\proj\microbians\piranha\test\Piranha.Tests\Services\PostTests.cs:line 38
  Failed Piranha.Tests.Services.PostTestsDistributedCache.GetNoneById [1 ms]
  Error Message:
   System.NullReferenceException : Object reference not set to an instance of an object.
  Stack Trace:
     at Piranha.Repositories.SiteRepository.GetById(String id) in C:\Users\bbqch\proj\microbians\piranha\data\Piranha.Data.EF\Repositories\SiteRepository.cs:line 97
   at Piranha.Services.SiteService.GetByIdAsync(String id) in C:\Users\bbqch\proj\microbians\piranha\core\Piranha\Services\Internal\SiteService.cs:line 85
   at Piranha.Services.SiteService.InvalidateSitemapAsync(String id, Boolean updateLastModified) in C:\Users\bbqch\proj\microbians\piranha\core\Piranha\Services\Internal\SiteService.cs:line 434
   at Piranha.Services.PageService.SaveAsync[T](T model, Boolean isDraft) in C:\Users\bbqch\proj\microbians\piranha\core\Piranha\Services\Internal\PageService.cs:line 763
   at Piranha.Tests.Services.PostTests.InitializeAsync() in C:\Users\bbqch\proj\microbians\piranha\test\Piranha.Tests\Services\PostTests.cs:line 140
   at Piranha.Tests.Services.PostTestsDistributedCache.InitializeAsync() in C:\Users\bbqch\proj\microbians\piranha\test\Piranha.Tests\Services\PostTests.cs:line 38
  Failed Piranha.Tests.Services.PostTestsDistributedCache.GetAllNoneById [1 ms]
  Error Message:
   System.NullReferenceException : Object reference not set to an instance of an object.
  Stack Trace:
     at Piranha.Repositories.SiteRepository.GetById(String id) in C:\Users\bbqch\proj\microbians\piranha\data\Piranha.Data.EF\Repositories\SiteRepository.cs:line 97
   at Piranha.Services.SiteService.GetByIdAsync(String id) in C:\Users\bbqch\proj\microbians\piranha\core\Piranha\Services\Internal\SiteService.cs:line 85
   at Piranha.Services.SiteService.InvalidateSitemapAsync(String id, Boolean updateLastModified) in C:\Users\bbqch\proj\microbians\piranha\core\Piranha\Services\Internal\SiteService.cs:line 434
   at Piranha.Services.PageService.SaveAsync[T](T model, Boolean isDraft) in C:\Users\bbqch\proj\microbians\piranha\core\Piranha\Services\Internal\PageService.cs:line 763
   at Piranha.Tests.Services.PostTests.InitializeAsync() in C:\Users\bbqch\proj\microbians\piranha\test\Piranha.Tests\Services\PostTests.cs:line 140
   at Piranha.Tests.Services.PostTestsDistributedCache.InitializeAsync() in C:\Users\bbqch\proj\microbians\piranha\test\Piranha.Tests\Services\PostTests.cs:line 38
  Failed Piranha.Tests.Services.PostTestsDistributedCache.Update [1 ms]
  Error Message:
   System.NullReferenceException : Object reference not set to an instance of an object.
  Stack Trace:
     at Piranha.Repositories.SiteRepository.GetById(String id) in C:\Users\bbqch\proj\microbians\piranha\data\Piranha.Data.EF\Repositories\SiteRepository.cs:line 97
   at Piranha.Services.SiteService.GetByIdAsync(String id) in C:\Users\bbqch\proj\microbians\piranha\core\Piranha\Services\Internal\SiteService.cs:line 85
   at Piranha.Services.SiteService.InvalidateSitemapAsync(String id, Boolean updateLastModified) in C:\Users\bbqch\proj\microbians\piranha\core\Piranha\Services\Internal\SiteService.cs:line 434
   at Piranha.Services.PageService.SaveAsync[T](T model, Boolean isDraft) in C:\Users\bbqch\proj\microbians\piranha\core\Piranha\Services\Internal\PageService.cs:line 763
   at Piranha.Tests.Services.PostTests.InitializeAsync() in C:\Users\bbqch\proj\microbians\piranha\test\Piranha.Tests\Services\PostTests.cs:line 140
   at Piranha.Tests.Services.PostTestsDistributedCache.InitializeAsync() in C:\Users\bbqch\proj\microbians\piranha\test\Piranha.Tests\Services\PostTests.cs:line 38
  Failed Piranha.Tests.Services.PostTestsDistributedCache.GetCollectionPost [1 ms]
  Error Message:
   System.NullReferenceException : Object reference not set to an instance of an object.
  Stack Trace:
     at Piranha.Repositories.SiteRepository.GetById(String id) in C:\Users\bbqch\proj\microbians\piranha\data\Piranha.Data.EF\Repositories\SiteRepository.cs:line 97
   at Piranha.Services.SiteService.GetByIdAsync(String id) in C:\Users\bbqch\proj\microbians\piranha\core\Piranha\Services\Internal\SiteService.cs:line 85
   at Piranha.Services.SiteService.InvalidateSitemapAsync(String id, Boolean updateLastModified) in C:\Users\bbqch\proj\microbians\piranha\core\Piranha\Services\Internal\SiteService.cs:line 434
   at Piranha.Services.PageService.SaveAsync[T](T model, Boolean isDraft) in C:\Users\bbqch\proj\microbians\piranha\core\Piranha\Services\Internal\PageService.cs:line 763
   at Piranha.Tests.Services.PostTests.InitializeAsync() in C:\Users\bbqch\proj\microbians\piranha\test\Piranha.Tests\Services\PostTests.cs:line 140
   at Piranha.Tests.Services.PostTestsDistributedCache.InitializeAsync() in C:\Users\bbqch\proj\microbians\piranha\test\Piranha.Tests\Services\PostTests.cs:line 38
  Failed Piranha.Tests.Services.PostTestsDistributedCache.GetInfoBySlug [1 ms]
  Error Message:
   System.NullReferenceException : Object reference not set to an instance of an object.
  Stack Trace:
     at Piranha.Repositories.SiteRepository.GetById(String id) in C:\Users\bbqch\proj\microbians\piranha\data\Piranha.Data.EF\Repositories\SiteRepository.cs:line 97
   at Piranha.Services.SiteService.GetByIdAsync(String id) in C:\Users\bbqch\proj\microbians\piranha\core\Piranha\Services\Internal\SiteService.cs:line 85
   at Piranha.Services.SiteService.InvalidateSitemapAsync(String id, Boolean updateLastModified) in C:\Users\bbqch\proj\microbians\piranha\core\Piranha\Services\Internal\SiteService.cs:line 434
   at Piranha.Services.PageService.SaveAsync[T](T model, Boolean isDraft) in C:\Users\bbqch\proj\microbians\piranha\core\Piranha\Services\Internal\PageService.cs:line 763
   at Piranha.Tests.Services.PostTests.InitializeAsync() in C:\Users\bbqch\proj\microbians\piranha\test\Piranha.Tests\Services\PostTests.cs:line 140
   at Piranha.Tests.Services.PostTestsDistributedCache.InitializeAsync() in C:\Users\bbqch\proj\microbians\piranha\test\Piranha.Tests\Services\PostTests.cs:line 38
  Failed Piranha.Tests.Services.PostTestsDistributedCache.GetAllBaseClassById [1 ms]
  Error Message:
   System.NullReferenceException : Object reference not set to an instance of an object.
  Stack Trace:
     at Piranha.Repositories.SiteRepository.GetById(String id) in C:\Users\bbqch\proj\microbians\piranha\data\Piranha.Data.EF\Repositories\SiteRepository.cs:line 97
   at Piranha.Services.SiteService.GetByIdAsync(String id) in C:\Users\bbqch\proj\microbians\piranha\core\Piranha\Services\Internal\SiteService.cs:line 85
   at Piranha.Services.SiteService.InvalidateSitemapAsync(String id, Boolean updateLastModified) in C:\Users\bbqch\proj\microbians\piranha\core\Piranha\Services\Internal\SiteService.cs:line 434
   at Piranha.Services.PageService.SaveAsync[T](T model, Boolean isDraft) in C:\Users\bbqch\proj\microbians\piranha\core\Piranha\Services\Internal\PageService.cs:line 763
   at Piranha.Tests.Services.PostTests.InitializeAsync() in C:\Users\bbqch\proj\microbians\piranha\test\Piranha.Tests\Services\PostTests.cs:line 140
   at Piranha.Tests.Services.PostTestsDistributedCache.InitializeAsync() in C:\Users\bbqch\proj\microbians\piranha\test\Piranha.Tests\Services\PostTests.cs:line 38
  Failed Piranha.Tests.Services.PostTestsDistributedCache.GetBaseClassCollectionPost [1 ms]
  Error Message:
   System.NullReferenceException : Object reference not set to an instance of an object.
  Stack Trace:
     at Piranha.Repositories.SiteRepository.GetById(String id) in C:\Users\bbqch\proj\microbians\piranha\data\Piranha.Data.EF\Repositories\SiteRepository.cs:line 97
   at Piranha.Services.SiteService.GetByIdAsync(String id) in C:\Users\bbqch\proj\microbians\piranha\core\Piranha\Services\Internal\SiteService.cs:line 85
   at Piranha.Services.SiteService.InvalidateSitemapAsync(String id, Boolean updateLastModified) in C:\Users\bbqch\proj\microbians\piranha\core\Piranha\Services\Internal\SiteService.cs:line 434
   at Piranha.Services.PageService.SaveAsync[T](T model, Boolean isDraft) in C:\Users\bbqch\proj\microbians\piranha\core\Piranha\Services\Internal\PageService.cs:line 763
   at Piranha.Tests.Services.PostTests.InitializeAsync() in C:\Users\bbqch\proj\microbians\piranha\test\Piranha.Tests\Services\PostTests.cs:line 140
   at Piranha.Tests.Services.PostTestsDistributedCache.InitializeAsync() in C:\Users\bbqch\proj\microbians\piranha\test\Piranha.Tests\Services\PostTests.cs:line 38
  Failed Piranha.Tests.Services.PostTestsDistributedCache.GetAllNoneBySlug [1 ms]
  Error Message:
   System.NullReferenceException : Object reference not set to an instance of an object.
  Stack Trace:
     at Piranha.Repositories.SiteRepository.GetById(String id) in C:\Users\bbqch\proj\microbians\piranha\data\Piranha.Data.EF\Repositories\SiteRepository.cs:line 97
   at Piranha.Services.SiteService.GetByIdAsync(String id) in C:\Users\bbqch\proj\microbians\piranha\core\Piranha\Services\Internal\SiteService.cs:line 85
   at Piranha.Services.SiteService.InvalidateSitemapAsync(String id, Boolean updateLastModified) in C:\Users\bbqch\proj\microbians\piranha\core\Piranha\Services\Internal\SiteService.cs:line 434
   at Piranha.Services.PageService.SaveAsync[T](T model, Boolean isDraft) in C:\Users\bbqch\proj\microbians\piranha\core\Piranha\Services\Internal\PageService.cs:line 763
   at Piranha.Tests.Services.PostTests.InitializeAsync() in C:\Users\bbqch\proj\microbians\piranha\test\Piranha.Tests\Services\PostTests.cs:line 140
   at Piranha.Tests.Services.PostTestsDistributedCache.InitializeAsync() in C:\Users\bbqch\proj\microbians\piranha\test\Piranha.Tests\Services\PostTests.cs:line 38
  Failed Piranha.Tests.Services.PostTestsDistributedCache.GetDIDynamic [1 ms]
  Error Message:
   System.NullReferenceException : Object reference not set to an instance of an object.
  Stack Trace:
     at Piranha.Repositories.SiteRepository.GetById(String id) in C:\Users\bbqch\proj\microbians\piranha\data\Piranha.Data.EF\Repositories\SiteRepository.cs:line 97
   at Piranha.Services.SiteService.GetByIdAsync(String id) in C:\Users\bbqch\proj\microbians\piranha\core\Piranha\Services\Internal\SiteService.cs:line 85
   at Piranha.Services.SiteService.InvalidateSitemapAsync(String id, Boolean updateLastModified) in C:\Users\bbqch\proj\microbians\piranha\core\Piranha\Services\Internal\SiteService.cs:line 434
   at Piranha.Services.PageService.SaveAsync[T](T model, Boolean isDraft) in C:\Users\bbqch\proj\microbians\piranha\core\Piranha\Services\Internal\PageService.cs:line 763
   at Piranha.Tests.Services.PostTests.InitializeAsync() in C:\Users\bbqch\proj\microbians\piranha\test\Piranha.Tests\Services\PostTests.cs:line 140
   at Piranha.Tests.Services.PostTestsDistributedCache.InitializeAsync() in C:\Users\bbqch\proj\microbians\piranha\test\Piranha.Tests\Services\PostTests.cs:line 38
  Failed Piranha.Tests.Services.PostTestsDistributedCache.GetAllBaseClassBySlug [1 ms]
  Error Message:
   System.NullReferenceException : Object reference not set to an instance of an object.
  Stack Trace:
     at Piranha.Repositories.SiteRepository.GetById(String id) in C:\Users\bbqch\proj\microbians\piranha\data\Piranha.Data.EF\Repositories\SiteRepository.cs:line 97
   at Piranha.Services.SiteService.GetByIdAsync(String id) in C:\Users\bbqch\proj\microbians\piranha\core\Piranha\Services\Internal\SiteService.cs:line 85
   at Piranha.Services.SiteService.InvalidateSitemapAsync(String id, Boolean updateLastModified) in C:\Users\bbqch\proj\microbians\piranha\core\Piranha\Services\Internal\SiteService.cs:line 434
   at Piranha.Services.PageService.SaveAsync[T](T model, Boolean isDraft) in C:\Users\bbqch\proj\microbians\piranha\core\Piranha\Services\Internal\PageService.cs:line 763
   at Piranha.Tests.Services.PostTests.InitializeAsync() in C:\Users\bbqch\proj\microbians\piranha\test\Piranha.Tests\Services\PostTests.cs:line 140
   at Piranha.Tests.Services.PostTestsDistributedCache.InitializeAsync() in C:\Users\bbqch\proj\microbians\piranha\test\Piranha.Tests\Services\PostTests.cs:line 38
  Failed Piranha.Tests.Services.PostTestsDistributedCache.GetNoneBySlugBlog [1 ms]
  Error Message:
   System.NullReferenceException : Object reference not set to an instance of an object.
  Stack Trace:
     at Piranha.Repositories.SiteRepository.GetById(String id) in C:\Users\bbqch\proj\microbians\piranha\data\Piranha.Data.EF\Repositories\SiteRepository.cs:line 97
   at Piranha.Services.SiteService.GetByIdAsync(String id) in C:\Users\bbqch\proj\microbians\piranha\core\Piranha\Services\Internal\SiteService.cs:line 85
   at Piranha.Services.SiteService.InvalidateSitemapAsync(String id, Boolean updateLastModified) in C:\Users\bbqch\proj\microbians\piranha\core\Piranha\Services\Internal\SiteService.cs:line 434
   at Piranha.Services.PageService.SaveAsync[T](T model, Boolean isDraft) in C:\Users\bbqch\proj\microbians\piranha\core\Piranha\Services\Internal\PageService.cs:line 763
   at Piranha.Tests.Services.PostTests.InitializeAsync() in C:\Users\bbqch\proj\microbians\piranha\test\Piranha.Tests\Services\PostTests.cs:line 140
   at Piranha.Tests.Services.PostTestsDistributedCache.InitializeAsync() in C:\Users\bbqch\proj\microbians\piranha\test\Piranha.Tests\Services\PostTests.cs:line 38
  Failed Piranha.Tests.Services.PostTestsDistributedCache.GetAllBySlug [1 ms]
  Error Message:
   System.NullReferenceException : Object reference not set to an instance of an object.
  Stack Trace:
     at Piranha.Repositories.SiteRepository.GetById(String id) in C:\Users\bbqch\proj\microbians\piranha\data\Piranha.Data.EF\Repositories\SiteRepository.cs:line 97
   at Piranha.Services.SiteService.GetByIdAsync(String id) in C:\Users\bbqch\proj\microbians\piranha\core\Piranha\Services\Internal\SiteService.cs:line 85
   at Piranha.Services.SiteService.InvalidateSitemapAsync(String id, Boolean updateLastModified) in C:\Users\bbqch\proj\microbians\piranha\core\Piranha\Services\Internal\SiteService.cs:line 434
   at Piranha.Services.PageService.SaveAsync[T](T model, Boolean isDraft) in C:\Users\bbqch\proj\microbians\piranha\core\Piranha\Services\Internal\PageService.cs:line 763
   at Piranha.Tests.Services.PostTests.InitializeAsync() in C:\Users\bbqch\proj\microbians\piranha\test\Piranha.Tests\Services\PostTests.cs:line 140
   at Piranha.Tests.Services.PostTestsDistributedCache.InitializeAsync() in C:\Users\bbqch\proj\microbians\piranha\test\Piranha.Tests\Services\PostTests.cs:line 38
  Failed Piranha.Tests.Services.PostTestsDistributedCache.GetMissingById [1 ms]
  Error Message:
   System.NullReferenceException : Object reference not set to an instance of an object.
  Stack Trace:
     at Piranha.Repositories.SiteRepository.GetById(String id) in C:\Users\bbqch\proj\microbians\piranha\data\Piranha.Data.EF\Repositories\SiteRepository.cs:line 97
   at Piranha.Services.SiteService.GetByIdAsync(String id) in C:\Users\bbqch\proj\microbians\piranha\core\Piranha\Services\Internal\SiteService.cs:line 85
   at Piranha.Services.SiteService.InvalidateSitemapAsync(String id, Boolean updateLastModified) in C:\Users\bbqch\proj\microbians\piranha\core\Piranha\Services\Internal\SiteService.cs:line 434
   at Piranha.Services.PageService.SaveAsync[T](T model, Boolean isDraft) in C:\Users\bbqch\proj\microbians\piranha\core\Piranha\Services\Internal\PageService.cs:line 763
   at Piranha.Tests.Services.PostTests.InitializeAsync() in C:\Users\bbqch\proj\microbians\piranha\test\Piranha.Tests\Services\PostTests.cs:line 140
   at Piranha.Tests.Services.PostTestsDistributedCache.InitializeAsync() in C:\Users\bbqch\proj\microbians\piranha\test\Piranha.Tests\Services\PostTests.cs:line 38
  Failed Piranha.Tests.Services.PostTestsDistributedCache.CheckPermlinkSyntax [1 ms]
  Error Message:
   System.NullReferenceException : Object reference not set to an instance of an object.
  Stack Trace:
     at Piranha.Repositories.SiteRepository.GetById(String id) in C:\Users\bbqch\proj\microbians\piranha\data\Piranha.Data.EF\Repositories\SiteRepository.cs:line 97
   at Piranha.Services.SiteService.GetByIdAsync(String id) in C:\Users\bbqch\proj\microbians\piranha\core\Piranha\Services\Internal\SiteService.cs:line 85
   at Piranha.Services.SiteService.InvalidateSitemapAsync(String id, Boolean updateLastModified) in C:\Users\bbqch\proj\microbians\piranha\core\Piranha\Services\Internal\SiteService.cs:line 434
   at Piranha.Services.PageService.SaveAsync[T](T model, Boolean isDraft) in C:\Users\bbqch\proj\microbians\piranha\core\Piranha\Services\Internal\PageService.cs:line 763
   at Piranha.Tests.Services.PostTests.InitializeAsync() in C:\Users\bbqch\proj\microbians\piranha\test\Piranha.Tests\Services\PostTests.cs:line 140
   at Piranha.Tests.Services.PostTestsDistributedCache.InitializeAsync() in C:\Users\bbqch\proj\microbians\piranha\test\Piranha.Tests\Services\PostTests.cs:line 38
  Failed Piranha.Tests.Services.PostTestsDistributedCache.GetAllById [1 ms]
  Error Message:
   System.NullReferenceException : Object reference not set to an instance of an object.
  Stack Trace:
     at Piranha.Repositories.SiteRepository.GetById(String id) in C:\Users\bbqch\proj\microbians\piranha\data\Piranha.Data.EF\Repositories\SiteRepository.cs:line 97
   at Piranha.Services.SiteService.GetByIdAsync(String id) in C:\Users\bbqch\proj\microbians\piranha\core\Piranha\Services\Internal\SiteService.cs:line 85
   at Piranha.Services.SiteService.InvalidateSitemapAsync(String id, Boolean updateLastModified) in C:\Users\bbqch\proj\microbians\piranha\core\Piranha\Services\Internal\SiteService.cs:line 434
   at Piranha.Services.PageService.SaveAsync[T](T model, Boolean isDraft) in C:\Users\bbqch\proj\microbians\piranha\core\Piranha\Services\Internal\PageService.cs:line 763
   at Piranha.Tests.Services.PostTests.InitializeAsync() in C:\Users\bbqch\proj\microbians\piranha\test\Piranha.Tests\Services\PostTests.cs:line 140
   at Piranha.Tests.Services.PostTestsDistributedCache.InitializeAsync() in C:\Users\bbqch\proj\microbians\piranha\test\Piranha.Tests\Services\PostTests.cs:line 38
  Failed Piranha.Tests.Services.PostTestsDistributedCache.GetBaseClassBySlug [1 ms]
  Error Message:
   System.NullReferenceException : Object reference not set to an instance of an object.
  Stack Trace:
     at Piranha.Repositories.SiteRepository.GetById(String id) in C:\Users\bbqch\proj\microbians\piranha\data\Piranha.Data.EF\Repositories\SiteRepository.cs:line 97
   at Piranha.Services.SiteService.GetByIdAsync(String id) in C:\Users\bbqch\proj\microbians\piranha\core\Piranha\Services\Internal\SiteService.cs:line 85
   at Piranha.Services.SiteService.InvalidateSitemapAsync(String id, Boolean updateLastModified) in C:\Users\bbqch\proj\microbians\piranha\core\Piranha\Services\Internal\SiteService.cs:line 434
   at Piranha.Services.PageService.SaveAsync[T](T model, Boolean isDraft) in C:\Users\bbqch\proj\microbians\piranha\core\Piranha\Services\Internal\PageService.cs:line 763
   at Piranha.Tests.Services.PostTests.InitializeAsync() in C:\Users\bbqch\proj\microbians\piranha\test\Piranha.Tests\Services\PostTests.cs:line 140
   at Piranha.Tests.Services.PostTestsDistributedCache.InitializeAsync() in C:\Users\bbqch\proj\microbians\piranha\test\Piranha.Tests\Services\PostTests.cs:line 38
  Failed Piranha.Tests.Services.PostTestsDistributedCache.GetInfoById [1 ms]
  Error Message:
   System.NullReferenceException : Object reference not set to an instance of an object.
  Stack Trace:
     at Piranha.Repositories.SiteRepository.GetById(String id) in C:\Users\bbqch\proj\microbians\piranha\data\Piranha.Data.EF\Repositories\SiteRepository.cs:line 97
   at Piranha.Services.SiteService.GetByIdAsync(String id) in C:\Users\bbqch\proj\microbians\piranha\core\Piranha\Services\Internal\SiteService.cs:line 85
   at Piranha.Services.SiteService.InvalidateSitemapAsync(String id, Boolean updateLastModified) in C:\Users\bbqch\proj\microbians\piranha\core\Piranha\Services\Internal\SiteService.cs:line 434
   at Piranha.Services.PageService.SaveAsync[T](T model, Boolean isDraft) in C:\Users\bbqch\proj\microbians\piranha\core\Piranha\Services\Internal\PageService.cs:line 763
   at Piranha.Tests.Services.PostTests.InitializeAsync() in C:\Users\bbqch\proj\microbians\piranha\test\Piranha.Tests\Services\PostTests.cs:line 140
   at Piranha.Tests.Services.PostTestsDistributedCache.InitializeAsync() in C:\Users\bbqch\proj\microbians\piranha\test\Piranha.Tests\Services\PostTests.cs:line 38
  Failed Piranha.Tests.Services.PostTests.GetDynamicBySlug [1 ms]
  Error Message:
   System.NullReferenceException : Object reference not set to an instance of an object.
  Stack Trace:
     at Piranha.Repositories.SiteRepository.GetById(String id) in C:\Users\bbqch\proj\microbians\piranha\data\Piranha.Data.EF\Repositories\SiteRepository.cs:line 97
   at Piranha.Services.SiteService.GetByIdAsync(String id) in C:\Users\bbqch\proj\microbians\piranha\core\Piranha\Services\Internal\SiteService.cs:line 85
   at Piranha.Services.SiteService.InvalidateSitemapAsync(String id, Boolean updateLastModified) in C:\Users\bbqch\proj\microbians\piranha\core\Piranha\Services\Internal\SiteService.cs:line 434
   at Piranha.Services.PageService.SaveAsync[T](T model, Boolean isDraft) in C:\Users\bbqch\proj\microbians\piranha\core\Piranha\Services\Internal\PageService.cs:line 763
   at Piranha.Tests.Services.PostTests.InitializeAsync() in C:\Users\bbqch\proj\microbians\piranha\test\Piranha.Tests\Services\PostTests.cs:line 140
  Failed Piranha.Tests.Services.PostTests.GetAllNoneBySlugAndSite [1 ms]
  Error Message:
   System.NullReferenceException : Object reference not set to an instance of an object.
  Stack Trace:
     at Piranha.Repositories.SiteRepository.GetById(String id) in C:\Users\bbqch\proj\microbians\piranha\data\Piranha.Data.EF\Repositories\SiteRepository.cs:line 97
   at Piranha.Services.SiteService.GetByIdAsync(String id) in C:\Users\bbqch\proj\microbians\piranha\core\Piranha\Services\Internal\SiteService.cs:line 85
   at Piranha.Services.SiteService.InvalidateSitemapAsync(String id, Boolean updateLastModified) in C:\Users\bbqch\proj\microbians\piranha\core\Piranha\Services\Internal\SiteService.cs:line 434
   at Piranha.Services.PageService.SaveAsync[T](T model, Boolean isDraft) in C:\Users\bbqch\proj\microbians\piranha\core\Piranha\Services\Internal\PageService.cs:line 763
   at Piranha.Tests.Services.PostTests.InitializeAsync() in C:\Users\bbqch\proj\microbians\piranha\test\Piranha.Tests\Services\PostTests.cs:line 140
  Failed Piranha.Tests.Services.PostTests.GetNoneById [1 ms]
  Error Message:
   System.NullReferenceException : Object reference not set to an instance of an object.
  Stack Trace:
     at Piranha.Repositories.SiteRepository.GetById(String id) in C:\Users\bbqch\proj\microbians\piranha\data\Piranha.Data.EF\Repositories\SiteRepository.cs:line 97
   at Piranha.Services.SiteService.GetByIdAsync(String id) in C:\Users\bbqch\proj\microbians\piranha\core\Piranha\Services\Internal\SiteService.cs:line 85
   at Piranha.Services.SiteService.InvalidateSitemapAsync(String id, Boolean updateLastModified) in C:\Users\bbqch\proj\microbians\piranha\core\Piranha\Services\Internal\SiteService.cs:line 434
   at Piranha.Services.PageService.SaveAsync[T](T model, Boolean isDraft) in C:\Users\bbqch\proj\microbians\piranha\core\Piranha\Services\Internal\PageService.cs:line 763
   at Piranha.Tests.Services.PostTests.InitializeAsync() in C:\Users\bbqch\proj\microbians\piranha\test\Piranha.Tests\Services\PostTests.cs:line 140
  Failed Piranha.Tests.Services.PostTests.GetMissingById [1 ms]
  Error Message:
   System.NullReferenceException : Object reference not set to an instance of an object.
  Stack Trace:
     at Piranha.Repositories.SiteRepository.GetById(String id) in C:\Users\bbqch\proj\microbians\piranha\data\Piranha.Data.EF\Repositories\SiteRepository.cs:line 97
   at Piranha.Services.SiteService.GetByIdAsync(String id) in C:\Users\bbqch\proj\microbians\piranha\core\Piranha\Services\Internal\SiteService.cs:line 85
   at Piranha.Services.SiteService.InvalidateSitemapAsync(String id, Boolean updateLastModified) in C:\Users\bbqch\proj\microbians\piranha\core\Piranha\Services\Internal\SiteService.cs:line 434
   at Piranha.Services.PageService.SaveAsync[T](T model, Boolean isDraft) in C:\Users\bbqch\proj\microbians\piranha\core\Piranha\Services\Internal\PageService.cs:line 763
   at Piranha.Tests.Services.PostTests.InitializeAsync() in C:\Users\bbqch\proj\microbians\piranha\test\Piranha.Tests\Services\PostTests.cs:line 140
  Failed Piranha.Tests.Services.PostTests.GetAllBaseClassById [1 ms]
  Error Message:
   System.NullReferenceException : Object reference not set to an instance of an object.
  Stack Trace:
     at Piranha.Repositories.SiteRepository.GetById(String id) in C:\Users\bbqch\proj\microbians\piranha\data\Piranha.Data.EF\Repositories\SiteRepository.cs:line 97
   at Piranha.Services.SiteService.GetByIdAsync(String id) in C:\Users\bbqch\proj\microbians\piranha\core\Piranha\Services\Internal\SiteService.cs:line 85
   at Piranha.Services.SiteService.InvalidateSitemapAsync(String id, Boolean updateLastModified) in C:\Users\bbqch\proj\microbians\piranha\core\Piranha\Services\Internal\SiteService.cs:line 434
   at Piranha.Services.PageService.SaveAsync[T](T model, Boolean isDraft) in C:\Users\bbqch\proj\microbians\piranha\core\Piranha\Services\Internal\PageService.cs:line 763
   at Piranha.Tests.Services.PostTests.InitializeAsync() in C:\Users\bbqch\proj\microbians\piranha\test\Piranha.Tests\Services\PostTests.cs:line 140
  Failed Piranha.Tests.Services.PostTests.CheckPermlinkSyntax [1 ms]
  Error Message:
   System.NullReferenceException : Object reference not set to an instance of an object.
  Stack Trace:
     at Piranha.Repositories.SiteRepository.GetById(String id) in C:\Users\bbqch\proj\microbians\piranha\data\Piranha.Data.EF\Repositories\SiteRepository.cs:line 97
   at Piranha.Services.SiteService.GetByIdAsync(String id) in C:\Users\bbqch\proj\microbians\piranha\core\Piranha\Services\Internal\SiteService.cs:line 85
   at Piranha.Services.SiteService.InvalidateSitemapAsync(String id, Boolean updateLastModified) in C:\Users\bbqch\proj\microbians\piranha\core\Piranha\Services\Internal\SiteService.cs:line 434
   at Piranha.Services.PageService.SaveAsync[T](T model, Boolean isDraft) in C:\Users\bbqch\proj\microbians\piranha\core\Piranha\Services\Internal\PageService.cs:line 763
   at Piranha.Tests.Services.PostTests.InitializeAsync() in C:\Users\bbqch\proj\microbians\piranha\test\Piranha.Tests\Services\PostTests.cs:line 140
  Failed Piranha.Tests.Services.PostTests.IsCached [1 ms]
  Error Message:
   System.NullReferenceException : Object reference not set to an instance of an object.
  Stack Trace:
     at Piranha.Repositories.SiteRepository.GetById(String id) in C:\Users\bbqch\proj\microbians\piranha\data\Piranha.Data.EF\Repositories\SiteRepository.cs:line 97
   at Piranha.Services.SiteService.GetByIdAsync(String id) in C:\Users\bbqch\proj\microbians\piranha\core\Piranha\Services\Internal\SiteService.cs:line 85
   at Piranha.Services.SiteService.InvalidateSitemapAsync(String id, Boolean updateLastModified) in C:\Users\bbqch\proj\microbians\piranha\core\Piranha\Services\Internal\SiteService.cs:line 434
   at Piranha.Services.PageService.SaveAsync[T](T model, Boolean isDraft) in C:\Users\bbqch\proj\microbians\piranha\core\Piranha\Services\Internal\PageService.cs:line 763
   at Piranha.Tests.Services.PostTests.InitializeAsync() in C:\Users\bbqch\proj\microbians\piranha\test\Piranha.Tests\Services\PostTests.cs:line 140
  Failed Piranha.Tests.Services.PostTests.GetNoneBySlugBlog [1 ms]
  Error Message:
   System.NullReferenceException : Object reference not set to an instance of an object.
  Stack Trace:
     at Piranha.Repositories.SiteRepository.GetById(String id) in C:\Users\bbqch\proj\microbians\piranha\data\Piranha.Data.EF\Repositories\SiteRepository.cs:line 97
   at Piranha.Services.SiteService.GetByIdAsync(String id) in C:\Users\bbqch\proj\microbians\piranha\core\Piranha\Services\Internal\SiteService.cs:line 85
   at Piranha.Services.SiteService.InvalidateSitemapAsync(String id, Boolean updateLastModified) in C:\Users\bbqch\proj\microbians\piranha\core\Piranha\Services\Internal\SiteService.cs:line 434
   at Piranha.Services.PageService.SaveAsync[T](T model, Boolean isDraft) in C:\Users\bbqch\proj\microbians\piranha\core\Piranha\Services\Internal\PageService.cs:line 763
   at Piranha.Tests.Services.PostTests.InitializeAsync() in C:\Users\bbqch\proj\microbians\piranha\test\Piranha.Tests\Services\PostTests.cs:line 140
  Failed Piranha.Tests.Services.PostTests.AddWithTags [1 ms]
  Error Message:
   System.NullReferenceException : Object reference not set to an instance of an object.
  Stack Trace:
     at Piranha.Repositories.SiteRepository.GetById(String id) in C:\Users\bbqch\proj\microbians\piranha\data\Piranha.Data.EF\Repositories\SiteRepository.cs:line 97
   at Piranha.Services.SiteService.GetByIdAsync(String id) in C:\Users\bbqch\proj\microbians\piranha\core\Piranha\Services\Internal\SiteService.cs:line 85
   at Piranha.Services.SiteService.InvalidateSitemapAsync(String id, Boolean updateLastModified) in C:\Users\bbqch\proj\microbians\piranha\core\Piranha\Services\Internal\SiteService.cs:line 434
   at Piranha.Services.PageService.SaveAsync[T](T model, Boolean isDraft) in C:\Users\bbqch\proj\microbians\piranha\core\Piranha\Services\Internal\PageService.cs:line 763
   at Piranha.Tests.Services.PostTests.InitializeAsync() in C:\Users\bbqch\proj\microbians\piranha\test\Piranha.Tests\Services\PostTests.cs:line 140
  Failed Piranha.Tests.Services.PostTests.GetMissingBySlug [1 ms]
  Error Message:
   System.NullReferenceException : Object reference not set to an instance of an object.
  Stack Trace:
     at Piranha.Repositories.SiteRepository.GetById(String id) in C:\Users\bbqch\proj\microbians\piranha\data\Piranha.Data.EF\Repositories\SiteRepository.cs:line 97
   at Piranha.Services.SiteService.GetByIdAsync(String id) in C:\Users\bbqch\proj\microbians\piranha\core\Piranha\Services\Internal\SiteService.cs:line 85
   at Piranha.Services.SiteService.InvalidateSitemapAsync(String id, Boolean updateLastModified) in C:\Users\bbqch\proj\microbians\piranha\core\Piranha\Services\Internal\SiteService.cs:line 434
   at Piranha.Services.PageService.SaveAsync[T](T model, Boolean isDraft) in C:\Users\bbqch\proj\microbians\piranha\core\Piranha\Services\Internal\PageService.cs:line 763
   at Piranha.Tests.Services.PostTests.InitializeAsync() in C:\Users\bbqch\proj\microbians\piranha\test\Piranha.Tests\Services\PostTests.cs:line 140
  Failed Piranha.Tests.Services.PostTests.GetInfoById [1 ms]
  Error Message:
   System.NullReferenceException : Object reference not set to an instance of an object.
  Stack Trace:
     at Piranha.Repositories.SiteRepository.GetById(String id) in C:\Users\bbqch\proj\microbians\piranha\data\Piranha.Data.EF\Repositories\SiteRepository.cs:line 97
   at Piranha.Services.SiteService.GetByIdAsync(String id) in C:\Users\bbqch\proj\microbians\piranha\core\Piranha\Services\Internal\SiteService.cs:line 85
   at Piranha.Services.SiteService.InvalidateSitemapAsync(String id, Boolean updateLastModified) in C:\Users\bbqch\proj\microbians\piranha\core\Piranha\Services\Internal\SiteService.cs:line 434
   at Piranha.Services.PageService.SaveAsync[T](T model, Boolean isDraft) in C:\Users\bbqch\proj\microbians\piranha\core\Piranha\Services\Internal\PageService.cs:line 763
   at Piranha.Tests.Services.PostTests.InitializeAsync() in C:\Users\bbqch\proj\microbians\piranha\test\Piranha.Tests\Services\PostTests.cs:line 140
  Failed Piranha.Tests.Services.PostTests.GetAllBaseClass [1 ms]
  Error Message:
   System.NullReferenceException : Object reference not set to an instance of an object.
  Stack Trace:
     at Piranha.Repositories.SiteRepository.GetById(String id) in C:\Users\bbqch\proj\microbians\piranha\data\Piranha.Data.EF\Repositories\SiteRepository.cs:line 97
   at Piranha.Services.SiteService.GetByIdAsync(String id) in C:\Users\bbqch\proj\microbians\piranha\core\Piranha\Services\Internal\SiteService.cs:line 85
   at Piranha.Services.SiteService.InvalidateSitemapAsync(String id, Boolean updateLastModified) in C:\Users\bbqch\proj\microbians\piranha\core\Piranha\Services\Internal\SiteService.cs:line 434
   at Piranha.Services.PageService.SaveAsync[T](T model, Boolean isDraft) in C:\Users\bbqch\proj\microbians\piranha\core\Piranha\Services\Internal\PageService.cs:line 763
   at Piranha.Tests.Services.PostTests.InitializeAsync() in C:\Users\bbqch\proj\microbians\piranha\test\Piranha.Tests\Services\PostTests.cs:line 140
  Failed Piranha.Tests.Services.PostTests.GetNoneBySlug [1 ms]
  Error Message:
   System.NullReferenceException : Object reference not set to an instance of an object.
  Stack Trace:
     at Piranha.Repositories.SiteRepository.GetById(String id) in C:\Users\bbqch\proj\microbians\piranha\data\Piranha.Data.EF\Repositories\SiteRepository.cs:line 97
   at Piranha.Services.SiteService.GetByIdAsync(String id) in C:\Users\bbqch\proj\microbians\piranha\core\Piranha\Services\Internal\SiteService.cs:line 85
   at Piranha.Services.SiteService.InvalidateSitemapAsync(String id, Boolean updateLastModified) in C:\Users\bbqch\proj\microbians\piranha\core\Piranha\Services\Internal\SiteService.cs:line 434
   at Piranha.Services.PageService.SaveAsync[T](T model, Boolean isDraft) in C:\Users\bbqch\proj\microbians\piranha\core\Piranha\Services\Internal\PageService.cs:line 763
   at Piranha.Tests.Services.PostTests.InitializeAsync() in C:\Users\bbqch\proj\microbians\piranha\test\Piranha.Tests\Services\PostTests.cs:line 140
  Failed Piranha.Tests.Services.PostTests.GetAllBySlugAndSite [1 ms]
  Error Message:
   System.NullReferenceException : Object reference not set to an instance of an object.
  Stack Trace:
     at Piranha.Repositories.SiteRepository.GetById(String id) in C:\Users\bbqch\proj\microbians\piranha\data\Piranha.Data.EF\Repositories\SiteRepository.cs:line 97
   at Piranha.Services.SiteService.GetByIdAsync(String id) in C:\Users\bbqch\proj\microbians\piranha\core\Piranha\Services\Internal\SiteService.cs:line 85
   at Piranha.Services.SiteService.InvalidateSitemapAsync(String id, Boolean updateLastModified) in C:\Users\bbqch\proj\microbians\piranha\core\Piranha\Services\Internal\SiteService.cs:line 434
   at Piranha.Services.PageService.SaveAsync[T](T model, Boolean isDraft) in C:\Users\bbqch\proj\microbians\piranha\core\Piranha\Services\Internal\PageService.cs:line 763
   at Piranha.Tests.Services.PostTests.InitializeAsync() in C:\Users\bbqch\proj\microbians\piranha\test\Piranha.Tests\Services\PostTests.cs:line 140
  Failed Piranha.Tests.Services.PostTests.GetAllBaseClassBySlug [1 ms]
  Error Message:
   System.NullReferenceException : Object reference not set to an instance of an object.
  Stack Trace:
     at Piranha.Repositories.SiteRepository.GetById(String id) in C:\Users\bbqch\proj\microbians\piranha\data\Piranha.Data.EF\Repositories\SiteRepository.cs:line 97
   at Piranha.Services.SiteService.GetByIdAsync(String id) in C:\Users\bbqch\proj\microbians\piranha\core\Piranha\Services\Internal\SiteService.cs:line 85
   at Piranha.Services.SiteService.InvalidateSitemapAsync(String id, Boolean updateLastModified) in C:\Users\bbqch\proj\microbians\piranha\core\Piranha\Services\Internal\SiteService.cs:line 434
   at Piranha.Services.PageService.SaveAsync[T](T model, Boolean isDraft) in C:\Users\bbqch\proj\microbians\piranha\core\Piranha\Services\Internal\PageService.cs:line 763
   at Piranha.Tests.Services.PostTests.InitializeAsync() in C:\Users\bbqch\proj\microbians\piranha\test\Piranha.Tests\Services\PostTests.cs:line 140
  Failed Piranha.Tests.Services.PostTests.GetDIGeneric [1 ms]
  Error Message:
   System.NullReferenceException : Object reference not set to an instance of an object.
  Stack Trace:
     at Piranha.Repositories.SiteRepository.GetById(String id) in C:\Users\bbqch\proj\microbians\piranha\data\Piranha.Data.EF\Repositories\SiteRepository.cs:line 97
   at Piranha.Services.SiteService.GetByIdAsync(String id) in C:\Users\bbqch\proj\microbians\piranha\core\Piranha\Services\Internal\SiteService.cs:line 85
   at Piranha.Services.SiteService.InvalidateSitemapAsync(String id, Boolean updateLastModified) in C:\Users\bbqch\proj\microbians\piranha\core\Piranha\Services\Internal\SiteService.cs:line 434
   at Piranha.Services.PageService.SaveAsync[T](T model, Boolean isDraft) in C:\Users\bbqch\proj\microbians\piranha\core\Piranha\Services\Internal\PageService.cs:line 763
   at Piranha.Tests.Services.PostTests.InitializeAsync() in C:\Users\bbqch\proj\microbians\piranha\test\Piranha.Tests\Services\PostTests.cs:line 140
  Failed Piranha.Tests.Services.PostTests.GetAllById [1 ms]
  Error Message:
   System.NullReferenceException : Object reference not set to an instance of an object.
  Stack Trace:
     at Piranha.Repositories.SiteRepository.GetById(String id) in C:\Users\bbqch\proj\microbians\piranha\data\Piranha.Data.EF\Repositories\SiteRepository.cs:line 97
   at Piranha.Services.SiteService.GetByIdAsync(String id) in C:\Users\bbqch\proj\microbians\piranha\core\Piranha\Services\Internal\SiteService.cs:line 85
   at Piranha.Services.SiteService.InvalidateSitemapAsync(String id, Boolean updateLastModified) in C:\Users\bbqch\proj\microbians\piranha\core\Piranha\Services\Internal\SiteService.cs:line 434
   at Piranha.Services.PageService.SaveAsync[T](T model, Boolean isDraft) in C:\Users\bbqch\proj\microbians\piranha\core\Piranha\Services\Internal\PageService.cs:line 763
   at Piranha.Tests.Services.PostTests.InitializeAsync() in C:\Users\bbqch\proj\microbians\piranha\test\Piranha.Tests\Services\PostTests.cs:line 140
  Failed Piranha.Tests.Services.PostTests.GetAllNoneById [1 ms]
  Error Message:
   System.NullReferenceException : Object reference not set to an instance of an object.
  Stack Trace:
     at Piranha.Repositories.SiteRepository.GetById(String id) in C:\Users\bbqch\proj\microbians\piranha\data\Piranha.Data.EF\Repositories\SiteRepository.cs:line 97
   at Piranha.Services.SiteService.GetByIdAsync(String id) in C:\Users\bbqch\proj\microbians\piranha\core\Piranha\Services\Internal\SiteService.cs:line 85
   at Piranha.Services.SiteService.InvalidateSitemapAsync(String id, Boolean updateLastModified) in C:\Users\bbqch\proj\microbians\piranha\core\Piranha\Services\Internal\SiteService.cs:line 434
   at Piranha.Services.PageService.SaveAsync[T](T model, Boolean isDraft) in C:\Users\bbqch\proj\microbians\piranha\core\Piranha\Services\Internal\PageService.cs:line 763
   at Piranha.Tests.Services.PostTests.InitializeAsync() in C:\Users\bbqch\proj\microbians\piranha\test\Piranha.Tests\Services\PostTests.cs:line 140
  Failed Piranha.Tests.Services.PostTests.GetGenericById [1 ms]
  Error Message:
   System.NullReferenceException : Object reference not set to an instance of an object.
  Stack Trace:
     at Piranha.Repositories.SiteRepository.GetById(String id) in C:\Users\bbqch\proj\microbians\piranha\data\Piranha.Data.EF\Repositories\SiteRepository.cs:line 97
   at Piranha.Services.SiteService.GetByIdAsync(String id) in C:\Users\bbqch\proj\microbians\piranha\core\Piranha\Services\Internal\SiteService.cs:line 85
   at Piranha.Services.SiteService.InvalidateSitemapAsync(String id, Boolean updateLastModified) in C:\Users\bbqch\proj\microbians\piranha\core\Piranha\Services\Internal\SiteService.cs:line 434
   at Piranha.Services.PageService.SaveAsync[T](T model, Boolean isDraft) in C:\Users\bbqch\proj\microbians\piranha\core\Piranha\Services\Internal\PageService.cs:line 763
   at Piranha.Tests.Services.PostTests.InitializeAsync() in C:\Users\bbqch\proj\microbians\piranha\test\Piranha.Tests\Services\PostTests.cs:line 140
  Failed Piranha.Tests.Services.PostTests.Add [1 ms]
  Error Message:
   System.NullReferenceException : Object reference not set to an instance of an object.
  Stack Trace:
     at Piranha.Repositories.SiteRepository.GetById(String id) in C:\Users\bbqch\proj\microbians\piranha\data\Piranha.Data.EF\Repositories\SiteRepository.cs:line 97
   at Piranha.Services.SiteService.GetByIdAsync(String id) in C:\Users\bbqch\proj\microbians\piranha\core\Piranha\Services\Internal\SiteService.cs:line 85
   at Piranha.Services.SiteService.InvalidateSitemapAsync(String id, Boolean updateLastModified) in C:\Users\bbqch\proj\microbians\piranha\core\Piranha\Services\Internal\SiteService.cs:line 434
   at Piranha.Services.PageService.SaveAsync[T](T model, Boolean isDraft) in C:\Users\bbqch\proj\microbians\piranha\core\Piranha\Services\Internal\PageService.cs:line 763
   at Piranha.Tests.Services.PostTests.InitializeAsync() in C:\Users\bbqch\proj\microbians\piranha\test\Piranha.Tests\Services\PostTests.cs:line 140
  Failed Piranha.Tests.Services.PostTests.GetInfoBySlug [1 ms]
  Error Message:
   System.NullReferenceException : Object reference not set to an instance of an object.
  Stack Trace:
     at Piranha.Repositories.SiteRepository.GetById(String id) in C:\Users\bbqch\proj\microbians\piranha\data\Piranha.Data.EF\Repositories\SiteRepository.cs:line 97
   at Piranha.Services.SiteService.GetByIdAsync(String id) in C:\Users\bbqch\proj\microbians\piranha\core\Piranha\Services\Internal\SiteService.cs:line 85
   at Piranha.Services.SiteService.InvalidateSitemapAsync(String id, Boolean updateLastModified) in C:\Users\bbqch\proj\microbians\piranha\core\Piranha\Services\Internal\SiteService.cs:line 434
   at Piranha.Services.PageService.SaveAsync[T](T model, Boolean isDraft) in C:\Users\bbqch\proj\microbians\piranha\core\Piranha\Services\Internal\PageService.cs:line 763
   at Piranha.Tests.Services.PostTests.InitializeAsync() in C:\Users\bbqch\proj\microbians\piranha\test\Piranha.Tests\Services\PostTests.cs:line 140
  Failed Piranha.Tests.Services.PostTests.GetCollectionPost [1 ms]
  Error Message:
   System.NullReferenceException : Object reference not set to an instance of an object.
  Stack Trace:
     at Piranha.Repositories.SiteRepository.GetById(String id) in C:\Users\bbqch\proj\microbians\piranha\data\Piranha.Data.EF\Repositories\SiteRepository.cs:line 97
   at Piranha.Services.SiteService.GetByIdAsync(String id) in C:\Users\bbqch\proj\microbians\piranha\core\Piranha\Services\Internal\SiteService.cs:line 85
   at Piranha.Services.SiteService.InvalidateSitemapAsync(String id, Boolean updateLastModified) in C:\Users\bbqch\proj\microbians\piranha\core\Piranha\Services\Internal\SiteService.cs:line 434
   at Piranha.Services.PageService.SaveAsync[T](T model, Boolean isDraft) in C:\Users\bbqch\proj\microbians\piranha\core\Piranha\Services\Internal\PageService.cs:line 763
   at Piranha.Tests.Services.PostTests.InitializeAsync() in C:\Users\bbqch\proj\microbians\piranha\test\Piranha.Tests\Services\PostTests.cs:line 140
  Failed Piranha.Tests.Services.PostTests.Delete [1 ms]
  Error Message:
   System.NullReferenceException : Object reference not set to an instance of an object.
  Stack Trace:
     at Piranha.Repositories.SiteRepository.GetById(String id) in C:\Users\bbqch\proj\microbians\piranha\data\Piranha.Data.EF\Repositories\SiteRepository.cs:line 97
   at Piranha.Services.SiteService.GetByIdAsync(String id) in C:\Users\bbqch\proj\microbians\piranha\core\Piranha\Services\Internal\SiteService.cs:line 85
   at Piranha.Services.SiteService.InvalidateSitemapAsync(String id, Boolean updateLastModified) in C:\Users\bbqch\proj\microbians\piranha\core\Piranha\Services\Internal\SiteService.cs:line 434
   at Piranha.Services.PageService.SaveAsync[T](T model, Boolean isDraft) in C:\Users\bbqch\proj\microbians\piranha\core\Piranha\Services\Internal\PageService.cs:line 763
   at Piranha.Tests.Services.PostTests.InitializeAsync() in C:\Users\bbqch\proj\microbians\piranha\test\Piranha.Tests\Services\PostTests.cs:line 140
  Failed Piranha.Tests.Services.PostTests.GetNoneBySlugId [1 ms]
  Error Message:
   System.NullReferenceException : Object reference not set to an instance of an object.
  Stack Trace:
     at Piranha.Repositories.SiteRepository.GetById(String id) in C:\Users\bbqch\proj\microbians\piranha\data\Piranha.Data.EF\Repositories\SiteRepository.cs:line 97
   at Piranha.Services.SiteService.GetByIdAsync(String id) in C:\Users\bbqch\proj\microbians\piranha\core\Piranha\Services\Internal\SiteService.cs:line 85
   at Piranha.Services.SiteService.InvalidateSitemapAsync(String id, Boolean updateLastModified) in C:\Users\bbqch\proj\microbians\piranha\core\Piranha\Services\Internal\SiteService.cs:line 434
   at Piranha.Services.PageService.SaveAsync[T](T model, Boolean isDraft) in C:\Users\bbqch\proj\microbians\piranha\core\Piranha\Services\Internal\PageService.cs:line 763
   at Piranha.Tests.Services.PostTests.InitializeAsync() in C:\Users\bbqch\proj\microbians\piranha\test\Piranha.Tests\Services\PostTests.cs:line 140
  Failed Piranha.Tests.Services.PostTests.GetDynamicById [1 ms]
  Error Message:
   System.NullReferenceException : Object reference not set to an instance of an object.
  Stack Trace:
     at Piranha.Repositories.SiteRepository.GetById(String id) in C:\Users\bbqch\proj\microbians\piranha\data\Piranha.Data.EF\Repositories\SiteRepository.cs:line 97
   at Piranha.Services.SiteService.GetByIdAsync(String id) in C:\Users\bbqch\proj\microbians\piranha\core\Piranha\Services\Internal\SiteService.cs:line 85
   at Piranha.Services.SiteService.InvalidateSitemapAsync(String id, Boolean updateLastModified) in C:\Users\bbqch\proj\microbians\piranha\core\Piranha\Services\Internal\SiteService.cs:line 434
   at Piranha.Services.PageService.SaveAsync[T](T model, Boolean isDraft) in C:\Users\bbqch\proj\microbians\piranha\core\Piranha\Services\Internal\PageService.cs:line 763
   at Piranha.Tests.Services.PostTests.InitializeAsync() in C:\Users\bbqch\proj\microbians\piranha\test\Piranha.Tests\Services\PostTests.cs:line 140
  Failed Piranha.Tests.Services.PostTests.GetDIDynamic [1 ms]
  Error Message:
   System.NullReferenceException : Object reference not set to an instance of an object.
  Stack Trace:
     at Piranha.Repositories.SiteRepository.GetById(String id) in C:\Users\bbqch\proj\microbians\piranha\data\Piranha.Data.EF\Repositories\SiteRepository.cs:line 97
   at Piranha.Services.SiteService.GetByIdAsync(String id) in C:\Users\bbqch\proj\microbians\piranha\core\Piranha\Services\Internal\SiteService.cs:line 85
   at Piranha.Services.SiteService.InvalidateSitemapAsync(String id, Boolean updateLastModified) in C:\Users\bbqch\proj\microbians\piranha\core\Piranha\Services\Internal\SiteService.cs:line 434
   at Piranha.Services.PageService.SaveAsync[T](T model, Boolean isDraft) in C:\Users\bbqch\proj\microbians\piranha\core\Piranha\Services\Internal\PageService.cs:line 763
   at Piranha.Tests.Services.PostTests.InitializeAsync() in C:\Users\bbqch\proj\microbians\piranha\test\Piranha.Tests\Services\PostTests.cs:line 140
  Failed Piranha.Tests.Services.PostTests.GetBlocksById [1 ms]
  Error Message:
   System.NullReferenceException : Object reference not set to an instance of an object.
  Stack Trace:
     at Piranha.Repositories.SiteRepository.GetById(String id) in C:\Users\bbqch\proj\microbians\piranha\data\Piranha.Data.EF\Repositories\SiteRepository.cs:line 97
   at Piranha.Services.SiteService.GetByIdAsync(String id) in C:\Users\bbqch\proj\microbians\piranha\core\Piranha\Services\Internal\SiteService.cs:line 85
   at Piranha.Services.SiteService.InvalidateSitemapAsync(String id, Boolean updateLastModified) in C:\Users\bbqch\proj\microbians\piranha\core\Piranha\Services\Internal\SiteService.cs:line 434
   at Piranha.Services.PageService.SaveAsync[T](T model, Boolean isDraft) in C:\Users\bbqch\proj\microbians\piranha\core\Piranha\Services\Internal\PageService.cs:line 763
   at Piranha.Tests.Services.PostTests.InitializeAsync() in C:\Users\bbqch\proj\microbians\piranha\test\Piranha.Tests\Services\PostTests.cs:line 140
  Failed Piranha.Tests.Services.PostTests.GetAll [1 ms]
  Error Message:
   System.NullReferenceException : Object reference not set to an instance of an object.
  Stack Trace:
     at Piranha.Repositories.SiteRepository.GetById(String id) in C:\Users\bbqch\proj\microbians\piranha\data\Piranha.Data.EF\Repositories\SiteRepository.cs:line 97
   at Piranha.Services.SiteService.GetByIdAsync(String id) in C:\Users\bbqch\proj\microbians\piranha\core\Piranha\Services\Internal\SiteService.cs:line 85
   at Piranha.Services.SiteService.InvalidateSitemapAsync(String id, Boolean updateLastModified) in C:\Users\bbqch\proj\microbians\piranha\core\Piranha\Services\Internal\SiteService.cs:line 434
   at Piranha.Services.PageService.SaveAsync[T](T model, Boolean isDraft) in C:\Users\bbqch\proj\microbians\piranha\core\Piranha\Services\Internal\PageService.cs:line 763
   at Piranha.Tests.Services.PostTests.InitializeAsync() in C:\Users\bbqch\proj\microbians\piranha\test\Piranha.Tests\Services\PostTests.cs:line 140
  Failed Piranha.Tests.Services.PostTests.Update [1 ms]
  Error Message:
   System.NullReferenceException : Object reference not set to an instance of an object.
  Stack Trace:
     at Piranha.Repositories.SiteRepository.GetById(String id) in C:\Users\bbqch\proj\microbians\piranha\data\Piranha.Data.EF\Repositories\SiteRepository.cs:line 97
   at Piranha.Services.SiteService.GetByIdAsync(String id) in C:\Users\bbqch\proj\microbians\piranha\core\Piranha\Services\Internal\SiteService.cs:line 85
   at Piranha.Services.SiteService.InvalidateSitemapAsync(String id, Boolean updateLastModified) in C:\Users\bbqch\proj\microbians\piranha\core\Piranha\Services\Internal\SiteService.cs:line 434
   at Piranha.Services.PageService.SaveAsync[T](T model, Boolean isDraft) in C:\Users\bbqch\proj\microbians\piranha\core\Piranha\Services\Internal\PageService.cs:line 763
   at Piranha.Tests.Services.PostTests.InitializeAsync() in C:\Users\bbqch\proj\microbians\piranha\test\Piranha.Tests\Services\PostTests.cs:line 140
  Failed Piranha.Tests.Services.PostTests.AddDuplicateSlugShouldThrow [1 ms]
  Error Message:
   System.NullReferenceException : Object reference not set to an instance of an object.
  Stack Trace:
     at Piranha.Repositories.SiteRepository.GetById(String id) in C:\Users\bbqch\proj\microbians\piranha\data\Piranha.Data.EF\Repositories\SiteRepository.cs:line 97
   at Piranha.Services.SiteService.GetByIdAsync(String id) in C:\Users\bbqch\proj\microbians\piranha\core\Piranha\Services\Internal\SiteService.cs:line 85
   at Piranha.Services.SiteService.InvalidateSitemapAsync(String id, Boolean updateLastModified) in C:\Users\bbqch\proj\microbians\piranha\core\Piranha\Services\Internal\SiteService.cs:line 434
   at Piranha.Services.PageService.SaveAsync[T](T model, Boolean isDraft) in C:\Users\bbqch\proj\microbians\piranha\core\Piranha\Services\Internal\PageService.cs:line 763
   at Piranha.Tests.Services.PostTests.InitializeAsync() in C:\Users\bbqch\proj\microbians\piranha\test\Piranha.Tests\Services\PostTests.cs:line 140
  Failed Piranha.Tests.Services.PostTests.GetBaseClassBySlug [1 ms]
  Error Message:
   System.NullReferenceException : Object reference not set to an instance of an object.
  Stack Trace:
     at Piranha.Repositories.SiteRepository.GetById(String id) in C:\Users\bbqch\proj\microbians\piranha\data\Piranha.Data.EF\Repositories\SiteRepository.cs:line 97
   at Piranha.Services.SiteService.GetByIdAsync(String id) in C:\Users\bbqch\proj\microbians\piranha\core\Piranha\Services\Internal\SiteService.cs:line 85
   at Piranha.Services.SiteService.InvalidateSitemapAsync(String id, Boolean updateLastModified) in C:\Users\bbqch\proj\microbians\piranha\core\Piranha\Services\Internal\SiteService.cs:line 434
   at Piranha.Services.PageService.SaveAsync[T](T model, Boolean isDraft) in C:\Users\bbqch\proj\microbians\piranha\core\Piranha\Services\Internal\PageService.cs:line 763
   at Piranha.Tests.Services.PostTests.InitializeAsync() in C:\Users\bbqch\proj\microbians\piranha\test\Piranha.Tests\Services\PostTests.cs:line 140
  Failed Piranha.Tests.Services.PostTests.GetAllBySlugMissing [1 ms]
  Error Message:
   System.NullReferenceException : Object reference not set to an instance of an object.
  Stack Trace:
     at Piranha.Repositories.SiteRepository.GetById(String id) in C:\Users\bbqch\proj\microbians\piranha\data\Piranha.Data.EF\Repositories\SiteRepository.cs:line 97
   at Piranha.Services.SiteService.GetByIdAsync(String id) in C:\Users\bbqch\proj\microbians\piranha\core\Piranha\Services\Internal\SiteService.cs:line 85
   at Piranha.Services.SiteService.InvalidateSitemapAsync(String id, Boolean updateLastModified) in C:\Users\bbqch\proj\microbians\piranha\core\Piranha\Services\Internal\SiteService.cs:line 434
   at Piranha.Services.PageService.SaveAsync[T](T model, Boolean isDraft) in C:\Users\bbqch\proj\microbians\piranha\core\Piranha\Services\Internal\PageService.cs:line 763
   at Piranha.Tests.Services.PostTests.InitializeAsync() in C:\Users\bbqch\proj\microbians\piranha\test\Piranha.Tests\Services\PostTests.cs:line 140
  Failed Piranha.Tests.Services.PostTests.GetGenericBySlug [1 ms]
  Error Message:
   System.NullReferenceException : Object reference not set to an instance of an object.
  Stack Trace:
     at Piranha.Repositories.SiteRepository.GetById(String id) in C:\Users\bbqch\proj\microbians\piranha\data\Piranha.Data.EF\Repositories\SiteRepository.cs:line 97
   at Piranha.Services.SiteService.GetByIdAsync(String id) in C:\Users\bbqch\proj\microbians\piranha\core\Piranha\Services\Internal\SiteService.cs:line 85
   at Piranha.Services.SiteService.InvalidateSitemapAsync(String id, Boolean updateLastModified) in C:\Users\bbqch\proj\microbians\piranha\core\Piranha\Services\Internal\SiteService.cs:line 434
   at Piranha.Services.PageService.SaveAsync[T](T model, Boolean isDraft) in C:\Users\bbqch\proj\microbians\piranha\core\Piranha\Services\Internal\PageService.cs:line 763
   at Piranha.Tests.Services.PostTests.InitializeAsync() in C:\Users\bbqch\proj\microbians\piranha\test\Piranha.Tests\Services\PostTests.cs:line 140
  Failed Piranha.Tests.Services.PostTests.GetAllNoneBySlug [1 ms]
  Error Message:
   System.NullReferenceException : Object reference not set to an instance of an object.
  Stack Trace:
     at Piranha.Repositories.SiteRepository.GetById(String id) in C:\Users\bbqch\proj\microbians\piranha\data\Piranha.Data.EF\Repositories\SiteRepository.cs:line 97
   at Piranha.Services.SiteService.GetByIdAsync(String id) in C:\Users\bbqch\proj\microbians\piranha\core\Piranha\Services\Internal\SiteService.cs:line 85
   at Piranha.Services.SiteService.InvalidateSitemapAsync(String id, Boolean updateLastModified) in C:\Users\bbqch\proj\microbians\piranha\core\Piranha\Services\Internal\SiteService.cs:line 434
   at Piranha.Services.PageService.SaveAsync[T](T model, Boolean isDraft) in C:\Users\bbqch\proj\microbians\piranha\core\Piranha\Services\Internal\PageService.cs:line 763
   at Piranha.Tests.Services.PostTests.InitializeAsync() in C:\Users\bbqch\proj\microbians\piranha\test\Piranha.Tests\Services\PostTests.cs:line 140
  Failed Piranha.Tests.Services.PostTests.GetBaseClassById [1 ms]
  Error Message:
   System.NullReferenceException : Object reference not set to an instance of an object.
  Stack Trace:
     at Piranha.Repositories.SiteRepository.GetById(String id) in C:\Users\bbqch\proj\microbians\piranha\data\Piranha.Data.EF\Repositories\SiteRepository.cs:line 97
   at Piranha.Services.SiteService.GetByIdAsync(String id) in C:\Users\bbqch\proj\microbians\piranha\core\Piranha\Services\Internal\SiteService.cs:line 85
   at Piranha.Services.SiteService.InvalidateSitemapAsync(String id, Boolean updateLastModified) in C:\Users\bbqch\proj\microbians\piranha\core\Piranha\Services\Internal\SiteService.cs:line 434
   at Piranha.Services.PageService.SaveAsync[T](T model, Boolean isDraft) in C:\Users\bbqch\proj\microbians\piranha\core\Piranha\Services\Internal\PageService.cs:line 763
   at Piranha.Tests.Services.PostTests.InitializeAsync() in C:\Users\bbqch\proj\microbians\piranha\test\Piranha.Tests\Services\PostTests.cs:line 140
  Failed Piranha.Tests.Services.PostTests.GetBaseClassCollectionPost [1 ms]
  Error Message:
   System.NullReferenceException : Object reference not set to an instance of an object.
  Stack Trace:
     at Piranha.Repositories.SiteRepository.GetById(String id) in C:\Users\bbqch\proj\microbians\piranha\data\Piranha.Data.EF\Repositories\SiteRepository.cs:line 97
   at Piranha.Services.SiteService.GetByIdAsync(String id) in C:\Users\bbqch\proj\microbians\piranha\core\Piranha\Services\Internal\SiteService.cs:line 85
   at Piranha.Services.SiteService.InvalidateSitemapAsync(String id, Boolean updateLastModified) in C:\Users\bbqch\proj\microbians\piranha\core\Piranha\Services\Internal\SiteService.cs:line 434
   at Piranha.Services.PageService.SaveAsync[T](T model, Boolean isDraft) in C:\Users\bbqch\proj\microbians\piranha\core\Piranha\Services\Internal\PageService.cs:line 763
   at Piranha.Tests.Services.PostTests.InitializeAsync() in C:\Users\bbqch\proj\microbians\piranha\test\Piranha.Tests\Services\PostTests.cs:line 140
  Failed Piranha.Tests.Services.PostTests.DeleteById [1 ms]
  Error Message:
   System.NullReferenceException : Object reference not set to an instance of an object.
  Stack Trace:
     at Piranha.Repositories.SiteRepository.GetById(String id) in C:\Users\bbqch\proj\microbians\piranha\data\Piranha.Data.EF\Repositories\SiteRepository.cs:line 97
   at Piranha.Services.SiteService.GetByIdAsync(String id) in C:\Users\bbqch\proj\microbians\piranha\core\Piranha\Services\Internal\SiteService.cs:line 85
   at Piranha.Services.SiteService.InvalidateSitemapAsync(String id, Boolean updateLastModified) in C:\Users\bbqch\proj\microbians\piranha\core\Piranha\Services\Internal\SiteService.cs:line 434
   at Piranha.Services.PageService.SaveAsync[T](T model, Boolean isDraft) in C:\Users\bbqch\proj\microbians\piranha\core\Piranha\Services\Internal\PageService.cs:line 763
   at Piranha.Tests.Services.PostTests.InitializeAsync() in C:\Users\bbqch\proj\microbians\piranha\test\Piranha.Tests\Services\PostTests.cs:line 140
  Failed Piranha.Tests.Services.PostTests.UpdateCollectionPost [1 ms]
  Error Message:
   System.NullReferenceException : Object reference not set to an instance of an object.
  Stack Trace:
     at Piranha.Repositories.SiteRepository.GetById(String id) in C:\Users\bbqch\proj\microbians\piranha\data\Piranha.Data.EF\Repositories\SiteRepository.cs:line 97
   at Piranha.Services.SiteService.GetByIdAsync(String id) in C:\Users\bbqch\proj\microbians\piranha\core\Piranha\Services\Internal\SiteService.cs:line 85
   at Piranha.Services.SiteService.InvalidateSitemapAsync(String id, Boolean updateLastModified) in C:\Users\bbqch\proj\microbians\piranha\core\Piranha\Services\Internal\SiteService.cs:line 434
   at Piranha.Services.PageService.SaveAsync[T](T model, Boolean isDraft) in C:\Users\bbqch\proj\microbians\piranha\core\Piranha\Services\Internal\PageService.cs:line 763
   at Piranha.Tests.Services.PostTests.InitializeAsync() in C:\Users\bbqch\proj\microbians\piranha\test\Piranha.Tests\Services\PostTests.cs:line 140
  Failed Piranha.Tests.Services.PostTests.GetAllBySlug [1 ms]
  Error Message:
   System.NullReferenceException : Object reference not set to an instance of an object.
  Stack Trace:
     at Piranha.Repositories.SiteRepository.GetById(String id) in C:\Users\bbqch\proj\microbians\piranha\data\Piranha.Data.EF\Repositories\SiteRepository.cs:line 97
   at Piranha.Services.SiteService.GetByIdAsync(String id) in C:\Users\bbqch\proj\microbians\piranha\core\Piranha\Services\Internal\SiteService.cs:line 85
   at Piranha.Services.SiteService.InvalidateSitemapAsync(String id, Boolean updateLastModified) in C:\Users\bbqch\proj\microbians\piranha\core\Piranha\Services\Internal\SiteService.cs:line 434
   at Piranha.Services.PageService.SaveAsync[T](T model, Boolean isDraft) in C:\Users\bbqch\proj\microbians\piranha\core\Piranha\Services\Internal\PageService.cs:line 763
   at Piranha.Tests.Services.PostTests.InitializeAsync() in C:\Users\bbqch\proj\microbians\piranha\test\Piranha.Tests\Services\PostTests.cs:line 140
  Failed Piranha.Tests.Services.PostTests.GetAllByIdMissing [1 ms]
  Error Message:
   System.NullReferenceException : Object reference not set to an instance of an object.
  Stack Trace:
     at Piranha.Repositories.SiteRepository.GetById(String id) in C:\Users\bbqch\proj\microbians\piranha\data\Piranha.Data.EF\Repositories\SiteRepository.cs:line 97
   at Piranha.Services.SiteService.GetByIdAsync(String id) in C:\Users\bbqch\proj\microbians\piranha\core\Piranha\Services\Internal\SiteService.cs:line 85
   at Piranha.Services.SiteService.InvalidateSitemapAsync(String id, Boolean updateLastModified) in C:\Users\bbqch\proj\microbians\piranha\core\Piranha\Services\Internal\SiteService.cs:line 434
   at Piranha.Services.PageService.SaveAsync[T](T model, Boolean isDraft) in C:\Users\bbqch\proj\microbians\piranha\core\Piranha\Services\Internal\PageService.cs:line 763
   at Piranha.Tests.Services.PostTests.InitializeAsync() in C:\Users\bbqch\proj\microbians\piranha\test\Piranha.Tests\Services\PostTests.cs:line 140
  Failed Piranha.Tests.Services.PostTests.GetNoneBySlugBlogId [1 ms]
  Error Message:
   System.NullReferenceException : Object reference not set to an instance of an object.
  Stack Trace:
     at Piranha.Repositories.SiteRepository.GetById(String id) in C:\Users\bbqch\proj\microbians\piranha\data\Piranha.Data.EF\Repositories\SiteRepository.cs:line 97
   at Piranha.Services.SiteService.GetByIdAsync(String id) in C:\Users\bbqch\proj\microbians\piranha\core\Piranha\Services\Internal\SiteService.cs:line 85
   at Piranha.Services.SiteService.InvalidateSitemapAsync(String id, Boolean updateLastModified) in C:\Users\bbqch\proj\microbians\piranha\core\Piranha\Services\Internal\SiteService.cs:line 434
   at Piranha.Services.PageService.SaveAsync[T](T model, Boolean isDraft) in C:\Users\bbqch\proj\microbians\piranha\core\Piranha\Services\Internal\PageService.cs:line 763
   at Piranha.Tests.Services.PostTests.InitializeAsync() in C:\Users\bbqch\proj\microbians\piranha\test\Piranha.Tests\Services\PostTests.cs:line 140
  Failed Piranha.Tests.Services.PostTests.GetDynamicCollectionPost [1 ms]
  Error Message:
   System.NullReferenceException : Object reference not set to an instance of an object.
  Stack Trace:
     at Piranha.Repositories.SiteRepository.GetById(String id) in C:\Users\bbqch\proj\microbians\piranha\data\Piranha.Data.EF\Repositories\SiteRepository.cs:line 97
   at Piranha.Services.SiteService.GetByIdAsync(String id) in C:\Users\bbqch\proj\microbians\piranha\core\Piranha\Services\Internal\SiteService.cs:line 85
   at Piranha.Services.SiteService.InvalidateSitemapAsync(String id, Boolean updateLastModified) in C:\Users\bbqch\proj\microbians\piranha\core\Piranha\Services\Internal\SiteService.cs:line 434
   at Piranha.Services.PageService.SaveAsync[T](T model, Boolean isDraft) in C:\Users\bbqch\proj\microbians\piranha\core\Piranha\Services\Internal\PageService.cs:line 763
   at Piranha.Tests.Services.PostTests.InitializeAsync() in C:\Users\bbqch\proj\microbians\piranha\test\Piranha.Tests\Services\PostTests.cs:line 140
  Failed Piranha.Tests.Services.SiteTestsMemoryCache.GetNoneById [1 ms]
  Error Message:
   System.ComponentModel.DataAnnotations.ValidationException : The InternalId field must be unique
  Stack Trace:
     at Piranha.Services.SiteService.SaveAsync(Site model) in C:\Users\bbqch\proj\microbians\piranha\core\Piranha\Services\Internal\SiteService.cs:line 333
   at Piranha.Tests.Services.SiteTests.InitializeAsync() in C:\Users\bbqch\proj\microbians\piranha\test\Piranha.Tests\Services\SiteTests.cs:line 79
   at Piranha.Tests.Services.SiteTestsMemoryCache.InitializeAsync() in C:\Users\bbqch\proj\microbians\piranha\test\Piranha.Tests\Services\SiteTests.cs:line 27
  Failed Piranha.Tests.Services.SiteTestsMemoryCache.GetNoneByInternalId [1 ms]
  Error Message:
   System.ComponentModel.DataAnnotations.ValidationException : The InternalId field must be unique
  Stack Trace:
     at Piranha.Services.SiteService.SaveAsync(Site model) in C:\Users\bbqch\proj\microbians\piranha\core\Piranha\Services\Internal\SiteService.cs:line 333
   at Piranha.Tests.Services.SiteTests.InitializeAsync() in C:\Users\bbqch\proj\microbians\piranha\test\Piranha.Tests\Services\SiteTests.cs:line 79
   at Piranha.Tests.Services.SiteTestsMemoryCache.InitializeAsync() in C:\Users\bbqch\proj\microbians\piranha\test\Piranha.Tests\Services\SiteTests.cs:line 27
  Failed Piranha.Tests.Services.SiteTestsMemoryCache.GetUnpublishedSitemapById [1 ms]
  Error Message:
   System.ComponentModel.DataAnnotations.ValidationException : The InternalId field must be unique
  Stack Trace:
     at Piranha.Services.SiteService.SaveAsync(Site model) in C:\Users\bbqch\proj\microbians\piranha\core\Piranha\Services\Internal\SiteService.cs:line 333
   at Piranha.Tests.Services.SiteTests.InitializeAsync() in C:\Users\bbqch\proj\microbians\piranha\test\Piranha.Tests\Services\SiteTests.cs:line 79
   at Piranha.Tests.Services.SiteTestsMemoryCache.InitializeAsync() in C:\Users\bbqch\proj\microbians\piranha\test\Piranha.Tests\Services\SiteTests.cs:line 27
  Failed Piranha.Tests.Services.SiteTestsMemoryCache.IsCached [1 ms]
  Error Message:
   System.ComponentModel.DataAnnotations.ValidationException : The InternalId field must be unique
  Stack Trace:
     at Piranha.Services.SiteService.SaveAsync(Site model) in C:\Users\bbqch\proj\microbians\piranha\core\Piranha\Services\Internal\SiteService.cs:line 333
   at Piranha.Tests.Services.SiteTests.InitializeAsync() in C:\Users\bbqch\proj\microbians\piranha\test\Piranha.Tests\Services\SiteTests.cs:line 79
   at Piranha.Tests.Services.SiteTestsMemoryCache.InitializeAsync() in C:\Users\bbqch\proj\microbians\piranha\test\Piranha.Tests\Services\SiteTests.cs:line 27
  Failed Piranha.Tests.Services.SiteTestsMemoryCache.GetByHostnameSecond [1 ms]
  Error Message:
   System.ComponentModel.DataAnnotations.ValidationException : The InternalId field must be unique
  Stack Trace:
     at Piranha.Services.SiteService.SaveAsync(Site model) in C:\Users\bbqch\proj\microbians\piranha\core\Piranha\Services\Internal\SiteService.cs:line 333
   at Piranha.Tests.Services.SiteTests.InitializeAsync() in C:\Users\bbqch\proj\microbians\piranha\test\Piranha.Tests\Services\SiteTests.cs:line 79
   at Piranha.Tests.Services.SiteTestsMemoryCache.InitializeAsync() in C:\Users\bbqch\proj\microbians\piranha\test\Piranha.Tests\Services\SiteTests.cs:line 27
  Failed Piranha.Tests.Services.SiteTestsMemoryCache.Update [1 ms]
  Error Message:
   System.ComponentModel.DataAnnotations.ValidationException : The InternalId field must be unique
  Stack Trace:
     at Piranha.Services.SiteService.SaveAsync(Site model) in C:\Users\bbqch\proj\microbians\piranha\core\Piranha\Services\Internal\SiteService.cs:line 333
   at Piranha.Tests.Services.SiteTests.InitializeAsync() in C:\Users\bbqch\proj\microbians\piranha\test\Piranha.Tests\Services\SiteTests.cs:line 79
   at Piranha.Tests.Services.SiteTestsMemoryCache.InitializeAsync() in C:\Users\bbqch\proj\microbians\piranha\test\Piranha.Tests\Services\SiteTests.cs:line 27
  Failed Piranha.Tests.Services.SiteTestsMemoryCache.GetDefault [1 ms]
  Error Message:
   System.ComponentModel.DataAnnotations.ValidationException : The InternalId field must be unique
  Stack Trace:
     at Piranha.Services.SiteService.SaveAsync(Site model) in C:\Users\bbqch\proj\microbians\piranha\core\Piranha\Services\Internal\SiteService.cs:line 333
   at Piranha.Tests.Services.SiteTests.InitializeAsync() in C:\Users\bbqch\proj\microbians\piranha\test\Piranha.Tests\Services\SiteTests.cs:line 79
   at Piranha.Tests.Services.SiteTestsMemoryCache.InitializeAsync() in C:\Users\bbqch\proj\microbians\piranha\test\Piranha.Tests\Services\SiteTests.cs:line 27
  Failed Piranha.Tests.Services.SiteTestsMemoryCache.UpdateDynamicSiteContent [1 ms]
  Error Message:
   System.ComponentModel.DataAnnotations.ValidationException : The InternalId field must be unique
  Stack Trace:
     at Piranha.Services.SiteService.SaveAsync(Site model) in C:\Users\bbqch\proj\microbians\piranha\core\Piranha\Services\Internal\SiteService.cs:line 333
   at Piranha.Tests.Services.SiteTests.InitializeAsync() in C:\Users\bbqch\proj\microbians\piranha\test\Piranha.Tests\Services\SiteTests.cs:line 79
   at Piranha.Tests.Services.SiteTestsMemoryCache.InitializeAsync() in C:\Users\bbqch\proj\microbians\piranha\test\Piranha.Tests\Services\SiteTests.cs:line 27
  Failed Piranha.Tests.Services.SiteTestsMemoryCache.GetByHostnameSubdomain [1 ms]
  Error Message:
   System.ComponentModel.DataAnnotations.ValidationException : The InternalId field must be unique
  Stack Trace:
     at Piranha.Services.SiteService.SaveAsync(Site model) in C:\Users\bbqch\proj\microbians\piranha\core\Piranha\Services\Internal\SiteService.cs:line 333
   at Piranha.Tests.Services.SiteTests.InitializeAsync() in C:\Users\bbqch\proj\microbians\piranha\test\Piranha.Tests\Services\SiteTests.cs:line 79
   at Piranha.Tests.Services.SiteTestsMemoryCache.InitializeAsync() in C:\Users\bbqch\proj\microbians\piranha\test\Piranha.Tests\Services\SiteTests.cs:line 27
  Failed Piranha.Tests.Services.SiteTestsMemoryCache.UpdateSiteContent [1 ms]
  Error Message:
   System.ComponentModel.DataAnnotations.ValidationException : The InternalId field must be unique
  Stack Trace:
     at Piranha.Services.SiteService.SaveAsync(Site model) in C:\Users\bbqch\proj\microbians\piranha\core\Piranha\Services\Internal\SiteService.cs:line 333
   at Piranha.Tests.Services.SiteTests.InitializeAsync() in C:\Users\bbqch\proj\microbians\piranha\test\Piranha.Tests\Services\SiteTests.cs:line 79
   at Piranha.Tests.Services.SiteTestsMemoryCache.InitializeAsync() in C:\Users\bbqch\proj\microbians\piranha\test\Piranha.Tests\Services\SiteTests.cs:line 27
  Failed Piranha.Tests.Services.SiteTestsMemoryCache.GetDynamicSiteContent [1 ms]
  Error Message:
   System.ComponentModel.DataAnnotations.ValidationException : The InternalId field must be unique
  Stack Trace:
     at Piranha.Services.SiteService.SaveAsync(Site model) in C:\Users\bbqch\proj\microbians\piranha\core\Piranha\Services\Internal\SiteService.cs:line 333
   at Piranha.Tests.Services.SiteTests.InitializeAsync() in C:\Users\bbqch\proj\microbians\piranha\test\Piranha.Tests\Services\SiteTests.cs:line 79
   at Piranha.Tests.Services.SiteTestsMemoryCache.InitializeAsync() in C:\Users\bbqch\proj\microbians\piranha\test\Piranha.Tests\Services\SiteTests.cs:line 27
  Failed Piranha.Tests.Services.SiteTestsMemoryCache.GetAll [1 ms]
  Error Message:
   System.ComponentModel.DataAnnotations.ValidationException : The InternalId field must be unique
  Stack Trace:
     at Piranha.Services.SiteService.SaveAsync(Site model) in C:\Users\bbqch\proj\microbians\piranha\core\Piranha\Services\Internal\SiteService.cs:line 333
   at Piranha.Tests.Services.SiteTests.InitializeAsync() in C:\Users\bbqch\proj\microbians\piranha\test\Piranha.Tests\Services\SiteTests.cs:line 79
   at Piranha.Tests.Services.SiteTestsMemoryCache.InitializeAsync() in C:\Users\bbqch\proj\microbians\piranha\test\Piranha.Tests\Services\SiteTests.cs:line 27
  Failed Piranha.Tests.Services.SiteTestsMemoryCache.GetByHostname [1 ms]
  Error Message:
   System.ComponentModel.DataAnnotations.ValidationException : The InternalId field must be unique
  Stack Trace:
     at Piranha.Services.SiteService.SaveAsync(Site model) in C:\Users\bbqch\proj\microbians\piranha\core\Piranha\Services\Internal\SiteService.cs:line 333
   at Piranha.Tests.Services.SiteTests.InitializeAsync() in C:\Users\bbqch\proj\microbians\piranha\test\Piranha.Tests\Services\SiteTests.cs:line 79
   at Piranha.Tests.Services.SiteTestsMemoryCache.InitializeAsync() in C:\Users\bbqch\proj\microbians\piranha\test\Piranha.Tests\Services\SiteTests.cs:line 27
  Failed Piranha.Tests.Services.SiteTestsMemoryCache.AddDuplicateKey [1 ms]
  Error Message:
   System.ComponentModel.DataAnnotations.ValidationException : The InternalId field must be unique
  Stack Trace:
     at Piranha.Services.SiteService.SaveAsync(Site model) in C:\Users\bbqch\proj\microbians\piranha\core\Piranha\Services\Internal\SiteService.cs:line 333
   at Piranha.Tests.Services.SiteTests.InitializeAsync() in C:\Users\bbqch\proj\microbians\piranha\test\Piranha.Tests\Services\SiteTests.cs:line 79
   at Piranha.Tests.Services.SiteTestsMemoryCache.InitializeAsync() in C:\Users\bbqch\proj\microbians\piranha\test\Piranha.Tests\Services\SiteTests.cs:line 27
  Failed Piranha.Tests.Services.SiteTestsMemoryCache.GetById [1 ms]
  Error Message:
   System.ComponentModel.DataAnnotations.ValidationException : The InternalId field must be unique
  Stack Trace:
     at Piranha.Services.SiteService.SaveAsync(Site model) in C:\Users\bbqch\proj\microbians\piranha\core\Piranha\Services\Internal\SiteService.cs:line 333
   at Piranha.Tests.Services.SiteTests.InitializeAsync() in C:\Users\bbqch\proj\microbians\piranha\test\Piranha.Tests\Services\SiteTests.cs:line 79
   at Piranha.Tests.Services.SiteTestsMemoryCache.InitializeAsync() in C:\Users\bbqch\proj\microbians\piranha\test\Piranha.Tests\Services\SiteTests.cs:line 27
  Failed Piranha.Tests.Services.SiteTestsMemoryCache.GetSitemap [1 ms]
  Error Message:
   System.ComponentModel.DataAnnotations.ValidationException : The InternalId field must be unique
  Stack Trace:
     at Piranha.Services.SiteService.SaveAsync(Site model) in C:\Users\bbqch\proj\microbians\piranha\core\Piranha\Services\Internal\SiteService.cs:line 333
   at Piranha.Tests.Services.SiteTests.InitializeAsync() in C:\Users\bbqch\proj\microbians\piranha\test\Piranha.Tests\Services\SiteTests.cs:line 79
   at Piranha.Tests.Services.SiteTestsMemoryCache.InitializeAsync() in C:\Users\bbqch\proj\microbians\piranha\test\Piranha.Tests\Services\SiteTests.cs:line 27
  Failed Piranha.Tests.Services.SiteTestsMemoryCache.CheckHiddenSitemapItems [1 ms]
  Error Message:
   System.ComponentModel.DataAnnotations.ValidationException : The InternalId field must be unique
  Stack Trace:
     at Piranha.Services.SiteService.SaveAsync(Site model) in C:\Users\bbqch\proj\microbians\piranha\core\Piranha\Services\Internal\SiteService.cs:line 333
   at Piranha.Tests.Services.SiteTests.InitializeAsync() in C:\Users\bbqch\proj\microbians\piranha\test\Piranha.Tests\Services\SiteTests.cs:line 79
   at Piranha.Tests.Services.SiteTestsMemoryCache.InitializeAsync() in C:\Users\bbqch\proj\microbians\piranha\test\Piranha.Tests\Services\SiteTests.cs:line 27
  Failed Piranha.Tests.Services.SiteTestsMemoryCache.GetSitemapById [1 ms]
  Error Message:
   System.ComponentModel.DataAnnotations.ValidationException : The InternalId field must be unique
  Stack Trace:
     at Piranha.Services.SiteService.SaveAsync(Site model) in C:\Users\bbqch\proj\microbians\piranha\core\Piranha\Services\Internal\SiteService.cs:line 333
   at Piranha.Tests.Services.SiteTests.InitializeAsync() in C:\Users\bbqch\proj\microbians\piranha\test\Piranha.Tests\Services\SiteTests.cs:line 79
   at Piranha.Tests.Services.SiteTestsMemoryCache.InitializeAsync() in C:\Users\bbqch\proj\microbians\piranha\test\Piranha.Tests\Services\SiteTests.cs:line 27
  Failed Piranha.Tests.Services.SiteTestsMemoryCache.Delete [1 ms]
  Error Message:
   System.ComponentModel.DataAnnotations.ValidationException : The InternalId field must be unique
  Stack Trace:
     at Piranha.Services.SiteService.SaveAsync(Site model) in C:\Users\bbqch\proj\microbians\piranha\core\Piranha\Services\Internal\SiteService.cs:line 333
   at Piranha.Tests.Services.SiteTests.InitializeAsync() in C:\Users\bbqch\proj\microbians\piranha\test\Piranha.Tests\Services\SiteTests.cs:line 79
   at Piranha.Tests.Services.SiteTestsMemoryCache.InitializeAsync() in C:\Users\bbqch\proj\microbians\piranha\test\Piranha.Tests\Services\SiteTests.cs:line 27
  Failed Piranha.Tests.Services.SiteTestsMemoryCache.GetByHostnameSubdomainSecond [1 ms]
  Error Message:
   System.ComponentModel.DataAnnotations.ValidationException : The InternalId field must be unique
  Stack Trace:
     at Piranha.Services.SiteService.SaveAsync(Site model) in C:\Users\bbqch\proj\microbians\piranha\core\Piranha\Services\Internal\SiteService.cs:line 333
   at Piranha.Tests.Services.SiteTests.InitializeAsync() in C:\Users\bbqch\proj\microbians\piranha\test\Piranha.Tests\Services\SiteTests.cs:line 79
   at Piranha.Tests.Services.SiteTestsMemoryCache.InitializeAsync() in C:\Users\bbqch\proj\microbians\piranha\test\Piranha.Tests\Services\SiteTests.cs:line 27
  Failed Piranha.Tests.Services.SiteTestsMemoryCache.CheckPermlinkSyntax [1 ms]
  Error Message:
   System.ComponentModel.DataAnnotations.ValidationException : The InternalId field must be unique
  Stack Trace:
     at Piranha.Services.SiteService.SaveAsync(Site model) in C:\Users\bbqch\proj\microbians\piranha\core\Piranha\Services\Internal\SiteService.cs:line 333
   at Piranha.Tests.Services.SiteTests.InitializeAsync() in C:\Users\bbqch\proj\microbians\piranha\test\Piranha.Tests\Services\SiteTests.cs:line 79
   at Piranha.Tests.Services.SiteTestsMemoryCache.InitializeAsync() in C:\Users\bbqch\proj\microbians\piranha\test\Piranha.Tests\Services\SiteTests.cs:line 27
  Failed Piranha.Tests.Services.SiteTestsMemoryCache.DeleteById [1 ms]
  Error Message:
   System.ComponentModel.DataAnnotations.ValidationException : The InternalId field must be unique
  Stack Trace:
     at Piranha.Services.SiteService.SaveAsync(Site model) in C:\Users\bbqch\proj\microbians\piranha\core\Piranha\Services\Internal\SiteService.cs:line 333
   at Piranha.Tests.Services.SiteTests.InitializeAsync() in C:\Users\bbqch\proj\microbians\piranha\test\Piranha.Tests\Services\SiteTests.cs:line 79
   at Piranha.Tests.Services.SiteTestsMemoryCache.InitializeAsync() in C:\Users\bbqch\proj\microbians\piranha\test\Piranha.Tests\Services\SiteTests.cs:line 27
  Failed Piranha.Tests.Services.SiteTestsMemoryCache.Add [1 ms]
  Error Message:
   System.ComponentModel.DataAnnotations.ValidationException : The InternalId field must be unique
  Stack Trace:
     at Piranha.Services.SiteService.SaveAsync(Site model) in C:\Users\bbqch\proj\microbians\piranha\core\Piranha\Services\Internal\SiteService.cs:line 333
   at Piranha.Tests.Services.SiteTests.InitializeAsync() in C:\Users\bbqch\proj\microbians\piranha\test\Piranha.Tests\Services\SiteTests.cs:line 79
   at Piranha.Tests.Services.SiteTestsMemoryCache.InitializeAsync() in C:\Users\bbqch\proj\microbians\piranha\test\Piranha.Tests\Services\SiteTests.cs:line 27
  Failed Piranha.Tests.Services.SiteTestsMemoryCache.GetByInternalId [1 ms]
  Error Message:
   System.ComponentModel.DataAnnotations.ValidationException : The InternalId field must be unique
  Stack Trace:
     at Piranha.Services.SiteService.SaveAsync(Site model) in C:\Users\bbqch\proj\microbians\piranha\core\Piranha\Services\Internal\SiteService.cs:line 333
   at Piranha.Tests.Services.SiteTests.InitializeAsync() in C:\Users\bbqch\proj\microbians\piranha\test\Piranha.Tests\Services\SiteTests.cs:line 79
   at Piranha.Tests.Services.SiteTestsMemoryCache.InitializeAsync() in C:\Users\bbqch\proj\microbians\piranha\test\Piranha.Tests\Services\SiteTests.cs:line 27
  Failed Piranha.Tests.Services.SiteTestsMemoryCache.GetUnpublishedSitemap [1 ms]
  Error Message:
   System.ComponentModel.DataAnnotations.ValidationException : The InternalId field must be unique
  Stack Trace:
     at Piranha.Services.SiteService.SaveAsync(Site model) in C:\Users\bbqch\proj\microbians\piranha\core\Piranha\Services\Internal\SiteService.cs:line 333
   at Piranha.Tests.Services.SiteTests.InitializeAsync() in C:\Users\bbqch\proj\microbians\piranha\test\Piranha.Tests\Services\SiteTests.cs:line 79
   at Piranha.Tests.Services.SiteTestsMemoryCache.InitializeAsync() in C:\Users\bbqch\proj\microbians\piranha\test\Piranha.Tests\Services\SiteTests.cs:line 27
  Failed Piranha.Tests.Services.SiteTestsMemoryCache.CantRemoveDefault [1 ms]
  Error Message:
   System.ComponentModel.DataAnnotations.ValidationException : The InternalId field must be unique
  Stack Trace:
     at Piranha.Services.SiteService.SaveAsync(Site model) in C:\Users\bbqch\proj\microbians\piranha\core\Piranha\Services\Internal\SiteService.cs:line 333
   at Piranha.Tests.Services.SiteTests.InitializeAsync() in C:\Users\bbqch\proj\microbians\piranha\test\Piranha.Tests\Services\SiteTests.cs:line 79
   at Piranha.Tests.Services.SiteTestsMemoryCache.InitializeAsync() in C:\Users\bbqch\proj\microbians\piranha\test\Piranha.Tests\Services\SiteTests.cs:line 27
  Failed Piranha.Tests.Services.SiteTestsMemoryCache.GetSiteContent [1 ms]
  Error Message:
   System.ComponentModel.DataAnnotations.ValidationException : The InternalId field must be unique
  Stack Trace:
     at Piranha.Services.SiteService.SaveAsync(Site model) in C:\Users\bbqch\proj\microbians\piranha\core\Piranha\Services\Internal\SiteService.cs:line 333
   at Piranha.Tests.Services.SiteTests.InitializeAsync() in C:\Users\bbqch\proj\microbians\piranha\test\Piranha.Tests\Services\SiteTests.cs:line 79
   at Piranha.Tests.Services.SiteTestsMemoryCache.InitializeAsync() in C:\Users\bbqch\proj\microbians\piranha\test\Piranha.Tests\Services\SiteTests.cs:line 27
  Failed Piranha.Tests.Services.SiteTestsMemoryCache.AddAndGenerateInternalId [1 ms]
  Error Message:
   System.ComponentModel.DataAnnotations.ValidationException : The InternalId field must be unique
  Stack Trace:
     at Piranha.Services.SiteService.SaveAsync(Site model) in C:\Users\bbqch\proj\microbians\piranha\core\Piranha\Services\Internal\SiteService.cs:line 333
   at Piranha.Tests.Services.SiteTests.InitializeAsync() in C:\Users\bbqch\proj\microbians\piranha\test\Piranha.Tests\Services\SiteTests.cs:line 79
   at Piranha.Tests.Services.SiteTestsMemoryCache.InitializeAsync() in C:\Users\bbqch\proj\microbians\piranha\test\Piranha.Tests\Services\SiteTests.cs:line 27
  Failed Piranha.Tests.Services.SiteTestsMemoryCache.GetByHostnameMissing [1 ms]
  Error Message:
   System.ComponentModel.DataAnnotations.ValidationException : The InternalId field must be unique
  Stack Trace:
     at Piranha.Services.SiteService.SaveAsync(Site model) in C:\Users\bbqch\proj\microbians\piranha\core\Piranha\Services\Internal\SiteService.cs:line 333
   at Piranha.Tests.Services.SiteTests.InitializeAsync() in C:\Users\bbqch\proj\microbians\piranha\test\Piranha.Tests\Services\SiteTests.cs:line 79
   at Piranha.Tests.Services.SiteTestsMemoryCache.InitializeAsync() in C:\Users\bbqch\proj\microbians\piranha\test\Piranha.Tests\Services\SiteTests.cs:line 27
  Failed Piranha.Tests.Services.SiteTestsMemoryCache.ChangeDefaultSite [1 ms]
  Error Message:
   System.ComponentModel.DataAnnotations.ValidationException : The InternalId field must be unique
  Stack Trace:
     at Piranha.Services.SiteService.SaveAsync(Site model) in C:\Users\bbqch\proj\microbians\piranha\core\Piranha\Services\Internal\SiteService.cs:line 333
   at Piranha.Tests.Services.SiteTests.InitializeAsync() in C:\Users\bbqch\proj\microbians\piranha\test\Piranha.Tests\Services\SiteTests.cs:line 79
   at Piranha.Tests.Services.SiteTestsMemoryCache.InitializeAsync() in C:\Users\bbqch\proj\microbians\piranha\test\Piranha.Tests\Services\SiteTests.cs:line 27
  Failed Piranha.Tests.Services.SiteTestsMemoryCache.GetByHostnameSuffix [1 ms]
  Error Message:
   System.ComponentModel.DataAnnotations.ValidationException : The InternalId field must be unique
  Stack Trace:
     at Piranha.Services.SiteService.SaveAsync(Site model) in C:\Users\bbqch\proj\microbians\piranha\core\Piranha\Services\Internal\SiteService.cs:line 333
   at Piranha.Tests.Services.SiteTests.InitializeAsync() in C:\Users\bbqch\proj\microbians\piranha\test\Piranha.Tests\Services\SiteTests.cs:line 79
   at Piranha.Tests.Services.SiteTestsMemoryCache.InitializeAsync() in C:\Users\bbqch\proj\microbians\piranha\test\Piranha.Tests\Services\SiteTests.cs:line 27
  Failed Piranha.Tests.Services.SiteTestsMemoryCache.AddEmptyFailure [1 ms]
  Error Message:
   System.ComponentModel.DataAnnotations.ValidationException : The InternalId field must be unique
  Stack Trace:
     at Piranha.Services.SiteService.SaveAsync(Site model) in C:\Users\bbqch\proj\microbians\piranha\core\Piranha\Services\Internal\SiteService.cs:line 333
   at Piranha.Tests.Services.SiteTests.InitializeAsync() in C:\Users\bbqch\proj\microbians\piranha\test\Piranha.Tests\Services\SiteTests.cs:line 79
   at Piranha.Tests.Services.SiteTestsMemoryCache.InitializeAsync() in C:\Users\bbqch\proj\microbians\piranha\test\Piranha.Tests\Services\SiteTests.cs:line 27
  Failed Piranha.Tests.Services.SiteTestsDistributedCache.IsCached [1 ms]
  Error Message:
   System.ComponentModel.DataAnnotations.ValidationException : The InternalId field must be unique
  Stack Trace:
     at Piranha.Services.SiteService.SaveAsync(Site model) in C:\Users\bbqch\proj\microbians\piranha\core\Piranha\Services\Internal\SiteService.cs:line 333
   at Piranha.Tests.Services.SiteTests.InitializeAsync() in C:\Users\bbqch\proj\microbians\piranha\test\Piranha.Tests\Services\SiteTests.cs:line 79
   at Piranha.Tests.Services.SiteTestsDistributedCache.InitializeAsync() in C:\Users\bbqch\proj\microbians\piranha\test\Piranha.Tests\Services\SiteTests.cs:line 37
  Failed Piranha.Tests.Services.SiteTestsDistributedCache.GetSitemap [1 ms]
  Error Message:
   System.ComponentModel.DataAnnotations.ValidationException : The InternalId field must be unique
  Stack Trace:
     at Piranha.Services.SiteService.SaveAsync(Site model) in C:\Users\bbqch\proj\microbians\piranha\core\Piranha\Services\Internal\SiteService.cs:line 333
   at Piranha.Tests.Services.SiteTests.InitializeAsync() in C:\Users\bbqch\proj\microbians\piranha\test\Piranha.Tests\Services\SiteTests.cs:line 79
   at Piranha.Tests.Services.SiteTestsDistributedCache.InitializeAsync() in C:\Users\bbqch\proj\microbians\piranha\test\Piranha.Tests\Services\SiteTests.cs:line 37
  Failed Piranha.Tests.Services.SiteTestsDistributedCache.GetSitemapById [1 ms]
  Error Message:
   System.ComponentModel.DataAnnotations.ValidationException : The InternalId field must be unique
  Stack Trace:
     at Piranha.Services.SiteService.SaveAsync(Site model) in C:\Users\bbqch\proj\microbians\piranha\core\Piranha\Services\Internal\SiteService.cs:line 333
   at Piranha.Tests.Services.SiteTests.InitializeAsync() in C:\Users\bbqch\proj\microbians\piranha\test\Piranha.Tests\Services\SiteTests.cs:line 79
   at Piranha.Tests.Services.SiteTestsDistributedCache.InitializeAsync() in C:\Users\bbqch\proj\microbians\piranha\test\Piranha.Tests\Services\SiteTests.cs:line 37
  Failed Piranha.Tests.Services.SiteTestsDistributedCache.DeleteById [1 ms]
  Error Message:
   System.ComponentModel.DataAnnotations.ValidationException : The InternalId field must be unique
  Stack Trace:
     at Piranha.Services.SiteService.SaveAsync(Site model) in C:\Users\bbqch\proj\microbians\piranha\core\Piranha\Services\Internal\SiteService.cs:line 333
   at Piranha.Tests.Services.SiteTests.InitializeAsync() in C:\Users\bbqch\proj\microbians\piranha\test\Piranha.Tests\Services\SiteTests.cs:line 79
   at Piranha.Tests.Services.SiteTestsDistributedCache.InitializeAsync() in C:\Users\bbqch\proj\microbians\piranha\test\Piranha.Tests\Services\SiteTests.cs:line 37
  Failed Piranha.Tests.Services.SiteTestsDistributedCache.ChangeDefaultSite [1 ms]
  Error Message:
   System.ComponentModel.DataAnnotations.ValidationException : The InternalId field must be unique
  Stack Trace:
     at Piranha.Services.SiteService.SaveAsync(Site model) in C:\Users\bbqch\proj\microbians\piranha\core\Piranha\Services\Internal\SiteService.cs:line 333
   at Piranha.Tests.Services.SiteTests.InitializeAsync() in C:\Users\bbqch\proj\microbians\piranha\test\Piranha.Tests\Services\SiteTests.cs:line 79
   at Piranha.Tests.Services.SiteTestsDistributedCache.InitializeAsync() in C:\Users\bbqch\proj\microbians\piranha\test\Piranha.Tests\Services\SiteTests.cs:line 37
  Failed Piranha.Tests.Services.SiteTestsDistributedCache.CheckHiddenSitemapItems [1 ms]
  Error Message:
   System.ComponentModel.DataAnnotations.ValidationException : The InternalId field must be unique
  Stack Trace:
     at Piranha.Services.SiteService.SaveAsync(Site model) in C:\Users\bbqch\proj\microbians\piranha\core\Piranha\Services\Internal\SiteService.cs:line 333
   at Piranha.Tests.Services.SiteTests.InitializeAsync() in C:\Users\bbqch\proj\microbians\piranha\test\Piranha.Tests\Services\SiteTests.cs:line 79
   at Piranha.Tests.Services.SiteTestsDistributedCache.InitializeAsync() in C:\Users\bbqch\proj\microbians\piranha\test\Piranha.Tests\Services\SiteTests.cs:line 37
  Failed Piranha.Tests.Services.SiteTestsDistributedCache.GetByInternalId [1 ms]
  Error Message:
   System.ComponentModel.DataAnnotations.ValidationException : The InternalId field must be unique
  Stack Trace:
     at Piranha.Services.SiteService.SaveAsync(Site model) in C:\Users\bbqch\proj\microbians\piranha\core\Piranha\Services\Internal\SiteService.cs:line 333
   at Piranha.Tests.Services.SiteTests.InitializeAsync() in C:\Users\bbqch\proj\microbians\piranha\test\Piranha.Tests\Services\SiteTests.cs:line 79
   at Piranha.Tests.Services.SiteTestsDistributedCache.InitializeAsync() in C:\Users\bbqch\proj\microbians\piranha\test\Piranha.Tests\Services\SiteTests.cs:line 37
  Failed Piranha.Tests.Services.SiteTestsDistributedCache.GetNoneByInternalId [1 ms]
  Error Message:
   System.ComponentModel.DataAnnotations.ValidationException : The InternalId field must be unique
  Stack Trace:
     at Piranha.Services.SiteService.SaveAsync(Site model) in C:\Users\bbqch\proj\microbians\piranha\core\Piranha\Services\Internal\SiteService.cs:line 333
   at Piranha.Tests.Services.SiteTests.InitializeAsync() in C:\Users\bbqch\proj\microbians\piranha\test\Piranha.Tests\Services\SiteTests.cs:line 79
   at Piranha.Tests.Services.SiteTestsDistributedCache.InitializeAsync() in C:\Users\bbqch\proj\microbians\piranha\test\Piranha.Tests\Services\SiteTests.cs:line 37
  Failed Piranha.Tests.Services.SiteTestsDistributedCache.AddDuplicateKey [1 ms]
  Error Message:
   System.ComponentModel.DataAnnotations.ValidationException : The InternalId field must be unique
  Stack Trace:
     at Piranha.Services.SiteService.SaveAsync(Site model) in C:\Users\bbqch\proj\microbians\piranha\core\Piranha\Services\Internal\SiteService.cs:line 333
   at Piranha.Tests.Services.SiteTests.InitializeAsync() in C:\Users\bbqch\proj\microbians\piranha\test\Piranha.Tests\Services\SiteTests.cs:line 79
   at Piranha.Tests.Services.SiteTestsDistributedCache.InitializeAsync() in C:\Users\bbqch\proj\microbians\piranha\test\Piranha.Tests\Services\SiteTests.cs:line 37
  Failed Piranha.Tests.Services.SiteTestsDistributedCache.GetByHostnameSubdomain [1 ms]
  Error Message:
   System.ComponentModel.DataAnnotations.ValidationException : The InternalId field must be unique
  Stack Trace:
     at Piranha.Services.SiteService.SaveAsync(Site model) in C:\Users\bbqch\proj\microbians\piranha\core\Piranha\Services\Internal\SiteService.cs:line 333
   at Piranha.Tests.Services.SiteTests.InitializeAsync() in C:\Users\bbqch\proj\microbians\piranha\test\Piranha.Tests\Services\SiteTests.cs:line 79
   at Piranha.Tests.Services.SiteTestsDistributedCache.InitializeAsync() in C:\Users\bbqch\proj\microbians\piranha\test\Piranha.Tests\Services\SiteTests.cs:line 37
  Failed Piranha.Tests.Services.SiteTestsDistributedCache.GetNoneById [1 ms]
  Error Message:
   System.ComponentModel.DataAnnotations.ValidationException : The InternalId field must be unique
  Stack Trace:
     at Piranha.Services.SiteService.SaveAsync(Site model) in C:\Users\bbqch\proj\microbians\piranha\core\Piranha\Services\Internal\SiteService.cs:line 333
   at Piranha.Tests.Services.SiteTests.InitializeAsync() in C:\Users\bbqch\proj\microbians\piranha\test\Piranha.Tests\Services\SiteTests.cs:line 79
   at Piranha.Tests.Services.SiteTestsDistributedCache.InitializeAsync() in C:\Users\bbqch\proj\microbians\piranha\test\Piranha.Tests\Services\SiteTests.cs:line 37
  Failed Piranha.Tests.Services.SiteTestsDistributedCache.GetByHostname [1 ms]
  Error Message:
   System.ComponentModel.DataAnnotations.ValidationException : The InternalId field must be unique
  Stack Trace:
     at Piranha.Services.SiteService.SaveAsync(Site model) in C:\Users\bbqch\proj\microbians\piranha\core\Piranha\Services\Internal\SiteService.cs:line 333
   at Piranha.Tests.Services.SiteTests.InitializeAsync() in C:\Users\bbqch\proj\microbians\piranha\test\Piranha.Tests\Services\SiteTests.cs:line 79
   at Piranha.Tests.Services.SiteTestsDistributedCache.InitializeAsync() in C:\Users\bbqch\proj\microbians\piranha\test\Piranha.Tests\Services\SiteTests.cs:line 37
  Failed Piranha.Tests.Services.SiteTestsDistributedCache.Delete [1 ms]
  Error Message:
   System.ComponentModel.DataAnnotations.ValidationException : The InternalId field must be unique
  Stack Trace:
     at Piranha.Services.SiteService.SaveAsync(Site model) in C:\Users\bbqch\proj\microbians\piranha\core\Piranha\Services\Internal\SiteService.cs:line 333
   at Piranha.Tests.Services.SiteTests.InitializeAsync() in C:\Users\bbqch\proj\microbians\piranha\test\Piranha.Tests\Services\SiteTests.cs:line 79
   at Piranha.Tests.Services.SiteTestsDistributedCache.InitializeAsync() in C:\Users\bbqch\proj\microbians\piranha\test\Piranha.Tests\Services\SiteTests.cs:line 37
  Failed Piranha.Tests.Services.SiteTestsDistributedCache.GetByHostnameSecond [1 ms]
  Error Message:
   System.ComponentModel.DataAnnotations.ValidationException : The InternalId field must be unique
  Stack Trace:
     at Piranha.Services.SiteService.SaveAsync(Site model) in C:\Users\bbqch\proj\microbians\piranha\core\Piranha\Services\Internal\SiteService.cs:line 333
   at Piranha.Tests.Services.SiteTests.InitializeAsync() in C:\Users\bbqch\proj\microbians\piranha\test\Piranha.Tests\Services\SiteTests.cs:line 79
   at Piranha.Tests.Services.SiteTestsDistributedCache.InitializeAsync() in C:\Users\bbqch\proj\microbians\piranha\test\Piranha.Tests\Services\SiteTests.cs:line 37
  Failed Piranha.Tests.Services.SiteTestsDistributedCache.CheckPermlinkSyntax [1 ms]
  Error Message:
   System.ComponentModel.DataAnnotations.ValidationException : The InternalId field must be unique
  Stack Trace:
     at Piranha.Services.SiteService.SaveAsync(Site model) in C:\Users\bbqch\proj\microbians\piranha\core\Piranha\Services\Internal\SiteService.cs:line 333
   at Piranha.Tests.Services.SiteTests.InitializeAsync() in C:\Users\bbqch\proj\microbians\piranha\test\Piranha.Tests\Services\SiteTests.cs:line 79
   at Piranha.Tests.Services.SiteTestsDistributedCache.InitializeAsync() in C:\Users\bbqch\proj\microbians\piranha\test\Piranha.Tests\Services\SiteTests.cs:line 37
  Failed Piranha.Tests.Services.SiteTestsDistributedCache.CantRemoveDefault [1 ms]
  Error Message:
   System.ComponentModel.DataAnnotations.ValidationException : The InternalId field must be unique
  Stack Trace:
     at Piranha.Services.SiteService.SaveAsync(Site model) in C:\Users\bbqch\proj\microbians\piranha\core\Piranha\Services\Internal\SiteService.cs:line 333
   at Piranha.Tests.Services.SiteTests.InitializeAsync() in C:\Users\bbqch\proj\microbians\piranha\test\Piranha.Tests\Services\SiteTests.cs:line 79
   at Piranha.Tests.Services.SiteTestsDistributedCache.InitializeAsync() in C:\Users\bbqch\proj\microbians\piranha\test\Piranha.Tests\Services\SiteTests.cs:line 37
  Failed Piranha.Tests.Services.SiteTestsDistributedCache.GetDynamicSiteContent [1 ms]
  Error Message:
   System.ComponentModel.DataAnnotations.ValidationException : The InternalId field must be unique
  Stack Trace:
     at Piranha.Services.SiteService.SaveAsync(Site model) in C:\Users\bbqch\proj\microbians\piranha\core\Piranha\Services\Internal\SiteService.cs:line 333
   at Piranha.Tests.Services.SiteTests.InitializeAsync() in C:\Users\bbqch\proj\microbians\piranha\test\Piranha.Tests\Services\SiteTests.cs:line 79
   at Piranha.Tests.Services.SiteTestsDistributedCache.InitializeAsync() in C:\Users\bbqch\proj\microbians\piranha\test\Piranha.Tests\Services\SiteTests.cs:line 37
  Failed Piranha.Tests.Services.SiteTestsDistributedCache.GetByHostnameSuffix [1 ms]
  Error Message:
   System.ComponentModel.DataAnnotations.ValidationException : The InternalId field must be unique
  Stack Trace:
     at Piranha.Services.SiteService.SaveAsync(Site model) in C:\Users\bbqch\proj\microbians\piranha\core\Piranha\Services\Internal\SiteService.cs:line 333
   at Piranha.Tests.Services.SiteTests.InitializeAsync() in C:\Users\bbqch\proj\microbians\piranha\test\Piranha.Tests\Services\SiteTests.cs:line 79
   at Piranha.Tests.Services.SiteTestsDistributedCache.InitializeAsync() in C:\Users\bbqch\proj\microbians\piranha\test\Piranha.Tests\Services\SiteTests.cs:line 37
  Failed Piranha.Tests.Services.SiteTestsDistributedCache.GetUnpublishedSitemapById [1 ms]
  Error Message:
   System.ComponentModel.DataAnnotations.ValidationException : The InternalId field must be unique
  Stack Trace:
     at Piranha.Services.SiteService.SaveAsync(Site model) in C:\Users\bbqch\proj\microbians\piranha\core\Piranha\Services\Internal\SiteService.cs:line 333
   at Piranha.Tests.Services.SiteTests.InitializeAsync() in C:\Users\bbqch\proj\microbians\piranha\test\Piranha.Tests\Services\SiteTests.cs:line 79
   at Piranha.Tests.Services.SiteTestsDistributedCache.InitializeAsync() in C:\Users\bbqch\proj\microbians\piranha\test\Piranha.Tests\Services\SiteTests.cs:line 37
  Failed Piranha.Tests.Services.SiteTestsDistributedCache.GetByHostnameMissing [1 ms]
  Error Message:
   System.ComponentModel.DataAnnotations.ValidationException : The InternalId field must be unique
  Stack Trace:
     at Piranha.Services.SiteService.SaveAsync(Site model) in C:\Users\bbqch\proj\microbians\piranha\core\Piranha\Services\Internal\SiteService.cs:line 333
   at Piranha.Tests.Services.SiteTests.InitializeAsync() in C:\Users\bbqch\proj\microbians\piranha\test\Piranha.Tests\Services\SiteTests.cs:line 79
   at Piranha.Tests.Services.SiteTestsDistributedCache.InitializeAsync() in C:\Users\bbqch\proj\microbians\piranha\test\Piranha.Tests\Services\SiteTests.cs:line 37
  Failed Piranha.Tests.Services.SiteTestsDistributedCache.AddEmptyFailure [1 ms]
  Error Message:
   System.ComponentModel.DataAnnotations.ValidationException : The InternalId field must be unique
  Stack Trace:
     at Piranha.Services.SiteService.SaveAsync(Site model) in C:\Users\bbqch\proj\microbians\piranha\core\Piranha\Services\Internal\SiteService.cs:line 333
   at Piranha.Tests.Services.SiteTests.InitializeAsync() in C:\Users\bbqch\proj\microbians\piranha\test\Piranha.Tests\Services\SiteTests.cs:line 79
   at Piranha.Tests.Services.SiteTestsDistributedCache.InitializeAsync() in C:\Users\bbqch\proj\microbians\piranha\test\Piranha.Tests\Services\SiteTests.cs:line 37
  Failed Piranha.Tests.Services.SiteTestsDistributedCache.UpdateDynamicSiteContent [1 ms]
  Error Message:
   System.ComponentModel.DataAnnotations.ValidationException : The InternalId field must be unique
  Stack Trace:
     at Piranha.Services.SiteService.SaveAsync(Site model) in C:\Users\bbqch\proj\microbians\piranha\core\Piranha\Services\Internal\SiteService.cs:line 333
   at Piranha.Tests.Services.SiteTests.InitializeAsync() in C:\Users\bbqch\proj\microbians\piranha\test\Piranha.Tests\Services\SiteTests.cs:line 79
   at Piranha.Tests.Services.SiteTestsDistributedCache.InitializeAsync() in C:\Users\bbqch\proj\microbians\piranha\test\Piranha.Tests\Services\SiteTests.cs:line 37
  Failed Piranha.Tests.Services.SiteTestsDistributedCache.Add [1 ms]
  Error Message:
   System.ComponentModel.DataAnnotations.ValidationException : The InternalId field must be unique
  Stack Trace:
     at Piranha.Services.SiteService.SaveAsync(Site model) in C:\Users\bbqch\proj\microbians\piranha\core\Piranha\Services\Internal\SiteService.cs:line 333
   at Piranha.Tests.Services.SiteTests.InitializeAsync() in C:\Users\bbqch\proj\microbians\piranha\test\Piranha.Tests\Services\SiteTests.cs:line 79
   at Piranha.Tests.Services.SiteTestsDistributedCache.InitializeAsync() in C:\Users\bbqch\proj\microbians\piranha\test\Piranha.Tests\Services\SiteTests.cs:line 37
  Failed Piranha.Tests.Services.SiteTestsDistributedCache.GetSiteContent [1 ms]
  Error Message:
   System.ComponentModel.DataAnnotations.ValidationException : The InternalId field must be unique
  Stack Trace:
     at Piranha.Services.SiteService.SaveAsync(Site model) in C:\Users\bbqch\proj\microbians\piranha\core\Piranha\Services\Internal\SiteService.cs:line 333
   at Piranha.Tests.Services.SiteTests.InitializeAsync() in C:\Users\bbqch\proj\microbians\piranha\test\Piranha.Tests\Services\SiteTests.cs:line 79
   at Piranha.Tests.Services.SiteTestsDistributedCache.InitializeAsync() in C:\Users\bbqch\proj\microbians\piranha\test\Piranha.Tests\Services\SiteTests.cs:line 37
  Failed Piranha.Tests.Services.SiteTestsDistributedCache.GetAll [1 ms]
  Error Message:
   System.ComponentModel.DataAnnotations.ValidationException : The InternalId field must be unique
  Stack Trace:
     at Piranha.Services.SiteService.SaveAsync(Site model) in C:\Users\bbqch\proj\microbians\piranha\core\Piranha\Services\Internal\SiteService.cs:line 333
   at Piranha.Tests.Services.SiteTests.InitializeAsync() in C:\Users\bbqch\proj\microbians\piranha\test\Piranha.Tests\Services\SiteTests.cs:line 79
   at Piranha.Tests.Services.SiteTestsDistributedCache.InitializeAsync() in C:\Users\bbqch\proj\microbians\piranha\test\Piranha.Tests\Services\SiteTests.cs:line 37
  Failed Piranha.Tests.Services.SiteTestsDistributedCache.GetById [1 ms]
  Error Message:
   System.ComponentModel.DataAnnotations.ValidationException : The InternalId field must be unique
  Stack Trace:
     at Piranha.Services.SiteService.SaveAsync(Site model) in C:\Users\bbqch\proj\microbians\piranha\core\Piranha\Services\Internal\SiteService.cs:line 333
   at Piranha.Tests.Services.SiteTests.InitializeAsync() in C:\Users\bbqch\proj\microbians\piranha\test\Piranha.Tests\Services\SiteTests.cs:line 79
   at Piranha.Tests.Services.SiteTestsDistributedCache.InitializeAsync() in C:\Users\bbqch\proj\microbians\piranha\test\Piranha.Tests\Services\SiteTests.cs:line 37
  Failed Piranha.Tests.Services.SiteTestsDistributedCache.GetDefault [1 ms]
  Error Message:
   System.ComponentModel.DataAnnotations.ValidationException : The InternalId field must be unique
  Stack Trace:
     at Piranha.Services.SiteService.SaveAsync(Site model) in C:\Users\bbqch\proj\microbians\piranha\core\Piranha\Services\Internal\SiteService.cs:line 333
   at Piranha.Tests.Services.SiteTests.InitializeAsync() in C:\Users\bbqch\proj\microbians\piranha\test\Piranha.Tests\Services\SiteTests.cs:line 79
   at Piranha.Tests.Services.SiteTestsDistributedCache.InitializeAsync() in C:\Users\bbqch\proj\microbians\piranha\test\Piranha.Tests\Services\SiteTests.cs:line 37
  Failed Piranha.Tests.Services.SiteTestsDistributedCache.UpdateSiteContent [1 ms]
  Error Message:
   System.ComponentModel.DataAnnotations.ValidationException : The InternalId field must be unique
  Stack Trace:
     at Piranha.Services.SiteService.SaveAsync(Site model) in C:\Users\bbqch\proj\microbians\piranha\core\Piranha\Services\Internal\SiteService.cs:line 333
   at Piranha.Tests.Services.SiteTests.InitializeAsync() in C:\Users\bbqch\proj\microbians\piranha\test\Piranha.Tests\Services\SiteTests.cs:line 79
   at Piranha.Tests.Services.SiteTestsDistributedCache.InitializeAsync() in C:\Users\bbqch\proj\microbians\piranha\test\Piranha.Tests\Services\SiteTests.cs:line 37
  Failed Piranha.Tests.Services.SiteTestsDistributedCache.Update [1 ms]
  Error Message:
   System.ComponentModel.DataAnnotations.ValidationException : The InternalId field must be unique
  Stack Trace:
     at Piranha.Services.SiteService.SaveAsync(Site model) in C:\Users\bbqch\proj\microbians\piranha\core\Piranha\Services\Internal\SiteService.cs:line 333
   at Piranha.Tests.Services.SiteTests.InitializeAsync() in C:\Users\bbqch\proj\microbians\piranha\test\Piranha.Tests\Services\SiteTests.cs:line 79
   at Piranha.Tests.Services.SiteTestsDistributedCache.InitializeAsync() in C:\Users\bbqch\proj\microbians\piranha\test\Piranha.Tests\Services\SiteTests.cs:line 37
  Failed Piranha.Tests.Services.SiteTestsDistributedCache.GetByHostnameSubdomainSecond [1 ms]
  Error Message:
   System.ComponentModel.DataAnnotations.ValidationException : The InternalId field must be unique
  Stack Trace:
     at Piranha.Services.SiteService.SaveAsync(Site model) in C:\Users\bbqch\proj\microbians\piranha\core\Piranha\Services\Internal\SiteService.cs:line 333
   at Piranha.Tests.Services.SiteTests.InitializeAsync() in C:\Users\bbqch\proj\microbians\piranha\test\Piranha.Tests\Services\SiteTests.cs:line 79
   at Piranha.Tests.Services.SiteTestsDistributedCache.InitializeAsync() in C:\Users\bbqch\proj\microbians\piranha\test\Piranha.Tests\Services\SiteTests.cs:line 37
  Failed Piranha.Tests.Services.SiteTestsDistributedCache.AddAndGenerateInternalId [1 ms]
  Error Message:
   System.ComponentModel.DataAnnotations.ValidationException : The InternalId field must be unique
  Stack Trace:
     at Piranha.Services.SiteService.SaveAsync(Site model) in C:\Users\bbqch\proj\microbians\piranha\core\Piranha\Services\Internal\SiteService.cs:line 333
   at Piranha.Tests.Services.SiteTests.InitializeAsync() in C:\Users\bbqch\proj\microbians\piranha\test\Piranha.Tests\Services\SiteTests.cs:line 79
   at Piranha.Tests.Services.SiteTestsDistributedCache.InitializeAsync() in C:\Users\bbqch\proj\microbians\piranha\test\Piranha.Tests\Services\SiteTests.cs:line 37
  Failed Piranha.Tests.Services.SiteTestsDistributedCache.GetUnpublishedSitemap [1 ms]
  Error Message:
   System.ComponentModel.DataAnnotations.ValidationException : The InternalId field must be unique
  Stack Trace:
     at Piranha.Services.SiteService.SaveAsync(Site model) in C:\Users\bbqch\proj\microbians\piranha\core\Piranha\Services\Internal\SiteService.cs:line 333
   at Piranha.Tests.Services.SiteTests.InitializeAsync() in C:\Users\bbqch\proj\microbians\piranha\test\Piranha.Tests\Services\SiteTests.cs:line 79
   at Piranha.Tests.Services.SiteTestsDistributedCache.InitializeAsync() in C:\Users\bbqch\proj\microbians\piranha\test\Piranha.Tests\Services\SiteTests.cs:line 37
  Failed Piranha.Tests.Services.SiteTests.GetByHostname [1 ms]
  Error Message:
   System.ComponentModel.DataAnnotations.ValidationException : The InternalId field must be unique
  Stack Trace:
     at Piranha.Services.SiteService.SaveAsync(Site model) in C:\Users\bbqch\proj\microbians\piranha\core\Piranha\Services\Internal\SiteService.cs:line 333
   at Piranha.Tests.Services.SiteTests.InitializeAsync() in C:\Users\bbqch\proj\microbians\piranha\test\Piranha.Tests\Services\SiteTests.cs:line 79
  Failed Piranha.Tests.Services.SiteTests.GetAll [1 ms]
  Error Message:
   System.ComponentModel.DataAnnotations.ValidationException : The InternalId field must be unique
  Stack Trace:
     at Piranha.Services.SiteService.SaveAsync(Site model) in C:\Users\bbqch\proj\microbians\piranha\core\Piranha\Services\Internal\SiteService.cs:line 333
   at Piranha.Tests.Services.SiteTests.InitializeAsync() in C:\Users\bbqch\proj\microbians\piranha\test\Piranha.Tests\Services\SiteTests.cs:line 79
  Failed Piranha.Tests.Services.SiteTests.GetDynamicSiteContent [1 ms]
  Error Message:
   System.ComponentModel.DataAnnotations.ValidationException : The InternalId field must be unique
  Stack Trace:
     at Piranha.Services.SiteService.SaveAsync(Site model) in C:\Users\bbqch\proj\microbians\piranha\core\Piranha\Services\Internal\SiteService.cs:line 333
   at Piranha.Tests.Services.SiteTests.InitializeAsync() in C:\Users\bbqch\proj\microbians\piranha\test\Piranha.Tests\Services\SiteTests.cs:line 79
  Failed Piranha.Tests.Services.SiteTests.GetDefault [1 ms]
  Error Message:
   System.ComponentModel.DataAnnotations.ValidationException : The InternalId field must be unique
  Stack Trace:
     at Piranha.Services.SiteService.SaveAsync(Site model) in C:\Users\bbqch\proj\microbians\piranha\core\Piranha\Services\Internal\SiteService.cs:line 333
   at Piranha.Tests.Services.SiteTests.InitializeAsync() in C:\Users\bbqch\proj\microbians\piranha\test\Piranha.Tests\Services\SiteTests.cs:line 79
  Failed Piranha.Tests.Services.SiteTests.GetByInternalId [1 ms]
  Error Message:
   System.ComponentModel.DataAnnotations.ValidationException : The InternalId field must be unique
  Stack Trace:
     at Piranha.Services.SiteService.SaveAsync(Site model) in C:\Users\bbqch\proj\microbians\piranha\core\Piranha\Services\Internal\SiteService.cs:line 333
   at Piranha.Tests.Services.SiteTests.InitializeAsync() in C:\Users\bbqch\proj\microbians\piranha\test\Piranha.Tests\Services\SiteTests.cs:line 79
  Failed Piranha.Tests.Services.SiteTests.UpdateDynamicSiteContent [1 ms]
  Error Message:
   System.ComponentModel.DataAnnotations.ValidationException : The InternalId field must be unique
  Stack Trace:
     at Piranha.Services.SiteService.SaveAsync(Site model) in C:\Users\bbqch\proj\microbians\piranha\core\Piranha\Services\Internal\SiteService.cs:line 333
   at Piranha.Tests.Services.SiteTests.InitializeAsync() in C:\Users\bbqch\proj\microbians\piranha\test\Piranha.Tests\Services\SiteTests.cs:line 79
  Failed Piranha.Tests.Services.SiteTests.CheckPermlinkSyntax [1 ms]
  Error Message:
   System.ComponentModel.DataAnnotations.ValidationException : The InternalId field must be unique
  Stack Trace:
     at Piranha.Services.SiteService.SaveAsync(Site model) in C:\Users\bbqch\proj\microbians\piranha\core\Piranha\Services\Internal\SiteService.cs:line 333
   at Piranha.Tests.Services.SiteTests.InitializeAsync() in C:\Users\bbqch\proj\microbians\piranha\test\Piranha.Tests\Services\SiteTests.cs:line 79
  Failed Piranha.Tests.Services.SiteTests.AddDuplicateKey [1 ms]
  Error Message:
   System.ComponentModel.DataAnnotations.ValidationException : The InternalId field must be unique
  Stack Trace:
     at Piranha.Services.SiteService.SaveAsync(Site model) in C:\Users\bbqch\proj\microbians\piranha\core\Piranha\Services\Internal\SiteService.cs:line 333
   at Piranha.Tests.Services.SiteTests.InitializeAsync() in C:\Users\bbqch\proj\microbians\piranha\test\Piranha.Tests\Services\SiteTests.cs:line 79
  Failed Piranha.Tests.Services.SiteTests.Add [1 ms]
  Error Message:
   System.ComponentModel.DataAnnotations.ValidationException : The InternalId field must be unique
  Stack Trace:
     at Piranha.Services.SiteService.SaveAsync(Site model) in C:\Users\bbqch\proj\microbians\piranha\core\Piranha\Services\Internal\SiteService.cs:line 333
   at Piranha.Tests.Services.SiteTests.InitializeAsync() in C:\Users\bbqch\proj\microbians\piranha\test\Piranha.Tests\Services\SiteTests.cs:line 79
  Failed Piranha.Tests.Services.SiteTests.GetNoneByInternalId [1 ms]
  Error Message:
   System.ComponentModel.DataAnnotations.ValidationException : The InternalId field must be unique
  Stack Trace:
     at Piranha.Services.SiteService.SaveAsync(Site model) in C:\Users\bbqch\proj\microbians\piranha\core\Piranha\Services\Internal\SiteService.cs:line 333
   at Piranha.Tests.Services.SiteTests.InitializeAsync() in C:\Users\bbqch\proj\microbians\piranha\test\Piranha.Tests\Services\SiteTests.cs:line 79
  Failed Piranha.Tests.Services.SiteTests.AddAndGenerateInternalId [1 ms]
  Error Message:
   System.ComponentModel.DataAnnotations.ValidationException : The InternalId field must be unique
  Stack Trace:
     at Piranha.Services.SiteService.SaveAsync(Site model) in C:\Users\bbqch\proj\microbians\piranha\core\Piranha\Services\Internal\SiteService.cs:line 333
   at Piranha.Tests.Services.SiteTests.InitializeAsync() in C:\Users\bbqch\proj\microbians\piranha\test\Piranha.Tests\Services\SiteTests.cs:line 79
  Failed Piranha.Tests.Services.SiteTests.ChangeDefaultSite [1 ms]
  Error Message:
   System.ComponentModel.DataAnnotations.ValidationException : The InternalId field must be unique
  Stack Trace:
     at Piranha.Services.SiteService.SaveAsync(Site model) in C:\Users\bbqch\proj\microbians\piranha\core\Piranha\Services\Internal\SiteService.cs:line 333
   at Piranha.Tests.Services.SiteTests.InitializeAsync() in C:\Users\bbqch\proj\microbians\piranha\test\Piranha.Tests\Services\SiteTests.cs:line 79
  Failed Piranha.Tests.Services.SiteTests.GetUnpublishedSitemap [1 ms]
  Error Message:
   System.ComponentModel.DataAnnotations.ValidationException : The InternalId field must be unique
  Stack Trace:
     at Piranha.Services.SiteService.SaveAsync(Site model) in C:\Users\bbqch\proj\microbians\piranha\core\Piranha\Services\Internal\SiteService.cs:line 333
   at Piranha.Tests.Services.SiteTests.InitializeAsync() in C:\Users\bbqch\proj\microbians\piranha\test\Piranha.Tests\Services\SiteTests.cs:line 79
  Failed Piranha.Tests.Services.SiteTests.GetByHostnameMissing [1 ms]
  Error Message:
   System.ComponentModel.DataAnnotations.ValidationException : The InternalId field must be unique
  Stack Trace:
     at Piranha.Services.SiteService.SaveAsync(Site model) in C:\Users\bbqch\proj\microbians\piranha\core\Piranha\Services\Internal\SiteService.cs:line 333
   at Piranha.Tests.Services.SiteTests.InitializeAsync() in C:\Users\bbqch\proj\microbians\piranha\test\Piranha.Tests\Services\SiteTests.cs:line 79
  Failed Piranha.Tests.Services.SiteTests.GetSitemapById [1 ms]
  Error Message:
   System.ComponentModel.DataAnnotations.ValidationException : The InternalId field must be unique
  Stack Trace:
     at Piranha.Services.SiteService.SaveAsync(Site model) in C:\Users\bbqch\proj\microbians\piranha\core\Piranha\Services\Internal\SiteService.cs:line 333
   at Piranha.Tests.Services.SiteTests.InitializeAsync() in C:\Users\bbqch\proj\microbians\piranha\test\Piranha.Tests\Services\SiteTests.cs:line 79
  Failed Piranha.Tests.Services.SiteTests.IsCached [1 ms]
  Error Message:
   System.ComponentModel.DataAnnotations.ValidationException : The InternalId field must be unique
  Stack Trace:
     at Piranha.Services.SiteService.SaveAsync(Site model) in C:\Users\bbqch\proj\microbians\piranha\core\Piranha\Services\Internal\SiteService.cs:line 333
   at Piranha.Tests.Services.SiteTests.InitializeAsync() in C:\Users\bbqch\proj\microbians\piranha\test\Piranha.Tests\Services\SiteTests.cs:line 79
  Failed Piranha.Tests.Services.SiteTests.Update [1 ms]
  Error Message:
   System.ComponentModel.DataAnnotations.ValidationException : The InternalId field must be unique
  Stack Trace:
     at Piranha.Services.SiteService.SaveAsync(Site model) in C:\Users\bbqch\proj\microbians\piranha\core\Piranha\Services\Internal\SiteService.cs:line 333
   at Piranha.Tests.Services.SiteTests.InitializeAsync() in C:\Users\bbqch\proj\microbians\piranha\test\Piranha.Tests\Services\SiteTests.cs:line 79
  Failed Piranha.Tests.Services.SiteTests.GetByHostnameSubdomain [1 ms]
  Error Message:
   System.ComponentModel.DataAnnotations.ValidationException : The InternalId field must be unique
  Stack Trace:
     at Piranha.Services.SiteService.SaveAsync(Site model) in C:\Users\bbqch\proj\microbians\piranha\core\Piranha\Services\Internal\SiteService.cs:line 333
   at Piranha.Tests.Services.SiteTests.InitializeAsync() in C:\Users\bbqch\proj\microbians\piranha\test\Piranha.Tests\Services\SiteTests.cs:line 79
  Failed Piranha.Tests.Services.SiteTests.GetByHostnameSubdomainSecond [1 ms]
  Error Message:
   System.ComponentModel.DataAnnotations.ValidationException : The InternalId field must be unique
  Stack Trace:
     at Piranha.Services.SiteService.SaveAsync(Site model) in C:\Users\bbqch\proj\microbians\piranha\core\Piranha\Services\Internal\SiteService.cs:line 333
   at Piranha.Tests.Services.SiteTests.InitializeAsync() in C:\Users\bbqch\proj\microbians\piranha\test\Piranha.Tests\Services\SiteTests.cs:line 79
  Failed Piranha.Tests.Services.SiteTests.CantRemoveDefault [1 ms]
  Error Message:
   System.ComponentModel.DataAnnotations.ValidationException : The InternalId field must be unique
  Stack Trace:
     at Piranha.Services.SiteService.SaveAsync(Site model) in C:\Users\bbqch\proj\microbians\piranha\core\Piranha\Services\Internal\SiteService.cs:line 333
   at Piranha.Tests.Services.SiteTests.InitializeAsync() in C:\Users\bbqch\proj\microbians\piranha\test\Piranha.Tests\Services\SiteTests.cs:line 79
  Failed Piranha.Tests.Services.SiteTests.CheckHiddenSitemapItems [1 ms]
  Error Message:
   System.ComponentModel.DataAnnotations.ValidationException : The InternalId field must be unique
  Stack Trace:
     at Piranha.Services.SiteService.SaveAsync(Site model) in C:\Users\bbqch\proj\microbians\piranha\core\Piranha\Services\Internal\SiteService.cs:line 333
   at Piranha.Tests.Services.SiteTests.InitializeAsync() in C:\Users\bbqch\proj\microbians\piranha\test\Piranha.Tests\Services\SiteTests.cs:line 79
  Failed Piranha.Tests.Services.SiteTests.GetByHostnameSecond [1 ms]
  Error Message:
   System.ComponentModel.DataAnnotations.ValidationException : The InternalId field must be unique
  Stack Trace:
     at Piranha.Services.SiteService.SaveAsync(Site model) in C:\Users\bbqch\proj\microbians\piranha\core\Piranha\Services\Internal\SiteService.cs:line 333
   at Piranha.Tests.Services.SiteTests.InitializeAsync() in C:\Users\bbqch\proj\microbians\piranha\test\Piranha.Tests\Services\SiteTests.cs:line 79
  Failed Piranha.Tests.Services.SiteTests.UpdateSiteContent [1 ms]
  Error Message:
   System.ComponentModel.DataAnnotations.ValidationException : The InternalId field must be unique
  Stack Trace:
     at Piranha.Services.SiteService.SaveAsync(Site model) in C:\Users\bbqch\proj\microbians\piranha\core\Piranha\Services\Internal\SiteService.cs:line 333
   at Piranha.Tests.Services.SiteTests.InitializeAsync() in C:\Users\bbqch\proj\microbians\piranha\test\Piranha.Tests\Services\SiteTests.cs:line 79
  Failed Piranha.Tests.Services.SiteTests.DeleteById [1 ms]
  Error Message:
   System.ComponentModel.DataAnnotations.ValidationException : The InternalId field must be unique
  Stack Trace:
     at Piranha.Services.SiteService.SaveAsync(Site model) in C:\Users\bbqch\proj\microbians\piranha\core\Piranha\Services\Internal\SiteService.cs:line 333
   at Piranha.Tests.Services.SiteTests.InitializeAsync() in C:\Users\bbqch\proj\microbians\piranha\test\Piranha.Tests\Services\SiteTests.cs:line 79
  Failed Piranha.Tests.Services.SiteTests.GetSitemap [1 ms]
  Error Message:
   System.ComponentModel.DataAnnotations.ValidationException : The InternalId field must be unique
  Stack Trace:
     at Piranha.Services.SiteService.SaveAsync(Site model) in C:\Users\bbqch\proj\microbians\piranha\core\Piranha\Services\Internal\SiteService.cs:line 333
   at Piranha.Tests.Services.SiteTests.InitializeAsync() in C:\Users\bbqch\proj\microbians\piranha\test\Piranha.Tests\Services\SiteTests.cs:line 79
  Failed Piranha.Tests.Services.SiteTests.AddEmptyFailure [1 ms]
  Error Message:
   System.ComponentModel.DataAnnotations.ValidationException : The InternalId field must be unique
  Stack Trace:
     at Piranha.Services.SiteService.SaveAsync(Site model) in C:\Users\bbqch\proj\microbians\piranha\core\Piranha\Services\Internal\SiteService.cs:line 333
   at Piranha.Tests.Services.SiteTests.InitializeAsync() in C:\Users\bbqch\proj\microbians\piranha\test\Piranha.Tests\Services\SiteTests.cs:line 79
  Failed Piranha.Tests.Services.SiteTests.GetUnpublishedSitemapById [1 ms]
  Error Message:
   System.ComponentModel.DataAnnotations.ValidationException : The InternalId field must be unique
  Stack Trace:
     at Piranha.Services.SiteService.SaveAsync(Site model) in C:\Users\bbqch\proj\microbians\piranha\core\Piranha\Services\Internal\SiteService.cs:line 333
   at Piranha.Tests.Services.SiteTests.InitializeAsync() in C:\Users\bbqch\proj\microbians\piranha\test\Piranha.Tests\Services\SiteTests.cs:line 79
  Failed Piranha.Tests.Services.SiteTests.GetNoneById [1 ms]
  Error Message:
   System.ComponentModel.DataAnnotations.ValidationException : The InternalId field must be unique
  Stack Trace:
     at Piranha.Services.SiteService.SaveAsync(Site model) in C:\Users\bbqch\proj\microbians\piranha\core\Piranha\Services\Internal\SiteService.cs:line 333
   at Piranha.Tests.Services.SiteTests.InitializeAsync() in C:\Users\bbqch\proj\microbians\piranha\test\Piranha.Tests\Services\SiteTests.cs:line 79
  Failed Piranha.Tests.Services.SiteTests.GetSiteContent [1 ms]
  Error Message:
   System.ComponentModel.DataAnnotations.ValidationException : The InternalId field must be unique
  Stack Trace:
     at Piranha.Services.SiteService.SaveAsync(Site model) in C:\Users\bbqch\proj\microbians\piranha\core\Piranha\Services\Internal\SiteService.cs:line 333
   at Piranha.Tests.Services.SiteTests.InitializeAsync() in C:\Users\bbqch\proj\microbians\piranha\test\Piranha.Tests\Services\SiteTests.cs:line 79
  Failed Piranha.Tests.Services.SiteTests.GetByHostnameSuffix [1 ms]
  Error Message:
   System.ComponentModel.DataAnnotations.ValidationException : The InternalId field must be unique
  Stack Trace:
     at Piranha.Services.SiteService.SaveAsync(Site model) in C:\Users\bbqch\proj\microbians\piranha\core\Piranha\Services\Internal\SiteService.cs:line 333
   at Piranha.Tests.Services.SiteTests.InitializeAsync() in C:\Users\bbqch\proj\microbians\piranha\test\Piranha.Tests\Services\SiteTests.cs:line 79
  Failed Piranha.Tests.Services.SiteTests.GetById [1 ms]
  Error Message:
   System.ComponentModel.DataAnnotations.ValidationException : The InternalId field must be unique
  Stack Trace:
     at Piranha.Services.SiteService.SaveAsync(Site model) in C:\Users\bbqch\proj\microbians\piranha\core\Piranha\Services\Internal\SiteService.cs:line 333
   at Piranha.Tests.Services.SiteTests.InitializeAsync() in C:\Users\bbqch\proj\microbians\piranha\test\Piranha.Tests\Services\SiteTests.cs:line 79
  Failed Piranha.Tests.Services.SiteTests.Delete [1 ms]
  Error Message:
   System.ComponentModel.DataAnnotations.ValidationException : The InternalId field must be unique
  Stack Trace:
     at Piranha.Services.SiteService.SaveAsync(Site model) in C:\Users\bbqch\proj\microbians\piranha\core\Piranha\Services\Internal\SiteService.cs:line 333
   at Piranha.Tests.Services.SiteTests.InitializeAsync() in C:\Users\bbqch\proj\microbians\piranha\test\Piranha.Tests\Services\SiteTests.cs:line 79
  Failed Piranha.Tests.Hooks.AliasHookTests.OnBeforeSave [1 ms]
  Error Message:
   System.NotSupportedException : Could not understand expression: from 'Aliases'.Where(a => ((a.SiteId == value(Piranha.Repositories.AliasRepository+<>c__DisplayClass4_0).siteId) AndAlso (a.AliasUrl.ToLower() == value(Piranha.Repositories.AliasRepository+<>c__DisplayClass4_0).url.ToLower()))).Select(a => new Alias() {Id = a.Id, SiteId = a.SiteId, AliasUrl = a.AliasUrl, RedirectUrl = a.RedirectUrl, Type = a.Type, Created = a.Created, LastModified = a.LastModified})
---- System.NotSupportedException : Cannot understand how to translate method 'ToLower' of 'System.String' type. a.AliasUrl.ToLower()
  Stack Trace:
     at Raven.Client.Documents.Linq.RavenQueryProviderProcessor`1.GetAsyncDocumentQueryFor(Expression expression, Action`1 customization)
   at Raven.Client.Documents.Linq.RavenQueryProvider`1.ToAsyncDocumentQuery[TResult](Expression expression)
   at Raven.Client.Documents.LinqExtensions.FirstOrDefaultAsync[TSource](IQueryable`1 source, CancellationToken token)
   at Piranha.Repositories.AliasRepository.GetByAliasUrl(String url, String siteId) in C:\Users\bbqch\proj\microbians\piranha\data\Piranha.Data.EF\Repositories\AliasRepository.cs:line 83
   at Piranha.Services.AliasService.SaveAsync(Alias model) in C:\Users\bbqch\proj\microbians\piranha\core\Piranha\Services\Internal\AliasService.cs:line 180
   at Piranha.Tests.Hooks.AliasHookTests.InitializeAsync() in C:\Users\bbqch\proj\microbians\piranha\test\Piranha.Tests\Hooks\AliasHookTests.cs:line 46
----- Inner Stack Trace -----
   at Raven.Client.Documents.Linq.LinqPathProvider.GetPath(Expression expression, Boolean isFilterActive)
   at Raven.Client.Documents.Linq.RavenQueryProviderProcessor`1.GetMemberDirect(Expression expression)
   at Raven.Client.Documents.Linq.RavenQueryProviderProcessor`1.VisitEquals(BinaryExpression expression)
   at Raven.Client.Documents.Linq.RavenQueryProviderProcessor`1.VisitBinaryExpression(BinaryExpression expression)
   at Raven.Client.Documents.Linq.RavenQueryProviderProcessor`1.VisitAndAlso(BinaryExpression andAlso)
   at Raven.Client.Documents.Linq.RavenQueryProviderProcessor`1.VisitBinaryExpression(BinaryExpression expression)
   at Raven.Client.Documents.Linq.RavenQueryProviderProcessor`1.VisitQueryableMethodCall(MethodCallExpression expression)
   at Raven.Client.Documents.Linq.RavenQueryProviderProcessor`1.VisitMethodCall(MethodCallExpression expression)
   at Raven.Client.Documents.Linq.RavenQueryProviderProcessor`1.VisitQueryableMethodCall(MethodCallExpression expression)
   at Raven.Client.Documents.Linq.RavenQueryProviderProcessor`1.VisitMethodCall(MethodCallExpression expression)
   at Raven.Client.Documents.Linq.RavenQueryProviderProcessor`1.GetAsyncDocumentQueryFor(Expression expression, Action`1 customization)
  Failed Piranha.Tests.Hooks.AliasHookTests.OnLoad [1 ms]
  Error Message:
   System.NotSupportedException : Could not understand expression: from 'Aliases'.Where(a => ((a.SiteId == value(Piranha.Repositories.AliasRepository+<>c__DisplayClass4_0).siteId) AndAlso (a.AliasUrl.ToLower() == value(Piranha.Repositories.AliasRepository+<>c__DisplayClass4_0).url.ToLower()))).Select(a => new Alias() {Id = a.Id, SiteId = a.SiteId, AliasUrl = a.AliasUrl, RedirectUrl = a.RedirectUrl, Type = a.Type, Created = a.Created, LastModified = a.LastModified})
---- System.NotSupportedException : Cannot understand how to translate method 'ToLower' of 'System.String' type. a.AliasUrl.ToLower()
  Stack Trace:
     at Raven.Client.Documents.Linq.RavenQueryProviderProcessor`1.GetAsyncDocumentQueryFor(Expression expression, Action`1 customization)
   at Raven.Client.Documents.Linq.RavenQueryProvider`1.ToAsyncDocumentQuery[TResult](Expression expression)
   at Raven.Client.Documents.LinqExtensions.FirstOrDefaultAsync[TSource](IQueryable`1 source, CancellationToken token)
   at Piranha.Repositories.AliasRepository.GetByAliasUrl(String url, String siteId) in C:\Users\bbqch\proj\microbians\piranha\data\Piranha.Data.EF\Repositories\AliasRepository.cs:line 83
   at Piranha.Services.AliasService.SaveAsync(Alias model) in C:\Users\bbqch\proj\microbians\piranha\core\Piranha\Services\Internal\AliasService.cs:line 180
   at Piranha.Tests.Hooks.AliasHookTests.InitializeAsync() in C:\Users\bbqch\proj\microbians\piranha\test\Piranha.Tests\Hooks\AliasHookTests.cs:line 46
----- Inner Stack Trace -----
   at Raven.Client.Documents.Linq.LinqPathProvider.GetPath(Expression expression, Boolean isFilterActive)
   at Raven.Client.Documents.Linq.RavenQueryProviderProcessor`1.GetMemberDirect(Expression expression)
   at Raven.Client.Documents.Linq.RavenQueryProviderProcessor`1.VisitEquals(BinaryExpression expression)
   at Raven.Client.Documents.Linq.RavenQueryProviderProcessor`1.VisitBinaryExpression(BinaryExpression expression)
   at Raven.Client.Documents.Linq.RavenQueryProviderProcessor`1.VisitAndAlso(BinaryExpression andAlso)
   at Raven.Client.Documents.Linq.RavenQueryProviderProcessor`1.VisitBinaryExpression(BinaryExpression expression)
   at Raven.Client.Documents.Linq.RavenQueryProviderProcessor`1.VisitQueryableMethodCall(MethodCallExpression expression)
   at Raven.Client.Documents.Linq.RavenQueryProviderProcessor`1.VisitMethodCall(MethodCallExpression expression)
   at Raven.Client.Documents.Linq.RavenQueryProviderProcessor`1.VisitQueryableMethodCall(MethodCallExpression expression)
   at Raven.Client.Documents.Linq.RavenQueryProviderProcessor`1.VisitMethodCall(MethodCallExpression expression)
   at Raven.Client.Documents.Linq.RavenQueryProviderProcessor`1.GetAsyncDocumentQueryFor(Expression expression, Action`1 customization)
  Failed Piranha.Tests.Hooks.AliasHookTests.OnAfterDelete [1 ms]
  Error Message:
   System.NotSupportedException : Could not understand expression: from 'Aliases'.Where(a => ((a.SiteId == value(Piranha.Repositories.AliasRepository+<>c__DisplayClass4_0).siteId) AndAlso (a.AliasUrl.ToLower() == value(Piranha.Repositories.AliasRepository+<>c__DisplayClass4_0).url.ToLower()))).Select(a => new Alias() {Id = a.Id, SiteId = a.SiteId, AliasUrl = a.AliasUrl, RedirectUrl = a.RedirectUrl, Type = a.Type, Created = a.Created, LastModified = a.LastModified})
---- System.NotSupportedException : Cannot understand how to translate method 'ToLower' of 'System.String' type. a.AliasUrl.ToLower()
  Stack Trace:
     at Raven.Client.Documents.Linq.RavenQueryProviderProcessor`1.GetAsyncDocumentQueryFor(Expression expression, Action`1 customization)
   at Raven.Client.Documents.Linq.RavenQueryProvider`1.ToAsyncDocumentQuery[TResult](Expression expression)
   at Raven.Client.Documents.LinqExtensions.FirstOrDefaultAsync[TSource](IQueryable`1 source, CancellationToken token)
   at Piranha.Repositories.AliasRepository.GetByAliasUrl(String url, String siteId) in C:\Users\bbqch\proj\microbians\piranha\data\Piranha.Data.EF\Repositories\AliasRepository.cs:line 83
   at Piranha.Services.AliasService.SaveAsync(Alias model) in C:\Users\bbqch\proj\microbians\piranha\core\Piranha\Services\Internal\AliasService.cs:line 180
   at Piranha.Tests.Hooks.AliasHookTests.InitializeAsync() in C:\Users\bbqch\proj\microbians\piranha\test\Piranha.Tests\Hooks\AliasHookTests.cs:line 46
----- Inner Stack Trace -----
   at Raven.Client.Documents.Linq.LinqPathProvider.GetPath(Expression expression, Boolean isFilterActive)
   at Raven.Client.Documents.Linq.RavenQueryProviderProcessor`1.GetMemberDirect(Expression expression)
   at Raven.Client.Documents.Linq.RavenQueryProviderProcessor`1.VisitEquals(BinaryExpression expression)
   at Raven.Client.Documents.Linq.RavenQueryProviderProcessor`1.VisitBinaryExpression(BinaryExpression expression)
   at Raven.Client.Documents.Linq.RavenQueryProviderProcessor`1.VisitAndAlso(BinaryExpression andAlso)
   at Raven.Client.Documents.Linq.RavenQueryProviderProcessor`1.VisitBinaryExpression(BinaryExpression expression)
   at Raven.Client.Documents.Linq.RavenQueryProviderProcessor`1.VisitQueryableMethodCall(MethodCallExpression expression)
   at Raven.Client.Documents.Linq.RavenQueryProviderProcessor`1.VisitMethodCall(MethodCallExpression expression)
   at Raven.Client.Documents.Linq.RavenQueryProviderProcessor`1.VisitQueryableMethodCall(MethodCallExpression expression)
   at Raven.Client.Documents.Linq.RavenQueryProviderProcessor`1.VisitMethodCall(MethodCallExpression expression)
   at Raven.Client.Documents.Linq.RavenQueryProviderProcessor`1.GetAsyncDocumentQueryFor(Expression expression, Action`1 customization)
  Failed Piranha.Tests.Hooks.AliasHookTests.OnBeforeDelete [1 ms]
  Error Message:
   System.NotSupportedException : Could not understand expression: from 'Aliases'.Where(a => ((a.SiteId == value(Piranha.Repositories.AliasRepository+<>c__DisplayClass4_0).siteId) AndAlso (a.AliasUrl.ToLower() == value(Piranha.Repositories.AliasRepository+<>c__DisplayClass4_0).url.ToLower()))).Select(a => new Alias() {Id = a.Id, SiteId = a.SiteId, AliasUrl = a.AliasUrl, RedirectUrl = a.RedirectUrl, Type = a.Type, Created = a.Created, LastModified = a.LastModified})
---- System.NotSupportedException : Cannot understand how to translate method 'ToLower' of 'System.String' type. a.AliasUrl.ToLower()
  Stack Trace:
     at Raven.Client.Documents.Linq.RavenQueryProviderProcessor`1.GetAsyncDocumentQueryFor(Expression expression, Action`1 customization)
   at Raven.Client.Documents.Linq.RavenQueryProvider`1.ToAsyncDocumentQuery[TResult](Expression expression)
   at Raven.Client.Documents.LinqExtensions.FirstOrDefaultAsync[TSource](IQueryable`1 source, CancellationToken token)
   at Piranha.Repositories.AliasRepository.GetByAliasUrl(String url, String siteId) in C:\Users\bbqch\proj\microbians\piranha\data\Piranha.Data.EF\Repositories\AliasRepository.cs:line 83
   at Piranha.Services.AliasService.SaveAsync(Alias model) in C:\Users\bbqch\proj\microbians\piranha\core\Piranha\Services\Internal\AliasService.cs:line 180
   at Piranha.Tests.Hooks.AliasHookTests.InitializeAsync() in C:\Users\bbqch\proj\microbians\piranha\test\Piranha.Tests\Hooks\AliasHookTests.cs:line 46
----- Inner Stack Trace -----
   at Raven.Client.Documents.Linq.LinqPathProvider.GetPath(Expression expression, Boolean isFilterActive)
   at Raven.Client.Documents.Linq.RavenQueryProviderProcessor`1.GetMemberDirect(Expression expression)
   at Raven.Client.Documents.Linq.RavenQueryProviderProcessor`1.VisitEquals(BinaryExpression expression)
   at Raven.Client.Documents.Linq.RavenQueryProviderProcessor`1.VisitBinaryExpression(BinaryExpression expression)
   at Raven.Client.Documents.Linq.RavenQueryProviderProcessor`1.VisitAndAlso(BinaryExpression andAlso)
   at Raven.Client.Documents.Linq.RavenQueryProviderProcessor`1.VisitBinaryExpression(BinaryExpression expression)
   at Raven.Client.Documents.Linq.RavenQueryProviderProcessor`1.VisitQueryableMethodCall(MethodCallExpression expression)
   at Raven.Client.Documents.Linq.RavenQueryProviderProcessor`1.VisitMethodCall(MethodCallExpression expression)
   at Raven.Client.Documents.Linq.RavenQueryProviderProcessor`1.VisitQueryableMethodCall(MethodCallExpression expression)
   at Raven.Client.Documents.Linq.RavenQueryProviderProcessor`1.VisitMethodCall(MethodCallExpression expression)
   at Raven.Client.Documents.Linq.RavenQueryProviderProcessor`1.GetAsyncDocumentQueryFor(Expression expression, Action`1 customization)
  Failed Piranha.Tests.Hooks.AliasHookTests.OnAfterSave [1 ms]
  Error Message:
   System.NotSupportedException : Could not understand expression: from 'Aliases'.Where(a => ((a.SiteId == value(Piranha.Repositories.AliasRepository+<>c__DisplayClass4_0).siteId) AndAlso (a.AliasUrl.ToLower() == value(Piranha.Repositories.AliasRepository+<>c__DisplayClass4_0).url.ToLower()))).Select(a => new Alias() {Id = a.Id, SiteId = a.SiteId, AliasUrl = a.AliasUrl, RedirectUrl = a.RedirectUrl, Type = a.Type, Created = a.Created, LastModified = a.LastModified})
---- System.NotSupportedException : Cannot understand how to translate method 'ToLower' of 'System.String' type. a.AliasUrl.ToLower()
  Stack Trace:
     at Raven.Client.Documents.Linq.RavenQueryProviderProcessor`1.GetAsyncDocumentQueryFor(Expression expression, Action`1 customization)
   at Raven.Client.Documents.Linq.RavenQueryProvider`1.ToAsyncDocumentQuery[TResult](Expression expression)
   at Raven.Client.Documents.LinqExtensions.FirstOrDefaultAsync[TSource](IQueryable`1 source, CancellationToken token)
   at Piranha.Repositories.AliasRepository.GetByAliasUrl(String url, String siteId) in C:\Users\bbqch\proj\microbians\piranha\data\Piranha.Data.EF\Repositories\AliasRepository.cs:line 83
   at Piranha.Services.AliasService.SaveAsync(Alias model) in C:\Users\bbqch\proj\microbians\piranha\core\Piranha\Services\Internal\AliasService.cs:line 180
   at Piranha.Tests.Hooks.AliasHookTests.InitializeAsync() in C:\Users\bbqch\proj\microbians\piranha\test\Piranha.Tests\Hooks\AliasHookTests.cs:line 46
----- Inner Stack Trace -----
   at Raven.Client.Documents.Linq.LinqPathProvider.GetPath(Expression expression, Boolean isFilterActive)
   at Raven.Client.Documents.Linq.RavenQueryProviderProcessor`1.GetMemberDirect(Expression expression)
   at Raven.Client.Documents.Linq.RavenQueryProviderProcessor`1.VisitEquals(BinaryExpression expression)
   at Raven.Client.Documents.Linq.RavenQueryProviderProcessor`1.VisitBinaryExpression(BinaryExpression expression)
   at Raven.Client.Documents.Linq.RavenQueryProviderProcessor`1.VisitAndAlso(BinaryExpression andAlso)
   at Raven.Client.Documents.Linq.RavenQueryProviderProcessor`1.VisitBinaryExpression(BinaryExpression expression)
   at Raven.Client.Documents.Linq.RavenQueryProviderProcessor`1.VisitQueryableMethodCall(MethodCallExpression expression)
   at Raven.Client.Documents.Linq.RavenQueryProviderProcessor`1.VisitMethodCall(MethodCallExpression expression)
   at Raven.Client.Documents.Linq.RavenQueryProviderProcessor`1.VisitQueryableMethodCall(MethodCallExpression expression)
   at Raven.Client.Documents.Linq.RavenQueryProviderProcessor`1.VisitMethodCall(MethodCallExpression expression)
   at Raven.Client.Documents.Linq.RavenQueryProviderProcessor`1.GetAsyncDocumentQueryFor(Expression expression, Action`1 customization)
  Failed Piranha.Tests.Hooks.SiteHookTests.OnLoad [35 ms]
  Error Message:
   System.AggregateException : One or more errors occurred. (Assert.Throws() Failure: Exception type was not an exact match
Expected: typeof(Piranha.Tests.Hooks.SiteHookTests+SiteOnLoadException)
Actual:   typeof(System.NullReferenceException)) (Object reference not set to an instance of an object.)
---- Assert.Throws() Failure: Exception type was not an exact match
Expected: typeof(Piranha.Tests.Hooks.SiteHookTests+SiteOnLoadException)
Actual:   typeof(System.NullReferenceException)
-------- System.NullReferenceException : Object reference not set to an instance of an object.
---- System.NullReferenceException : Object reference not set to an instance of an object.
  Stack Trace:
  
----- Inner Stack Trace #1 (Xunit.Sdk.ThrowsException) -----
   at Piranha.Tests.Hooks.SiteHookTests.OnLoad() in C:\Users\bbqch\proj\microbians\piranha\test\Piranha.Tests\Hooks\SiteHookTests.cs:line 66
--- End of stack trace from previous location ---
----- Inner Stack Trace -----
   at Piranha.Repositories.SiteRepository.GetById(String id) in C:\Users\bbqch\proj\microbians\piranha\data\Piranha.Data.EF\Repositories\SiteRepository.cs:line 97
   at Piranha.Services.SiteService.GetByIdAsync(String id) in C:\Users\bbqch\proj\microbians\piranha\core\Piranha\Services\Internal\SiteService.cs:line 85
   at Piranha.Tests.Hooks.SiteHookTests.<>c__DisplayClass9_0.<<OnLoad>b__1>d.MoveNext() in C:\Users\bbqch\proj\microbians\piranha\test\Piranha.Tests\Hooks\SiteHookTests.cs:line 68
--- End of stack trace from previous location ---
----- Inner Stack Trace #2 (System.NullReferenceException) -----
   at Piranha.Repositories.SiteRepository.GetAll() in C:\Users\bbqch\proj\microbians\piranha\data\Piranha.Data.EF\Repositories\SiteRepository.cs:line 58
   at Piranha.Services.SiteService.GetAllAsync() in C:\Users\bbqch\proj\microbians\piranha\core\Piranha\Services\Internal\SiteService.cs:line 58
   at Piranha.Tests.Hooks.SiteHookTests.DisposeAsync() in C:\Users\bbqch\proj\microbians\piranha\test\Piranha.Tests\Hooks\SiteHookTests.cs:line 51
  Failed Piranha.Tests.Hooks.SiteHookTests.OnAfterSave [352 ms]
  Error Message:
   System.AggregateException : One or more errors occurred. (Assert.Throws() Failure: Exception type was not an exact match
Expected: typeof(Piranha.Tests.Hooks.SiteHookTests+SiteOnAfterSaveException)
Actual:   typeof(System.NullReferenceException)) (Object reference not set to an instance of an object.)
---- Assert.Throws() Failure: Exception type was not an exact match
Expected: typeof(Piranha.Tests.Hooks.SiteHookTests+SiteOnAfterSaveException)
Actual:   typeof(System.NullReferenceException)
-------- System.NullReferenceException : Object reference not set to an instance of an object.
---- System.NullReferenceException : Object reference not set to an instance of an object.
  Stack Trace:
  
----- Inner Stack Trace #1 (Xunit.Sdk.ThrowsException) -----
   at Piranha.Tests.Hooks.SiteHookTests.OnAfterSave() in C:\Users\bbqch\proj\microbians\piranha\test\Piranha.Tests\Hooks\SiteHookTests.cs:line 96
--- End of stack trace from previous location ---
----- Inner Stack Trace -----
   at Piranha.Repositories.SiteRepository.GetDefault() in C:\Users\bbqch\proj\microbians\piranha\data\Piranha.Data.EF\Repositories\SiteRepository.cs:line 174
   at Piranha.Services.SiteService.SaveAsync(Site model) in C:\Users\bbqch\proj\microbians\piranha\core\Piranha\Services\Internal\SiteService.cs:line 354
   at Piranha.Tests.Hooks.SiteHookTests.<>c__DisplayClass11_0.<<OnAfterSave>b__1>d.MoveNext() in C:\Users\bbqch\proj\microbians\piranha\test\Piranha.Tests\Hooks\SiteHookTests.cs:line 98
--- End of stack trace from previous location ---
----- Inner Stack Trace #2 (System.NullReferenceException) -----
   at Piranha.Repositories.SiteRepository.GetAll() in C:\Users\bbqch\proj\microbians\piranha\data\Piranha.Data.EF\Repositories\SiteRepository.cs:line 58
   at Piranha.Services.SiteService.GetAllAsync() in C:\Users\bbqch\proj\microbians\piranha\core\Piranha\Services\Internal\SiteService.cs:line 58
   at Piranha.Tests.Hooks.SiteHookTests.DisposeAsync() in C:\Users\bbqch\proj\microbians\piranha\test\Piranha.Tests\Hooks\SiteHookTests.cs:line 51
  Failed Piranha.Tests.Hooks.SiteHookTests.OnBeforeDelete [1 ms]
  Error Message:
   Piranha.Tests.Hooks.SiteHookTests+SiteOnAfterSaveException : Exception of type 'Piranha.Tests.Hooks.SiteHookTests+SiteOnAfterSaveException' was thrown.
  Stack Trace:
     at Piranha.Tests.Hooks.SiteHookTests.<>c.<OnAfterSave>b__11_0(Site m) in C:\Users\bbqch\proj\microbians\piranha\test\Piranha.Tests\Hooks\SiteHookTests.cs:line 93
   at Piranha.Runtime.HookManager.OnAfterSave[T](T model) in C:\Users\bbqch\proj\microbians\piranha\core\Piranha\Runtime\HookManager.cs:line 394
   at Piranha.Services.SiteService.SaveAsync(Site model) in C:\Users\bbqch\proj\microbians\piranha\core\Piranha\Services\Internal\SiteService.cs:line 364
   at Piranha.Tests.Hooks.SiteHookTests.InitializeAsync() in C:\Users\bbqch\proj\microbians\piranha\test\Piranha.Tests\Hooks\SiteHookTests.cs:line 38
  Failed Piranha.Tests.Hooks.SiteHookTests.OnBeforeSave [1 ms]
  Error Message:
   Piranha.Tests.Hooks.SiteHookTests+SiteOnAfterSaveException : Exception of type 'Piranha.Tests.Hooks.SiteHookTests+SiteOnAfterSaveException' was thrown.
  Stack Trace:
     at Piranha.Tests.Hooks.SiteHookTests.<>c.<OnAfterSave>b__11_0(Site m) in C:\Users\bbqch\proj\microbians\piranha\test\Piranha.Tests\Hooks\SiteHookTests.cs:line 93
   at Piranha.Runtime.HookManager.OnAfterSave[T](T model) in C:\Users\bbqch\proj\microbians\piranha\core\Piranha\Runtime\HookManager.cs:line 394
   at Piranha.Services.SiteService.SaveAsync(Site model) in C:\Users\bbqch\proj\microbians\piranha\core\Piranha\Services\Internal\SiteService.cs:line 364
   at Piranha.Tests.Hooks.SiteHookTests.InitializeAsync() in C:\Users\bbqch\proj\microbians\piranha\test\Piranha.Tests\Hooks\SiteHookTests.cs:line 38
  Failed Piranha.Tests.Hooks.SiteHookTests.OnAfterDelete [1 ms]
  Error Message:
   Piranha.Tests.Hooks.SiteHookTests+SiteOnAfterSaveException : Exception of type 'Piranha.Tests.Hooks.SiteHookTests+SiteOnAfterSaveException' was thrown.
  Stack Trace:
     at Piranha.Tests.Hooks.SiteHookTests.<>c.<OnAfterSave>b__11_0(Site m) in C:\Users\bbqch\proj\microbians\piranha\test\Piranha.Tests\Hooks\SiteHookTests.cs:line 93
   at Piranha.Runtime.HookManager.OnAfterSave[T](T model) in C:\Users\bbqch\proj\microbians\piranha\core\Piranha\Runtime\HookManager.cs:line 394
   at Piranha.Services.SiteService.SaveAsync(Site model) in C:\Users\bbqch\proj\microbians\piranha\core\Piranha\Services\Internal\SiteService.cs:line 364
   at Piranha.Tests.Hooks.SiteHookTests.InitializeAsync() in C:\Users\bbqch\proj\microbians\piranha\test\Piranha.Tests\Hooks\SiteHookTests.cs:line 38

Failed!  - Failed:   593, Passed:   339, Skipped:     0, Total:   932, Duration: 5 m 59 s - Piranha.Tests.dll (net10.0)
